Using cache found in /home/sllu/.cache/torch/hub/facebookresearch_dinov2_main
/home/sllu/.cache/torch/hub/facebookresearch_dinov2_main/dinov2/layers/swiglu_ffn.py:51: UserWarning: xFormers is not available (SwiGLU)
  warnings.warn("xFormers is not available (SwiGLU)")
/home/sllu/.cache/torch/hub/facebookresearch_dinov2_main/dinov2/layers/attention.py:33: UserWarning: xFormers is not available (Attention)
  warnings.warn("xFormers is not available (Attention)")
/home/sllu/.cache/torch/hub/facebookresearch_dinov2_main/dinov2/layers/block.py:40: UserWarning: xFormers is not available (Block)
  warnings.warn("xFormers is not available (Block)")
2026-10-08 23:24:34 | INFO | dinov2 | using MLP layer as FFN
Using cache found in /home/sllu/.cache/torch/hub/facebookresearch_dinov2_main
2026-10-08 23:24:35 | INFO | dinov2 | using MLP layer as FFN
/home/sllu/asl-video-to-text/shubert/TTIC-SHuBERT-ASLVideo-to-EnglishText/shubert_venv/lib/python3.10/site-packages/torch/nn/utils/weight_norm.py:144: FutureWarning: `torch.nn.utils.weight_norm` is deprecated in favor of `torch.nn.utils.parametrizations.weight_norm`.
  WeightNorm.apply(module, name, dim)
/home/sllu/asl-video-to-text/shubert/TTIC-SHuBERT-ASLVideo-to-EnglishText/shubert.py:132: FutureWarning: Positional args are being deprecated, use kwargs instead. Refer to https://pytorch.org/docs/main/generated/torch.nn.Module.html#torch.nn.Module.state_dict for details.
  state = super().state_dict(destination, prefix, keep_vars)
Wav2Vec2Config is imported from: fairseq.models.wav2vec.wav2vec2
Full path: /home/sllu/asl-video-to-text/shubert/TTIC-SHuBERT-ASLVideo-to-EnglishText/shubert_venv/lib/python3.10/site-packages/fairseq/models/wav2vec/wav2vec2.py
DINOEmbedder initialized on device: cuda dtype: torch.float16
DINOEmbedder initialized on device: cuda dtype: torch.float16
[byt5] device: cuda dtype: bfloat16
[lat] warmup 28.4s
WARNING: All log messages before absl::InitializeLog() is called are written to STDERR
W0000 00:00:1791527091.379434   20948 face_landmarker_graph.cc:174] Sets FaceBlendshapesGraph acceleration to xnnpack by default.
INFO: Created TensorFlow Lite XNNPACK delegate for CPU.
/home/sllu/asl-video-to-text/shubert/TTIC-SHuBERT-ASLVideo-to-EnglishText/shubert_venv/lib/python3.10/site-packages/google/protobuf/symbol_database.py:55: UserWarning: SymbolDatabase.GetPrototype() is deprecated. Please use message_factory.GetMessageClass() instead. SymbolDatabase.GetPrototype() will be removed soon.
  warnings.warn('SymbolDatabase.GetPrototype() is deprecated. Please '

--- ByT5 stage breakdown ---
  checkpoint_load :    0.0s
  to_device+eval  :    0.0s
  generate        :   11.3s

--- Stage timing breakdown ---
  video_read          :    0.0s
  mediapipe_landmarks :    0.0s
  mediapipe_overlapped:   20.7s  (overlapped with capture, not on the critical path)
  hand_crop           :    0.0s
  dinov2_hands        :    0.0s
  face_crop           :    0.0s
  dinov2_face         :    0.0s
  dinov2_overlapped   :   12.4s  (overlapped with capture, not on the critical path)
  pose_features       :    0.1s
  byt5_inference      :   11.3s
  total               :   11.4s
[lat] uZwKNtHx9FE_01: post-cut 19.4s (wait 0.0 drain 8.0 byt5 11.3) -> Most of the outbreaks are that children who do not
W0000 00:00:1791527125.387722   20988 face_landmarker_graph.cc:174] Sets FaceBlendshapesGraph acceleration to xnnpack by default.

--- ByT5 stage breakdown ---
  checkpoint_load :    0.0s
  to_device+eval  :    0.0s
  generate        :    4.5s

--- Stage timing breakdown ---
  video_read          :    0.0s
  mediapipe_landmarks :    0.0s
  mediapipe_overlapped:    8.0s  (overlapped with capture, not on the critical path)
  hand_crop           :    0.0s
  dinov2_hands        :    0.0s
  face_crop           :    0.0s
  dinov2_face         :    0.0s
  dinov2_overlapped   :    5.3s  (overlapped with capture, not on the critical path)
  pose_features       :    0.0s
  byt5_inference      :    4.6s
  total               :    4.6s
[lat] 5iRIeHAK9b0_03: post-cut 10.3s (wait 0.0 drain 5.6 byt5 4.6) -> Children between the ages of three and twenty-nine
W0000 00:00:1791527140.413449   21034 face_landmarker_graph.cc:174] Sets FaceBlendshapesGraph acceleration to xnnpack by default.

--- ByT5 stage breakdown ---
  checkpoint_load :    0.0s
  to_device+eval  :    0.0s
  generate        :    5.1s

--- Stage timing breakdown ---
  video_read          :    0.0s
  mediapipe_landmarks :    0.0s
  mediapipe_overlapped:    6.4s  (overlapped with capture, not on the critical path)
  hand_crop           :    0.0s
  dinov2_hands        :    0.0s
  face_crop           :    0.0s
  dinov2_face         :    0.0s
  dinov2_overlapped   :    3.6s  (overlapped with capture, not on the critical path)
  pose_features       :    0.0s
  byt5_inference      :    5.1s
  total               :    5.1s
[lat] fNT8a6e1gx8_08: post-cut 9.5s (wait 0.0 drain 4.4 byt5 5.1) -> It's just about our problems of expressing ourselv
W0000 00:00:1791527153.602283   21069 face_landmarker_graph.cc:174] Sets FaceBlendshapesGraph acceleration to xnnpack by default.

--- ByT5 stage breakdown ---
  checkpoint_load :    0.0s
  to_device+eval  :    0.0s
  generate        :    7.6s

--- Stage timing breakdown ---
  video_read          :    0.0s
  mediapipe_landmarks :    0.0s
  mediapipe_overlapped:   19.4s  (overlapped with capture, not on the critical path)
  hand_crop           :    0.0s
  dinov2_hands        :    0.0s
  face_crop           :    0.0s
  dinov2_face         :    0.0s
  dinov2_overlapped   :   11.1s  (overlapped with capture, not on the critical path)
  pose_features       :    0.0s
  byt5_inference      :    7.6s
  total               :    7.6s
[lat] sP6B4dlSOoc_05: post-cut 18.4s (wait 0.0 drain 10.6 byt5 7.6) -> On Wednesday President Trump signed an executive o
W0000 00:00:1791527183.048548   21111 face_landmarker_graph.cc:174] Sets FaceBlendshapesGraph acceleration to xnnpack by default.

--- ByT5 stage breakdown ---
  checkpoint_load :    0.0s
  to_device+eval  :    0.0s
  generate        :    6.6s

--- Stage timing breakdown ---
  video_read          :    0.0s
  mediapipe_landmarks :    0.0s
  mediapipe_overlapped:   19.8s  (overlapped with capture, not on the critical path)
  hand_crop           :    0.0s
  dinov2_hands        :    0.0s
  face_crop           :    0.0s
  dinov2_face         :    0.0s
  dinov2_overlapped   :    9.5s  (overlapped with capture, not on the critical path)
  pose_features       :    0.0s
  byt5_inference      :    6.6s
  total               :    6.7s
[lat] mNF1kg9azQw_03: post-cut 16.7s (wait 0.0 drain 9.9 byt5 6.6) -> Next we will talk about the next step, the next st
W0000 00:00:1791527211.177763   21148 face_landmarker_graph.cc:174] Sets FaceBlendshapesGraph acceleration to xnnpack by default.

--- ByT5 stage breakdown ---
  checkpoint_load :    0.0s
  to_device+eval  :    0.0s
  generate        :    6.0s

--- Stage timing breakdown ---
  video_read          :    0.0s
  mediapipe_landmarks :    0.0s
  mediapipe_overlapped:    8.7s  (overlapped with capture, not on the critical path)
  hand_crop           :    0.0s
  dinov2_hands        :    0.0s
  face_crop           :    0.0s
  dinov2_face         :    0.0s
  dinov2_overlapped   :    4.4s  (overlapped with capture, not on the critical path)
  pose_features       :    0.0s
  byt5_inference      :    6.0s
  total               :    6.0s
[lat] iMJ9CjBX7eo_02: post-cut 12.8s (wait 0.0 drain 6.6 byt5 6.0) -> Thank you for joining us at the Community Forum an
W0000 00:00:1791527228.319963   21182 face_landmarker_graph.cc:174] Sets FaceBlendshapesGraph acceleration to xnnpack by default.

--- ByT5 stage breakdown ---
  checkpoint_load :    0.0s
  to_device+eval  :    0.0s
  generate        :    4.0s

--- Stage timing breakdown ---
  video_read          :    0.0s
  mediapipe_landmarks :    0.0s
  mediapipe_overlapped:    7.5s  (overlapped with capture, not on the critical path)
  hand_crop           :    0.0s
  dinov2_hands        :    0.0s
  face_crop           :    0.0s
  dinov2_face         :    0.0s
  dinov2_overlapped   :    4.5s  (overlapped with capture, not on the critical path)
  pose_features       :    0.0s
  byt5_inference      :    4.0s
  total               :    4.0s
[lat] k5Gxbifw8s8_05: post-cut 9.2s (wait 0.0 drain 5.2 byt5 4.0) -> And more young people use rabbit.
W0000 00:00:1791527242.057637   21217 face_landmarker_graph.cc:174] Sets FaceBlendshapesGraph acceleration to xnnpack by default.

--- ByT5 stage breakdown ---
  checkpoint_load :    0.0s
  to_device+eval  :    0.0s
  generate        :    8.4s

--- Stage timing breakdown ---
  video_read          :    0.0s
  mediapipe_landmarks :    0.0s
  mediapipe_overlapped:   18.0s  (overlapped with capture, not on the critical path)
  hand_crop           :    0.0s
  dinov2_hands        :    0.0s
  face_crop           :    0.0s
  dinov2_face         :    0.0s
  dinov2_overlapped   :   12.3s  (overlapped with capture, not on the critical path)
  pose_features       :    0.0s
  byt5_inference      :    8.5s
  total               :    8.5s
[lat] MJijm9kbdHA_01: post-cut 14.2s (wait 0.0 drain 5.5 byt5 8.5) -> Biden said Bernie had a vote multiple times agains
W0000 00:00:1791527270.767033   21254 face_landmarker_graph.cc:174] Sets FaceBlendshapesGraph acceleration to xnnpack by default.

--- ByT5 stage breakdown ---
  checkpoint_load :    0.0s
  to_device+eval  :    0.0s
  generate        :    3.9s

--- Stage timing breakdown ---
  video_read          :    0.0s
  mediapipe_landmarks :    0.0s
  mediapipe_overlapped:   11.2s  (overlapped with capture, not on the critical path)
  hand_crop           :    0.0s
  dinov2_hands        :    0.0s
  face_crop           :    0.0s
  dinov2_face         :    0.0s
  dinov2_overlapped   :    4.9s  (overlapped with capture, not on the critical path)
  pose_features       :    0.0s
  byt5_inference      :    3.9s
  total               :    3.9s
[lat] wPJ_InXF_I8_06: post-cut 11.8s (wait 0.0 drain 7.8 byt5 3.9) -> the students storytelling comprehension abilities.
W0000 00:00:1791527287.592894   21289 face_landmarker_graph.cc:174] Sets FaceBlendshapesGraph acceleration to xnnpack by default.

--- ByT5 stage breakdown ---
  checkpoint_load :    0.0s
  to_device+eval  :    0.0s
  generate        :    6.3s

--- Stage timing breakdown ---
  video_read          :    0.0s
  mediapipe_landmarks :    0.0s
  mediapipe_overlapped:   10.7s  (overlapped with capture, not on the critical path)
  hand_crop           :    0.0s
  dinov2_hands        :    0.0s
  face_crop           :    0.0s
  dinov2_face         :    0.0s
  dinov2_overlapped   :    6.2s  (overlapped with capture, not on the critical path)
  pose_features       :    0.0s
  byt5_inference      :    6.3s
  total               :    6.3s
[lat] I976oI3s1jQ_01: post-cut 11.6s (wait 0.0 drain 5.2 byt5 6.3) -> I feel like it's a chill and I've been very patien
W0000 00:00:1791527306.321675   21326 face_landmarker_graph.cc:174] Sets FaceBlendshapesGraph acceleration to xnnpack by default.

--- ByT5 stage breakdown ---
  checkpoint_load :    0.0s
  to_device+eval  :    0.0s
  generate        :   13.9s

--- Stage timing breakdown ---
  video_read          :    0.0s
  mediapipe_landmarks :    0.0s
  mediapipe_overlapped:   21.8s  (overlapped with capture, not on the critical path)
  hand_crop           :    0.0s
  dinov2_hands        :    0.0s
  face_crop           :    0.0s
  dinov2_face         :    0.0s
  dinov2_overlapped   :   12.9s  (overlapped with capture, not on the critical path)
  pose_features       :    0.0s
  byt5_inference      :   13.9s
  total               :   14.0s
[lat] jsOSzFyx8RA_03: post-cut 25.4s (wait 0.0 drain 11.3 byt5 13.9) -> Or the show isn't a lot about the experience, but 
W0000 00:00:1791527344.478297   21363 face_landmarker_graph.cc:174] Sets FaceBlendshapesGraph acceleration to xnnpack by default.

--- ByT5 stage breakdown ---
  checkpoint_load :    0.0s
  to_device+eval  :    0.0s
  generate        :    6.1s

--- Stage timing breakdown ---
  video_read          :    0.0s
  mediapipe_landmarks :    0.0s
  mediapipe_overlapped:    5.8s  (overlapped with capture, not on the critical path)
  hand_crop           :    0.0s
  dinov2_hands        :    0.0s
  face_crop           :    0.0s
  dinov2_face         :    0.0s
  dinov2_overlapped   :    2.8s  (overlapped with capture, not on the critical path)
  pose_features       :    0.0s
  byt5_inference      :    6.1s
  total               :    6.1s
[lat] fNT8a6e1gx8_06: post-cut 11.1s (wait 0.0 drain 4.9 byt5 6.1) -> I feel like again, the students have been asking m
W0000 00:00:1791527358.373330   21398 face_landmarker_graph.cc:174] Sets FaceBlendshapesGraph acceleration to xnnpack by default.

--- ByT5 stage breakdown ---
  checkpoint_load :    0.0s
  to_device+eval  :    0.0s
  generate        :    4.5s

--- Stage timing breakdown ---
  video_read          :    0.0s
  mediapipe_landmarks :    0.0s
  mediapipe_overlapped:    9.3s  (overlapped with capture, not on the critical path)
  hand_crop           :    0.0s
  dinov2_hands        :    0.0s
  face_crop           :    0.0s
  dinov2_face         :    0.0s
  dinov2_overlapped   :    5.0s  (overlapped with capture, not on the critical path)
  pose_features       :    0.0s
  byt5_inference      :    4.5s
  total               :    4.5s
[lat] J-0KHhPS_m4_03: post-cut 10.6s (wait 0.0 drain 6.0 byt5 4.5) -> Here's a question from the next question: How did 
W0000 00:00:1791527374.115927   21433 face_landmarker_graph.cc:174] Sets FaceBlendshapesGraph acceleration to xnnpack by default.

--- ByT5 stage breakdown ---
  checkpoint_load :    0.0s
  to_device+eval  :    0.0s
  generate        :    4.8s

--- Stage timing breakdown ---
  video_read          :    0.0s
  mediapipe_landmarks :    0.0s
  mediapipe_overlapped:   13.9s  (overlapped with capture, not on the critical path)
  hand_crop           :    0.0s
  dinov2_hands        :    0.0s
  face_crop           :    0.0s
  dinov2_face         :    0.0s
  dinov2_overlapped   :    8.0s  (overlapped with capture, not on the critical path)
  pose_features       :    0.0s
  byt5_inference      :    4.8s
  total               :    4.8s
[lat] FND2JfzngVY_06: post-cut 12.6s (wait 0.0 drain 7.6 byt5 4.8) -> The daylight savings will be back on March 8 at 2 
W0000 00:00:1791527394.780625   21468 face_landmarker_graph.cc:174] Sets FaceBlendshapesGraph acceleration to xnnpack by default.

--- ByT5 stage breakdown ---
  checkpoint_load :    0.0s
  to_device+eval  :    0.0s
  generate        :    8.9s

--- Stage timing breakdown ---
  video_read          :    0.0s
  mediapipe_landmarks :    0.0s
  mediapipe_overlapped:   17.6s  (overlapped with capture, not on the critical path)
  hand_crop           :    0.0s
  dinov2_hands        :    0.0s
  face_crop           :    0.0s
  dinov2_face         :    0.0s
  dinov2_overlapped   :   10.9s  (overlapped with capture, not on the critical path)
  pose_features       :    0.0s
  byt5_inference      :    8.9s
  total               :    8.9s
[lat] I976oI3s1jQ_02: post-cut 15.4s (wait 0.0 drain 6.3 byt5 8.9) -> He said he was still working for two days, but on 
W0000 00:00:1791527423.729598   21507 face_landmarker_graph.cc:174] Sets FaceBlendshapesGraph acceleration to xnnpack by default.

--- ByT5 stage breakdown ---
  checkpoint_load :    0.0s
  to_device+eval  :    0.0s
  generate        :    7.1s

--- Stage timing breakdown ---
  video_read          :    0.0s
  mediapipe_landmarks :    0.0s
  mediapipe_overlapped:   20.9s  (overlapped with capture, not on the critical path)
  hand_crop           :    0.0s
  dinov2_hands        :    0.0s
  face_crop           :    0.0s
  dinov2_face         :    0.0s
  dinov2_overlapped   :   11.5s  (overlapped with capture, not on the critical path)
  pose_features       :    0.0s
  byt5_inference      :    7.1s
  total               :    7.1s
[lat] ZgvLTS2zJdo_02: post-cut 14.9s (wait 0.0 drain 7.6 byt5 7.1) -> I want to share a little bit of a story with you a
W0000 00:00:1791527453.382538   21544 face_landmarker_graph.cc:174] Sets FaceBlendshapesGraph acceleration to xnnpack by default.

--- ByT5 stage breakdown ---
  checkpoint_load :    0.0s
  to_device+eval  :    0.0s
  generate        :    8.2s

--- Stage timing breakdown ---
  video_read          :    0.0s
  mediapipe_landmarks :    0.0s
  mediapipe_overlapped:   19.5s  (overlapped with capture, not on the critical path)
  hand_crop           :    0.0s
  dinov2_hands        :    0.0s
  face_crop           :    0.0s
  dinov2_face         :    0.0s
  dinov2_overlapped   :   12.3s  (overlapped with capture, not on the critical path)
  pose_features       :    0.0s
  byt5_inference      :    8.2s
  total               :    8.2s
[lat] YR7BS6l_95E_05: post-cut 18.1s (wait 0.0 drain 9.7 byt5 8.2) -> The helicopter travels to the area and flies to a 
W0000 00:00:1791527483.177417   21593 face_landmarker_graph.cc:174] Sets FaceBlendshapesGraph acceleration to xnnpack by default.

--- ByT5 stage breakdown ---
  checkpoint_load :    0.0s
  to_device+eval  :    0.0s
  generate        :    3.2s

--- Stage timing breakdown ---
  video_read          :    0.0s
  mediapipe_landmarks :    0.0s
  mediapipe_overlapped:    5.7s  (overlapped with capture, not on the critical path)
  hand_crop           :    0.0s
  dinov2_hands        :    0.0s
  face_crop           :    0.0s
  dinov2_face         :    0.0s
  dinov2_overlapped   :    2.6s  (overlapped with capture, not on the critical path)
  pose_features       :    0.0s
  byt5_inference      :    3.2s
  total               :    3.2s
[lat] NBpYolVo5WQ_06: post-cut 8.0s (wait 0.0 drain 4.7 byt5 3.2) -> See you tomorrow and stay with the light!
W0000 00:00:1791527494.267105   21627 face_landmarker_graph.cc:174] Sets FaceBlendshapesGraph acceleration to xnnpack by default.

--- ByT5 stage breakdown ---
  checkpoint_load :    0.0s
  to_device+eval  :    0.0s
  generate        :    7.7s

--- Stage timing breakdown ---
  video_read          :    0.0s
  mediapipe_landmarks :    0.0s
  mediapipe_overlapped:   10.7s  (overlapped with capture, not on the critical path)
  hand_crop           :    0.0s
  dinov2_hands        :    0.0s
  face_crop           :    0.0s
  dinov2_face         :    0.0s
  dinov2_overlapped   :    6.3s  (overlapped with capture, not on the critical path)
  pose_features       :    0.0s
  byt5_inference      :    7.8s
  total               :    7.8s
[lat] TXyNxVRRPt8_01: post-cut 14.4s (wait 0.0 drain 6.5 byt5 7.8) -> We bring them to the deaf community forum to bring
W0000 00:00:1791527514.981001   21663 face_landmarker_graph.cc:174] Sets FaceBlendshapesGraph acceleration to xnnpack by default.

--- ByT5 stage breakdown ---
  checkpoint_load :    0.0s
  to_device+eval  :    0.0s
  generate        :    8.7s

--- Stage timing breakdown ---
  video_read          :    0.0s
  mediapipe_landmarks :    0.0s
  mediapipe_overlapped:   16.8s  (overlapped with capture, not on the critical path)
  hand_crop           :    0.0s
  dinov2_hands        :    0.0s
  face_crop           :    0.0s
  dinov2_face         :    0.0s
  dinov2_overlapped   :   11.0s  (overlapped with capture, not on the critical path)
  pose_features       :    0.0s
  byt5_inference      :    8.7s
  total               :    8.7s
[lat] 5iRIeHAK9b0_02: post-cut 17.4s (wait 0.0 drain 8.4 byt5 8.7) -> A California male couple called for child abuse Fr
W0000 00:00:1791527542.767350   21699 face_landmarker_graph.cc:174] Sets FaceBlendshapesGraph acceleration to xnnpack by default.

--- ByT5 stage breakdown ---
  checkpoint_load :    0.0s
  to_device+eval  :    0.0s
  generate        :    6.6s

--- Stage timing breakdown ---
  video_read          :    0.0s
  mediapipe_landmarks :    0.0s
  mediapipe_overlapped:   16.2s  (overlapped with capture, not on the critical path)
  hand_crop           :    0.0s
  dinov2_hands        :    0.0s
  face_crop           :    0.0s
  dinov2_face         :    0.0s
  dinov2_overlapped   :    8.4s  (overlapped with capture, not on the critical path)
  pose_features       :    0.0s
  byt5_inference      :    6.6s
  total               :    6.7s
[lat] mNF1kg9azQw_05: post-cut 14.7s (wait 0.0 drain 8.0 byt5 6.6) -> I wonder how do you recommend people respond to so
W0000 00:00:1791527567.850153   21736 face_landmarker_graph.cc:174] Sets FaceBlendshapesGraph acceleration to xnnpack by default.

--- ByT5 stage breakdown ---
  checkpoint_load :    0.0s
  to_device+eval  :    0.0s
  generate        :    4.5s

--- Stage timing breakdown ---
  video_read          :    0.0s
  mediapipe_landmarks :    0.0s
  mediapipe_overlapped:   15.9s  (overlapped with capture, not on the critical path)
  hand_crop           :    0.0s
  dinov2_hands        :    0.0s
  face_crop           :    0.0s
  dinov2_face         :    0.0s
  dinov2_overlapped   :    8.0s  (overlapped with capture, not on the critical path)
  pose_features       :    0.0s
  byt5_inference      :    4.6s
  total               :    4.6s
[lat] WMoeSSvCyTU_03: post-cut 14.4s (wait 0.0 drain 9.7 byt5 4.6) -> The drug hydrogen is still going on and it is cont
W0000 00:00:1791527590.203445   21773 face_landmarker_graph.cc:174] Sets FaceBlendshapesGraph acceleration to xnnpack by default.

--- ByT5 stage breakdown ---
  checkpoint_load :    0.0s
  to_device+eval  :    0.0s
  generate        :    4.8s

--- Stage timing breakdown ---
  video_read          :    0.0s
  mediapipe_landmarks :    0.0s
  mediapipe_overlapped:    9.2s  (overlapped with capture, not on the critical path)
  hand_crop           :    0.0s
  dinov2_hands        :    0.0s
  face_crop           :    0.0s
  dinov2_face         :    0.0s
  dinov2_overlapped   :    5.7s  (overlapped with capture, not on the critical path)
  pose_features       :    0.0s
  byt5_inference      :    4.8s
  total               :    4.9s
[lat] sP6B4dlSOoc_04: post-cut 10.2s (wait 0.0 drain 5.2 byt5 4.8) -> Sometimes simple sidewalks can be dangerous.
W0000 00:00:1791527606.045416   21809 face_landmarker_graph.cc:174] Sets FaceBlendshapesGraph acceleration to xnnpack by default.

--- ByT5 stage breakdown ---
  checkpoint_load :    0.0s
  to_device+eval  :    0.0s
  generate        :    6.2s

--- Stage timing breakdown ---
  video_read          :    0.0s
  mediapipe_landmarks :    0.0s
  mediapipe_overlapped:   13.8s  (overlapped with capture, not on the critical path)
  hand_crop           :    0.0s
  dinov2_hands        :    0.0s
  face_crop           :    0.0s
  dinov2_face         :    0.0s
  dinov2_overlapped   :   11.0s  (overlapped with capture, not on the critical path)
  pose_features       :    0.0s
  byt5_inference      :    6.2s
  total               :    6.3s
[lat] z3jAMn3xpoM_02: post-cut 14.8s (wait 0.0 drain 8.4 byt5 6.2) -> One of them filmed on Facebook LIVE showing office
W0000 00:00:1791527629.023465   21845 face_landmarker_graph.cc:174] Sets FaceBlendshapesGraph acceleration to xnnpack by default.

--- ByT5 stage breakdown ---
  checkpoint_load :    0.0s
  to_device+eval  :    0.0s
  generate        :    9.4s

--- Stage timing breakdown ---
  video_read          :    0.0s
  mediapipe_landmarks :    0.0s
  mediapipe_overlapped:   18.7s  (overlapped with capture, not on the critical path)
  hand_crop           :    0.0s
  dinov2_hands        :    0.0s
  face_crop           :    0.0s
  dinov2_face         :    0.0s
  dinov2_overlapped   :   10.6s  (overlapped with capture, not on the critical path)
  pose_features       :    0.0s
  byt5_inference      :    9.4s
  total               :    9.4s
[lat] uZwKNtHx9FE_07: post-cut 17.7s (wait 0.0 drain 8.2 byt5 9.4) -> They said the words were added without delays, wer
W0000 00:00:1791527659.268527   21880 face_landmarker_graph.cc:174] Sets FaceBlendshapesGraph acceleration to xnnpack by default.

--- ByT5 stage breakdown ---
  checkpoint_load :    0.0s
  to_device+eval  :    0.0s
  generate        :    1.7s

--- Stage timing breakdown ---
  video_read          :    0.0s
  mediapipe_landmarks :    0.0s
  mediapipe_overlapped:    3.7s  (overlapped with capture, not on the critical path)
  hand_crop           :    0.0s
  dinov2_hands        :    0.0s
  face_crop           :    0.0s
  dinov2_face         :    0.0s
  dinov2_overlapped   :    2.3s  (overlapped with capture, not on the critical path)
  pose_features       :    0.0s
  byt5_inference      :    1.7s
  total               :    1.8s
[lat] D9HR4q0vbwE_05: post-cut 5.9s (wait 0.0 drain 4.1 byt5 1.7) -> How are you doing?
W0000 00:00:1791527667.236848   21915 face_landmarker_graph.cc:174] Sets FaceBlendshapesGraph acceleration to xnnpack by default.

--- ByT5 stage breakdown ---
  checkpoint_load :    0.0s
  to_device+eval  :    0.0s
  generate        :    3.9s

--- Stage timing breakdown ---
  video_read          :    0.0s
  mediapipe_landmarks :    0.0s
  mediapipe_overlapped:    4.7s  (overlapped with capture, not on the critical path)
  hand_crop           :    0.0s
  dinov2_hands        :    0.0s
  face_crop           :    0.0s
  dinov2_face         :    0.0s
  dinov2_overlapped   :    3.2s  (overlapped with capture, not on the critical path)
  pose_features       :    0.0s
  byt5_inference      :    3.9s
  total               :    3.9s
[lat] f75G_hZMSHs_04: post-cut 8.9s (wait 0.0 drain 5.0 byt5 3.9) -> The tourist wedding is scheduled for this weekend.
W0000 00:00:1791527678.594511   21949 face_landmarker_graph.cc:174] Sets FaceBlendshapesGraph acceleration to xnnpack by default.

--- ByT5 stage breakdown ---
  checkpoint_load :    0.0s
  to_device+eval  :    0.0s
  generate        :    9.2s

--- Stage timing breakdown ---
  video_read          :    0.0s
  mediapipe_landmarks :    0.0s
  mediapipe_overlapped:   12.4s  (overlapped with capture, not on the critical path)
  hand_crop           :    0.0s
  dinov2_hands        :    0.0s
  face_crop           :    0.0s
  dinov2_face         :    0.0s
  dinov2_overlapped   :    7.9s  (overlapped with capture, not on the critical path)
  pose_features       :    0.0s
  byt5_inference      :    9.2s
  total               :    9.2s
[lat] f75G_hZMSHs_02: post-cut 15.5s (wait 0.0 drain 6.1 byt5 9.2) -> The similar conversations between the police offic
W0000 00:00:1791527701.880878   21984 face_landmarker_graph.cc:174] Sets FaceBlendshapesGraph acceleration to xnnpack by default.

--- ByT5 stage breakdown ---
  checkpoint_load :    0.0s
  to_device+eval  :    0.0s
  generate        :    5.9s

--- Stage timing breakdown ---
  video_read          :    0.0s
  mediapipe_landmarks :    0.0s
  mediapipe_overlapped:    6.0s  (overlapped with capture, not on the critical path)
  hand_crop           :    0.0s
  dinov2_hands        :    0.0s
  face_crop           :    0.0s
  dinov2_face         :    0.0s
  dinov2_overlapped   :    3.4s  (overlapped with capture, not on the critical path)
  pose_features       :    0.0s
  byt5_inference      :    6.0s
  total               :    6.0s
[lat] ZgvLTS2zJdo_01: post-cut 10.8s (wait 0.0 drain 4.8 byt5 6.0) -> The first is to open and provide resources for dea
W0000 00:00:1791527716.116683   22019 face_landmarker_graph.cc:174] Sets FaceBlendshapesGraph acceleration to xnnpack by default.

--- ByT5 stage breakdown ---
  checkpoint_load :    0.0s
  to_device+eval  :    0.0s
  generate        :    8.1s

--- Stage timing breakdown ---
  video_read          :    0.0s
  mediapipe_landmarks :    0.0s
  mediapipe_overlapped:   15.4s  (overlapped with capture, not on the critical path)
  hand_crop           :    0.0s
  dinov2_hands        :    0.0s
  face_crop           :    0.0s
  dinov2_face         :    0.0s
  dinov2_overlapped   :    9.7s  (overlapped with capture, not on the critical path)
  pose_features       :    0.0s
  byt5_inference      :    8.2s
  total               :    8.2s
[lat] LT0-h4P_xBY_04: post-cut 17.8s (wait 0.0 drain 9.5 byt5 8.2) -> Of course, I want to clearly warn you that I just 
W0000 00:00:1791527741.780126   22054 face_landmarker_graph.cc:174] Sets FaceBlendshapesGraph acceleration to xnnpack by default.

--- ByT5 stage breakdown ---
  checkpoint_load :    0.0s
  to_device+eval  :    0.0s
  generate        :    8.5s

--- Stage timing breakdown ---
  video_read          :    0.0s
  mediapipe_landmarks :    0.0s
  mediapipe_overlapped:   24.2s  (overlapped with capture, not on the critical path)
  hand_crop           :    0.0s
  dinov2_hands        :    0.0s
  face_crop           :    0.0s
  dinov2_face         :    0.0s
  dinov2_overlapped   :   16.4s  (overlapped with capture, not on the critical path)
  pose_features       :    0.0s
  byt5_inference      :    8.5s
  total               :    8.6s
[lat] wPJ_InXF_I8_02: post-cut 21.5s (wait 0.0 drain 12.8 byt5 8.5) -> AP also said Barack Obama has declared to endorse 
W0000 00:00:1791527777.518766   22094 face_landmarker_graph.cc:174] Sets FaceBlendshapesGraph acceleration to xnnpack by default.

--- ByT5 stage breakdown ---
  checkpoint_load :    0.0s
  to_device+eval  :    0.0s
  generate        :    9.2s

--- Stage timing breakdown ---
  video_read          :    0.0s
  mediapipe_landmarks :    0.0s
  mediapipe_overlapped:   18.1s  (overlapped with capture, not on the critical path)
  hand_crop           :    0.0s
  dinov2_hands        :    0.0s
  face_crop           :    0.0s
  dinov2_face         :    0.0s
  dinov2_overlapped   :    9.7s  (overlapped with capture, not on the critical path)
  pose_features       :    0.0s
  byt5_inference      :    9.3s
  total               :    9.3s
[lat] oP2WdYlaflE_02: post-cut 20.6s (wait 0.0 drain 11.1 byt5 9.3) -> The expected percentage of a person from the Insti
W0000 00:00:1791527807.287002   22131 face_landmarker_graph.cc:174] Sets FaceBlendshapesGraph acceleration to xnnpack by default.

--- ByT5 stage breakdown ---
  checkpoint_load :    0.0s
  to_device+eval  :    0.0s
  generate        :    5.4s

--- Stage timing breakdown ---
  video_read          :    0.0s
  mediapipe_landmarks :    0.0s
  mediapipe_overlapped:   17.6s  (overlapped with capture, not on the critical path)
  hand_crop           :    0.0s
  dinov2_hands        :    0.0s
  face_crop           :    0.0s
  dinov2_face         :    0.0s
  dinov2_overlapped   :   11.6s  (overlapped with capture, not on the critical path)
  pose_features       :    0.0s
  byt5_inference      :    5.4s
  total               :    5.5s
[lat] LT0-h4P_xBY_06: post-cut 17.6s (wait 0.0 drain 12.0 byt5 5.4) -> Do you have a race on the owner of the Ioniar Knox
W0000 00:00:1791527833.374252   22167 face_landmarker_graph.cc:174] Sets FaceBlendshapesGraph acceleration to xnnpack by default.

--- ByT5 stage breakdown ---
  checkpoint_load :    0.0s
  to_device+eval  :    0.0s
  generate        :    8.8s

--- Stage timing breakdown ---
  video_read          :    0.0s
  mediapipe_landmarks :    0.0s
  mediapipe_overlapped:   12.9s  (overlapped with capture, not on the critical path)
  hand_crop           :    0.0s
  dinov2_hands        :    0.0s
  face_crop           :    0.0s
  dinov2_face         :    0.0s
  dinov2_overlapped   :   11.1s  (overlapped with capture, not on the critical path)
  pose_features       :    0.0s
  byt5_inference      :    8.9s
  total               :    8.9s
[lat] mNF1kg9azQw_07: post-cut 15.3s (wait 0.0 drain 6.2 byt5 8.9) -> If you are interested in food or money, there is a
W0000 00:00:1791527858.097040   22202 face_landmarker_graph.cc:174] Sets FaceBlendshapesGraph acceleration to xnnpack by default.

--- ByT5 stage breakdown ---
  checkpoint_load :    0.0s
  to_device+eval  :    0.0s
  generate        :    4.2s

--- Stage timing breakdown ---
  video_read          :    0.0s
  mediapipe_landmarks :    0.0s
  mediapipe_overlapped:    8.3s  (overlapped with capture, not on the critical path)
  hand_crop           :    0.0s
  dinov2_hands        :    0.0s
  face_crop           :    0.0s
  dinov2_face         :    0.0s
  dinov2_overlapped   :    6.2s  (overlapped with capture, not on the critical path)
  pose_features       :    0.0s
  byt5_inference      :    4.2s
  total               :    4.2s
[lat] TXyNxVRRPt8_03: post-cut 10.9s (wait 0.0 drain 6.6 byt5 4.2) -> Most people don't know about the same NAD programs
W0000 00:00:1791527873.608200   22237 face_landmarker_graph.cc:174] Sets FaceBlendshapesGraph acceleration to xnnpack by default.

--- ByT5 stage breakdown ---
  checkpoint_load :    0.0s
  to_device+eval  :    0.0s
  generate        :    9.7s

--- Stage timing breakdown ---
  video_read          :    0.0s
  mediapipe_landmarks :    0.0s
  mediapipe_overlapped:   16.1s  (overlapped with capture, not on the critical path)
  hand_crop           :    0.0s
  dinov2_hands        :    0.0s
  face_crop           :    0.0s
  dinov2_face         :    0.0s
  dinov2_overlapped   :    9.4s  (overlapped with capture, not on the critical path)
  pose_features       :    0.0s
  byt5_inference      :    9.7s
  total               :    9.8s
[lat] wH3lJm0Typ0_03: post-cut 18.9s (wait 0.0 drain 9.1 byt5 9.7) -> At the end of the game, there were also people who
W0000 00:00:1791527901.587548   22272 face_landmarker_graph.cc:174] Sets FaceBlendshapesGraph acceleration to xnnpack by default.

--- ByT5 stage breakdown ---
  checkpoint_load :    0.0s
  to_device+eval  :    0.0s
  generate        :   11.3s

--- Stage timing breakdown ---
  video_read          :    0.0s
  mediapipe_landmarks :    0.0s
  mediapipe_overlapped:   25.8s  (overlapped with capture, not on the critical path)
  hand_crop           :    0.0s
  dinov2_hands        :    0.0s
  face_crop           :    0.0s
  dinov2_face         :    0.0s
  dinov2_overlapped   :   18.6s  (overlapped with capture, not on the critical path)
  pose_features       :    0.0s
  byt5_inference      :   11.3s
  total               :   11.4s
[lat] oP2WdYlaflE_03: post-cut 25.9s (wait 0.0 drain 14.4 byt5 11.3) -> The study also limits the number of community memb
W0000 00:00:1791527941.535198   22308 face_landmarker_graph.cc:174] Sets FaceBlendshapesGraph acceleration to xnnpack by default.

--- ByT5 stage breakdown ---
  checkpoint_load :    0.0s
  to_device+eval  :    0.0s
  generate        :    3.9s

--- Stage timing breakdown ---
  video_read          :    0.0s
  mediapipe_landmarks :    0.0s
  mediapipe_overlapped:    5.8s  (overlapped with capture, not on the critical path)
  hand_crop           :    0.0s
  dinov2_hands        :    0.0s
  face_crop           :    0.0s
  dinov2_face         :    0.0s
  dinov2_overlapped   :    3.9s  (overlapped with capture, not on the critical path)
  pose_features       :    0.0s
  byt5_inference      :    3.9s
  total               :    3.9s
[lat] I976oI3s1jQ_05: post-cut 9.3s (wait 0.0 drain 5.4 byt5 3.9) -> I want to make sure that everyone understands me.
W0000 00:00:1791527954.341340   22342 face_landmarker_graph.cc:174] Sets FaceBlendshapesGraph acceleration to xnnpack by default.

--- ByT5 stage breakdown ---
  checkpoint_load :    0.0s
  to_device+eval  :    0.0s
  generate        :    4.1s

--- Stage timing breakdown ---
  video_read          :    0.0s
  mediapipe_landmarks :    0.0s
  mediapipe_overlapped:    7.9s  (overlapped with capture, not on the critical path)
  hand_crop           :    0.0s
  dinov2_hands        :    0.0s
  face_crop           :    0.0s
  dinov2_face         :    0.0s
  dinov2_overlapped   :    5.0s  (overlapped with capture, not on the critical path)
  pose_features       :    0.0s
  byt5_inference      :    4.2s
  total               :    4.2s
[lat] k5Gxbifw8s8_03: post-cut 9.5s (wait 0.0 drain 5.2 byt5 4.2) -> This job opportunity for Deaf people is growing.
W0000 00:00:1791527968.556158   22376 face_landmarker_graph.cc:174] Sets FaceBlendshapesGraph acceleration to xnnpack by default.

--- ByT5 stage breakdown ---
  checkpoint_load :    0.0s
  to_device+eval  :    0.0s
  generate        :    3.4s

--- Stage timing breakdown ---
  video_read          :    0.0s
  mediapipe_landmarks :    0.0s
  mediapipe_overlapped:    5.6s  (overlapped with capture, not on the critical path)
  hand_crop           :    0.0s
  dinov2_hands        :    0.0s
  face_crop           :    0.0s
  dinov2_face         :    0.0s
  dinov2_overlapped   :    2.6s  (overlapped with capture, not on the critical path)
  pose_features       :    0.0s
  byt5_inference      :    3.4s
  total               :    3.4s
[lat] rSiciLyYOyI_07: post-cut 8.3s (wait 0.0 drain 4.9 byt5 3.4) -> It was an amazing and never experienced that.
[lat] done: camera 15.0fps  peak_used 7148MB  min_available 471MB  warmup 28.4s
