Using cache found in /home/sllu/.cache/torch/hub/facebookresearch_dinov2_main
/home/sllu/.cache/torch/hub/facebookresearch_dinov2_main/dinov2/layers/swiglu_ffn.py:51: UserWarning: xFormers is not available (SwiGLU)
  warnings.warn("xFormers is not available (SwiGLU)")
/home/sllu/.cache/torch/hub/facebookresearch_dinov2_main/dinov2/layers/attention.py:33: UserWarning: xFormers is not available (Attention)
  warnings.warn("xFormers is not available (Attention)")
/home/sllu/.cache/torch/hub/facebookresearch_dinov2_main/dinov2/layers/block.py:40: UserWarning: xFormers is not available (Block)
  warnings.warn("xFormers is not available (Block)")
2026-10-08 23:50:18 | INFO | dinov2 | using MLP layer as FFN
Using cache found in /home/sllu/.cache/torch/hub/facebookresearch_dinov2_main
2026-10-08 23:50:20 | INFO | dinov2 | using MLP layer as FFN
/home/sllu/asl-video-to-text/shubert/TTIC-SHuBERT-ASLVideo-to-EnglishText/shubert_venv/lib/python3.10/site-packages/torch/nn/utils/weight_norm.py:144: FutureWarning: `torch.nn.utils.weight_norm` is deprecated in favor of `torch.nn.utils.parametrizations.weight_norm`.
  WeightNorm.apply(module, name, dim)
/home/sllu/asl-video-to-text/shubert/TTIC-SHuBERT-ASLVideo-to-EnglishText/shubert.py:132: FutureWarning: Positional args are being deprecated, use kwargs instead. Refer to https://pytorch.org/docs/main/generated/torch.nn.Module.html#torch.nn.Module.state_dict for details.
  state = super().state_dict(destination, prefix, keep_vars)
Wav2Vec2Config is imported from: fairseq.models.wav2vec.wav2vec2
Full path: /home/sllu/asl-video-to-text/shubert/TTIC-SHuBERT-ASLVideo-to-EnglishText/shubert_venv/lib/python3.10/site-packages/fairseq/models/wav2vec/wav2vec2.py
DINOEmbedder initialized on device: cuda dtype: torch.float16
DINOEmbedder initialized on device: cuda dtype: torch.float16
[byt5] device: cuda dtype: bfloat16
[lat] warmup 18.4s
WARNING: All log messages before absl::InitializeLog() is called are written to STDERR
W0000 00:00:1791528651.301837   24100 face_landmarker_graph.cc:174] Sets FaceBlendshapesGraph acceleration to xnnpack by default.
INFO: Created TensorFlow Lite XNNPACK delegate for CPU.
/home/sllu/asl-video-to-text/shubert/TTIC-SHuBERT-ASLVideo-to-EnglishText/shubert_venv/lib/python3.10/site-packages/google/protobuf/symbol_database.py:55: UserWarning: SymbolDatabase.GetPrototype() is deprecated. Please use message_factory.GetMessageClass() instead. SymbolDatabase.GetPrototype() will be removed soon.
  warnings.warn('SymbolDatabase.GetPrototype() is deprecated. Please '

--- Perception per-frame timing (MediaPipe, 174 frames) ---
  pose  :   13.5s total,   77.8ms/frame avg
  face  :    7.5s total,   43.2ms/frame avg
  hand  :   22.0s total,  126.2ms/frame avg
  wall  :   22.3s total,  128.1ms/frame avg (critical path: max(pose,face,hand) + thread overhead)

--- ByT5 stage breakdown ---
  checkpoint_load :    0.0s
  to_device+eval  :    0.0s
  generate        :   13.4s

--- Stage timing breakdown ---
  video_read          :    0.0s
  mediapipe_landmarks :   23.0s
  hand_crop           :    0.2s
  dinov2_hands        :    7.4s
  face_crop           :    0.1s
  dinov2_face         :    3.9s
  pose_features       :    0.0s
  byt5_inference      :   13.5s
  total               :   48.2s
[lat] uZwKNtHx9FE_01: post-cut 48.2s (wait 0.0 drain None byt5 13.5) -> Most of the outbreaks are that children who do not
W0000 00:00:1791528704.222100   24100 face_landmarker_graph.cc:174] Sets FaceBlendshapesGraph acceleration to xnnpack by default.

--- Perception per-frame timing (MediaPipe, 71 frames) ---
  pose  :    5.8s total,   82.4ms/frame avg
  face  :    3.1s total,   43.5ms/frame avg
  hand  :    8.5s total,  120.0ms/frame avg
  wall  :    8.7s total,  122.4ms/frame avg (critical path: max(pose,face,hand) + thread overhead)

--- ByT5 stage breakdown ---
  checkpoint_load :    0.0s
  to_device+eval  :    0.0s
  generate        :    4.5s

--- Stage timing breakdown ---
  video_read          :    0.0s
  mediapipe_landmarks :    8.9s
  hand_crop           :    0.1s
  dinov2_hands        :    3.3s
  face_crop           :    0.1s
  dinov2_face         :    1.4s
  pose_features       :    0.0s
  byt5_inference      :    4.5s
  total               :   18.2s
[lat] 5iRIeHAK9b0_03: post-cut 18.2s (wait 0.0 drain None byt5 4.5) -> Children between the ages of three and twenty-nine
W0000 00:00:1791528726.015656   24100 face_landmarker_graph.cc:174] Sets FaceBlendshapesGraph acceleration to xnnpack by default.

--- Perception per-frame timing (MediaPipe, 54 frames) ---
  pose  :    4.6s total,   85.0ms/frame avg
  face  :    2.3s total,   41.8ms/frame avg
  hand  :    6.9s total,  128.3ms/frame avg
  wall  :    7.1s total,  131.6ms/frame avg (critical path: max(pose,face,hand) + thread overhead)

--- ByT5 stage breakdown ---
  checkpoint_load :    0.0s
  to_device+eval  :    0.0s
  generate        :    5.1s

--- Stage timing breakdown ---
  video_read          :    0.0s
  mediapipe_landmarks :    7.2s
  hand_crop           :    0.1s
  dinov2_hands        :    2.3s
  face_crop           :    0.0s
  dinov2_face         :    1.2s
  pose_features       :    0.0s
  byt5_inference      :    5.1s
  total               :   15.9s
[lat] fNT8a6e1gx8_08: post-cut 16.0s (wait 0.0 drain None byt5 5.1) -> It's just about our problems of expressing ourselv
W0000 00:00:1791528753.059769   24100 face_landmarker_graph.cc:174] Sets FaceBlendshapesGraph acceleration to xnnpack by default.

--- Perception per-frame timing (MediaPipe, 165 frames) ---
  pose  :   13.7s total,   83.3ms/frame avg
  face  :    7.3s total,   44.5ms/frame avg
  hand  :   21.9s total,  132.5ms/frame avg
  wall  :   22.2s total,  134.8ms/frame avg (critical path: max(pose,face,hand) + thread overhead)

--- ByT5 stage breakdown ---
  checkpoint_load :    0.0s
  to_device+eval  :    0.0s
  generate        :    7.4s

--- Stage timing breakdown ---
  video_read          :    0.0s
  mediapipe_landmarks :   22.9s
  hand_crop           :    0.2s
  dinov2_hands        :    6.9s
  face_crop           :    0.1s
  dinov2_face         :    3.3s
  pose_features       :    0.0s
  byt5_inference      :    7.4s
  total               :   40.9s
[lat] sP6B4dlSOoc_05: post-cut 41.0s (wait 0.0 drain None byt5 7.4) -> On Wednesday President Trump signed an executive o
W0000 00:00:1791528805.438263   24100 face_landmarker_graph.cc:174] Sets FaceBlendshapesGraph acceleration to xnnpack by default.

--- Perception per-frame timing (MediaPipe, 137 frames) ---
  pose  :   11.9s total,   86.9ms/frame avg
  face  :    6.5s total,   47.3ms/frame avg
  hand  :   21.7s total,  158.2ms/frame avg
  wall  :   21.9s total,  160.0ms/frame avg (critical path: max(pose,face,hand) + thread overhead)

--- ByT5 stage breakdown ---
  checkpoint_load :    0.0s
  to_device+eval  :    0.0s
  generate        :    6.7s

--- Stage timing breakdown ---
  video_read          :    0.0s
  mediapipe_landmarks :   22.2s
  hand_crop           :    0.0s
  dinov2_hands        :    5.9s
  face_crop           :    0.1s
  dinov2_face         :    2.9s
  pose_features       :    0.0s
  byt5_inference      :    6.8s
  total               :   37.9s
[lat] mNF1kg9azQw_03: post-cut 38.1s (wait 0.0 drain None byt5 6.8) -> Next we will talk about the next step, the next st
W0000 00:00:1791528847.688525   24100 face_landmarker_graph.cc:174] Sets FaceBlendshapesGraph acceleration to xnnpack by default.

--- Perception per-frame timing (MediaPipe, 65 frames) ---
  pose  :    5.5s total,   84.3ms/frame avg
  face  :    2.9s total,   45.3ms/frame avg
  hand  :    9.4s total,  144.4ms/frame avg
  wall  :    9.6s total,  147.3ms/frame avg (critical path: max(pose,face,hand) + thread overhead)

--- ByT5 stage breakdown ---
  checkpoint_load :    0.0s
  to_device+eval  :    0.0s
  generate        :    6.1s

--- Stage timing breakdown ---
  video_read          :    0.0s
  mediapipe_landmarks :    9.7s
  hand_crop           :    0.1s
  dinov2_hands        :    2.6s
  face_crop           :    0.0s
  dinov2_face         :    1.3s
  pose_features       :    0.0s
  byt5_inference      :    6.1s
  total               :   20.0s
[lat] iMJ9CjBX7eo_02: post-cut 20.0s (wait 0.0 drain None byt5 6.1) -> Thank you for joining us at the Community Forum an
W0000 00:00:1791528872.125843   24100 face_landmarker_graph.cc:174] Sets FaceBlendshapesGraph acceleration to xnnpack by default.

--- Perception per-frame timing (MediaPipe, 67 frames) ---
  pose  :    5.8s total,   86.2ms/frame avg
  face  :    3.0s total,   44.0ms/frame avg
  hand  :    8.4s total,  125.4ms/frame avg
  wall  :    8.5s total,  126.8ms/frame avg (critical path: max(pose,face,hand) + thread overhead)

--- ByT5 stage breakdown ---
  checkpoint_load :    0.0s
  to_device+eval  :    0.0s
  generate        :    4.0s

--- Stage timing breakdown ---
  video_read          :    0.0s
  mediapipe_landmarks :    8.7s
  hand_crop           :    0.1s
  dinov2_hands        :    2.7s
  face_crop           :    0.0s
  dinov2_face         :    1.4s
  pose_features       :    0.0s
  byt5_inference      :    4.0s
  total               :   16.9s
[lat] k5Gxbifw8s8_05: post-cut 16.9s (wait 0.0 drain None byt5 4.0) -> And more young people use rabbit.
W0000 00:00:1791528903.580785   24100 face_landmarker_graph.cc:174] Sets FaceBlendshapesGraph acceleration to xnnpack by default.

--- Perception per-frame timing (MediaPipe, 174 frames) ---
  pose  :   14.3s total,   82.1ms/frame avg
  face  :    7.6s total,   43.7ms/frame avg
  hand  :   20.3s total,  116.6ms/frame avg
  wall  :   20.6s total,  118.1ms/frame avg (critical path: max(pose,face,hand) + thread overhead)

--- ByT5 stage breakdown ---
  checkpoint_load :    0.0s
  to_device+eval  :    0.0s
  generate        :    8.5s

--- Stage timing breakdown ---
  video_read          :    0.0s
  mediapipe_landmarks :   21.2s
  hand_crop           :    0.2s
  dinov2_hands        :    7.5s
  face_crop           :    0.1s
  dinov2_face         :    3.6s
  pose_features       :    0.1s
  byt5_inference      :    8.6s
  total               :   41.4s
[lat] MJijm9kbdHA_01: post-cut 41.5s (wait 0.0 drain None byt5 8.6) -> Biden said Bernie had a vote multiple times agains
W0000 00:00:1791528949.913344   24100 face_landmarker_graph.cc:174] Sets FaceBlendshapesGraph acceleration to xnnpack by default.

--- Perception per-frame timing (MediaPipe, 74 frames) ---
  pose  :    6.2s total,   83.1ms/frame avg
  face  :    3.3s total,   44.2ms/frame avg
  hand  :   11.7s total,  158.7ms/frame avg
  wall  :   11.9s total,  160.9ms/frame avg (critical path: max(pose,face,hand) + thread overhead)

--- ByT5 stage breakdown ---
  checkpoint_load :    0.0s
  to_device+eval  :    0.0s
  generate        :    3.8s

--- Stage timing breakdown ---
  video_read          :    0.0s
  mediapipe_landmarks :   12.1s
  hand_crop           :    0.0s
  dinov2_hands        :    3.3s
  face_crop           :    0.1s
  dinov2_face         :    1.5s
  pose_features       :    0.0s
  byt5_inference      :    3.8s
  total               :   20.8s
[lat] wPJ_InXF_I8_06: post-cut 20.8s (wait 0.0 drain None byt5 3.8) -> the students storytelling comprehension abilities.
W0000 00:00:1791528977.684905   24100 face_landmarker_graph.cc:174] Sets FaceBlendshapesGraph acceleration to xnnpack by default.

--- Perception per-frame timing (MediaPipe, 84 frames) ---
  pose  :    7.1s total,   84.6ms/frame avg
  face  :    4.1s total,   49.4ms/frame avg
  hand  :   11.4s total,  136.2ms/frame avg
  wall  :   11.7s total,  138.7ms/frame avg (critical path: max(pose,face,hand) + thread overhead)

--- ByT5 stage breakdown ---
  checkpoint_load :    0.0s
  to_device+eval  :    0.0s
  generate        :    6.4s

--- Stage timing breakdown ---
  video_read          :    0.0s
  mediapipe_landmarks :   11.9s
  hand_crop           :    0.1s
  dinov2_hands        :    3.5s
  face_crop           :    0.1s
  dinov2_face         :    1.7s
  pose_features       :    0.0s
  byt5_inference      :    6.5s
  total               :   23.8s
[lat] I976oI3s1jQ_01: post-cut 23.8s (wait 0.0 drain None byt5 6.5) -> I feel like it's a chill and I've been very patien
W0000 00:00:1791529014.253645   24100 face_landmarker_graph.cc:174] Sets FaceBlendshapesGraph acceleration to xnnpack by default.

--- Perception per-frame timing (MediaPipe, 191 frames) ---
  pose  :   15.2s total,   79.7ms/frame avg
  face  :    8.4s total,   44.1ms/frame avg
  hand  :   24.0s total,  125.6ms/frame avg
  wall  :   24.3s total,  127.3ms/frame avg (critical path: max(pose,face,hand) + thread overhead)

--- ByT5 stage breakdown ---
  checkpoint_load :    0.0s
  to_device+eval  :    0.0s
  generate        :   13.8s

--- Stage timing breakdown ---
  video_read          :    0.0s
  mediapipe_landmarks :   25.1s
  hand_crop           :    0.3s
  dinov2_hands        :    8.3s
  face_crop           :    0.2s
  dinov2_face         :    4.0s
  pose_features       :    0.1s
  byt5_inference      :   13.9s
  total               :   51.7s
[lat] jsOSzFyx8RA_03: post-cut 51.8s (wait 0.0 drain None byt5 13.9) -> Or the show isn't a lot about the experience, but 
W0000 00:00:1791529068.717891   24100 face_landmarker_graph.cc:174] Sets FaceBlendshapesGraph acceleration to xnnpack by default.

--- Perception per-frame timing (MediaPipe, 42 frames) ---
  pose  :    3.6s total,   85.0ms/frame avg
  face  :    0.4s total,   10.0ms/frame avg
  hand  :    5.9s total,  140.2ms/frame avg
  wall  :    6.0s total,  143.0ms/frame avg (critical path: max(pose,face,hand) + thread overhead)

--- ByT5 stage breakdown ---
  checkpoint_load :    0.0s
  to_device+eval  :    0.0s
  generate        :    6.0s

--- Stage timing breakdown ---
  video_read          :    0.0s
  mediapipe_landmarks :    6.1s
  hand_crop           :    0.1s
  dinov2_hands        :    2.5s
  face_crop           :    0.0s
  dinov2_face         :    1.2s
  pose_features       :    0.0s
  byt5_inference      :    6.0s
  total               :   15.9s
[lat] fNT8a6e1gx8_06: post-cut 15.9s (wait 0.0 drain None byt5 6.0) -> I feel like again, the students have been asking m
W0000 00:00:1791529089.614553   24100 face_landmarker_graph.cc:174] Sets FaceBlendshapesGraph acceleration to xnnpack by default.

--- Perception per-frame timing (MediaPipe, 75 frames) ---
  pose  :    6.3s total,   83.9ms/frame avg
  face  :    2.4s total,   31.7ms/frame avg
  hand  :    9.9s total,  131.4ms/frame avg
  wall  :   10.0s total,  132.9ms/frame avg (critical path: max(pose,face,hand) + thread overhead)

--- ByT5 stage breakdown ---
  checkpoint_load :    0.0s
  to_device+eval  :    0.0s
  generate        :    4.5s

--- Stage timing breakdown ---
  video_read          :    0.0s
  mediapipe_landmarks :   10.1s
  hand_crop           :    0.1s
  dinov2_hands        :    3.4s
  face_crop           :    0.0s
  dinov2_face         :    1.6s
  pose_features       :    0.0s
  byt5_inference      :    4.6s
  total               :   19.8s
[lat] J-0KHhPS_m4_03: post-cut 19.9s (wait 0.0 drain None byt5 4.6) -> Here's a question from the next question: How did 
W0000 00:00:1791529117.523756   24100 face_landmarker_graph.cc:174] Sets FaceBlendshapesGraph acceleration to xnnpack by default.

--- Perception per-frame timing (MediaPipe, 120 frames) ---
  pose  :    9.7s total,   81.2ms/frame avg
  face  :    5.3s total,   44.2ms/frame avg
  hand  :   15.4s total,  128.1ms/frame avg
  wall  :   15.6s total,  130.1ms/frame avg (critical path: max(pose,face,hand) + thread overhead)

--- ByT5 stage breakdown ---
  checkpoint_load :    0.0s
  to_device+eval  :    0.0s
  generate        :    4.8s

--- Stage timing breakdown ---
  video_read          :    0.0s
  mediapipe_landmarks :   15.9s
  hand_crop           :    0.2s
  dinov2_hands        :    6.0s
  face_crop           :    0.1s
  dinov2_face         :    3.2s
  pose_features       :    0.0s
  byt5_inference      :    4.9s
  total               :   30.2s
[lat] FND2JfzngVY_06: post-cut 30.3s (wait 0.0 drain None byt5 4.9) -> The daylight savings will be back on March 8 at 2 
W0000 00:00:1791529161.269807   24100 face_landmarker_graph.cc:174] Sets FaceBlendshapesGraph acceleration to xnnpack by default.

--- Perception per-frame timing (MediaPipe, 162 frames) ---
  pose  :   13.9s total,   85.6ms/frame avg
  face  :    7.7s total,   47.6ms/frame avg
  hand  :   20.4s total,  126.1ms/frame avg
  wall  :   20.7s total,  127.9ms/frame avg (critical path: max(pose,face,hand) + thread overhead)

--- ByT5 stage breakdown ---
  checkpoint_load :    0.0s
  to_device+eval  :    0.0s
  generate        :    9.2s

--- Stage timing breakdown ---
  video_read          :    0.0s
  mediapipe_landmarks :   21.0s
  hand_crop           :    0.2s
  dinov2_hands        :    7.0s
  face_crop           :    0.1s
  dinov2_face         :    4.4s
  pose_features       :    0.1s
  byt5_inference      :    9.2s
  total               :   41.9s
[lat] I976oI3s1jQ_02: post-cut 42.0s (wait 0.0 drain None byt5 9.2) -> He said he was still working for two days, but on 
W0000 00:00:1791529218.002095   24100 face_landmarker_graph.cc:174] Sets FaceBlendshapesGraph acceleration to xnnpack by default.

--- Perception per-frame timing (MediaPipe, 177 frames) ---
  pose  :   15.1s total,   85.6ms/frame avg
  face  :    1.9s total,   10.7ms/frame avg
  hand  :   24.1s total,  136.3ms/frame avg
  wall  :   24.3s total,  137.6ms/frame avg (critical path: max(pose,face,hand) + thread overhead)

--- ByT5 stage breakdown ---
  checkpoint_load :    0.0s
  to_device+eval  :    0.0s
  generate        :    7.7s

--- Stage timing breakdown ---
  video_read          :    0.0s
  mediapipe_landmarks :   24.5s
  hand_crop           :    0.1s
  dinov2_hands        :    7.5s
  face_crop           :    0.0s
  dinov2_face         :    4.4s
  pose_features       :    0.0s
  byt5_inference      :    7.7s
  total               :   44.4s
[lat] ZgvLTS2zJdo_02: post-cut 44.5s (wait 0.0 drain None byt5 7.7) -> I want to share a little bit of a story with you a
W0000 00:00:1791529274.073801   24100 face_landmarker_graph.cc:174] Sets FaceBlendshapesGraph acceleration to xnnpack by default.

--- Perception per-frame timing (MediaPipe, 174 frames) ---
  pose  :   14.7s total,   84.7ms/frame avg
  face  :    8.1s total,   46.7ms/frame avg
  hand  :   22.6s total,  129.7ms/frame avg
  wall  :   22.9s total,  131.4ms/frame avg (critical path: max(pose,face,hand) + thread overhead)

--- ByT5 stage breakdown ---
  checkpoint_load :    0.0s
  to_device+eval  :    0.0s
  generate        :    8.7s

--- Stage timing breakdown ---
  video_read          :    0.0s
  mediapipe_landmarks :   23.2s
  hand_crop           :    0.2s
  dinov2_hands        :    9.3s
  face_crop           :    0.1s
  dinov2_face         :    4.5s
  pose_features       :    0.1s
  byt5_inference      :    8.7s
  total               :   46.1s
[lat] YR7BS6l_95E_05: post-cut 46.2s (wait 0.0 drain None byt5 8.7) -> The helicopter travels to the area and flies to a 
W0000 00:00:1791529323.190060   24100 face_landmarker_graph.cc:174] Sets FaceBlendshapesGraph acceleration to xnnpack by default.

--- Perception per-frame timing (MediaPipe, 37 frames) ---
  pose  :    3.0s total,   81.6ms/frame avg
  face  :    1.7s total,   45.5ms/frame avg
  hand  :    5.8s total,  156.4ms/frame avg
  wall  :    5.9s total,  159.7ms/frame avg (critical path: max(pose,face,hand) + thread overhead)

--- ByT5 stage breakdown ---
  checkpoint_load :    0.0s
  to_device+eval  :    0.0s
  generate        :    3.2s

--- Stage timing breakdown ---
  video_read          :    0.0s
  mediapipe_landmarks :    6.1s
  hand_crop           :    0.0s
  dinov2_hands        :    2.3s
  face_crop           :    0.0s
  dinov2_face         :    1.0s
  pose_features       :    0.0s
  byt5_inference      :    3.2s
  total               :   12.7s
[lat] NBpYolVo5WQ_06: post-cut 12.7s (wait 0.0 drain None byt5 3.2) -> See you tomorrow and stay with the light!
W0000 00:00:1791529342.147886   24100 face_landmarker_graph.cc:174] Sets FaceBlendshapesGraph acceleration to xnnpack by default.

--- Perception per-frame timing (MediaPipe, 94 frames) ---
  pose  :    7.7s total,   82.1ms/frame avg
  face  :    4.2s total,   44.8ms/frame avg
  hand  :   12.1s total,  128.6ms/frame avg
  wall  :   12.2s total,  130.3ms/frame avg (critical path: max(pose,face,hand) + thread overhead)

--- ByT5 stage breakdown ---
  checkpoint_load :    0.0s
  to_device+eval  :    0.0s
  generate        :    7.7s

--- Stage timing breakdown ---
  video_read          :    0.0s
  mediapipe_landmarks :   12.8s
  hand_crop           :    0.2s
  dinov2_hands        :    5.3s
  face_crop           :    0.1s
  dinov2_face         :    2.6s
  pose_features       :    0.0s
  byt5_inference      :    7.7s
  total               :   28.7s
[lat] TXyNxVRRPt8_01: post-cut 28.7s (wait 0.0 drain None byt5 7.7) -> We bring them to the deaf community forum to bring
W0000 00:00:1791529381.325109   24100 face_landmarker_graph.cc:174] Sets FaceBlendshapesGraph acceleration to xnnpack by default.

--- Perception per-frame timing (MediaPipe, 156 frames) ---
  pose  :   12.7s total,   81.1ms/frame avg
  face  :    7.0s total,   44.6ms/frame avg
  hand  :   18.8s total,  120.8ms/frame avg
  wall  :   19.0s total,  122.0ms/frame avg (critical path: max(pose,face,hand) + thread overhead)

--- ByT5 stage breakdown ---
  checkpoint_load :    0.0s
  to_device+eval  :    0.0s
  generate        :    9.1s

--- Stage timing breakdown ---
  video_read          :    0.0s
  mediapipe_landmarks :   19.3s
  hand_crop           :    0.2s
  dinov2_hands        :    6.6s
  face_crop           :    0.1s
  dinov2_face         :    3.8s
  pose_features       :    0.0s
  byt5_inference      :    9.1s
  total               :   39.1s
[lat] 5iRIeHAK9b0_02: post-cut 39.2s (wait 0.0 drain None byt5 9.1) -> A California male couple called for child abuse Fr
W0000 00:00:1791529430.771082   24100 face_landmarker_graph.cc:174] Sets FaceBlendshapesGraph acceleration to xnnpack by default.

--- Perception per-frame timing (MediaPipe, 124 frames) ---
  pose  :   10.2s total,   82.6ms/frame avg
  face  :    5.4s total,   43.7ms/frame avg
  hand  :   17.2s total,  139.1ms/frame avg
  wall  :   17.4s total,  140.7ms/frame avg (critical path: max(pose,face,hand) + thread overhead)

--- ByT5 stage breakdown ---
  checkpoint_load :    0.0s
  to_device+eval  :    0.0s
  generate        :    6.7s

--- Stage timing breakdown ---
  video_read          :    0.0s
  mediapipe_landmarks :   18.1s
  hand_crop           :    0.2s
  dinov2_hands        :    7.1s
  face_crop           :    0.1s
  dinov2_face         :    3.4s
  pose_features       :    0.0s
  byt5_inference      :    6.7s
  total               :   35.6s
[lat] mNF1kg9azQw_05: post-cut 35.6s (wait 0.0 drain None byt5 6.7) -> I wonder how do you recommend people respond to so
W0000 00:00:1791529474.265968   24100 face_landmarker_graph.cc:174] Sets FaceBlendshapesGraph acceleration to xnnpack by default.

--- Perception per-frame timing (MediaPipe, 119 frames) ---
  pose  :   10.4s total,   87.5ms/frame avg
  face  :    5.6s total,   47.2ms/frame avg
  hand  :   17.9s total,  150.4ms/frame avg
  wall  :   18.1s total,  152.2ms/frame avg (critical path: max(pose,face,hand) + thread overhead)

--- ByT5 stage breakdown ---
  checkpoint_load :    0.0s
  to_device+eval  :    0.0s
  generate        :    4.5s

--- Stage timing breakdown ---
  video_read          :    0.0s
  mediapipe_landmarks :   18.4s
  hand_crop           :    0.1s
  dinov2_hands        :    6.7s
  face_crop           :    0.1s
  dinov2_face         :    3.2s
  pose_features       :    0.0s
  byt5_inference      :    4.5s
  total               :   33.1s
[lat] WMoeSSvCyTU_03: post-cut 33.2s (wait 0.0 drain None byt5 4.5) -> The drug hydrogen is still going on and it is cont
W0000 00:00:1791529512.986165   24100 face_landmarker_graph.cc:174] Sets FaceBlendshapesGraph acceleration to xnnpack by default.

--- Perception per-frame timing (MediaPipe, 84 frames) ---
  pose  :    6.9s total,   81.8ms/frame avg
  face  :    3.8s total,   45.8ms/frame avg
  hand  :   10.3s total,  123.1ms/frame avg
  wall  :   10.5s total,  124.9ms/frame avg (critical path: max(pose,face,hand) + thread overhead)

--- ByT5 stage breakdown ---
  checkpoint_load :    0.0s
  to_device+eval  :    0.0s
  generate        :    4.8s

--- Stage timing breakdown ---
  video_read          :    0.0s
  mediapipe_landmarks :   10.7s
  hand_crop           :    0.2s
  dinov2_hands        :    4.9s
  face_crop           :    0.1s
  dinov2_face         :    2.4s
  pose_features       :    0.0s
  byt5_inference      :    4.9s
  total               :   23.1s
[lat] sP6B4dlSOoc_04: post-cut 23.1s (wait 0.0 drain None byt5 4.9) -> Sometimes simple sidewalks can be dangerous.
W0000 00:00:1791529544.298532   24100 face_landmarker_graph.cc:174] Sets FaceBlendshapesGraph acceleration to xnnpack by default.

--- Perception per-frame timing (MediaPipe, 122 frames) ---
  pose  :   10.0s total,   82.1ms/frame avg
  face  :    5.5s total,   44.9ms/frame avg
  hand  :   15.3s total,  125.5ms/frame avg
  wall  :   15.5s total,  127.1ms/frame avg (critical path: max(pose,face,hand) + thread overhead)

--- ByT5 stage breakdown ---
  checkpoint_load :    0.0s
  to_device+eval  :    0.0s
  generate        :    6.2s

--- Stage timing breakdown ---
  video_read          :    0.0s
  mediapipe_landmarks :   15.8s
  hand_crop           :    0.2s
  dinov2_hands        :    6.9s
  face_crop           :    0.1s
  dinov2_face         :    3.5s
  pose_features       :    0.0s
  byt5_inference      :    6.2s
  total               :   32.7s
[lat] z3jAMn3xpoM_02: post-cut 32.8s (wait 0.0 drain None byt5 6.2) -> One of them filmed on Facebook LIVE showing office
W0000 00:00:1791529589.517286   24100 face_landmarker_graph.cc:174] Sets FaceBlendshapesGraph acceleration to xnnpack by default.

--- Perception per-frame timing (MediaPipe, 150 frames) ---
  pose  :   12.7s total,   84.7ms/frame avg
  face  :    6.7s total,   44.8ms/frame avg
  hand  :   20.5s total,  136.5ms/frame avg
  wall  :   20.8s total,  138.4ms/frame avg (critical path: max(pose,face,hand) + thread overhead)

--- ByT5 stage breakdown ---
  checkpoint_load :    0.0s
  to_device+eval  :    0.0s
  generate        :    9.8s

--- Stage timing breakdown ---
  video_read          :    0.0s
  mediapipe_landmarks :   21.4s
  hand_crop           :    0.2s
  dinov2_hands        :    6.2s
  face_crop           :    0.1s
  dinov2_face         :    3.6s
  pose_features       :    0.0s
  byt5_inference      :    9.8s
  total               :   41.5s
[lat] uZwKNtHx9FE_07: post-cut 41.5s (wait 0.0 drain None byt5 9.8) -> They said the words were added without delays, wer
W0000 00:00:1791529633.025010   24100 face_landmarker_graph.cc:174] Sets FaceBlendshapesGraph acceleration to xnnpack by default.

--- Perception per-frame timing (MediaPipe, 25 frames) ---
  pose  :    2.1s total,   85.9ms/frame avg
  face  :    1.1s total,   45.2ms/frame avg
  hand  :    3.3s total,  133.4ms/frame avg
  wall  :    3.5s total,  138.7ms/frame avg (critical path: max(pose,face,hand) + thread overhead)

--- ByT5 stage breakdown ---
  checkpoint_load :    0.0s
  to_device+eval  :    0.0s
  generate        :    1.7s

--- Stage timing breakdown ---
  video_read          :    0.0s
  mediapipe_landmarks :    3.6s
  hand_crop           :    0.0s
  dinov2_hands        :    1.6s
  face_crop           :    0.0s
  dinov2_face         :    0.7s
  pose_features       :    0.0s
  byt5_inference      :    1.7s
  total               :    7.6s
[lat] D9HR4q0vbwE_05: post-cut 7.6s (wait 0.0 drain None byt5 1.7) -> How are you doing?
W0000 00:00:1791529643.026759   24100 face_landmarker_graph.cc:174] Sets FaceBlendshapesGraph acceleration to xnnpack by default.

--- Perception per-frame timing (MediaPipe, 36 frames) ---
  pose  :    3.1s total,   85.5ms/frame avg
  face  :    1.6s total,   45.6ms/frame avg
  hand  :    4.7s total,  130.1ms/frame avg
  wall  :    4.8s total,  134.4ms/frame avg (critical path: max(pose,face,hand) + thread overhead)

--- ByT5 stage breakdown ---
  checkpoint_load :    0.0s
  to_device+eval  :    0.0s
  generate        :    3.9s

--- Stage timing breakdown ---
  video_read          :    0.0s
  mediapipe_landmarks :    5.0s
  hand_crop           :    0.1s
  dinov2_hands        :    2.2s
  face_crop           :    0.0s
  dinov2_face         :    1.0s
  pose_features       :    0.0s
  byt5_inference      :    3.9s
  total               :   12.2s
[lat] f75G_hZMSHs_04: post-cut 12.2s (wait 0.0 drain None byt5 3.9) -> The tourist wedding is scheduled for this weekend.
W0000 00:00:1791529663.011066   24100 face_landmarker_graph.cc:174] Sets FaceBlendshapesGraph acceleration to xnnpack by default.

--- Perception per-frame timing (MediaPipe, 117 frames) ---
  pose  :    9.7s total,   83.0ms/frame avg
  face  :    5.3s total,   45.3ms/frame avg
  hand  :   14.4s total,  123.0ms/frame avg
  wall  :   14.6s total,  124.9ms/frame avg (critical path: max(pose,face,hand) + thread overhead)

--- ByT5 stage breakdown ---
  checkpoint_load :    0.0s
  to_device+eval  :    0.0s
  generate        :    9.2s

--- Stage timing breakdown ---
  video_read          :    0.0s
  mediapipe_landmarks :   15.3s
  hand_crop           :    0.2s
  dinov2_hands        :    6.7s
  face_crop           :    0.1s
  dinov2_face         :    3.4s
  pose_features       :    0.0s
  byt5_inference      :    9.2s
  total               :   34.8s
[lat] f75G_hZMSHs_02: post-cut 34.8s (wait 0.0 drain None byt5 9.2) -> The similar conversations between the police offic
W0000 00:00:1791529701.225461   24100 face_landmarker_graph.cc:174] Sets FaceBlendshapesGraph acceleration to xnnpack by default.

--- Perception per-frame timing (MediaPipe, 41 frames) ---
  pose  :    3.5s total,   86.2ms/frame avg
  face  :    0.6s total,   14.6ms/frame avg
  hand  :    6.1s total,  149.0ms/frame avg
  wall  :    6.3s total,  154.1ms/frame avg (critical path: max(pose,face,hand) + thread overhead)

--- ByT5 stage breakdown ---
  checkpoint_load :    0.0s
  to_device+eval  :    0.0s
  generate        :    5.9s

--- Stage timing breakdown ---
  video_read          :    0.0s
  mediapipe_landmarks :    6.4s
  hand_crop           :    0.1s
  dinov2_hands        :    2.6s
  face_crop           :    0.0s
  dinov2_face         :    1.2s
  pose_features       :    0.0s
  byt5_inference      :    5.9s
  total               :   16.3s
[lat] ZgvLTS2zJdo_01: post-cut 16.3s (wait 0.0 drain None byt5 5.9) -> The first is to open and provide resources for dea
W0000 00:00:1791529725.307907   24100 face_landmarker_graph.cc:174] Sets FaceBlendshapesGraph acceleration to xnnpack by default.

--- Perception per-frame timing (MediaPipe, 117 frames) ---
  pose  :    9.9s total,   84.4ms/frame avg
  face  :    1.3s total,   10.9ms/frame avg
  hand  :   17.1s total,  146.2ms/frame avg
  wall  :   17.4s total,  148.4ms/frame avg (critical path: max(pose,face,hand) + thread overhead)

--- ByT5 stage breakdown ---
  checkpoint_load :    0.0s
  to_device+eval  :    0.0s
  generate        :    8.2s

--- Stage timing breakdown ---
  video_read          :    0.0s
  mediapipe_landmarks :   17.5s
  hand_crop           :    0.1s
  dinov2_hands        :    6.6s
  face_crop           :    0.0s
  dinov2_face         :    3.2s
  pose_features       :    0.0s
  byt5_inference      :    8.2s
  total               :   35.7s
[lat] LT0-h4P_xBY_04: post-cut 35.8s (wait 0.0 drain None byt5 8.2) -> Of course, I want to clearly warn you that I just 
W0000 00:00:1791529775.276583   24100 face_landmarker_graph.cc:174] Sets FaceBlendshapesGraph acceleration to xnnpack by default.

--- Perception per-frame timing (MediaPipe, 212 frames) ---
  pose  :   17.9s total,   84.5ms/frame avg
  face  :    9.8s total,   46.2ms/frame avg
  hand  :   26.6s total,  125.5ms/frame avg
  wall  :   26.9s total,  127.0ms/frame avg (critical path: max(pose,face,hand) + thread overhead)

--- ByT5 stage breakdown ---
  checkpoint_load :    0.0s
  to_device+eval  :    0.0s
  generate        :    9.0s

--- Stage timing breakdown ---
  video_read          :    0.0s
  mediapipe_landmarks :   27.3s
  hand_crop           :    0.3s
  dinov2_hands        :    9.7s
  face_crop           :    0.1s
  dinov2_face         :    5.9s
  pose_features       :    0.1s
  byt5_inference      :    9.1s
  total               :   52.5s
[lat] wPJ_InXF_I8_02: post-cut 52.6s (wait 0.0 drain None byt5 9.1) -> AP also said Barack Obama has declared to endorse 
W0000 00:00:1791529836.960893   24100 face_landmarker_graph.cc:174] Sets FaceBlendshapesGraph acceleration to xnnpack by default.

--- Perception per-frame timing (MediaPipe, 137 frames) ---
  pose  :   11.5s total,   83.6ms/frame avg
  face  :    6.0s total,   43.6ms/frame avg
  hand  :   19.2s total,  140.2ms/frame avg
  wall  :   19.5s total,  142.2ms/frame avg (critical path: max(pose,face,hand) + thread overhead)

--- ByT5 stage breakdown ---
  checkpoint_load :    0.0s
  to_device+eval  :    0.0s
  generate        :    9.3s

--- Stage timing breakdown ---
  video_read          :    0.0s
  mediapipe_landmarks :   20.1s
  hand_crop           :    0.2s
  dinov2_hands        :    7.8s
  face_crop           :    0.1s
  dinov2_face         :    3.8s
  pose_features       :    0.0s
  byt5_inference      :    9.3s
  total               :   41.3s
[lat] oP2WdYlaflE_02: post-cut 41.4s (wait 0.0 drain None byt5 9.3) -> The expected percentage of a person from the Insti
W0000 00:00:1791529886.724006   24100 face_landmarker_graph.cc:174] Sets FaceBlendshapesGraph acceleration to xnnpack by default.

--- Perception per-frame timing (MediaPipe, 126 frames) ---
  pose  :   10.6s total,   84.0ms/frame avg
  face  :    1.2s total,    9.3ms/frame avg
  hand  :   18.8s total,  149.2ms/frame avg
  wall  :   19.0s total,  150.7ms/frame avg (critical path: max(pose,face,hand) + thread overhead)

--- ByT5 stage breakdown ---
  checkpoint_load :    0.0s
  to_device+eval  :    0.0s
  generate        :    5.4s

--- Stage timing breakdown ---
  video_read          :    0.0s
  mediapipe_landmarks :   19.1s
  hand_crop           :    0.1s
  dinov2_hands        :    7.1s
  face_crop           :    0.0s
  dinov2_face         :    3.5s
  pose_features       :    0.0s
  byt5_inference      :    5.4s
  total               :   35.3s
[lat] LT0-h4P_xBY_06: post-cut 35.4s (wait 0.0 drain None byt5 5.4) -> Do you have a race on the owner of the Ioniar Knox
W0000 00:00:1791529931.479194   24100 face_landmarker_graph.cc:174] Sets FaceBlendshapesGraph acceleration to xnnpack by default.

--- Perception per-frame timing (MediaPipe, 113 frames) ---
  pose  :    9.4s total,   83.4ms/frame avg
  face  :    5.0s total,   44.6ms/frame avg
  hand  :   14.5s total,  128.2ms/frame avg
  wall  :   14.7s total,  129.7ms/frame avg (critical path: max(pose,face,hand) + thread overhead)

--- ByT5 stage breakdown ---
  checkpoint_load :    0.0s
  to_device+eval  :    0.0s
  generate        :    8.8s

--- Stage timing breakdown ---
  video_read          :    0.0s
  mediapipe_landmarks :   14.9s
  hand_crop           :    0.2s
  dinov2_hands        :    6.3s
  face_crop           :    0.1s
  dinov2_face         :    3.2s
  pose_features       :    0.0s
  byt5_inference      :    8.8s
  total               :   33.4s
[lat] mNF1kg9azQw_07: post-cut 33.5s (wait 0.0 drain None byt5 8.8) -> If you are interested in food or money, there is a
W0000 00:00:1791529969.432121   24100 face_landmarker_graph.cc:174] Sets FaceBlendshapesGraph acceleration to xnnpack by default.

--- Perception per-frame timing (MediaPipe, 68 frames) ---
  pose  :    5.7s total,   84.2ms/frame avg
  face  :    3.0s total,   43.4ms/frame avg
  hand  :    8.6s total,  126.9ms/frame avg
  wall  :    8.8s total,  129.5ms/frame avg (critical path: max(pose,face,hand) + thread overhead)

--- ByT5 stage breakdown ---
  checkpoint_load :    0.0s
  to_device+eval  :    0.0s
  generate        :    4.2s

--- Stage timing breakdown ---
  video_read          :    0.0s
  mediapipe_landmarks :    9.4s
  hand_crop           :    0.1s
  dinov2_hands        :    3.9s
  face_crop           :    0.0s
  dinov2_face         :    1.8s
  pose_features       :    0.0s
  byt5_inference      :    4.2s
  total               :   19.5s
[lat] TXyNxVRRPt8_03: post-cut 19.5s (wait 0.0 drain None byt5 4.2) -> Most people don't know about the same NAD programs
W0000 00:00:1791529997.956472   24100 face_landmarker_graph.cc:174] Sets FaceBlendshapesGraph acceleration to xnnpack by default.

--- Perception per-frame timing (MediaPipe, 135 frames) ---
  pose  :   11.3s total,   83.6ms/frame avg
  face  :    6.2s total,   45.9ms/frame avg
  hand  :   18.0s total,  133.3ms/frame avg
  wall  :   18.2s total,  134.9ms/frame avg (critical path: max(pose,face,hand) + thread overhead)

--- ByT5 stage breakdown ---
  checkpoint_load :    0.0s
  to_device+eval  :    0.0s
  generate        :    9.6s

--- Stage timing breakdown ---
  video_read          :    0.0s
  mediapipe_landmarks :   18.5s
  hand_crop           :    0.2s
  dinov2_hands        :    7.7s
  face_crop           :    0.1s
  dinov2_face         :    3.8s
  pose_features       :    0.0s
  byt5_inference      :    9.6s
  total               :   40.0s
[lat] wH3lJm0Typ0_03: post-cut 40.0s (wait 0.0 drain None byt5 9.6) -> At the end of the game, there were also people who
W0000 00:00:1791530051.940943   24100 face_landmarker_graph.cc:174] Sets FaceBlendshapesGraph acceleration to xnnpack by default.

--- Perception per-frame timing (MediaPipe, 209 frames) ---
  pose  :   17.4s total,   83.2ms/frame avg
  face  :    9.4s total,   44.8ms/frame avg
  hand  :   29.7s total,  141.9ms/frame avg
  wall  :   30.0s total,  143.5ms/frame avg (critical path: max(pose,face,hand) + thread overhead)

--- ByT5 stage breakdown ---
  checkpoint_load :    0.0s
  to_device+eval  :    0.0s
  generate        :   11.3s

--- Stage timing breakdown ---
  video_read          :    0.0s
  mediapipe_landmarks :   30.8s
  hand_crop           :    0.2s
  dinov2_hands        :    8.6s
  face_crop           :    0.1s
  dinov2_face         :    5.5s
  pose_features       :    0.1s
  byt5_inference      :   11.3s
  total               :   56.7s
[lat] oP2WdYlaflE_03: post-cut 56.8s (wait 0.0 drain None byt5 11.3) -> The study also limits the number of community memb
W0000 00:00:1791530112.080543   24100 face_landmarker_graph.cc:174] Sets FaceBlendshapesGraph acceleration to xnnpack by default.

--- Perception per-frame timing (MediaPipe, 41 frames) ---
  pose  :    3.6s total,   86.9ms/frame avg
  face  :    1.7s total,   42.3ms/frame avg
  hand  :    5.4s total,  130.8ms/frame avg
  wall  :    5.5s total,  135.0ms/frame avg (critical path: max(pose,face,hand) + thread overhead)

--- ByT5 stage breakdown ---
  checkpoint_load :    0.0s
  to_device+eval  :    0.0s
  generate        :    3.8s

--- Stage timing breakdown ---
  video_read          :    0.0s
  mediapipe_landmarks :    6.0s
  hand_crop           :    0.1s
  dinov2_hands        :    2.5s
  face_crop           :    0.0s
  dinov2_face         :    1.2s
  pose_features       :    0.0s
  byt5_inference      :    3.9s
  total               :   13.7s
[lat] I976oI3s1jQ_05: post-cut 13.7s (wait 0.0 drain None byt5 3.9) -> I want to make sure that everyone understands me.
W0000 00:00:1791530130.495610   24100 face_landmarker_graph.cc:174] Sets FaceBlendshapesGraph acceleration to xnnpack by default.

--- Perception per-frame timing (MediaPipe, 71 frames) ---
  pose  :    6.1s total,   85.4ms/frame avg
  face  :    3.2s total,   45.1ms/frame avg
  hand  :    9.1s total,  128.9ms/frame avg
  wall  :    9.3s total,  131.1ms/frame avg (critical path: max(pose,face,hand) + thread overhead)

--- ByT5 stage breakdown ---
  checkpoint_load :    0.0s
  to_device+eval  :    0.0s
  generate        :    4.1s

--- Stage timing breakdown ---
  video_read          :    0.0s
  mediapipe_landmarks :    9.5s
  hand_crop           :    0.1s
  dinov2_hands        :    4.3s
  face_crop           :    0.0s
  dinov2_face         :    2.0s
  pose_features       :    0.0s
  byt5_inference      :    4.1s
  total               :   20.2s
[lat] k5Gxbifw8s8_03: post-cut 20.2s (wait 0.0 drain None byt5 4.1) -> This job opportunity for Deaf people is growing.
W0000 00:00:1791530153.565253   24100 face_landmarker_graph.cc:174] Sets FaceBlendshapesGraph acceleration to xnnpack by default.

--- Perception per-frame timing (MediaPipe, 35 frames) ---
  pose  :    3.0s total,   86.2ms/frame avg
  face  :    1.7s total,   48.0ms/frame avg
  hand  :    5.5s total,  156.5ms/frame avg
  wall  :    5.6s total,  160.0ms/frame avg (critical path: max(pose,face,hand) + thread overhead)

--- ByT5 stage breakdown ---
  checkpoint_load :    0.0s
  to_device+eval  :    0.0s
  generate        :    3.4s

--- Stage timing breakdown ---
  video_read          :    0.0s
  mediapipe_landmarks :    5.7s
  hand_crop           :    0.0s
  dinov2_hands        :    2.3s
  face_crop           :    0.0s
  dinov2_face         :    1.0s
  pose_features       :    0.0s
  byt5_inference      :    3.4s
  total               :   12.4s
[lat] rSiciLyYOyI_07: post-cut 12.4s (wait 0.0 drain None byt5 3.4) -> It was an amazing and never experienced that.
[lat] done: camera 15.0fps  peak_used 6913MB  min_available 706MB  warmup 18.4s
