Using cache found in /home/sllu/.cache/torch/hub/facebookresearch_dinov2_main
/home/sllu/.cache/torch/hub/facebookresearch_dinov2_main/dinov2/layers/swiglu_ffn.py:51: UserWarning: xFormers is not available (SwiGLU)
  warnings.warn("xFormers is not available (SwiGLU)")
/home/sllu/.cache/torch/hub/facebookresearch_dinov2_main/dinov2/layers/attention.py:33: UserWarning: xFormers is not available (Attention)
  warnings.warn("xFormers is not available (Attention)")
/home/sllu/.cache/torch/hub/facebookresearch_dinov2_main/dinov2/layers/block.py:40: UserWarning: xFormers is not available (Block)
  warnings.warn("xFormers is not available (Block)")
2026-10-08 21:15:23 | INFO | dinov2 | using MLP layer as FFN
Using cache found in /home/sllu/.cache/torch/hub/facebookresearch_dinov2_main
2026-10-08 21:15:25 | INFO | dinov2 | using MLP layer as FFN
/home/sllu/asl-video-to-text/shubert/TTIC-SHuBERT-ASLVideo-to-EnglishText/shubert_venv/lib/python3.10/site-packages/torch/nn/utils/weight_norm.py:144: FutureWarning: `torch.nn.utils.weight_norm` is deprecated in favor of `torch.nn.utils.parametrizations.weight_norm`.
  WeightNorm.apply(module, name, dim)
/home/sllu/asl-video-to-text/shubert/TTIC-SHuBERT-ASLVideo-to-EnglishText/shubert.py:132: FutureWarning: Positional args are being deprecated, use kwargs instead. Refer to https://pytorch.org/docs/main/generated/torch.nn.Module.html#torch.nn.Module.state_dict for details.
  state = super().state_dict(destination, prefix, keep_vars)
Wav2Vec2Config is imported from: fairseq.models.wav2vec.wav2vec2
Full path: /home/sllu/asl-video-to-text/shubert/TTIC-SHuBERT-ASLVideo-to-EnglishText/shubert_venv/lib/python3.10/site-packages/fairseq/models/wav2vec/wav2vec2.py
DINOEmbedder initialized on device: cuda dtype: torch.float16
DINOEmbedder initialized on device: cuda dtype: torch.float16
[byt5] device: cuda dtype: bfloat16
[lat] warmup 18.7s
WARNING: All log messages before absl::InitializeLog() is called are written to STDERR
W0000 00:00:1791519341.848761   15570 face_landmarker_graph.cc:174] Sets FaceBlendshapesGraph acceleration to xnnpack by default.
INFO: Created TensorFlow Lite XNNPACK delegate for CPU.
W0000 00:00:1791519341.947138   15577 face_landmarker_graph.cc:174] Sets FaceBlendshapesGraph acceleration to xnnpack by default.
/home/sllu/asl-video-to-text/shubert/TTIC-SHuBERT-ASLVideo-to-EnglishText/shubert_venv/lib/python3.10/site-packages/google/protobuf/symbol_database.py:55: UserWarning: SymbolDatabase.GetPrototype() is deprecated. Please use message_factory.GetMessageClass() instead. SymbolDatabase.GetPrototype() will be removed soon.
  warnings.warn('SymbolDatabase.GetPrototype() is deprecated. Please '

--- ByT5 stage breakdown ---
  checkpoint_load :    0.0s
  to_device+eval  :    0.0s
  generate        :    5.1s

--- Stage timing breakdown ---
  video_read          :    0.0s
  mediapipe_landmarks :    0.0s
  mediapipe_overlapped:    8.8s  (overlapped with capture, not on the critical path)
  hand_crop           :    0.0s
  dinov2_hands        :    0.0s
  face_crop           :    0.0s
  dinov2_face         :    0.0s
  dinov2_overlapped   :    6.1s  (overlapped with capture, not on the critical path)
  pose_features       :    0.0s
  byt5_inference      :    5.1s
  total               :    5.1s
[lat] sP6B4dlSOoc_04: post-cut 9.1s (wait 0.0 drain 4.0 byt5 5.1) -> Sometimes simple sidewalks can be dangerous.
W0000 00:00:1791519356.731967   15628 face_landmarker_graph.cc:174] Sets FaceBlendshapesGraph acceleration to xnnpack by default.
W0000 00:00:1791519356.788133   15635 face_landmarker_graph.cc:174] Sets FaceBlendshapesGraph acceleration to xnnpack by default.

--- ByT5 stage breakdown ---
  checkpoint_load :    0.0s
  to_device+eval  :    0.0s
  generate        :    1.6s

--- Stage timing breakdown ---
  video_read          :    0.0s
  mediapipe_landmarks :    0.0s
  mediapipe_overlapped:    5.4s  (overlapped with capture, not on the critical path)
  hand_crop           :    0.0s
  dinov2_hands        :    0.0s
  face_crop           :    0.0s
  dinov2_face         :    0.0s
  dinov2_overlapped   :    2.5s  (overlapped with capture, not on the critical path)
  pose_features       :    0.0s
  byt5_inference      :    1.6s
  total               :    1.6s
[lat] rSiciLyYOyI_07: post-cut 5.9s (wait 0.0 drain 4.4 byt5 1.6) -> That was amazing.
W0000 00:00:1791519365.696288   15688 face_landmarker_graph.cc:174] Sets FaceBlendshapesGraph acceleration to xnnpack by default.
W0000 00:00:1791519365.720117   15695 face_landmarker_graph.cc:174] Sets FaceBlendshapesGraph acceleration to xnnpack by default.

--- ByT5 stage breakdown ---
  checkpoint_load :    0.0s
  to_device+eval  :    0.0s
  generate        :    8.6s

--- Stage timing breakdown ---
  video_read          :    0.0s
  mediapipe_landmarks :    0.0s
  mediapipe_overlapped:   19.2s  (overlapped with capture, not on the critical path)
  hand_crop           :    0.0s
  dinov2_hands        :    0.0s
  face_crop           :    0.0s
  dinov2_face         :    0.0s
  dinov2_overlapped   :   13.0s  (overlapped with capture, not on the critical path)
  pose_features       :    0.0s
  byt5_inference      :    8.7s
  total               :    8.7s
[lat] YR7BS6l_95E_05: post-cut 13.8s (wait 0.0 drain 4.9 byt5 8.7) -> The helicopter travels to the area and flies to a 
W0000 00:00:1791519391.245604   15750 face_landmarker_graph.cc:174] Sets FaceBlendshapesGraph acceleration to xnnpack by default.
W0000 00:00:1791519391.310746   15757 face_landmarker_graph.cc:174] Sets FaceBlendshapesGraph acceleration to xnnpack by default.

--- ByT5 stage breakdown ---
  checkpoint_load :    0.0s
  to_device+eval  :    0.0s
  generate        :    8.2s

--- Stage timing breakdown ---
  video_read          :    0.0s
  mediapipe_landmarks :    0.0s
  mediapipe_overlapped:    5.5s  (overlapped with capture, not on the critical path)
  hand_crop           :    0.0s
  dinov2_hands        :    0.0s
  face_crop           :    0.0s
  dinov2_face         :    0.0s
  dinov2_overlapped   :    2.9s  (overlapped with capture, not on the critical path)
  pose_features       :    0.0s
  byt5_inference      :    8.2s
  total               :    8.2s
[lat] ZgvLTS2zJdo_01: post-cut 11.9s (wait 0.0 drain 3.6 byt5 8.2) -> The first thing we want to do is to open and ensur
W0000 00:00:1791519406.676848   15806 face_landmarker_graph.cc:174] Sets FaceBlendshapesGraph acceleration to xnnpack by default.
W0000 00:00:1791519406.744053   15813 face_landmarker_graph.cc:174] Sets FaceBlendshapesGraph acceleration to xnnpack by default.

--- ByT5 stage breakdown ---
  checkpoint_load :    0.0s
  to_device+eval  :    0.0s
  generate        :    7.8s

--- Stage timing breakdown ---
  video_read          :    0.0s
  mediapipe_landmarks :    0.0s
  mediapipe_overlapped:   18.2s  (overlapped with capture, not on the critical path)
  hand_crop           :    0.0s
  dinov2_hands        :    0.0s
  face_crop           :    0.0s
  dinov2_face         :    0.0s
  dinov2_overlapped   :   12.1s  (overlapped with capture, not on the critical path)
  pose_features       :    0.0s
  byt5_inference      :    7.9s
  total               :    7.9s
[lat] sP6B4dlSOoc_05: post-cut 12.8s (wait 0.0 drain 4.8 byt5 7.9) -> On Wednesday President Trump signed an executive o
W0000 00:00:1791519430.639116   15866 face_landmarker_graph.cc:174] Sets FaceBlendshapesGraph acceleration to xnnpack by default.
W0000 00:00:1791519430.692538   15873 face_landmarker_graph.cc:174] Sets FaceBlendshapesGraph acceleration to xnnpack by default.

--- ByT5 stage breakdown ---
  checkpoint_load :    0.0s
  to_device+eval  :    0.0s
  generate        :    4.9s

--- Stage timing breakdown ---
  video_read          :    0.0s
  mediapipe_landmarks :    0.0s
  mediapipe_overlapped:   15.0s  (overlapped with capture, not on the critical path)
  hand_crop           :    0.0s
  dinov2_hands        :    0.0s
  face_crop           :    0.0s
  dinov2_face         :    0.0s
  dinov2_overlapped   :    9.1s  (overlapped with capture, not on the critical path)
  pose_features       :    0.0s
  byt5_inference      :    4.9s
  total               :    4.9s
[lat] mNF1kg9azQw_05: post-cut 8.2s (wait 0.0 drain 3.2 byt5 4.9) -> I'm wondering how to send it to another person who
W0000 00:00:1791519449.286831   15922 face_landmarker_graph.cc:174] Sets FaceBlendshapesGraph acceleration to xnnpack by default.
W0000 00:00:1791519449.360995   15929 face_landmarker_graph.cc:174] Sets FaceBlendshapesGraph acceleration to xnnpack by default.

--- ByT5 stage breakdown ---
  checkpoint_load :    0.0s
  to_device+eval  :    0.0s
  generate        :   12.4s

--- Stage timing breakdown ---
  video_read          :    0.0s
  mediapipe_landmarks :    0.0s
  mediapipe_overlapped:   24.0s  (overlapped with capture, not on the critical path)
  hand_crop           :    0.0s
  dinov2_hands        :    0.0s
  face_crop           :    0.0s
  dinov2_face         :    0.0s
  dinov2_overlapped   :   14.6s  (overlapped with capture, not on the critical path)
  pose_features       :    0.0s
  byt5_inference      :   12.4s
  total               :   12.5s
[lat] oP2WdYlaflE_03: post-cut 16.9s (wait 0.0 drain 4.2 byt5 12.4) -> And a limited number of Deaf and hard of hearing s
W0000 00:00:1791519480.281899   15982 face_landmarker_graph.cc:174] Sets FaceBlendshapesGraph acceleration to xnnpack by default.
W0000 00:00:1791519480.308305   15989 face_landmarker_graph.cc:174] Sets FaceBlendshapesGraph acceleration to xnnpack by default.

--- ByT5 stage breakdown ---
  checkpoint_load :    0.0s
  to_device+eval  :    0.0s
  generate        :    8.0s

--- Stage timing breakdown ---
  video_read          :    0.0s
  mediapipe_landmarks :    0.0s
  mediapipe_overlapped:   16.7s  (overlapped with capture, not on the critical path)
  hand_crop           :    0.0s
  dinov2_hands        :    0.0s
  face_crop           :    0.0s
  dinov2_face         :    0.0s
  dinov2_overlapped   :   11.0s  (overlapped with capture, not on the critical path)
  pose_features       :    0.0s
  byt5_inference      :    8.0s
  total               :    8.0s
[lat] 5iRIeHAK9b0_02: post-cut 12.6s (wait 0.0 drain 4.5 byt5 8.0) -> On Friday two men in California warned of child ab
W0000 00:00:1791519503.454632   16041 face_landmarker_graph.cc:174] Sets FaceBlendshapesGraph acceleration to xnnpack by default.
W0000 00:00:1791519503.477993   16048 face_landmarker_graph.cc:174] Sets FaceBlendshapesGraph acceleration to xnnpack by default.

--- ByT5 stage breakdown ---
  checkpoint_load :    0.0s
  to_device+eval  :    0.0s
  generate        :    9.8s

--- Stage timing breakdown ---
  video_read          :    0.0s
  mediapipe_landmarks :    0.0s
  mediapipe_overlapped:   17.6s  (overlapped with capture, not on the critical path)
  hand_crop           :    0.0s
  dinov2_hands        :    0.0s
  face_crop           :    0.0s
  dinov2_face         :    0.0s
  dinov2_overlapped   :   10.8s  (overlapped with capture, not on the critical path)
  pose_features       :    0.0s
  byt5_inference      :    9.8s
  total               :    9.9s
[lat] uZwKNtHx9FE_07: post-cut 12.8s (wait 0.0 drain 2.8 byt5 9.8) -> They said the words were added without delay, were
W0000 00:00:1791519528.885886   16098 face_landmarker_graph.cc:174] Sets FaceBlendshapesGraph acceleration to xnnpack by default.
W0000 00:00:1791519528.948643   16105 face_landmarker_graph.cc:174] Sets FaceBlendshapesGraph acceleration to xnnpack by default.

--- ByT5 stage breakdown ---
  checkpoint_load :    0.0s
  to_device+eval  :    0.0s
  generate        :    8.5s

--- Stage timing breakdown ---
  video_read          :    0.0s
  mediapipe_landmarks :    0.0s
  mediapipe_overlapped:   23.5s  (overlapped with capture, not on the critical path)
  hand_crop           :    0.0s
  dinov2_hands        :    0.0s
  face_crop           :    0.0s
  dinov2_face         :    0.0s
  dinov2_overlapped   :   15.7s  (overlapped with capture, not on the critical path)
  pose_features       :    0.0s
  byt5_inference      :    8.6s
  total               :    8.6s
[lat] wPJ_InXF_I8_02: post-cut 14.4s (wait 0.0 drain 5.5 byt5 8.6) -> AP also said Barack Obama has declared to endorse 
W0000 00:00:1791519557.583985   16155 face_landmarker_graph.cc:174] Sets FaceBlendshapesGraph acceleration to xnnpack by default.
W0000 00:00:1791519557.648824   16162 face_landmarker_graph.cc:174] Sets FaceBlendshapesGraph acceleration to xnnpack by default.

--- ByT5 stage breakdown ---
  checkpoint_load :    0.0s
  to_device+eval  :    0.0s
  generate        :    3.6s

--- Stage timing breakdown ---
  video_read          :    0.0s
  mediapipe_landmarks :    0.0s
  mediapipe_overlapped:    7.6s  (overlapped with capture, not on the critical path)
  hand_crop           :    0.0s
  dinov2_hands        :    0.0s
  face_crop           :    0.0s
  dinov2_face         :    0.0s
  dinov2_overlapped   :    5.1s  (overlapped with capture, not on the critical path)
  pose_features       :    0.0s
  byt5_inference      :    3.6s
  total               :    3.6s
[lat] 5iRIeHAK9b0_03: post-cut 7.7s (wait 0.0 drain 4.0 byt5 3.6) -> Children ranging in age from 3 to 29 years old.
W0000 00:00:1791519570.112297   16211 face_landmarker_graph.cc:174] Sets FaceBlendshapesGraph acceleration to xnnpack by default.
W0000 00:00:1791519570.173461   16218 face_landmarker_graph.cc:174] Sets FaceBlendshapesGraph acceleration to xnnpack by default.

--- ByT5 stage breakdown ---
  checkpoint_load :    0.0s
  to_device+eval  :    0.0s
  generate        :    3.2s

--- Stage timing breakdown ---
  video_read          :    0.0s
  mediapipe_landmarks :    0.0s
  mediapipe_overlapped:    7.6s  (overlapped with capture, not on the critical path)
  hand_crop           :    0.0s
  dinov2_hands        :    0.0s
  face_crop           :    0.0s
  dinov2_face         :    0.0s
  dinov2_overlapped   :    4.7s  (overlapped with capture, not on the critical path)
  pose_features       :    0.0s
  byt5_inference      :    3.2s
  total               :    3.2s
[lat] TXyNxVRRPt8_03: post-cut 7.3s (wait 0.0 drain 4.0 byt5 3.2) -> Most people don't know about it.
W0000 00:00:1791519582.083986   16267 face_landmarker_graph.cc:174] Sets FaceBlendshapesGraph acceleration to xnnpack by default.
W0000 00:00:1791519582.110632   16274 face_landmarker_graph.cc:174] Sets FaceBlendshapesGraph acceleration to xnnpack by default.

--- ByT5 stage breakdown ---
  checkpoint_load :    0.0s
  to_device+eval  :    0.0s
  generate        :    4.1s

--- Stage timing breakdown ---
  video_read          :    0.0s
  mediapipe_landmarks :    0.0s
  mediapipe_overlapped:    8.0s  (overlapped with capture, not on the critical path)
  hand_crop           :    0.0s
  dinov2_hands        :    0.0s
  face_crop           :    0.0s
  dinov2_face         :    0.0s
  dinov2_overlapped   :    5.3s  (overlapped with capture, not on the critical path)
  pose_features       :    0.0s
  byt5_inference      :    4.2s
  total               :    4.2s
[lat] k5Gxbifw8s8_03: post-cut 8.3s (wait 0.0 drain 4.1 byt5 4.2) -> This job opportunity for Deaf people is growing.
W0000 00:00:1791519595.287911   16323 face_landmarker_graph.cc:174] Sets FaceBlendshapesGraph acceleration to xnnpack by default.
W0000 00:00:1791519595.341259   16330 face_landmarker_graph.cc:174] Sets FaceBlendshapesGraph acceleration to xnnpack by default.

--- ByT5 stage breakdown ---
  checkpoint_load :    0.0s
  to_device+eval  :    0.0s
  generate        :    4.8s

--- Stage timing breakdown ---
  video_read          :    0.0s
  mediapipe_landmarks :    0.0s
  mediapipe_overlapped:   13.2s  (overlapped with capture, not on the critical path)
  hand_crop           :    0.0s
  dinov2_hands        :    0.0s
  face_crop           :    0.0s
  dinov2_face         :    0.0s
  dinov2_overlapped   :    8.4s  (overlapped with capture, not on the critical path)
  pose_features       :    0.0s
  byt5_inference      :    4.8s
  total               :    4.9s
[lat] FND2JfzngVY_06: post-cut 9.0s (wait 0.0 drain 4.0 byt5 4.8) -> The daylight savings will be back on March 8 at 2 
W0000 00:00:1791519612.470891   16380 face_landmarker_graph.cc:174] Sets FaceBlendshapesGraph acceleration to xnnpack by default.
W0000 00:00:1791519612.527843   16387 face_landmarker_graph.cc:174] Sets FaceBlendshapesGraph acceleration to xnnpack by default.

--- ByT5 stage breakdown ---
  checkpoint_load :    0.0s
  to_device+eval  :    0.0s
  generate        :    8.6s

--- Stage timing breakdown ---
  video_read          :    0.0s
  mediapipe_landmarks :    0.0s
  mediapipe_overlapped:   16.0s  (overlapped with capture, not on the critical path)
  hand_crop           :    0.0s
  dinov2_hands        :    0.0s
  face_crop           :    0.0s
  dinov2_face         :    0.0s
  dinov2_overlapped   :   10.1s  (overlapped with capture, not on the critical path)
  pose_features       :    0.0s
  byt5_inference      :    8.6s
  total               :    8.6s
[lat] wH3lJm0Typ0_03: post-cut 13.5s (wait 0.0 drain 4.8 byt5 8.6) -> At the end of the game, there were also fans who c
W0000 00:00:1791519635.139205   16439 face_landmarker_graph.cc:174] Sets FaceBlendshapesGraph acceleration to xnnpack by default.
W0000 00:00:1791519635.193570   16452 face_landmarker_graph.cc:174] Sets FaceBlendshapesGraph acceleration to xnnpack by default.

--- ByT5 stage breakdown ---
  checkpoint_load :    0.0s
  to_device+eval  :    0.0s
  generate        :    4.0s

--- Stage timing breakdown ---
  video_read          :    0.0s
  mediapipe_landmarks :    0.0s
  mediapipe_overlapped:    5.1s  (overlapped with capture, not on the critical path)
  hand_crop           :    0.0s
  dinov2_hands        :    0.0s
  face_crop           :    0.0s
  dinov2_face         :    0.0s
  dinov2_overlapped   :    2.7s  (overlapped with capture, not on the critical path)
  pose_features       :    0.0s
  byt5_inference      :    4.0s
  total               :    4.0s
[lat] I976oI3s1jQ_05: post-cut 7.3s (wait 0.0 drain 3.2 byt5 4.0) -> I want to make sure that everyone understands me.
W0000 00:00:1791519645.973601   16495 face_landmarker_graph.cc:174] Sets FaceBlendshapesGraph acceleration to xnnpack by default.
W0000 00:00:1791519646.035364   16502 face_landmarker_graph.cc:174] Sets FaceBlendshapesGraph acceleration to xnnpack by default.

--- ByT5 stage breakdown ---
  checkpoint_load :    0.0s
  to_device+eval  :    0.0s
  generate        :    3.3s

--- Stage timing breakdown ---
  video_read          :    0.0s
  mediapipe_landmarks :    0.0s
  mediapipe_overlapped:    5.5s  (overlapped with capture, not on the critical path)
  hand_crop           :    0.0s
  dinov2_hands        :    0.0s
  face_crop           :    0.0s
  dinov2_face         :    0.0s
  dinov2_overlapped   :    2.6s  (overlapped with capture, not on the critical path)
  pose_features       :    0.0s
  byt5_inference      :    3.3s
  total               :    3.3s
[lat] NBpYolVo5WQ_06: post-cut 7.6s (wait 0.0 drain 4.3 byt5 3.3) -> See you tomorrow and stay with the light!
W0000 00:00:1791519656.742728   16552 face_landmarker_graph.cc:174] Sets FaceBlendshapesGraph acceleration to xnnpack by default.
W0000 00:00:1791519656.796187   16559 face_landmarker_graph.cc:174] Sets FaceBlendshapesGraph acceleration to xnnpack by default.

--- ByT5 stage breakdown ---
  checkpoint_load :    0.0s
  to_device+eval  :    0.0s
  generate        :    6.1s

--- Stage timing breakdown ---
  video_read          :    0.0s
  mediapipe_landmarks :    0.0s
  mediapipe_overlapped:   19.0s  (overlapped with capture, not on the critical path)
  hand_crop           :    0.0s
  dinov2_hands        :    0.0s
  face_crop           :    0.0s
  dinov2_face         :    0.0s
  dinov2_overlapped   :   11.5s  (overlapped with capture, not on the critical path)
  pose_features       :    0.0s
  byt5_inference      :    6.1s
  total               :    6.2s
[lat] ZgvLTS2zJdo_02: post-cut 8.8s (wait 0.0 drain 2.4 byt5 6.1) -> I want to share a little bit of an opportunity wit
W0000 00:00:1791519680.420527   16625 face_landmarker_graph.cc:174] Sets FaceBlendshapesGraph acceleration to xnnpack by default.
W0000 00:00:1791519680.443698   16632 face_landmarker_graph.cc:174] Sets FaceBlendshapesGraph acceleration to xnnpack by default.

--- ByT5 stage breakdown ---
  checkpoint_load :    0.0s
  to_device+eval  :    0.0s
  generate        :    1.7s

--- Stage timing breakdown ---
  video_read          :    0.0s
  mediapipe_landmarks :    0.0s
  mediapipe_overlapped:    3.6s  (overlapped with capture, not on the critical path)
  hand_crop           :    0.0s
  dinov2_hands        :    0.0s
  face_crop           :    0.0s
  dinov2_face         :    0.0s
  dinov2_overlapped   :    1.9s  (overlapped with capture, not on the critical path)
  pose_features       :    0.0s
  byt5_inference      :    1.7s
  total               :    1.7s
[lat] D9HR4q0vbwE_05: post-cut 5.2s (wait 0.0 drain 3.5 byt5 1.7) -> How are you doing?
[lat] oP2WdYlaflE_02 DECLINED — 316MB free
[lat] LT0-h4P_xBY_06 DECLINED — 316MB free
[lat] uZwKNtHx9FE_01 DECLINED — 316MB free
[lat] fNT8a6e1gx8_08 DECLINED — 316MB free
[lat] f75G_hZMSHs_04 DECLINED — 316MB free
[lat] TXyNxVRRPt8_01 DECLINED — 316MB free
[lat] wPJ_InXF_I8_06 DECLINED — 316MB free
[lat] z3jAMn3xpoM_02 DECLINED — 316MB free
[lat] fNT8a6e1gx8_06 DECLINED — 316MB free
[lat] f75G_hZMSHs_02 DECLINED — 317MB free
[lat] LT0-h4P_xBY_04 DECLINED — 317MB free
[lat] WMoeSSvCyTU_03 DECLINED — 317MB free
[lat] I976oI3s1jQ_02 DECLINED — 317MB free
[lat] mNF1kg9azQw_03 DECLINED — 317MB free
[lat] I976oI3s1jQ_01 DECLINED — 317MB free
[lat] iMJ9CjBX7eo_02 DECLINED — 317MB free
[lat] k5Gxbifw8s8_05 DECLINED — 317MB free
[lat] J-0KHhPS_m4_03 DECLINED — 317MB free
[lat] mNF1kg9azQw_07 DECLINED — 317MB free
[lat] MJijm9kbdHA_01 DECLINED — 317MB free
[lat] jsOSzFyx8RA_03 DECLINED — 317MB free
[lat] done: camera 15.0fps  peak_used 7349MB  min_available 270MB  warmup 18.7s
