Using cache found in /home/sllu/.cache/torch/hub/facebookresearch_dinov2_main
/home/sllu/.cache/torch/hub/facebookresearch_dinov2_main/dinov2/layers/swiglu_ffn.py:51: UserWarning: xFormers is not available (SwiGLU)
  warnings.warn("xFormers is not available (SwiGLU)")
/home/sllu/.cache/torch/hub/facebookresearch_dinov2_main/dinov2/layers/attention.py:33: UserWarning: xFormers is not available (Attention)
  warnings.warn("xFormers is not available (Attention)")
/home/sllu/.cache/torch/hub/facebookresearch_dinov2_main/dinov2/layers/block.py:40: UserWarning: xFormers is not available (Block)
  warnings.warn("xFormers is not available (Block)")
2026-10-08 23:40:14 | INFO | dinov2 | using MLP layer as FFN
Using cache found in /home/sllu/.cache/torch/hub/facebookresearch_dinov2_main
2026-10-08 23:40:16 | INFO | dinov2 | using MLP layer as FFN
/home/sllu/asl-video-to-text/shubert/TTIC-SHuBERT-ASLVideo-to-EnglishText/shubert_venv/lib/python3.10/site-packages/torch/nn/utils/weight_norm.py:144: FutureWarning: `torch.nn.utils.weight_norm` is deprecated in favor of `torch.nn.utils.parametrizations.weight_norm`.
  WeightNorm.apply(module, name, dim)
/home/sllu/asl-video-to-text/shubert/TTIC-SHuBERT-ASLVideo-to-EnglishText/shubert.py:132: FutureWarning: Positional args are being deprecated, use kwargs instead. Refer to https://pytorch.org/docs/main/generated/torch.nn.Module.html#torch.nn.Module.state_dict for details.
  state = super().state_dict(destination, prefix, keep_vars)
Wav2Vec2Config is imported from: fairseq.models.wav2vec.wav2vec2
Full path: /home/sllu/asl-video-to-text/shubert/TTIC-SHuBERT-ASLVideo-to-EnglishText/shubert_venv/lib/python3.10/site-packages/fairseq/models/wav2vec/wav2vec2.py
DINOEmbedder initialized on device: cuda dtype: torch.float16
DINOEmbedder initialized on device: cuda dtype: torch.float16
[byt5] device: cuda dtype: bfloat16
[lat] warmup 18.7s
WARNING: All log messages before absl::InitializeLog() is called are written to STDERR
W0000 00:00:1791528031.990258   22456 face_landmarker_graph.cc:174] Sets FaceBlendshapesGraph acceleration to xnnpack by default.
INFO: Created TensorFlow Lite XNNPACK delegate for CPU.
W0000 00:00:1791528032.067581   22463 face_landmarker_graph.cc:174] Sets FaceBlendshapesGraph acceleration to xnnpack by default.
/home/sllu/asl-video-to-text/shubert/TTIC-SHuBERT-ASLVideo-to-EnglishText/shubert_venv/lib/python3.10/site-packages/google/protobuf/symbol_database.py:55: UserWarning: SymbolDatabase.GetPrototype() is deprecated. Please use message_factory.GetMessageClass() instead. SymbolDatabase.GetPrototype() will be removed soon.
  warnings.warn('SymbolDatabase.GetPrototype() is deprecated. Please '

--- ByT5 stage breakdown ---
  checkpoint_load :    0.0s
  to_device+eval  :    0.0s
  generate        :   11.6s

--- Stage timing breakdown ---
  video_read          :    0.0s
  mediapipe_landmarks :    0.0s
  mediapipe_overlapped:   20.0s  (overlapped with capture, not on the critical path)
  hand_crop           :    0.0s
  dinov2_hands        :    0.0s
  face_crop           :    0.0s
  dinov2_face         :    0.0s
  dinov2_overlapped   :   13.5s  (overlapped with capture, not on the critical path)
  pose_features       :    0.0s
  byt5_inference      :   11.6s
  total               :   11.6s
[lat] uZwKNtHx9FE_01: post-cut 14.7s (wait 0.0 drain 2.9 byt5 11.6) -> Most of the outbreaks are that children who do not
W0000 00:00:1791528061.300796   22524 face_landmarker_graph.cc:174] Sets FaceBlendshapesGraph acceleration to xnnpack by default.
W0000 00:00:1791528061.359136   22531 face_landmarker_graph.cc:174] Sets FaceBlendshapesGraph acceleration to xnnpack by default.

--- ByT5 stage breakdown ---
  checkpoint_load :    0.0s
  to_device+eval  :    0.0s
  generate        :    3.7s

--- Stage timing breakdown ---
  video_read          :    0.0s
  mediapipe_landmarks :    0.0s
  mediapipe_overlapped:    7.6s  (overlapped with capture, not on the critical path)
  hand_crop           :    0.0s
  dinov2_hands        :    0.0s
  face_crop           :    0.0s
  dinov2_face         :    0.0s
  dinov2_overlapped   :    5.0s  (overlapped with capture, not on the critical path)
  pose_features       :    0.0s
  byt5_inference      :    3.7s
  total               :    3.7s
[lat] 5iRIeHAK9b0_03: post-cut 7.7s (wait 0.0 drain 3.9 byt5 3.7) -> Children ranging in age from 3 to 29 years old.
W0000 00:00:1791528073.811520   22580 face_landmarker_graph.cc:174] Sets FaceBlendshapesGraph acceleration to xnnpack by default.
W0000 00:00:1791528073.871052   22587 face_landmarker_graph.cc:174] Sets FaceBlendshapesGraph acceleration to xnnpack by default.

--- ByT5 stage breakdown ---
  checkpoint_load :    0.0s
  to_device+eval  :    0.0s
  generate        :    4.4s

--- Stage timing breakdown ---
  video_read          :    0.0s
  mediapipe_landmarks :    0.0s
  mediapipe_overlapped:    5.8s  (overlapped with capture, not on the critical path)
  hand_crop           :    0.0s
  dinov2_hands        :    0.0s
  face_crop           :    0.0s
  dinov2_face         :    0.0s
  dinov2_overlapped   :    3.6s  (overlapped with capture, not on the critical path)
  pose_features       :    0.0s
  byt5_inference      :    4.4s
  total               :    4.4s
[lat] fNT8a6e1gx8_08: post-cut 7.9s (wait 0.0 drain 3.4 byt5 4.4) -> It's just that we have problems with expressing ou
W0000 00:00:1791528085.461566   22637 face_landmarker_graph.cc:174] Sets FaceBlendshapesGraph acceleration to xnnpack by default.
W0000 00:00:1791528085.515420   22644 face_landmarker_graph.cc:174] Sets FaceBlendshapesGraph acceleration to xnnpack by default.

--- ByT5 stage breakdown ---
  checkpoint_load :    0.0s
  to_device+eval  :    0.0s
  generate        :    7.8s

--- Stage timing breakdown ---
  video_read          :    0.0s
  mediapipe_landmarks :    0.0s
  mediapipe_overlapped:   19.0s  (overlapped with capture, not on the critical path)
  hand_crop           :    0.0s
  dinov2_hands        :    0.0s
  face_crop           :    0.0s
  dinov2_face         :    0.0s
  dinov2_overlapped   :   11.8s  (overlapped with capture, not on the critical path)
  pose_features       :    0.0s
  byt5_inference      :    7.8s
  total               :    7.9s
[lat] sP6B4dlSOoc_05: post-cut 12.8s (wait 0.0 drain 4.7 byt5 7.8) -> On Wednesday President Trump signed an executive o
W0000 00:00:1791528109.341075   22694 face_landmarker_graph.cc:174] Sets FaceBlendshapesGraph acceleration to xnnpack by default.
W0000 00:00:1791528109.402527   22701 face_landmarker_graph.cc:174] Sets FaceBlendshapesGraph acceleration to xnnpack by default.

--- ByT5 stage breakdown ---
  checkpoint_load :    0.0s
  to_device+eval  :    0.0s
  generate        :    6.8s

--- Stage timing breakdown ---
  video_read          :    0.0s
  mediapipe_landmarks :    0.0s
  mediapipe_overlapped:   18.3s  (overlapped with capture, not on the critical path)
  hand_crop           :    0.0s
  dinov2_hands        :    0.0s
  face_crop           :    0.0s
  dinov2_face         :    0.0s
  dinov2_overlapped   :   10.1s  (overlapped with capture, not on the critical path)
  pose_features       :    0.0s
  byt5_inference      :    6.8s
  total               :    6.9s
[lat] mNF1kg9azQw_03: post-cut 9.9s (wait 0.0 drain 2.9 byt5 6.8) -> Jennifer shared her experience with a woman who wa
W0000 00:00:1791528130.815703   22751 face_landmarker_graph.cc:174] Sets FaceBlendshapesGraph acceleration to xnnpack by default.
W0000 00:00:1791528130.840300   22759 face_landmarker_graph.cc:174] Sets FaceBlendshapesGraph acceleration to xnnpack by default.

--- ByT5 stage breakdown ---
  checkpoint_load :    0.0s
  to_device+eval  :    0.0s
  generate        :    6.0s

--- Stage timing breakdown ---
  video_read          :    0.0s
  mediapipe_landmarks :    0.0s
  mediapipe_overlapped:    7.9s  (overlapped with capture, not on the critical path)
  hand_crop           :    0.0s
  dinov2_hands        :    0.0s
  face_crop           :    0.0s
  dinov2_face         :    0.0s
  dinov2_overlapped   :    4.2s  (overlapped with capture, not on the critical path)
  pose_features       :    0.0s
  byt5_inference      :    6.0s
  total               :    6.1s
[lat] iMJ9CjBX7eo_02: post-cut 9.8s (wait 0.0 drain 3.8 byt5 6.0) -> Thank you for joining us at the Community Forum an
W0000 00:00:1791528145.121622   22809 face_landmarker_graph.cc:174] Sets FaceBlendshapesGraph acceleration to xnnpack by default.
W0000 00:00:1791528145.186850   22816 face_landmarker_graph.cc:174] Sets FaceBlendshapesGraph acceleration to xnnpack by default.

--- ByT5 stage breakdown ---
  checkpoint_load :    0.0s
  to_device+eval  :    0.0s
  generate        :    2.9s

--- Stage timing breakdown ---
  video_read          :    0.0s
  mediapipe_landmarks :    0.0s
  mediapipe_overlapped:    7.0s  (overlapped with capture, not on the critical path)
  hand_crop           :    0.0s
  dinov2_hands        :    0.0s
  face_crop           :    0.0s
  dinov2_face         :    0.0s
  dinov2_overlapped   :    4.3s  (overlapped with capture, not on the critical path)
  pose_features       :    0.0s
  byt5_inference      :    2.9s
  total               :    2.9s
[lat] k5Gxbifw8s8_05: post-cut 6.3s (wait 0.0 drain 3.3 byt5 2.9) -> And more young people wear rabbits.
W0000 00:00:1791528155.975048   22865 face_landmarker_graph.cc:174] Sets FaceBlendshapesGraph acceleration to xnnpack by default.
W0000 00:00:1791528155.998445   22872 face_landmarker_graph.cc:174] Sets FaceBlendshapesGraph acceleration to xnnpack by default.

--- ByT5 stage breakdown ---
  checkpoint_load :    0.0s
  to_device+eval  :    0.0s
  generate        :    8.5s

--- Stage timing breakdown ---
  video_read          :    0.0s
  mediapipe_landmarks :    0.0s
  mediapipe_overlapped:   18.0s  (overlapped with capture, not on the critical path)
  hand_crop           :    0.0s
  dinov2_hands        :    0.0s
  face_crop           :    0.0s
  dinov2_face         :    0.0s
  dinov2_overlapped   :   12.1s  (overlapped with capture, not on the critical path)
  pose_features       :    0.0s
  byt5_inference      :    8.6s
  total               :    8.6s
[lat] MJijm9kbdHA_01: post-cut 10.8s (wait 0.0 drain 2.1 byt5 8.6) -> Biden said Bernie had a vote multiple times agains
W0000 00:00:1791528181.468060   22922 face_landmarker_graph.cc:174] Sets FaceBlendshapesGraph acceleration to xnnpack by default.
W0000 00:00:1791528181.526934   22930 face_landmarker_graph.cc:174] Sets FaceBlendshapesGraph acceleration to xnnpack by default.

--- ByT5 stage breakdown ---
  checkpoint_load :    0.0s
  to_device+eval  :    0.0s
  generate        :    3.8s

--- Stage timing breakdown ---
  video_read          :    0.0s
  mediapipe_landmarks :    0.0s
  mediapipe_overlapped:   10.5s  (overlapped with capture, not on the critical path)
  hand_crop           :    0.0s
  dinov2_hands        :    0.0s
  face_crop           :    0.0s
  dinov2_face         :    0.0s
  dinov2_overlapped   :    5.8s  (overlapped with capture, not on the critical path)
  pose_features       :    0.0s
  byt5_inference      :    3.8s
  total               :    3.8s
[lat] wPJ_InXF_I8_06: post-cut 9.0s (wait 0.0 drain 5.1 byt5 3.8) -> the students storytelling comprehension abilities.
W0000 00:00:1791528195.525510   22979 face_landmarker_graph.cc:174] Sets FaceBlendshapesGraph acceleration to xnnpack by default.
W0000 00:00:1791528195.580012   22986 face_landmarker_graph.cc:174] Sets FaceBlendshapesGraph acceleration to xnnpack by default.

--- ByT5 stage breakdown ---
  checkpoint_load :    0.0s
  to_device+eval  :    0.0s
  generate        :    6.4s

--- Stage timing breakdown ---
  video_read          :    0.0s
  mediapipe_landmarks :    0.0s
  mediapipe_overlapped:    9.9s  (overlapped with capture, not on the critical path)
  hand_crop           :    0.0s
  dinov2_hands        :    0.0s
  face_crop           :    0.0s
  dinov2_face         :    0.0s
  dinov2_overlapped   :    5.7s  (overlapped with capture, not on the critical path)
  pose_features       :    0.0s
  byt5_inference      :    6.4s
  total               :    6.5s
[lat] I976oI3s1jQ_01: post-cut 9.2s (wait 0.0 drain 2.6 byt5 6.4) -> My strategy on the chill was a little bit patient 
W0000 00:00:1791528211.862119   23036 face_landmarker_graph.cc:174] Sets FaceBlendshapesGraph acceleration to xnnpack by default.
W0000 00:00:1791528211.928343   23043 face_landmarker_graph.cc:174] Sets FaceBlendshapesGraph acceleration to xnnpack by default.

--- ByT5 stage breakdown ---
  checkpoint_load :    0.0s
  to_device+eval  :    0.0s
  generate        :   13.8s

--- Stage timing breakdown ---
  video_read          :    0.0s
  mediapipe_landmarks :    0.0s
  mediapipe_overlapped:   21.7s  (overlapped with capture, not on the critical path)
  hand_crop           :    0.0s
  dinov2_hands        :    0.0s
  face_crop           :    0.0s
  dinov2_face         :    0.0s
  dinov2_overlapped   :   14.3s  (overlapped with capture, not on the critical path)
  pose_features       :    0.0s
  byt5_inference      :   13.8s
  total               :   13.8s
[lat] jsOSzFyx8RA_03: post-cut 19.1s (wait 0.0 drain 5.1 byt5 13.8) -> Or the show isn't a lot about the experience, but 
W0000 00:00:1791528243.877475   23092 face_landmarker_graph.cc:174] Sets FaceBlendshapesGraph acceleration to xnnpack by default.
W0000 00:00:1791528243.900849   23100 face_landmarker_graph.cc:174] Sets FaceBlendshapesGraph acceleration to xnnpack by default.

--- ByT5 stage breakdown ---
  checkpoint_load :    0.0s
  to_device+eval  :    0.0s
  generate        :    3.0s

--- Stage timing breakdown ---
  video_read          :    0.0s
  mediapipe_landmarks :    0.0s
  mediapipe_overlapped:    5.5s  (overlapped with capture, not on the critical path)
  hand_crop           :    0.0s
  dinov2_hands        :    0.0s
  face_crop           :    0.0s
  dinov2_face         :    0.0s
  dinov2_overlapped   :    2.8s  (overlapped with capture, not on the critical path)
  pose_features       :    0.0s
  byt5_inference      :    3.0s
  total               :    3.0s
[lat] fNT8a6e1gx8_06: post-cut 7.4s (wait 0.0 drain 4.3 byt5 3.0) -> Tend to ask your students to graduate.
W0000 00:00:1791528254.171697   23149 face_landmarker_graph.cc:174] Sets FaceBlendshapesGraph acceleration to xnnpack by default.
W0000 00:00:1791528254.229010   23156 face_landmarker_graph.cc:174] Sets FaceBlendshapesGraph acceleration to xnnpack by default.

--- ByT5 stage breakdown ---
  checkpoint_load :    0.0s
  to_device+eval  :    0.0s
  generate        :    3.5s

--- Stage timing breakdown ---
  video_read          :    0.0s
  mediapipe_landmarks :    0.0s
  mediapipe_overlapped:    8.0s  (overlapped with capture, not on the critical path)
  hand_crop           :    0.0s
  dinov2_hands        :    0.0s
  face_crop           :    0.0s
  dinov2_face         :    0.0s
  dinov2_overlapped   :    5.2s  (overlapped with capture, not on the critical path)
  pose_features       :    0.0s
  byt5_inference      :    3.5s
  total               :    3.5s
[lat] J-0KHhPS_m4_03: post-cut 7.1s (wait 0.0 drain 3.5 byt5 3.5) -> Here's a quick question: How can I help?
W0000 00:00:1791528266.488450   23205 face_landmarker_graph.cc:174] Sets FaceBlendshapesGraph acceleration to xnnpack by default.
W0000 00:00:1791528266.547949   23212 face_landmarker_graph.cc:174] Sets FaceBlendshapesGraph acceleration to xnnpack by default.

--- ByT5 stage breakdown ---
  checkpoint_load :    0.0s
  to_device+eval  :    0.0s
  generate        :    4.8s

--- Stage timing breakdown ---
  video_read          :    0.0s
  mediapipe_landmarks :    0.0s
  mediapipe_overlapped:   13.4s  (overlapped with capture, not on the critical path)
  hand_crop           :    0.0s
  dinov2_hands        :    0.0s
  face_crop           :    0.0s
  dinov2_face         :    0.0s
  dinov2_overlapped   :    8.7s  (overlapped with capture, not on the critical path)
  pose_features       :    0.0s
  byt5_inference      :    4.9s
  total               :    4.9s
[lat] FND2JfzngVY_06: post-cut 9.3s (wait 0.0 drain 4.3 byt5 4.9) -> The daylight savings will be back on March 8 at 2 
W0000 00:00:1791528283.991594   23262 face_landmarker_graph.cc:174] Sets FaceBlendshapesGraph acceleration to xnnpack by default.
W0000 00:00:1791528284.054727   23270 face_landmarker_graph.cc:174] Sets FaceBlendshapesGraph acceleration to xnnpack by default.

--- ByT5 stage breakdown ---
  checkpoint_load :    0.0s
  to_device+eval  :    0.0s
  generate        :    9.2s

--- Stage timing breakdown ---
  video_read          :    0.0s
  mediapipe_landmarks :    0.0s
  mediapipe_overlapped:   16.3s  (overlapped with capture, not on the critical path)
  hand_crop           :    0.0s
  dinov2_hands        :    0.0s
  face_crop           :    0.0s
  dinov2_face         :    0.0s
  dinov2_overlapped   :   11.1s  (overlapped with capture, not on the critical path)
  pose_features       :    0.0s
  byt5_inference      :    9.2s
  total               :    9.3s
[lat] I976oI3s1jQ_02: post-cut 11.8s (wait 0.0 drain 2.3 byt5 9.2) -> She said she was still working for two days, but s
W0000 00:00:1791528309.430775   23320 face_landmarker_graph.cc:174] Sets FaceBlendshapesGraph acceleration to xnnpack by default.
W0000 00:00:1791528309.498658   23327 face_landmarker_graph.cc:174] Sets FaceBlendshapesGraph acceleration to xnnpack by default.

--- ByT5 stage breakdown ---
  checkpoint_load :    0.0s
  to_device+eval  :    0.0s
  generate        :    6.2s

--- Stage timing breakdown ---
  video_read          :    0.0s
  mediapipe_landmarks :    0.0s
  mediapipe_overlapped:   19.1s  (overlapped with capture, not on the critical path)
  hand_crop           :    0.0s
  dinov2_hands        :    0.0s
  face_crop           :    0.0s
  dinov2_face         :    0.0s
  dinov2_overlapped   :   11.5s  (overlapped with capture, not on the critical path)
  pose_features       :    0.0s
  byt5_inference      :    6.2s
  total               :    6.3s
[lat] ZgvLTS2zJdo_02: post-cut 9.1s (wait 0.0 drain 2.7 byt5 6.2) -> I want to share a little bit of an opportunity wit
W0000 00:00:1791528333.428865   23378 face_landmarker_graph.cc:174] Sets FaceBlendshapesGraph acceleration to xnnpack by default.
W0000 00:00:1791528333.453017   23386 face_landmarker_graph.cc:174] Sets FaceBlendshapesGraph acceleration to xnnpack by default.

--- ByT5 stage breakdown ---
  checkpoint_load :    0.0s
  to_device+eval  :    0.0s
  generate        :    8.5s

--- Stage timing breakdown ---
  video_read          :    0.0s
  mediapipe_landmarks :    0.0s
  mediapipe_overlapped:   19.6s  (overlapped with capture, not on the critical path)
  hand_crop           :    0.0s
  dinov2_hands        :    0.0s
  face_crop           :    0.0s
  dinov2_face         :    0.0s
  dinov2_overlapped   :   12.7s  (overlapped with capture, not on the critical path)
  pose_features       :    0.0s
  byt5_inference      :    8.6s
  total               :    8.6s
[lat] YR7BS6l_95E_05: post-cut 13.8s (wait 0.0 drain 5.1 byt5 8.6) -> The helicopter travels to the area and flies to a 
W0000 00:00:1791528359.035285   23439 face_landmarker_graph.cc:174] Sets FaceBlendshapesGraph acceleration to xnnpack by default.
W0000 00:00:1791528359.114444   23447 face_landmarker_graph.cc:174] Sets FaceBlendshapesGraph acceleration to xnnpack by default.

--- ByT5 stage breakdown ---
  checkpoint_load :    0.0s
  to_device+eval  :    0.0s
  generate        :    3.2s

--- Stage timing breakdown ---
  video_read          :    0.0s
  mediapipe_landmarks :    0.0s
  mediapipe_overlapped:    5.2s  (overlapped with capture, not on the critical path)
  hand_crop           :    0.0s
  dinov2_hands        :    0.0s
  face_crop           :    0.0s
  dinov2_face         :    0.0s
  dinov2_overlapped   :    2.6s  (overlapped with capture, not on the critical path)
  pose_features       :    0.0s
  byt5_inference      :    3.2s
  total               :    3.2s
[lat] NBpYolVo5WQ_06: post-cut 7.3s (wait 0.0 drain 4.0 byt5 3.2) -> See you tomorrow and stay with the light!
W0000 00:00:1791528369.552531   23496 face_landmarker_graph.cc:174] Sets FaceBlendshapesGraph acceleration to xnnpack by default.
W0000 00:00:1791528369.615209   23503 face_landmarker_graph.cc:174] Sets FaceBlendshapesGraph acceleration to xnnpack by default.

--- ByT5 stage breakdown ---
  checkpoint_load :    0.0s
  to_device+eval  :    0.0s
  generate        :    6.4s

--- Stage timing breakdown ---
  video_read          :    0.0s
  mediapipe_landmarks :    0.0s
  mediapipe_overlapped:   10.5s  (overlapped with capture, not on the critical path)
  hand_crop           :    0.0s
  dinov2_hands        :    0.0s
  face_crop           :    0.0s
  dinov2_face         :    0.0s
  dinov2_overlapped   :    6.4s  (overlapped with capture, not on the critical path)
  pose_features       :    0.0s
  byt5_inference      :    6.4s
  total               :    6.4s
[lat] TXyNxVRRPt8_01: post-cut 10.6s (wait 0.0 drain 4.1 byt5 6.4) -> We brought them to the Deaf Community Forum to bri
W0000 00:00:1791528386.599048   23552 face_landmarker_graph.cc:174] Sets FaceBlendshapesGraph acceleration to xnnpack by default.
W0000 00:00:1791528386.649986   23559 face_landmarker_graph.cc:174] Sets FaceBlendshapesGraph acceleration to xnnpack by default.

--- ByT5 stage breakdown ---
  checkpoint_load :    0.0s
  to_device+eval  :    0.0s
  generate        :    8.0s

--- Stage timing breakdown ---
  video_read          :    0.0s
  mediapipe_landmarks :    0.0s
  mediapipe_overlapped:   16.5s  (overlapped with capture, not on the critical path)
  hand_crop           :    0.0s
  dinov2_hands        :    0.0s
  face_crop           :    0.0s
  dinov2_face         :    0.0s
  dinov2_overlapped   :   11.4s  (overlapped with capture, not on the critical path)
  pose_features       :    0.0s
  byt5_inference      :    8.0s
  total               :    8.0s
[lat] 5iRIeHAK9b0_02: post-cut 12.6s (wait 0.0 drain 4.5 byt5 8.0) -> On Friday two men in California warned of child ab
W0000 00:00:1791528409.765244   23608 face_landmarker_graph.cc:174] Sets FaceBlendshapesGraph acceleration to xnnpack by default.
W0000 00:00:1791528409.824099   23616 face_landmarker_graph.cc:174] Sets FaceBlendshapesGraph acceleration to xnnpack by default.

--- ByT5 stage breakdown ---
  checkpoint_load :    0.0s
  to_device+eval  :    0.0s
  generate        :    5.0s

--- Stage timing breakdown ---
  video_read          :    0.0s
  mediapipe_landmarks :    0.0s
  mediapipe_overlapped:   14.7s  (overlapped with capture, not on the critical path)
  hand_crop           :    0.0s
  dinov2_hands        :    0.0s
  face_crop           :    0.0s
  dinov2_face         :    0.0s
  dinov2_overlapped   :    8.4s  (overlapped with capture, not on the critical path)
  pose_features       :    0.0s
  byt5_inference      :    5.0s
  total               :    5.0s
[lat] mNF1kg9azQw_05: post-cut 7.7s (wait 0.0 drain 2.5 byt5 5.0) -> I'm wondering how to send it to another person who
W0000 00:00:1791528427.946650   23666 face_landmarker_graph.cc:174] Sets FaceBlendshapesGraph acceleration to xnnpack by default.
W0000 00:00:1791528428.009976   23673 face_landmarker_graph.cc:174] Sets FaceBlendshapesGraph acceleration to xnnpack by default.

--- ByT5 stage breakdown ---
  checkpoint_load :    0.0s
  to_device+eval  :    0.0s
  generate        :    4.6s

--- Stage timing breakdown ---
  video_read          :    0.0s
  mediapipe_landmarks :    0.0s
  mediapipe_overlapped:   15.3s  (overlapped with capture, not on the critical path)
  hand_crop           :    0.0s
  dinov2_hands        :    0.0s
  face_crop           :    0.0s
  dinov2_face         :    0.0s
  dinov2_overlapped   :    8.8s  (overlapped with capture, not on the critical path)
  pose_features       :    0.0s
  byt5_inference      :    4.6s
  total               :    4.6s
[lat] WMoeSSvCyTU_03: post-cut 9.7s (wait 0.0 drain 4.9 byt5 4.6) -> The drug hydrogen is still going on and it is cont
W0000 00:00:1791528445.685721   23723 face_landmarker_graph.cc:174] Sets FaceBlendshapesGraph acceleration to xnnpack by default.
W0000 00:00:1791528445.711491   23730 face_landmarker_graph.cc:174] Sets FaceBlendshapesGraph acceleration to xnnpack by default.

--- ByT5 stage breakdown ---
  checkpoint_load :    0.0s
  to_device+eval  :    0.0s
  generate        :    4.3s

--- Stage timing breakdown ---
  video_read          :    0.0s
  mediapipe_landmarks :    0.0s
  mediapipe_overlapped:    8.9s  (overlapped with capture, not on the critical path)
  hand_crop           :    0.0s
  dinov2_hands        :    0.0s
  face_crop           :    0.0s
  dinov2_face         :    0.0s
  dinov2_overlapped   :    5.7s  (overlapped with capture, not on the critical path)
  pose_features       :    0.0s
  byt5_inference      :    4.3s
  total               :    4.4s
[lat] sP6B4dlSOoc_04: post-cut 8.0s (wait 0.0 drain 3.5 byt5 4.3) -> Sometimes simple sidewalks can be dangerous.
W0000 00:00:1791528459.425209   23779 face_landmarker_graph.cc:174] Sets FaceBlendshapesGraph acceleration to xnnpack by default.
W0000 00:00:1791528459.506062   23786 face_landmarker_graph.cc:174] Sets FaceBlendshapesGraph acceleration to xnnpack by default.

--- ByT5 stage breakdown ---
  checkpoint_load :    0.0s
  to_device+eval  :    0.0s
  generate        :    6.3s

--- Stage timing breakdown ---
  video_read          :    0.0s
  mediapipe_landmarks :    0.0s
  mediapipe_overlapped:   13.8s  (overlapped with capture, not on the critical path)
  hand_crop           :    0.0s
  dinov2_hands        :    0.0s
  face_crop           :    0.0s
  dinov2_face         :    0.0s
  dinov2_overlapped   :    8.9s  (overlapped with capture, not on the critical path)
  pose_features       :    0.0s
  byt5_inference      :    6.3s
  total               :    6.3s
[lat] z3jAMn3xpoM_02: post-cut 10.8s (wait 0.0 drain 4.4 byt5 6.3) -> One of them filmed on Facebook LIVE showing office
W0000 00:00:1791528478.578658   23837 face_landmarker_graph.cc:174] Sets FaceBlendshapesGraph acceleration to xnnpack by default.
W0000 00:00:1791528478.630064   23844 face_landmarker_graph.cc:174] Sets FaceBlendshapesGraph acceleration to xnnpack by default.

--- ByT5 stage breakdown ---
  checkpoint_load :    0.0s
  to_device+eval  :    0.0s
  generate        :    9.7s

--- Stage timing breakdown ---
  video_read          :    0.0s
  mediapipe_landmarks :    0.0s
  mediapipe_overlapped:   17.5s  (overlapped with capture, not on the critical path)
  hand_crop           :    0.0s
  dinov2_hands        :    0.0s
  face_crop           :    0.0s
  dinov2_face         :    0.0s
  dinov2_overlapped   :   10.6s  (overlapped with capture, not on the critical path)
  pose_features       :    0.0s
  byt5_inference      :    9.7s
  total               :    9.7s
[lat] uZwKNtHx9FE_07: post-cut 12.9s (wait 0.0 drain 3.0 byt5 9.7) -> They said the words were added without delay, were
W0000 00:00:1791528504.144082   23893 face_landmarker_graph.cc:174] Sets FaceBlendshapesGraph acceleration to xnnpack by default.
W0000 00:00:1791528504.208249   23901 face_landmarker_graph.cc:174] Sets FaceBlendshapesGraph acceleration to xnnpack by default.

--- ByT5 stage breakdown ---
  checkpoint_load :    0.0s
  to_device+eval  :    0.0s
  generate        :    1.7s

--- Stage timing breakdown ---
  video_read          :    0.0s
  mediapipe_landmarks :    0.0s
  mediapipe_overlapped:    3.7s  (overlapped with capture, not on the critical path)
  hand_crop           :    0.0s
  dinov2_hands        :    0.0s
  face_crop           :    0.0s
  dinov2_face         :    0.0s
  dinov2_overlapped   :    1.9s  (overlapped with capture, not on the critical path)
  pose_features       :    0.0s
  byt5_inference      :    1.7s
  total               :    1.7s
[lat] D9HR4q0vbwE_05: post-cut 5.3s (wait 0.0 drain 3.6 byt5 1.7) -> How are you doing?
W0000 00:00:1791528511.660916   23947 face_landmarker_graph.cc:174] Sets FaceBlendshapesGraph acceleration to xnnpack by default.
W0000 00:00:1791528511.724808   23954 face_landmarker_graph.cc:174] Sets FaceBlendshapesGraph acceleration to xnnpack by default.

--- ByT5 stage breakdown ---
  checkpoint_load :    0.0s
  to_device+eval  :    0.0s
  generate        :    4.7s

--- Stage timing breakdown ---
  video_read          :    0.0s
  mediapipe_landmarks :    0.0s
  mediapipe_overlapped:    4.9s  (overlapped with capture, not on the critical path)
  hand_crop           :    0.0s
  dinov2_hands        :    0.0s
  face_crop           :    0.0s
  dinov2_face         :    0.0s
  dinov2_overlapped   :    2.6s  (overlapped with capture, not on the critical path)
  pose_features       :    0.0s
  byt5_inference      :    4.8s
  total               :    4.8s
[lat] f75G_hZMSHs_04: post-cut 9.2s (wait 0.0 drain 4.4 byt5 4.8) -> The company will likely start their wedding this w
[lat] f75G_hZMSHs_02 DECLINED — 281MB free
[lat] ZgvLTS2zJdo_01 DECLINED — 281MB free
[lat] LT0-h4P_xBY_04 DECLINED — 281MB free
[lat] wPJ_InXF_I8_02 DECLINED — 281MB free
[lat] oP2WdYlaflE_02 DECLINED — 281MB free
[lat] LT0-h4P_xBY_06 DECLINED — 281MB free
[lat] mNF1kg9azQw_07 DECLINED — 281MB free
[lat] TXyNxVRRPt8_03 DECLINED — 281MB free
[lat] wH3lJm0Typ0_03 DECLINED — 281MB free
[lat] oP2WdYlaflE_03 DECLINED — 281MB free
[lat] I976oI3s1jQ_05 DECLINED — 281MB free
[lat] k5Gxbifw8s8_03 DECLINED — 281MB free
[lat] rSiciLyYOyI_07 DECLINED — 281MB free
[lat] done: camera 15.0fps  peak_used 7405MB  min_available 214MB  warmup 18.7s
