Wav2Vec2Config is imported from: fairseq.models.wav2vec.wav2vec2
Full path: /home/sllu/asl-video-to-text/shubert/TTIC-SHuBERT-ASLVideo-to-EnglishText/shubert_venv/lib/python3.10/site-packages/fairseq/models/wav2vec/wav2vec2.py
Traceback (most recent call last):
  File "/home/sllu/asl-video-to-text/shubert/TTIC-SHuBERT-ASLVideo-to-EnglishText/latency_runs/latency_probe.py", line 301, in <module>
    main()
  File "/home/sllu/asl-video-to-text/shubert/TTIC-SHuBERT-ASLVideo-to-EnglishText/latency_runs/latency_probe.py", line 132, in main
    processor.warmup()
  File "/home/sllu/asl-video-to-text/shubert/TTIC-SHuBERT-ASLVideo-to-EnglishText/features.py", line 33, in warmup
    preload_embedder(self.config['dino_hands_model_path'], dtype=HANDS_DTYPE)
  File "/home/sllu/asl-video-to-text/shubert/TTIC-SHuBERT-ASLVideo-to-EnglishText/dinov2_features.py", line 293, in preload_embedder
    _get_cached_embedder(dino_model_path, batch_size, dtype=dtype)
  File "/home/sllu/asl-video-to-text/shubert/TTIC-SHuBERT-ASLVideo-to-EnglishText/dinov2_features.py", line 281, in _get_cached_embedder
    embedder = DINOEmbedder(dino_model_path, batch_size, device, dtype)
  File "/home/sllu/asl-video-to-text/shubert/TTIC-SHuBERT-ASLVideo-to-EnglishText/dinov2_features.py", line 55, in __init__
    self.model = self._load_dino_model()
  File "/home/sllu/asl-video-to-text/shubert/TTIC-SHuBERT-ASLVideo-to-EnglishText/dinov2_features.py", line 70, in _load_dino_model
    model = torch.hub.load('facebookresearch/dinov2', 'dinov2_vits14_reg', pretrained=False)
  File "/home/sllu/asl-video-to-text/shubert/TTIC-SHuBERT-ASLVideo-to-EnglishText/shubert_venv/lib/python3.10/site-packages/torch/hub.py", line 661, in load
    repo_or_dir = _get_cache_or_reload(
  File "/home/sllu/asl-video-to-text/shubert/TTIC-SHuBERT-ASLVideo-to-EnglishText/shubert_venv/lib/python3.10/site-packages/torch/hub.py", line 278, in _get_cache_or_reload
    repo_owner, repo_name, ref = _parse_repo_info(github)
  File "/home/sllu/asl-video-to-text/shubert/TTIC-SHuBERT-ASLVideo-to-EnglishText/shubert_venv/lib/python3.10/site-packages/torch/hub.py", line 206, in _parse_repo_info
    with urlopen(f"https://github.com/{repo_owner}/{repo_name}/tree/main/"):
  File "/usr/lib/python3.10/urllib/request.py", line 216, in urlopen
    return opener.open(url, data, timeout)
  File "/usr/lib/python3.10/urllib/request.py", line 525, in open
    response = meth(req, response)
  File "/usr/lib/python3.10/urllib/request.py", line 634, in http_response
    response = self.parent.error(
  File "/usr/lib/python3.10/urllib/request.py", line 563, in error
    return self._call_chain(*args)
  File "/usr/lib/python3.10/urllib/request.py", line 496, in _call_chain
    result = func(*args)
  File "/usr/lib/python3.10/urllib/request.py", line 643, in http_error_default
    raise HTTPError(req.full_url, code, msg, hdrs, fp)
urllib.error.HTTPError: HTTP Error 504: Gateway Time-out
FATAL: exception not rethrown
