Using cache found in /home/sllu/.cache/torch/hub/facebookresearch_dinov2_main
/home/sllu/.cache/torch/hub/facebookresearch_dinov2_main/dinov2/layers/swiglu_ffn.py:51: UserWarning: xFormers is not available (SwiGLU)
  warnings.warn("xFormers is not available (SwiGLU)")
/home/sllu/.cache/torch/hub/facebookresearch_dinov2_main/dinov2/layers/attention.py:33: UserWarning: xFormers is not available (Attention)
  warnings.warn("xFormers is not available (Attention)")
/home/sllu/.cache/torch/hub/facebookresearch_dinov2_main/dinov2/layers/block.py:40: UserWarning: xFormers is not available (Block)
  warnings.warn("xFormers is not available (Block)")
2026-10-08 20:57:34 | INFO | dinov2 | using MLP layer as FFN
Using cache found in /home/sllu/.cache/torch/hub/facebookresearch_dinov2_main
2026-10-08 20:57:36 | INFO | dinov2 | using MLP layer as FFN
/home/sllu/asl-video-to-text/shubert/TTIC-SHuBERT-ASLVideo-to-EnglishText/shubert_venv/lib/python3.10/site-packages/torch/nn/utils/weight_norm.py:144: FutureWarning: `torch.nn.utils.weight_norm` is deprecated in favor of `torch.nn.utils.parametrizations.weight_norm`.
  WeightNorm.apply(module, name, dim)
/home/sllu/asl-video-to-text/shubert/TTIC-SHuBERT-ASLVideo-to-EnglishText/shubert.py:132: FutureWarning: Positional args are being deprecated, use kwargs instead. Refer to https://pytorch.org/docs/main/generated/torch.nn.Module.html#torch.nn.Module.state_dict for details.
  state = super().state_dict(destination, prefix, keep_vars)
Wav2Vec2Config is imported from: fairseq.models.wav2vec.wav2vec2
Full path: /home/sllu/asl-video-to-text/shubert/TTIC-SHuBERT-ASLVideo-to-EnglishText/shubert_venv/lib/python3.10/site-packages/fairseq/models/wav2vec/wav2vec2.py
DINOEmbedder initialized on device: cuda dtype: torch.float16
DINOEmbedder initialized on device: cuda dtype: torch.float16
[byt5] device: cuda dtype: bfloat16
[lat] warmup 18.4s
WARNING: All log messages before absl::InitializeLog() is called are written to STDERR
W0000 00:00:1791518272.868417   12676 face_landmarker_graph.cc:174] Sets FaceBlendshapesGraph acceleration to xnnpack by default.
INFO: Created TensorFlow Lite XNNPACK delegate for CPU.
W0000 00:00:1791518272.946741   12683 face_landmarker_graph.cc:174] Sets FaceBlendshapesGraph acceleration to xnnpack by default.
/home/sllu/asl-video-to-text/shubert/TTIC-SHuBERT-ASLVideo-to-EnglishText/shubert_venv/lib/python3.10/site-packages/google/protobuf/symbol_database.py:55: UserWarning: SymbolDatabase.GetPrototype() is deprecated. Please use message_factory.GetMessageClass() instead. SymbolDatabase.GetPrototype() will be removed soon.
  warnings.warn('SymbolDatabase.GetPrototype() is deprecated. Please '

--- ByT5 stage breakdown ---
  checkpoint_load :    0.0s
  to_device+eval  :    0.0s
  generate        :   11.8s

--- Stage timing breakdown ---
  video_read          :    0.0s
  mediapipe_landmarks :    0.0s
  mediapipe_overlapped:   20.2s  (overlapped with capture, not on the critical path)
  hand_crop           :    0.0s
  dinov2_hands        :    0.0s
  face_crop           :    0.0s
  dinov2_face         :    0.0s
  dinov2_overlapped   :   13.3s  (overlapped with capture, not on the critical path)
  pose_features       :    0.0s
  byt5_inference      :   11.8s
  total               :   11.8s
[lat] uZwKNtHx9FE_01: post-cut 14.6s (wait 0.0 drain 2.6 byt5 11.8) -> Most of the outbreaks are that children who do not
W0000 00:00:1791518302.122867   12742 face_landmarker_graph.cc:174] Sets FaceBlendshapesGraph acceleration to xnnpack by default.
W0000 00:00:1791518302.150574   12749 face_landmarker_graph.cc:174] Sets FaceBlendshapesGraph acceleration to xnnpack by default.

--- ByT5 stage breakdown ---
  checkpoint_load :    0.0s
  to_device+eval  :    0.0s
  generate        :    3.7s

--- Stage timing breakdown ---
  video_read          :    0.0s
  mediapipe_landmarks :    0.0s
  mediapipe_overlapped:    7.7s  (overlapped with capture, not on the critical path)
  hand_crop           :    0.0s
  dinov2_hands        :    0.0s
  face_crop           :    0.0s
  dinov2_face         :    0.0s
  dinov2_overlapped   :    4.7s  (overlapped with capture, not on the critical path)
  pose_features       :    0.0s
  byt5_inference      :    3.7s
  total               :    3.7s
[lat] 5iRIeHAK9b0_03: post-cut 7.5s (wait 0.0 drain 3.8 byt5 3.7) -> Children ranging in age from 3 to 29 years old.
W0000 00:00:1791518314.523193   12798 face_landmarker_graph.cc:174] Sets FaceBlendshapesGraph acceleration to xnnpack by default.
W0000 00:00:1791518314.585743   12805 face_landmarker_graph.cc:174] Sets FaceBlendshapesGraph acceleration to xnnpack by default.

--- ByT5 stage breakdown ---
  checkpoint_load :    0.0s
  to_device+eval  :    0.0s
  generate        :    4.4s

--- Stage timing breakdown ---
  video_read          :    0.0s
  mediapipe_landmarks :    0.0s
  mediapipe_overlapped:    6.0s  (overlapped with capture, not on the critical path)
  hand_crop           :    0.0s
  dinov2_hands        :    0.0s
  face_crop           :    0.0s
  dinov2_face         :    0.0s
  dinov2_overlapped   :    3.5s  (overlapped with capture, not on the critical path)
  pose_features       :    0.0s
  byt5_inference      :    4.4s
  total               :    4.4s
[lat] fNT8a6e1gx8_08: post-cut 7.8s (wait 0.0 drain 3.3 byt5 4.4) -> It's just that we have problems with expressing ou
W0000 00:00:1791518326.098618   12856 face_landmarker_graph.cc:174] Sets FaceBlendshapesGraph acceleration to xnnpack by default.
W0000 00:00:1791518326.121118   12863 face_landmarker_graph.cc:174] Sets FaceBlendshapesGraph acceleration to xnnpack by default.

--- ByT5 stage breakdown ---
  checkpoint_load :    0.0s
  to_device+eval  :    0.0s
  generate        :    7.9s

--- Stage timing breakdown ---
  video_read          :    0.0s
  mediapipe_landmarks :    0.0s
  mediapipe_overlapped:   19.0s  (overlapped with capture, not on the critical path)
  hand_crop           :    0.0s
  dinov2_hands        :    0.0s
  face_crop           :    0.0s
  dinov2_face         :    0.0s
  dinov2_overlapped   :   11.9s  (overlapped with capture, not on the critical path)
  pose_features       :    0.0s
  byt5_inference      :    7.9s
  total               :    7.9s
[lat] sP6B4dlSOoc_05: post-cut 12.9s (wait 0.0 drain 4.9 byt5 7.9) -> On Wednesday President Trump signed an executive o
W0000 00:00:1791518350.176155   12913 face_landmarker_graph.cc:174] Sets FaceBlendshapesGraph acceleration to xnnpack by default.
W0000 00:00:1791518350.200042   12920 face_landmarker_graph.cc:174] Sets FaceBlendshapesGraph acceleration to xnnpack by default.

--- ByT5 stage breakdown ---
  checkpoint_load :    0.0s
  to_device+eval  :    0.0s
  generate        :    6.8s

--- Stage timing breakdown ---
  video_read          :    0.0s
  mediapipe_landmarks :    0.0s
  mediapipe_overlapped:   18.5s  (overlapped with capture, not on the critical path)
  hand_crop           :    0.0s
  dinov2_hands        :    0.0s
  face_crop           :    0.0s
  dinov2_face         :    0.0s
  dinov2_overlapped   :   10.3s  (overlapped with capture, not on the critical path)
  pose_features       :    0.0s
  byt5_inference      :    6.9s
  total               :    6.9s
[lat] mNF1kg9azQw_03: post-cut 10.2s (wait 0.0 drain 3.2 byt5 6.9) -> Jennifer shared her experience with a woman who wa
W0000 00:00:1791518371.904896   12970 face_landmarker_graph.cc:174] Sets FaceBlendshapesGraph acceleration to xnnpack by default.
W0000 00:00:1791518371.928296   12977 face_landmarker_graph.cc:174] Sets FaceBlendshapesGraph acceleration to xnnpack by default.

--- ByT5 stage breakdown ---
  checkpoint_load :    0.0s
  to_device+eval  :    0.0s
  generate        :    6.0s

--- Stage timing breakdown ---
  video_read          :    0.0s
  mediapipe_landmarks :    0.0s
  mediapipe_overlapped:    8.0s  (overlapped with capture, not on the critical path)
  hand_crop           :    0.0s
  dinov2_hands        :    0.0s
  face_crop           :    0.0s
  dinov2_face         :    0.0s
  dinov2_overlapped   :    4.3s  (overlapped with capture, not on the critical path)
  pose_features       :    0.0s
  byt5_inference      :    6.0s
  total               :    6.0s
[lat] iMJ9CjBX7eo_02: post-cut 9.9s (wait 0.0 drain 3.9 byt5 6.0) -> Thank you for joining us at the Community Forum an
W0000 00:00:1791518386.282181   13029 face_landmarker_graph.cc:174] Sets FaceBlendshapesGraph acceleration to xnnpack by default.
W0000 00:00:1791518386.308782   13036 face_landmarker_graph.cc:174] Sets FaceBlendshapesGraph acceleration to xnnpack by default.

--- ByT5 stage breakdown ---
  checkpoint_load :    0.0s
  to_device+eval  :    0.0s
  generate        :    2.9s

--- Stage timing breakdown ---
  video_read          :    0.0s
  mediapipe_landmarks :    0.0s
  mediapipe_overlapped:    7.0s  (overlapped with capture, not on the critical path)
  hand_crop           :    0.0s
  dinov2_hands        :    0.0s
  face_crop           :    0.0s
  dinov2_face         :    0.0s
  dinov2_overlapped   :    4.5s  (overlapped with capture, not on the critical path)
  pose_features       :    0.0s
  byt5_inference      :    2.9s
  total               :    2.9s
[lat] k5Gxbifw8s8_05: post-cut 6.4s (wait 0.0 drain 3.4 byt5 2.9) -> And more young people wear rabbits.
W0000 00:00:1791518397.304163   13086 face_landmarker_graph.cc:174] Sets FaceBlendshapesGraph acceleration to xnnpack by default.
W0000 00:00:1791518397.330503   13093 face_landmarker_graph.cc:174] Sets FaceBlendshapesGraph acceleration to xnnpack by default.

--- ByT5 stage breakdown ---
  checkpoint_load :    0.0s
  to_device+eval  :    0.0s
  generate        :    8.6s

--- Stage timing breakdown ---
  video_read          :    0.0s
  mediapipe_landmarks :    0.0s
  mediapipe_overlapped:   18.2s  (overlapped with capture, not on the critical path)
  hand_crop           :    0.0s
  dinov2_hands        :    0.0s
  face_crop           :    0.0s
  dinov2_face         :    0.0s
  dinov2_overlapped   :   11.9s  (overlapped with capture, not on the critical path)
  pose_features       :    0.0s
  byt5_inference      :    8.7s
  total               :    8.7s
[lat] MJijm9kbdHA_01: post-cut 10.9s (wait 0.0 drain 2.1 byt5 8.7) -> Biden said Bernie had a vote multiple times agains
W0000 00:00:1791518422.872226   13145 face_landmarker_graph.cc:174] Sets FaceBlendshapesGraph acceleration to xnnpack by default.
W0000 00:00:1791518422.933970   13152 face_landmarker_graph.cc:174] Sets FaceBlendshapesGraph acceleration to xnnpack by default.

--- ByT5 stage breakdown ---
  checkpoint_load :    0.0s
  to_device+eval  :    0.0s
  generate        :    3.8s

--- Stage timing breakdown ---
  video_read          :    0.0s
  mediapipe_landmarks :    0.0s
  mediapipe_overlapped:   10.7s  (overlapped with capture, not on the critical path)
  hand_crop           :    0.0s
  dinov2_hands        :    0.0s
  face_crop           :    0.0s
  dinov2_face         :    0.0s
  dinov2_overlapped   :    5.0s  (overlapped with capture, not on the critical path)
  pose_features       :    0.0s
  byt5_inference      :    3.8s
  total               :    3.8s
[lat] wPJ_InXF_I8_06: post-cut 8.8s (wait 0.0 drain 4.8 byt5 3.8) -> the students storytelling comprehension abilities.
W0000 00:00:1791518436.733215   13208 face_landmarker_graph.cc:174] Sets FaceBlendshapesGraph acceleration to xnnpack by default.
W0000 00:00:1791518436.756746   13215 face_landmarker_graph.cc:174] Sets FaceBlendshapesGraph acceleration to xnnpack by default.

--- ByT5 stage breakdown ---
  checkpoint_load :    0.0s
  to_device+eval  :    0.0s
  generate        :    6.4s

--- Stage timing breakdown ---
  video_read          :    0.0s
  mediapipe_landmarks :    0.0s
  mediapipe_overlapped:    9.4s  (overlapped with capture, not on the critical path)
  hand_crop           :    0.0s
  dinov2_hands        :    0.0s
  face_crop           :    0.0s
  dinov2_face         :    0.0s
  dinov2_overlapped   :    5.9s  (overlapped with capture, not on the critical path)
  pose_features       :    0.0s
  byt5_inference      :    6.4s
  total               :    6.4s
[lat] I976oI3s1jQ_01: post-cut 9.2s (wait 0.0 drain 2.7 byt5 6.4) -> My strategy on the chill was a little bit patient 
W0000 00:00:1791518453.099620   13264 face_landmarker_graph.cc:174] Sets FaceBlendshapesGraph acceleration to xnnpack by default.
W0000 00:00:1791518453.151089   13271 face_landmarker_graph.cc:174] Sets FaceBlendshapesGraph acceleration to xnnpack by default.

--- ByT5 stage breakdown ---
  checkpoint_load :    0.0s
  to_device+eval  :    0.0s
  generate        :   13.8s

--- Stage timing breakdown ---
  video_read          :    0.0s
  mediapipe_landmarks :    0.0s
  mediapipe_overlapped:   21.4s  (overlapped with capture, not on the critical path)
  hand_crop           :    0.0s
  dinov2_hands        :    0.0s
  face_crop           :    0.0s
  dinov2_face         :    0.0s
  dinov2_overlapped   :   14.4s  (overlapped with capture, not on the critical path)
  pose_features       :    0.0s
  byt5_inference      :   13.9s
  total               :   13.9s
[lat] jsOSzFyx8RA_03: post-cut 19.3s (wait 0.0 drain 5.2 byt5 13.9) -> Or the show isn't a lot about the experience, but 
W0000 00:00:1791518485.282036   13327 face_landmarker_graph.cc:174] Sets FaceBlendshapesGraph acceleration to xnnpack by default.
W0000 00:00:1791518485.344533   13334 face_landmarker_graph.cc:174] Sets FaceBlendshapesGraph acceleration to xnnpack by default.

--- ByT5 stage breakdown ---
  checkpoint_load :    0.0s
  to_device+eval  :    0.0s
  generate        :    3.1s

--- Stage timing breakdown ---
  video_read          :    0.0s
  mediapipe_landmarks :    0.0s
  mediapipe_overlapped:    5.4s  (overlapped with capture, not on the critical path)
  hand_crop           :    0.0s
  dinov2_hands        :    0.0s
  face_crop           :    0.0s
  dinov2_face         :    0.0s
  dinov2_overlapped   :    2.9s  (overlapped with capture, not on the critical path)
  pose_features       :    0.0s
  byt5_inference      :    3.1s
  total               :    3.1s
[lat] fNT8a6e1gx8_06: post-cut 7.4s (wait 0.0 drain 4.3 byt5 3.1) -> Tend to ask your students to graduate.
W0000 00:00:1791518495.675683   13384 face_landmarker_graph.cc:174] Sets FaceBlendshapesGraph acceleration to xnnpack by default.
W0000 00:00:1791518495.729568   13391 face_landmarker_graph.cc:174] Sets FaceBlendshapesGraph acceleration to xnnpack by default.

--- ByT5 stage breakdown ---
  checkpoint_load :    0.0s
  to_device+eval  :    0.0s
  generate        :    3.6s

--- Stage timing breakdown ---
  video_read          :    0.0s
  mediapipe_landmarks :    0.0s
  mediapipe_overlapped:    8.2s  (overlapped with capture, not on the critical path)
  hand_crop           :    0.0s
  dinov2_hands        :    0.0s
  face_crop           :    0.0s
  dinov2_face         :    0.0s
  dinov2_overlapped   :    5.0s  (overlapped with capture, not on the critical path)
  pose_features       :    0.0s
  byt5_inference      :    3.6s
  total               :    3.6s
[lat] J-0KHhPS_m4_03: post-cut 7.1s (wait 0.0 drain 3.4 byt5 3.6) -> Here's a quick question: How can I help?
W0000 00:00:1791518507.947728   13440 face_landmarker_graph.cc:174] Sets FaceBlendshapesGraph acceleration to xnnpack by default.
W0000 00:00:1791518508.009848   13447 face_landmarker_graph.cc:174] Sets FaceBlendshapesGraph acceleration to xnnpack by default.

--- ByT5 stage breakdown ---
  checkpoint_load :    0.0s
  to_device+eval  :    0.0s
  generate        :    4.8s

--- Stage timing breakdown ---
  video_read          :    0.0s
  mediapipe_landmarks :    0.0s
  mediapipe_overlapped:   13.5s  (overlapped with capture, not on the critical path)
  hand_crop           :    0.0s
  dinov2_hands        :    0.0s
  face_crop           :    0.0s
  dinov2_face         :    0.0s
  dinov2_overlapped   :    9.0s  (overlapped with capture, not on the critical path)
  pose_features       :    0.0s
  byt5_inference      :    4.9s
  total               :    4.9s
[lat] FND2JfzngVY_06: post-cut 9.7s (wait 0.0 drain 4.7 byt5 4.9) -> The daylight savings will be back on March 8 at 2 
W0000 00:00:1791518525.840684   13498 face_landmarker_graph.cc:174] Sets FaceBlendshapesGraph acceleration to xnnpack by default.
W0000 00:00:1791518525.902157   13505 face_landmarker_graph.cc:174] Sets FaceBlendshapesGraph acceleration to xnnpack by default.

--- ByT5 stage breakdown ---
  checkpoint_load :    0.0s
  to_device+eval  :    0.0s
  generate        :    9.2s

--- Stage timing breakdown ---
  video_read          :    0.0s
  mediapipe_landmarks :    0.0s
  mediapipe_overlapped:   16.9s  (overlapped with capture, not on the critical path)
  hand_crop           :    0.0s
  dinov2_hands        :    0.0s
  face_crop           :    0.0s
  dinov2_face         :    0.0s
  dinov2_overlapped   :   11.1s  (overlapped with capture, not on the critical path)
  pose_features       :    0.0s
  byt5_inference      :    9.2s
  total               :    9.3s
[lat] I976oI3s1jQ_02: post-cut 11.6s (wait 0.0 drain 2.1 byt5 9.2) -> She said she was still working for two days, but s
W0000 00:00:1791518551.112106   13556 face_landmarker_graph.cc:174] Sets FaceBlendshapesGraph acceleration to xnnpack by default.
W0000 00:00:1791518551.212371   13563 face_landmarker_graph.cc:174] Sets FaceBlendshapesGraph acceleration to xnnpack by default.

--- ByT5 stage breakdown ---
  checkpoint_load :    0.0s
  to_device+eval  :    0.0s
  generate        :    6.2s

--- Stage timing breakdown ---
  video_read          :    0.0s
  mediapipe_landmarks :    0.0s
  mediapipe_overlapped:   19.2s  (overlapped with capture, not on the critical path)
  hand_crop           :    0.0s
  dinov2_hands        :    0.0s
  face_crop           :    0.0s
  dinov2_face         :    0.0s
  dinov2_overlapped   :   11.4s  (overlapped with capture, not on the critical path)
  pose_features       :    0.0s
  byt5_inference      :    6.2s
  total               :    6.2s
[lat] ZgvLTS2zJdo_02: post-cut 8.8s (wait 0.0 drain 2.3 byt5 6.2) -> I want to share a little bit of an opportunity wit
W0000 00:00:1791518574.804190   13613 face_landmarker_graph.cc:174] Sets FaceBlendshapesGraph acceleration to xnnpack by default.
W0000 00:00:1791518574.873393   13620 face_landmarker_graph.cc:174] Sets FaceBlendshapesGraph acceleration to xnnpack by default.

--- ByT5 stage breakdown ---
  checkpoint_load :    0.0s
  to_device+eval  :    0.0s
  generate        :    8.5s

--- Stage timing breakdown ---
  video_read          :    0.0s
  mediapipe_landmarks :    0.0s
  mediapipe_overlapped:   19.9s  (overlapped with capture, not on the critical path)
  hand_crop           :    0.0s
  dinov2_hands        :    0.0s
  face_crop           :    0.0s
  dinov2_face         :    0.0s
  dinov2_overlapped   :   12.9s  (overlapped with capture, not on the critical path)
  pose_features       :    0.0s
  byt5_inference      :    8.5s
  total               :    8.6s
[lat] YR7BS6l_95E_05: post-cut 14.0s (wait 0.0 drain 5.2 byt5 8.5) -> The helicopter travels to the area and flies to a 
W0000 00:00:1791518600.569234   13672 face_landmarker_graph.cc:174] Sets FaceBlendshapesGraph acceleration to xnnpack by default.
W0000 00:00:1791518600.594598   13679 face_landmarker_graph.cc:174] Sets FaceBlendshapesGraph acceleration to xnnpack by default.

--- ByT5 stage breakdown ---
  checkpoint_load :    0.0s
  to_device+eval  :    0.0s
  generate        :    3.3s

--- Stage timing breakdown ---
  video_read          :    0.0s
  mediapipe_landmarks :    0.0s
  mediapipe_overlapped:    5.8s  (overlapped with capture, not on the critical path)
  hand_crop           :    0.0s
  dinov2_hands        :    0.0s
  face_crop           :    0.0s
  dinov2_face         :    0.0s
  dinov2_overlapped   :    2.6s  (overlapped with capture, not on the critical path)
  pose_features       :    0.0s
  byt5_inference      :    3.3s
  total               :    3.3s
[lat] NBpYolVo5WQ_06: post-cut 8.0s (wait 0.0 drain 4.7 byt5 3.3) -> See you tomorrow and stay with the light!
W0000 00:00:1791518611.777632   13728 face_landmarker_graph.cc:174] Sets FaceBlendshapesGraph acceleration to xnnpack by default.
W0000 00:00:1791518611.802533   13735 face_landmarker_graph.cc:174] Sets FaceBlendshapesGraph acceleration to xnnpack by default.

--- ByT5 stage breakdown ---
  checkpoint_load :    0.0s
  to_device+eval  :    0.0s
  generate        :    6.4s

--- Stage timing breakdown ---
  video_read          :    0.0s
  mediapipe_landmarks :    0.0s
  mediapipe_overlapped:   10.2s  (overlapped with capture, not on the critical path)
  hand_crop           :    0.0s
  dinov2_hands        :    0.0s
  face_crop           :    0.0s
  dinov2_face         :    0.0s
  dinov2_overlapped   :    6.6s  (overlapped with capture, not on the critical path)
  pose_features       :    0.0s
  byt5_inference      :    6.4s
  total               :    6.5s
[lat] TXyNxVRRPt8_01: post-cut 10.6s (wait 0.0 drain 4.0 byt5 6.4) -> We brought them to the Deaf Community Forum to bri
W0000 00:00:1791518628.807848   13785 face_landmarker_graph.cc:174] Sets FaceBlendshapesGraph acceleration to xnnpack by default.
W0000 00:00:1791518628.836120   13792 face_landmarker_graph.cc:174] Sets FaceBlendshapesGraph acceleration to xnnpack by default.

--- ByT5 stage breakdown ---
  checkpoint_load :    0.0s
  to_device+eval  :    0.0s
  generate        :    8.1s

--- Stage timing breakdown ---
  video_read          :    0.0s
  mediapipe_landmarks :    0.0s
  mediapipe_overlapped:   16.1s  (overlapped with capture, not on the critical path)
  hand_crop           :    0.0s
  dinov2_hands        :    0.0s
  face_crop           :    0.0s
  dinov2_face         :    0.0s
  dinov2_overlapped   :   11.3s  (overlapped with capture, not on the critical path)
  pose_features       :    0.0s
  byt5_inference      :    8.1s
  total               :    8.1s
[lat] 5iRIeHAK9b0_02: post-cut 12.6s (wait 0.0 drain 4.3 byt5 8.1) -> On Friday two men in California warned of child ab
W0000 00:00:1791518651.948912   13842 face_landmarker_graph.cc:174] Sets FaceBlendshapesGraph acceleration to xnnpack by default.
W0000 00:00:1791518652.014056   13849 face_landmarker_graph.cc:174] Sets FaceBlendshapesGraph acceleration to xnnpack by default.

--- ByT5 stage breakdown ---
  checkpoint_load :    0.0s
  to_device+eval  :    0.0s
  generate        :    4.9s

--- Stage timing breakdown ---
  video_read          :    0.0s
  mediapipe_landmarks :    0.0s
  mediapipe_overlapped:   14.8s  (overlapped with capture, not on the critical path)
  hand_crop           :    0.0s
  dinov2_hands        :    0.0s
  face_crop           :    0.0s
  dinov2_face         :    0.0s
  dinov2_overlapped   :    8.6s  (overlapped with capture, not on the critical path)
  pose_features       :    0.0s
  byt5_inference      :    4.9s
  total               :    5.0s
[lat] mNF1kg9azQw_05: post-cut 7.9s (wait 0.0 drain 2.7 byt5 4.9) -> I'm wondering how to send it to another person who
W0000 00:00:1791518670.276560   13899 face_landmarker_graph.cc:174] Sets FaceBlendshapesGraph acceleration to xnnpack by default.
W0000 00:00:1791518670.302119   13906 face_landmarker_graph.cc:174] Sets FaceBlendshapesGraph acceleration to xnnpack by default.

--- ByT5 stage breakdown ---
  checkpoint_load :    0.0s
  to_device+eval  :    0.0s
  generate        :    4.6s

--- Stage timing breakdown ---
  video_read          :    0.0s
  mediapipe_landmarks :    0.0s
  mediapipe_overlapped:   15.3s  (overlapped with capture, not on the critical path)
  hand_crop           :    0.0s
  dinov2_hands        :    0.0s
  face_crop           :    0.0s
  dinov2_face         :    0.0s
  dinov2_overlapped   :    9.1s  (overlapped with capture, not on the critical path)
  pose_features       :    0.0s
  byt5_inference      :    4.6s
  total               :    4.7s
[lat] WMoeSSvCyTU_03: post-cut 10.0s (wait 0.0 drain 5.2 byt5 4.6) -> The drug hydrogen is still going on and it is cont
W0000 00:00:1791518688.337842   13957 face_landmarker_graph.cc:174] Sets FaceBlendshapesGraph acceleration to xnnpack by default.
W0000 00:00:1791518688.392899   13964 face_landmarker_graph.cc:174] Sets FaceBlendshapesGraph acceleration to xnnpack by default.

--- ByT5 stage breakdown ---
  checkpoint_load :    0.0s
  to_device+eval  :    0.0s
  generate        :    4.3s

--- Stage timing breakdown ---
  video_read          :    0.0s
  mediapipe_landmarks :    0.0s
  mediapipe_overlapped:    9.0s  (overlapped with capture, not on the critical path)
  hand_crop           :    0.0s
  dinov2_hands        :    0.0s
  face_crop           :    0.0s
  dinov2_face         :    0.0s
  dinov2_overlapped   :    5.5s  (overlapped with capture, not on the critical path)
  pose_features       :    0.0s
  byt5_inference      :    4.3s
  total               :    4.3s
[lat] sP6B4dlSOoc_04: post-cut 8.0s (wait 0.0 drain 3.5 byt5 4.3) -> Sometimes simple sidewalks can be dangerous.
W0000 00:00:1791518702.027244   14013 face_landmarker_graph.cc:174] Sets FaceBlendshapesGraph acceleration to xnnpack by default.
W0000 00:00:1791518702.058116   14020 face_landmarker_graph.cc:174] Sets FaceBlendshapesGraph acceleration to xnnpack by default.

--- ByT5 stage breakdown ---
  checkpoint_load :    0.0s
  to_device+eval  :    0.0s
  generate        :    6.4s

--- Stage timing breakdown ---
  video_read          :    0.0s
  mediapipe_landmarks :    0.0s
  mediapipe_overlapped:   13.3s  (overlapped with capture, not on the critical path)
  hand_crop           :    0.0s
  dinov2_hands        :    0.0s
  face_crop           :    0.0s
  dinov2_face         :    0.0s
  dinov2_overlapped   :    9.3s  (overlapped with capture, not on the critical path)
  pose_features       :    0.0s
  byt5_inference      :    6.4s
  total               :    6.4s
[lat] z3jAMn3xpoM_02: post-cut 11.0s (wait 0.0 drain 4.5 byt5 6.4) -> One of them filmed on Facebook LIVE showing office
W0000 00:00:1791518721.603279   14072 face_landmarker_graph.cc:174] Sets FaceBlendshapesGraph acceleration to xnnpack by default.
W0000 00:00:1791518721.659428   14079 face_landmarker_graph.cc:174] Sets FaceBlendshapesGraph acceleration to xnnpack by default.

--- ByT5 stage breakdown ---
  checkpoint_load :    0.0s
  to_device+eval  :    0.0s
  generate        :    9.7s

--- Stage timing breakdown ---
  video_read          :    0.0s
  mediapipe_landmarks :    0.0s
  mediapipe_overlapped:   17.0s  (overlapped with capture, not on the critical path)
  hand_crop           :    0.0s
  dinov2_hands        :    0.0s
  face_crop           :    0.0s
  dinov2_face         :    0.0s
  dinov2_overlapped   :   10.3s  (overlapped with capture, not on the critical path)
  pose_features       :    0.0s
  byt5_inference      :    9.8s
  total               :    9.8s
[lat] uZwKNtHx9FE_07: post-cut 12.7s (wait 0.0 drain 2.7 byt5 9.8) -> They said the words were added without delay, were
W0000 00:00:1791518746.939938   14129 face_landmarker_graph.cc:174] Sets FaceBlendshapesGraph acceleration to xnnpack by default.
W0000 00:00:1791518746.966190   14136 face_landmarker_graph.cc:174] Sets FaceBlendshapesGraph acceleration to xnnpack by default.

--- ByT5 stage breakdown ---
  checkpoint_load :    0.0s
  to_device+eval  :    0.0s
  generate        :    1.7s

--- Stage timing breakdown ---
  video_read          :    0.0s
  mediapipe_landmarks :    0.0s
  mediapipe_overlapped:    3.7s  (overlapped with capture, not on the critical path)
  hand_crop           :    0.0s
  dinov2_hands        :    0.0s
  face_crop           :    0.0s
  dinov2_face         :    0.0s
  dinov2_overlapped   :    1.7s  (overlapped with capture, not on the critical path)
  pose_features       :    0.0s
  byt5_inference      :    1.7s
  total               :    1.7s
[lat] D9HR4q0vbwE_05: post-cut 5.2s (wait 0.0 drain 3.5 byt5 1.7) -> How are you doing?
W0000 00:00:1791518754.322604   14183 face_landmarker_graph.cc:174] Sets FaceBlendshapesGraph acceleration to xnnpack by default.
W0000 00:00:1791518754.381494   14190 face_landmarker_graph.cc:174] Sets FaceBlendshapesGraph acceleration to xnnpack by default.

--- ByT5 stage breakdown ---
  checkpoint_load :    0.0s
  to_device+eval  :    0.0s
  generate        :    4.8s

--- Stage timing breakdown ---
  video_read          :    0.0s
  mediapipe_landmarks :    0.0s
  mediapipe_overlapped:    4.5s  (overlapped with capture, not on the critical path)
  hand_crop           :    0.0s
  dinov2_hands        :    0.0s
  face_crop           :    0.0s
  dinov2_face         :    0.0s
  dinov2_overlapped   :    2.4s  (overlapped with capture, not on the critical path)
  pose_features       :    0.0s
  byt5_inference      :    4.8s
  total               :    4.8s
[lat] f75G_hZMSHs_04: post-cut 8.6s (wait 0.0 drain 3.8 byt5 4.8) -> The company will likely start their wedding this w
W0000 00:00:1791518765.537143   14243 face_landmarker_graph.cc:174] Sets FaceBlendshapesGraph acceleration to xnnpack by default.
W0000 00:00:1791518765.561574   14250 face_landmarker_graph.cc:174] Sets FaceBlendshapesGraph acceleration to xnnpack by default.

--- ByT5 stage breakdown ---
  checkpoint_load :    0.0s
  to_device+eval  :    0.0s
  generate        :    9.8s

--- Stage timing breakdown ---
  video_read          :    0.0s
  mediapipe_landmarks :    0.0s
  mediapipe_overlapped:   12.4s  (overlapped with capture, not on the critical path)
  hand_crop           :    0.0s
  dinov2_hands        :    0.0s
  face_crop           :    0.0s
  dinov2_face         :    0.0s
  dinov2_overlapped   :    8.4s  (overlapped with capture, not on the critical path)
  pose_features       :    0.0s
  byt5_inference      :    9.8s
  total               :    9.8s
[lat] f75G_hZMSHs_02: post-cut 14.0s (wait 0.0 drain 4.0 byt5 9.8) -> The similar conversation between the police office
W0000 00:00:1791518787.422916   14300 face_landmarker_graph.cc:174] Sets FaceBlendshapesGraph acceleration to xnnpack by default.
W0000 00:00:1791518787.499288   14307 face_landmarker_graph.cc:174] Sets FaceBlendshapesGraph acceleration to xnnpack by default.

--- ByT5 stage breakdown ---
  checkpoint_load :    0.0s
  to_device+eval  :    0.0s
  generate        :    8.2s

--- Stage timing breakdown ---
  video_read          :    0.0s
  mediapipe_landmarks :    0.0s
  mediapipe_overlapped:    5.4s  (overlapped with capture, not on the critical path)
  hand_crop           :    0.0s
  dinov2_hands        :    0.0s
  face_crop           :    0.0s
  dinov2_face         :    0.0s
  dinov2_overlapped   :    2.9s  (overlapped with capture, not on the critical path)
  pose_features       :    0.0s
  byt5_inference      :    8.2s
  total               :    8.2s
[lat] ZgvLTS2zJdo_01: post-cut 11.7s (wait 0.0 drain 3.5 byt5 8.2) -> The first thing we want to do is to open and ensur
W0000 00:00:1791518802.782020   14358 face_landmarker_graph.cc:174] Sets FaceBlendshapesGraph acceleration to xnnpack by default.
W0000 00:00:1791518802.845913   14365 face_landmarker_graph.cc:174] Sets FaceBlendshapesGraph acceleration to xnnpack by default.

--- ByT5 stage breakdown ---
  checkpoint_load :    0.0s
  to_device+eval  :    0.0s
  generate        :    9.2s

--- Stage timing breakdown ---
  video_read          :    0.0s
  mediapipe_landmarks :    0.0s
  mediapipe_overlapped:   13.8s  (overlapped with capture, not on the critical path)
  hand_crop           :    0.0s
  dinov2_hands        :    0.0s
  face_crop           :    0.0s
  dinov2_face         :    0.0s
  dinov2_overlapped   :    7.8s  (overlapped with capture, not on the critical path)
  pose_features       :    0.0s
  byt5_inference      :    9.3s
  total               :    9.3s
[lat] LT0-h4P_xBY_04: post-cut 13.5s (wait 0.0 drain 4.0 byt5 9.3) -> Of course, I want to make sure that the police off
W0000 00:00:1791518824.181878   14415 face_landmarker_graph.cc:174] Sets FaceBlendshapesGraph acceleration to xnnpack by default.
W0000 00:00:1791518824.204649   14422 face_landmarker_graph.cc:174] Sets FaceBlendshapesGraph acceleration to xnnpack by default.

--- ByT5 stage breakdown ---
  checkpoint_load :    0.0s
  to_device+eval  :    0.0s
  generate        :    8.5s

--- Stage timing breakdown ---
  video_read          :    0.0s
  mediapipe_landmarks :    0.0s
  mediapipe_overlapped:   23.2s  (overlapped with capture, not on the critical path)
  hand_crop           :    0.0s
  dinov2_hands        :    0.0s
  face_crop           :    0.0s
  dinov2_face         :    0.0s
  dinov2_overlapped   :   15.7s  (overlapped with capture, not on the critical path)
  pose_features       :    0.0s
  byt5_inference      :    8.5s
  total               :    8.6s
[lat] wPJ_InXF_I8_02: post-cut 14.3s (wait 0.0 drain 5.5 byt5 8.5) -> AP also said Barack Obama has declared to endorse 
W0000 00:00:1791518852.761100   14473 face_landmarker_graph.cc:174] Sets FaceBlendshapesGraph acceleration to xnnpack by default.
W0000 00:00:1791518852.785656   14480 face_landmarker_graph.cc:174] Sets FaceBlendshapesGraph acceleration to xnnpack by default.

--- ByT5 stage breakdown ---
  checkpoint_load :    0.0s
  to_device+eval  :    0.0s
  generate        :    8.9s

--- Stage timing breakdown ---
  video_read          :    0.0s
  mediapipe_landmarks :    0.0s
  mediapipe_overlapped:   16.2s  (overlapped with capture, not on the critical path)
  hand_crop           :    0.0s
  dinov2_hands        :    0.0s
  face_crop           :    0.0s
  dinov2_face         :    0.0s
  dinov2_overlapped   :   10.2s  (overlapped with capture, not on the critical path)
  pose_features       :    0.0s
  byt5_inference      :    9.0s
  total               :    9.0s
[lat] oP2WdYlaflE_02: post-cut 14.4s (wait 0.0 drain 5.2 byt5 9.0) -> The expected percentage of a person from the Insti
W0000 00:00:1791518876.404266   14532 face_landmarker_graph.cc:174] Sets FaceBlendshapesGraph acceleration to xnnpack by default.
W0000 00:00:1791518876.466919   14539 face_landmarker_graph.cc:174] Sets FaceBlendshapesGraph acceleration to xnnpack by default.

--- ByT5 stage breakdown ---
  checkpoint_load :    0.0s
  to_device+eval  :    0.0s
  generate        :    4.9s

--- Stage timing breakdown ---
  video_read          :    0.0s
  mediapipe_landmarks :    0.0s
  mediapipe_overlapped:   15.1s  (overlapped with capture, not on the critical path)
  hand_crop           :    0.0s
  dinov2_hands        :    0.0s
  face_crop           :    0.0s
  dinov2_face         :    0.0s
  dinov2_overlapped   :    8.3s  (overlapped with capture, not on the critical path)
  pose_features       :    0.0s
  byt5_inference      :    4.9s
  total               :    5.0s
[lat] LT0-h4P_xBY_06: post-cut 9.3s (wait 0.0 drain 4.2 byt5 4.9) -> Do you have a race on the owner of the Ioniar Knox
W0000 00:00:1791518894.240312   14588 face_landmarker_graph.cc:174] Sets FaceBlendshapesGraph acceleration to xnnpack by default.
W0000 00:00:1791518894.264511   14595 face_landmarker_graph.cc:174] Sets FaceBlendshapesGraph acceleration to xnnpack by default.

--- ByT5 stage breakdown ---
  checkpoint_load :    0.0s
  to_device+eval  :    0.0s
  generate        :    8.9s

--- Stage timing breakdown ---
  video_read          :    0.0s
  mediapipe_landmarks :    0.0s
  mediapipe_overlapped:   12.0s  (overlapped with capture, not on the critical path)
  hand_crop           :    0.0s
  dinov2_hands        :    0.0s
  face_crop           :    0.0s
  dinov2_face         :    0.0s
  dinov2_overlapped   :    7.8s  (overlapped with capture, not on the critical path)
  pose_features       :    0.0s
  byt5_inference      :    8.9s
  total               :    9.0s
[lat] mNF1kg9azQw_07: post-cut 11.3s (wait 0.0 drain 2.1 byt5 8.9) -> If you are interested in food or money, there is a
W0000 00:00:1791518915.027148   14646 face_landmarker_graph.cc:174] Sets FaceBlendshapesGraph acceleration to xnnpack by default.
W0000 00:00:1791518915.103775   14653 face_landmarker_graph.cc:174] Sets FaceBlendshapesGraph acceleration to xnnpack by default.

--- ByT5 stage breakdown ---
  checkpoint_load :    0.0s
  to_device+eval  :    0.0s
  generate        :    3.2s

--- Stage timing breakdown ---
  video_read          :    0.0s
  mediapipe_landmarks :    0.0s
  mediapipe_overlapped:    7.6s  (overlapped with capture, not on the critical path)
  hand_crop           :    0.0s
  dinov2_hands        :    0.0s
  face_crop           :    0.0s
  dinov2_face         :    0.0s
  dinov2_overlapped   :    4.4s  (overlapped with capture, not on the critical path)
  pose_features       :    0.0s
  byt5_inference      :    3.2s
  total               :    3.3s
[lat] TXyNxVRRPt8_03: post-cut 7.0s (wait 0.0 drain 3.6 byt5 3.2) -> Most people don't know about it.
W0000 00:00:1791518926.672376   14702 face_landmarker_graph.cc:174] Sets FaceBlendshapesGraph acceleration to xnnpack by default.
W0000 00:00:1791518926.727810   14709 face_landmarker_graph.cc:174] Sets FaceBlendshapesGraph acceleration to xnnpack by default.

--- ByT5 stage breakdown ---
  checkpoint_load :    0.0s
  to_device+eval  :    0.0s
  generate        :    8.6s

--- Stage timing breakdown ---
  video_read          :    0.0s
  mediapipe_landmarks :    0.0s
  mediapipe_overlapped:   15.6s  (overlapped with capture, not on the critical path)
  hand_crop           :    0.0s
  dinov2_hands        :    0.0s
  face_crop           :    0.0s
  dinov2_face         :    0.0s
  dinov2_overlapped   :    9.9s  (overlapped with capture, not on the critical path)
  pose_features       :    0.0s
  byt5_inference      :    8.7s
  total               :    8.7s
[lat] wH3lJm0Typ0_03: post-cut 13.6s (wait 0.0 drain 4.8 byt5 8.7) -> At the end of the game, there were also fans who c
W0000 00:00:1791518949.427352   14759 face_landmarker_graph.cc:174] Sets FaceBlendshapesGraph acceleration to xnnpack by default.
W0000 00:00:1791518949.493578   14766 face_landmarker_graph.cc:174] Sets FaceBlendshapesGraph acceleration to xnnpack by default.

--- ByT5 stage breakdown ---
  checkpoint_load :    0.0s
  to_device+eval  :    0.0s
  generate        :   12.3s

--- Stage timing breakdown ---
  video_read          :    0.0s
  mediapipe_landmarks :    0.0s
  mediapipe_overlapped:   24.7s  (overlapped with capture, not on the critical path)
  hand_crop           :    0.0s
  dinov2_hands        :    0.0s
  face_crop           :    0.0s
  dinov2_face         :    0.0s
  dinov2_overlapped   :   15.6s  (overlapped with capture, not on the critical path)
  pose_features       :    0.0s
  byt5_inference      :   12.3s
  total               :   12.4s
[lat] oP2WdYlaflE_03: post-cut 17.9s (wait 0.0 drain 5.3 byt5 12.3) -> And a limited number of Deaf and hard of hearing s
W0000 00:00:1791518981.451781   14817 face_landmarker_graph.cc:174] Sets FaceBlendshapesGraph acceleration to xnnpack by default.
W0000 00:00:1791518981.509496   14824 face_landmarker_graph.cc:174] Sets FaceBlendshapesGraph acceleration to xnnpack by default.

--- ByT5 stage breakdown ---
  checkpoint_load :    0.0s
  to_device+eval  :    0.0s
  generate        :    3.9s

--- Stage timing breakdown ---
  video_read          :    0.0s
  mediapipe_landmarks :    0.0s
  mediapipe_overlapped:    5.0s  (overlapped with capture, not on the critical path)
  hand_crop           :    0.0s
  dinov2_hands        :    0.0s
  face_crop           :    0.0s
  dinov2_face         :    0.0s
  dinov2_overlapped   :    2.8s  (overlapped with capture, not on the critical path)
  pose_features       :    0.0s
  byt5_inference      :    4.0s
  total               :    4.0s
[lat] I976oI3s1jQ_05: post-cut 7.4s (wait 0.0 drain 3.3 byt5 4.0) -> I want to make sure that everyone understands me.
W0000 00:00:1791518992.395684   14874 face_landmarker_graph.cc:174] Sets FaceBlendshapesGraph acceleration to xnnpack by default.
W0000 00:00:1791518992.425904   14881 face_landmarker_graph.cc:174] Sets FaceBlendshapesGraph acceleration to xnnpack by default.

--- ByT5 stage breakdown ---
  checkpoint_load :    0.0s
  to_device+eval  :    0.0s
  generate        :    4.1s

--- Stage timing breakdown ---
  video_read          :    0.0s
  mediapipe_landmarks :    0.0s
  mediapipe_overlapped:    7.7s  (overlapped with capture, not on the critical path)
  hand_crop           :    0.0s
  dinov2_hands        :    0.0s
  face_crop           :    0.0s
  dinov2_face         :    0.0s
  dinov2_overlapped   :    5.1s  (overlapped with capture, not on the critical path)
  pose_features       :    0.0s
  byt5_inference      :    4.1s
  total               :    4.1s
[lat] k5Gxbifw8s8_03: post-cut 8.3s (wait 0.0 drain 4.0 byt5 4.1) -> This job opportunity for Deaf people is growing.
W0000 00:00:1791519005.543787   14930 face_landmarker_graph.cc:174] Sets FaceBlendshapesGraph acceleration to xnnpack by default.
W0000 00:00:1791519005.575085   14937 face_landmarker_graph.cc:174] Sets FaceBlendshapesGraph acceleration to xnnpack by default.

--- ByT5 stage breakdown ---
  checkpoint_load :    0.0s
  to_device+eval  :    0.0s
  generate        :    1.6s

--- Stage timing breakdown ---
  video_read          :    0.0s
  mediapipe_landmarks :    0.0s
  mediapipe_overlapped:    4.8s  (overlapped with capture, not on the critical path)
  hand_crop           :    0.0s
  dinov2_hands        :    0.0s
  face_crop           :    0.0s
  dinov2_face         :    0.0s
  dinov2_overlapped   :    2.4s  (overlapped with capture, not on the critical path)
  pose_features       :    0.0s
  byt5_inference      :    1.6s
  total               :    1.6s
[lat] rSiciLyYOyI_07: post-cut 5.3s (wait 0.0 drain 3.7 byt5 1.6) -> That was amazing.
[lat] done: camera 15.0fps  peak_used 7360MB  min_available 259MB  warmup 18.4s
