10-08-2026 21:21:52 RAM 2769/7620MB (lfb 136x4MB) SWAP 473/5858MB (cached 0MB) CPU [26%@1510,14%@1510,71%@1510,14%@1510,14%@729,21%@729] GR3D_FREQ 0% cpu@52.687C soc2@51.343C soc0@49.718C gpu@52.031C tj@52.687C soc1@51.5C VDD_IN 5882mW/5882mW VDD_CPU_GPU_CV 1267mW/1267mW VDD_SOC 1547mW/1547mW
10-08-2026 21:21:53 RAM 2844/7620MB (lfb 136x4MB) SWAP 473/5858MB (cached 0MB) CPU [11%@1510,0%@1510,84%@1510,0%@1510,2%@729,0%@729] GR3D_FREQ 0% cpu@52.718C soc2@51.312C soc0@49.875C gpu@51.937C tj@52.718C soc1@51.312C VDD_IN 5793mW/5838mW VDD_CPU_GPU_CV 1188mW/1228mW VDD_SOC 1547mW/1547mW
10-08-2026 21:21:54 RAM 2869/7620MB (lfb 136x4MB) SWAP 473/5858MB (cached 0MB) CPU [1%@1510,0%@1510,98%@1510,1%@1510,1%@729,1%@729] GR3D_FREQ 0% cpu@52.812C soc2@51.312C soc0@49.656C gpu@51.937C tj@52.812C soc1@51.281C VDD_IN 5832mW/5836mW VDD_CPU_GPU_CV 1188mW/1214mW VDD_SOC 1547mW/1547mW
10-08-2026 21:21:55 RAM 2895/7620MB (lfb 136x4MB) SWAP 473/5858MB (cached 0MB) CPU [2%@1510,0%@1510,95%@1510,1%@1510,0%@729,0%@729] GR3D_FREQ 0% cpu@52.562C soc2@51.406C soc0@49.625C gpu@51.906C tj@52.562C soc1@51.375C VDD_IN 5793mW/5825mW VDD_CPU_GPU_CV 1188mW/1208mW VDD_SOC 1547mW/1547mW
10-08-2026 21:21:56 RAM 2914/7620MB (lfb 136x4MB) SWAP 473/5858MB (cached 0MB) CPU [5%@1510,63%@1510,12%@1510,5%@1510,5%@729,1%@729] GR3D_FREQ 0% cpu@53.031C soc2@51.25C soc0@49.687C gpu@52.25C tj@52.875C soc1@51.375C VDD_IN 5753mW/5811mW VDD_CPU_GPU_CV 1109mW/1188mW VDD_SOC 1547mW/1547mW
10-08-2026 21:21:57 RAM 2947/7620MB (lfb 136x4MB) SWAP 473/5858MB (cached 0MB) CPU [2%@1510,7%@1510,90%@1510,0%@1510,0%@729,1%@729] GR3D_FREQ 0% cpu@52.531C soc2@51.218C soc0@49.718C gpu@52.281C tj@52.531C soc1@51.437C VDD_IN 5832mW/5814mW VDD_CPU_GPU_CV 1148mW/1181mW VDD_SOC 1545mW/1547mW
10-08-2026 21:21:58 RAM 2969/7620MB (lfb 136x4MB) SWAP 473/5858MB (cached 0MB) CPU [2%@1510,0%@1510,95%@1510,1%@1510,1%@729,0%@729] GR3D_FREQ 0% cpu@52.625C soc2@51.218C soc0@49.718C gpu@52.281C tj@52.625C soc1@51.25C VDD_IN 5832mW/5817mW VDD_CPU_GPU_CV 1188mW/1182mW VDD_SOC 1547mW/1547mW
10-08-2026 21:21:59 RAM 2993/7620MB (lfb 136x4MB) SWAP 473/5858MB (cached 0MB) CPU [3%@1510,0%@1510,92%@1510,1%@1510,1%@729,0%@729] GR3D_FREQ 0% cpu@52.625C soc2@51.187C soc0@49.562C gpu@52.187C tj@52.625C soc1@51.218C VDD_IN 5793mW/5814mW VDD_CPU_GPU_CV 1109mW/1173mW VDD_SOC 1547mW/1547mW
10-08-2026 21:22:00 RAM 3033/7620MB (lfb 136x4MB) SWAP 473/5858MB (cached 0MB) CPU [12%@1510,0%@1510,83%@1510,1%@1510,1%@729,0%@729] GR3D_FREQ 0% cpu@52.5C soc2@51.375C soc0@49.562C gpu@51.75C tj@52.5C soc1@51.343C VDD_IN 5832mW/5816mW VDD_CPU_GPU_CV 1188mW/1175mW VDD_SOC 1545mW/1547mW
10-08-2026 21:22:01 RAM 3047/7620MB (lfb 136x4MB) SWAP 473/5858MB (cached 0MB) CPU [94%@1344,2%@1344,0%@1344,0%@1344,0%@729,1%@729] GR3D_FREQ 0% cpu@52.531C soc2@51.218C soc0@49.687C gpu@51.906C tj@52.531C soc1@51.312C VDD_IN 5753mW/5810mW VDD_CPU_GPU_CV 1109mW/1168mW VDD_SOC 1547mW/1547mW
10-08-2026 21:22:02 RAM 3052/7620MB (lfb 136x4MB) SWAP 473/5858MB (cached 0MB) CPU [12%@1510,13%@1510,3%@1510,3%@1510,2%@960,4%@960] GR3D_FREQ 0% cpu@52.312C soc2@51.093C soc0@49.625C gpu@51.843C tj@52.468C soc1@51.406C VDD_IN 5374mW/5770mW VDD_CPU_GPU_CV 794mW/1134mW VDD_SOC 1550mW/1547mW
10-08-2026 21:22:03 RAM 3063/7620MB (lfb 136x4MB) SWAP 473/5858MB (cached 0MB) CPU [20%@1510,18%@1510,26%@1510,28%@1510,19%@1510,16%@1510] GR3D_FREQ 38% cpu@52.406C soc2@51.156C soc0@49.593C gpu@51.812C tj@52.406C soc1@51.156C VDD_IN 5612mW/5757mW VDD_CPU_GPU_CV 914mW/1116mW VDD_SOC 1592mW/1551mW
10-08-2026 21:22:04 RAM 3063/7620MB (lfb 136x4MB) SWAP 473/5858MB (cached 0MB) CPU [15%@1510,11%@1510,7%@1510,9%@1510,7%@729,8%@729] GR3D_FREQ 11% cpu@52.375C soc2@51.062C soc0@49.468C gpu@51.593C tj@52.375C soc1@51.187C VDD_IN 5231mW/5716mW VDD_CPU_GPU_CV 677mW/1082mW VDD_SOC 1555mW/1551mW
10-08-2026 21:22:05 RAM 3063/7620MB (lfb 136x4MB) SWAP 473/5858MB (cached 0MB) CPU [14%@1510,13%@1510,7%@1510,6%@1510,6%@729,5%@729] GR3D_FREQ 0% cpu@52.218C soc2@50.968C soc0@49.531C gpu@51.562C tj@52.218C soc1@51.218C VDD_IN 5191mW/5679mW VDD_CPU_GPU_CV 637mW/1050mW VDD_SOC 1515mW/1548mW
10-08-2026 21:22:06 RAM 3065/7620MB (lfb 136x4MB) SWAP 472/5858MB (cached 0MB) CPU [7%@729,5%@729,13%@729,17%@729,6%@729,8%@729] GR3D_FREQ 0% cpu@52.156C soc2@50.937C soc0@49.531C gpu@51.625C tj@52.156C soc1@51.031C VDD_IN 5191mW/5646mW VDD_CPU_GPU_CV 677mW/1025mW VDD_SOC 1557mW/1549mW
10-08-2026 21:22:07 RAM 3174/7620MB (lfb 119x4MB) SWAP 472/5858MB (cached 0MB) CPU [23%@1420,26%@1420,23%@1420,43%@1420,20%@960,20%@960] GR3D_FREQ 0% cpu@52.625C soc2@51.031C soc0@49.343C gpu@51.75C tj@52.625C soc1@51.093C VDD_IN 5882mW/5661mW VDD_CPU_GPU_CV 1230mW/1038mW VDD_SOC 1550mW/1549mW
10-08-2026 21:22:08 RAM 3197/7620MB (lfb 119x4MB) SWAP 472/5858MB (cached 0MB) CPU [52%@1190,58%@1190,46%@1190,35%@1190,44%@729,43%@729] GR3D_FREQ 33% cpu@52.718C soc2@50.937C soc0@49.343C gpu@51.875C tj@52.718C soc1@51.218C VDD_IN 6110mW/5687mW VDD_CPU_GPU_CV 1346mW/1056mW VDD_SOC 1587mW/1551mW
10-08-2026 21:22:09 RAM 3212/7620MB (lfb 121x4MB) SWAP 472/5858MB (cached 0MB) CPU [47%@1510,58%@1510,44%@1510,44%@1510,47%@1190,55%@1190] GR3D_FREQ 39% cpu@52.718C soc2@51.218C soc0@49.5C gpu@51.687C tj@52.718C soc1@51.25C VDD_IN 6547mW/5735mW VDD_CPU_GPU_CV 1861mW/1101mW VDD_SOC 1584mW/1553mW
10-08-2026 21:22:10 RAM 3437/7620MB (lfb 80x4MB) SWAP 472/5858MB (cached 0MB) CPU [39%@1510,39%@1510,21%@1510,52%@1510,20%@729,19%@729] GR3D_FREQ 34% cpu@52.5C soc2@51.125C soc0@49.531C gpu@51.656C tj@52.5C soc1@51.156C VDD_IN 6348mW/5767mW VDD_CPU_GPU_CV 1386mW/1116mW VDD_SOC 1706mW/1561mW
10-08-2026 21:22:11 RAM 4337/7620MB (lfb 25x4MB) SWAP 472/5858MB (cached 0MB) CPU [18%@1510,16%@1510,9%@1510,8%@1510,76%@1510,14%@1510] GR3D_FREQ 0% cpu@52.875C soc2@51.125C soc0@49.343C gpu@51.687C tj@52.875C soc1@51.093C VDD_IN 6269mW/5793mW VDD_CPU_GPU_CV 1267mW/1124mW VDD_SOC 1706mW/1568mW
10-08-2026 21:22:12 RAM 4572/7620MB (lfb 66x1MB) SWAP 472/5858MB (cached 0MB) CPU [6%@1510,7%@1510,7%@1510,6%@1510,16%@1510,87%@1510] GR3D_FREQ 0% cpu@52.468C soc2@51C soc0@49.375C gpu@51.812C tj@52.468C soc1@51.125C VDD_IN 5991mW/5802mW VDD_CPU_GPU_CV 1307mW/1132mW VDD_SOC 1584mW/1569mW
10-08-2026 21:22:13 RAM 4562/7620MB (lfb 47x1MB) SWAP 472/5858MB (cached 0MB) CPU [6%@729,11%@729,10%@729,6%@729,6%@1510,99%@1510] GR3D_FREQ 0% cpu@52.468C soc2@50.968C soc0@49.406C gpu@51.812C tj@52.468C soc1@51.125C VDD_IN 5872mW/5805mW VDD_CPU_GPU_CV 1228mW/1137mW VDD_SOC 1545mW/1568mW
10-08-2026 21:22:14 RAM 4565/7620MB (lfb 46x1MB) SWAP 472/5858MB (cached 0MB) CPU [8%@729,5%@729,11%@729,10%@729,4%@1510,100%@1510] GR3D_FREQ 0% cpu@52.562C soc2@50.968C soc0@49.437C gpu@51.875C tj@52.562C soc1@51.031C VDD_IN 5832mW/5806mW VDD_CPU_GPU_CV 1228mW/1141mW VDD_SOC 1545mW/1567mW
10-08-2026 21:22:15 RAM 4565/7620MB (lfb 46x1MB) SWAP 472/5858MB (cached 0MB) CPU [8%@729,5%@729,7%@729,8%@729,4%@1510,100%@1510] GR3D_FREQ 0% cpu@52.687C soc2@51C soc0@49.312C gpu@51.593C tj@52.687C soc1@51.062C VDD_IN 5832mW/5807mW VDD_CPU_GPU_CV 1228mW/1144mW VDD_SOC 1545mW/1566mW
10-08-2026 21:22:16 RAM 4565/7620MB (lfb 46x1MB) SWAP 472/5858MB (cached 0MB) CPU [8%@729,11%@729,6%@729,9%@729,5%@1510,100%@1510] GR3D_FREQ 37% cpu@52.531C soc2@50.906C soc0@49.281C gpu@51.625C tj@52.375C soc1@51C VDD_IN 5832mW/5808mW VDD_CPU_GPU_CV 1228mW/1148mW VDD_SOC 1545mW/1565mW
10-08-2026 21:22:17 RAM 4500/7620MB (lfb 46x1MB) SWAP 472/5858MB (cached 0MB) CPU [11%@1510,9%@1510,17%@1510,13%@1510,5%@1510,100%@1510] GR3D_FREQ 32% cpu@52.406C soc2@50.968C soc0@49.406C gpu@51.812C tj@52.406C soc1@51.093C VDD_IN 5991mW/5815mW VDD_CPU_GPU_CV 1346mW/1155mW VDD_SOC 1545mW/1565mW
10-08-2026 21:22:18 RAM 4529/7620MB (lfb 53x1MB) SWAP 472/5858MB (cached 0MB) CPU [9%@1510,17%@1510,11%@1510,14%@1510,6%@1510,99%@1510] GR3D_FREQ 0% cpu@52.468C soc2@50.937C soc0@49.406C gpu@51.906C tj@52.468C soc1@51.062C VDD_IN 5991mW/5822mW VDD_CPU_GPU_CV 1346mW/1162mW VDD_SOC 1545mW/1564mW
10-08-2026 21:22:19 RAM 4607/7620MB (lfb 69x1MB) SWAP 472/5858MB (cached 0MB) CPU [11%@1510,9%@1510,14%@1510,10%@1510,4%@1510,99%@1510] GR3D_FREQ 0% cpu@52.531C soc2@50.968C soc0@49.281C gpu@51.843C tj@52.531C soc1@51.031C VDD_IN 5991mW/5828mW VDD_CPU_GPU_CV 1346mW/1169mW VDD_SOC 1545mW/1563mW
10-08-2026 21:22:20 RAM 4723/7620MB (lfb 113x1MB) SWAP 472/5858MB (cached 0MB) CPU [11%@1510,9%@1510,10%@1510,18%@1510,2%@1510,100%@1510] GR3D_FREQ 0% cpu@52.687C soc2@50.968C soc0@49.312C gpu@51.937C tj@52.687C soc1@51.031C VDD_IN 5991mW/5834mW VDD_CPU_GPU_CV 1346mW/1175mW VDD_SOC 1545mW/1562mW
10-08-2026 21:22:21 RAM 4866/7620MB (lfb 121x1MB) SWAP 472/5858MB (cached 0MB) CPU [12%@1510,17%@1510,10%@1510,12%@1510,2%@1510,99%@1510] GR3D_FREQ 0% cpu@52.343C soc2@50.937C soc0@49.343C gpu@51.656C tj@52.343C soc1@51.156C VDD_IN 6031mW/5840mW VDD_CPU_GPU_CV 1386mW/1182mW VDD_SOC 1545mW/1562mW
10-08-2026 21:22:22 RAM 4995/7620MB (lfb 127x1MB) SWAP 472/5858MB (cached 0MB) CPU [10%@729,17%@729,14%@729,6%@729,4%@1510,100%@1510] GR3D_FREQ 26% cpu@52.437C soc2@50.906C soc0@49.437C gpu@51.593C tj@52.437C soc1@50.968C VDD_IN 6031mW/5846mW VDD_CPU_GPU_CV 1386mW/1189mW VDD_SOC 1547mW/1561mW
10-08-2026 21:22:23 RAM 5107/7620MB (lfb 127x1MB) SWAP 472/5858MB (cached 0MB) CPU [23%@1036,22%@1036,22%@1036,22%@1036,20%@1510,94%@1510] GR3D_FREQ 28% cpu@52.937C soc2@51C soc0@49.25C gpu@51.875C tj@52.937C soc1@51C VDD_IN 6705mW/5873mW VDD_CPU_GPU_CV 1663mW/1203mW VDD_SOC 1706mW/1566mW
10-08-2026 21:22:24 RAM 3697/7620MB (lfb 55x4MB) SWAP 472/5858MB (cached 0MB) CPU [13%@1510,13%@1510,13%@1510,15%@1510,15%@1510,85%@1510] GR3D_FREQ 55% cpu@52.437C soc2@50.875C soc0@49.406C gpu@51.687C tj@52.375C soc1@51.093C VDD_IN 6547mW/5894mW VDD_CPU_GPU_CV 1307mW/1207mW VDD_SOC 1782mW/1572mW
10-08-2026 21:22:25 RAM 4129/7620MB (lfb 55x4MB) SWAP 472/5858MB (cached 0MB) CPU [44%@960,50%@960,37%@960,38%@960,32%@1113,51%@1113] GR3D_FREQ 1% cpu@52.656C soc2@51.062C soc0@49.468C gpu@51.718C tj@52.656C soc1@51.281C VDD_IN 6824mW/5921mW VDD_CPU_GPU_CV 1782mW/1223mW VDD_SOC 1703mW/1576mW
10-08-2026 21:22:26 RAM 4148/7620MB (lfb 55x4MB) SWAP 472/5858MB (cached 0MB) CPU [33%@806,35%@806,43%@806,54%@806,42%@729,52%@729] GR3D_FREQ 0% cpu@52.75C soc2@51.062C soc0@49.25C gpu@51.687C tj@52.75C soc1@51.031C VDD_IN 6507mW/5938mW VDD_CPU_GPU_CV 1545mW/1233mW VDD_SOC 1666mW/1579mW
10-08-2026 21:22:27 RAM 4254/7620MB (lfb 55x4MB) SWAP 472/5858MB (cached 0MB) CPU [51%@1510,57%@1510,68%@1510,72%@1510,69%@1510,71%@1510] GR3D_FREQ 0% cpu@53.375C soc2@51.437C soc0@49.375C gpu@52.156C tj@53.375C soc1@51.093C VDD_IN 8332mW/6004mW VDD_CPU_GPU_CV 2931mW/1280mW VDD_SOC 1785mW/1585mW
10-08-2026 21:22:28 RAM 4319/7620MB (lfb 55x4MB) SWAP 472/5858MB (cached 0MB) CPU [66%@1510,66%@1510,71%@1510,64%@1510,74%@1113,68%@1113] GR3D_FREQ 1% cpu@53.125C soc2@51.343C soc0@49.531C gpu@52.312C tj@53.125C soc1@51.156C VDD_IN 8134mW/6062mW VDD_CPU_GPU_CV 2808mW/1321mW VDD_SOC 1785mW/1590mW
10-08-2026 21:22:29 RAM 4751/7620MB (lfb 24x4MB) SWAP 472/5858MB (cached 0MB) CPU [76%@1510,83%@1510,75%@1510,71%@1510,81%@1510,74%@1510] GR3D_FREQ 35% cpu@53.781C soc2@51.906C soc0@49.531C gpu@52.187C tj@53.781C soc1@51.25C VDD_IN 9840mW/6161mW VDD_CPU_GPU_CV 3836mW/1387mW VDD_SOC 2020mW/1601mW
10-08-2026 21:22:30 RAM 4876/7620MB (lfb 21x4MB) SWAP 472/5858MB (cached 0MB) CPU [60%@1267,69%@1267,69%@1267,65%@1267,74%@1420,54%@1420] GR3D_FREQ 89% cpu@53.656C soc2@51.656C soc0@49.718C gpu@52.625C tj@53.656C soc1@51.375C VDD_IN 9245mW/6240mW VDD_CPU_GPU_CV 3322mW/1437mW VDD_SOC 1980mW/1611mW
10-08-2026 21:22:31 RAM 4976/7620MB (lfb 22x4MB) SWAP 472/5858MB (cached 0MB) CPU [62%@1510,42%@1510,63%@1510,38%@1510,81%@1510,57%@1510] GR3D_FREQ 71% cpu@53.062C soc2@51.718C soc0@49.937C gpu@52.625C tj@53.062C soc1@51.5C VDD_IN 8928mW/6307mW VDD_CPU_GPU_CV 3045mW/1477mW VDD_SOC 1980mW/1620mW
10-08-2026 21:22:32 RAM 5441/7620MB (lfb 15x2MB) SWAP 472/5858MB (cached 0MB) CPU [45%@1510,56%@1510,65%@1510,43%@1510,64%@1510,44%@1510] GR3D_FREQ 37% cpu@53.937C soc2@51.906C soc0@49.843C gpu@52.312C tj@53.937C soc1@51.375C VDD_IN 9245mW/6379mW VDD_CPU_GPU_CV 3282mW/1521mW VDD_SOC 2020mW/1630mW
10-08-2026 21:22:33 RAM 5515/7620MB (lfb 29x1MB) SWAP 472/5858MB (cached 0MB) CPU [67%@1510,56%@1510,65%@1510,70%@1510,72%@1267,63%@1267] GR3D_FREQ 51% cpu@53.625C soc2@52.031C soc0@50C gpu@52.625C tj@53.562C soc1@51.5C VDD_IN 9364mW/6450mW VDD_CPU_GPU_CV 3441mW/1567mW VDD_SOC 2020mW/1639mW
10-08-2026 21:22:34 RAM 5545/7620MB (lfb 5x1MB) SWAP 472/5858MB (cached 0MB) CPU [28%@1510,45%@1510,36%@1510,77%@1510,40%@1510,42%@1510] GR3D_FREQ 57% cpu@53.375C soc2@51.687C soc0@49.968C gpu@52.625C tj@53.375C soc1@51.625C VDD_IN 7578mW/6476mW VDD_CPU_GPU_CV 2175mW/1581mW VDD_SOC 1822mW/1644mW
10-08-2026 21:22:35 RAM 5431/7620MB (lfb 13x1MB) SWAP 472/5858MB (cached 0MB) CPU [80%@1510,69%@1510,66%@1510,80%@1510,71%@1113,77%@1113] GR3D_FREQ 9% cpu@53.562C soc2@51.781C soc0@50C gpu@52.281C tj@53.562C soc1@51.531C VDD_IN 8610mW/6525mW VDD_CPU_GPU_CV 3005mW/1613mW VDD_SOC 1861mW/1649mW
10-08-2026 21:22:36 RAM 5816/7620MB (lfb 1x1MB) SWAP 472/5858MB (cached 0MB) CPU [64%@1510,38%@1510,39%@1510,54%@1510,41%@729,45%@729] GR3D_FREQ 43% cpu@53.156C soc2@51.656C soc0@49.812C gpu@52.218C tj@53.156C soc1@51.468C VDD_IN 7340mW/6543mW VDD_CPU_GPU_CV 2056mW/1623mW VDD_SOC 1743mW/1651mW
10-08-2026 21:22:37 RAM 5827/7620MB (lfb 6x128kB) SWAP 472/5858MB (cached 0MB) CPU [18%@1510,22%@1510,13%@1510,24%@1510,36%@1420,31%@1420] GR3D_FREQ 57% cpu@53.312C soc2@51.5C soc0@49.843C gpu@52.312C tj@53.312C soc1@51.437C VDD_IN 6824mW/6549mW VDD_CPU_GPU_CV 1624mW/1623mW VDD_SOC 1743mW/1653mW
10-08-2026 21:22:38 RAM 5834/7620MB (lfb 3x128kB) SWAP 472/5858MB (cached 0MB) CPU [57%@1510,19%@1510,20%@1510,17%@1510,11%@729,12%@729] GR3D_FREQ 70% cpu@52.781C soc2@51.562C soc0@50C gpu@52.25C tj@52.781C soc1@51.593C VDD_IN 6785mW/6554mW VDD_CPU_GPU_CV 1584mW/1622mW VDD_SOC 1745mW/1655mW
10-08-2026 21:22:39 RAM 5843/7620MB (lfb 1x512kB) SWAP 472/5858MB (cached 0MB) CPU [16%@1510,35%@1510,27%@1510,13%@1510,19%@729,29%@729] GR3D_FREQ 28% cpu@53.093C soc2@51.5C soc0@49.937C gpu@52.25C tj@53.093C soc1@51.656C VDD_IN 6824mW/6560mW VDD_CPU_GPU_CV 1584mW/1622mW VDD_SOC 1743mW/1656mW
10-08-2026 21:22:40 RAM 5858/7620MB (lfb 1x512kB) SWAP 472/5858MB (cached 0MB) CPU [35%@1510,28%@1510,47%@1510,12%@1510,14%@729,9%@729] GR3D_FREQ 18% cpu@53.062C soc2@51.5C soc0@50C gpu@52.125C tj@53.062C soc1@51.468C VDD_IN 6785mW/6564mW VDD_CPU_GPU_CV 1624mW/1622mW VDD_SOC 1743mW/1658mW
10-08-2026 21:22:41 RAM 5872/7620MB (lfb 1x256kB) SWAP 472/5858MB (cached 0MB) CPU [31%@729,30%@1510,35%@1510,22%@1510,39%@1420,50%@1420] GR3D_FREQ 46% cpu@53.125C soc2@51.687C soc0@49.875C gpu@52.281C tj@53.125C soc1@51.625C VDD_IN 7697mW/6587mW VDD_CPU_GPU_CV 2139mW/1632mW VDD_SOC 1901mW/1663mW
10-08-2026 21:22:42 RAM 5882/7620MB (lfb 13x64kB) SWAP 472/5858MB (cached 0MB) CPU [33%@1510,53%@1510,28%@1510,13%@1510,43%@729,40%@729] GR3D_FREQ 35% cpu@53.281C soc2@51.75C soc0@50.093C gpu@52.281C tj@53.031C soc1@51.656C VDD_IN 7975mW/6614mW VDD_CPU_GPU_CV 2373mW/1647mW VDD_SOC 1901mW/1668mW
10-08-2026 21:22:43 RAM 5870/7620MB (lfb 1x512kB) SWAP 472/5858MB (cached 0MB) CPU [36%@1510,40%@1510,12%@1510,34%@1510,11%@729,11%@729] GR3D_FREQ 57% cpu@53C soc2@51.531C soc0@50.031C gpu@52.343C tj@53C soc1@51.687C VDD_IN 6864mW/6619mW VDD_CPU_GPU_CV 1624mW/1646mW VDD_SOC 1743mW/1669mW
10-08-2026 21:22:44 RAM 5700/7620MB (lfb 6x4MB) SWAP 472/5858MB (cached 0MB) CPU [28%@729,29%@729,35%@729,14%@729,15%@729,10%@729] GR3D_FREQ 28% cpu@52.843C soc2@51.531C soc0@49.781C gpu@52.312C tj@52.843C soc1@51.562C VDD_IN 6200mW/6611mW VDD_CPU_GPU_CV 1269mW/1639mW VDD_SOC 1669mW/1669mW
10-08-2026 21:22:45 RAM 5699/7620MB (lfb 6x4MB) SWAP 472/5858MB (cached 0MB) CPU [12%@1510,11%@1510,9%@1510,15%@1510,11%@729,10%@729] GR3D_FREQ 29% cpu@52.843C soc2@51.343C soc0@49.812C gpu@52.187C tj@52.843C soc1@51.5C VDD_IN 5382mW/6588mW VDD_CPU_GPU_CV 756mW/1623mW VDD_SOC 1552mW/1667mW
10-08-2026 21:22:46 RAM 5699/7620MB (lfb 6x4MB) SWAP 472/5858MB (cached 0MB) CPU [13%@729,14%@729,8%@729,14%@1510,9%@729,13%@729] GR3D_FREQ 10% cpu@52.562C soc2@51.312C soc0@49.812C gpu@51.906C tj@52.562C soc1@51.5C VDD_IN 5302mW/6565mW VDD_CPU_GPU_CV 716mW/1606mW VDD_SOC 1555mW/1665mW
10-08-2026 21:22:47 RAM 5699/7620MB (lfb 6x4MB) SWAP 472/5858MB (cached 0MB) CPU [12%@729,10%@729,9%@729,10%@729,17%@729,12%@729] GR3D_FREQ 0% cpu@52.531C soc2@51.312C soc0@49.812C gpu@51.875C tj@52.531C soc1@51.593C VDD_IN 5302mW/6542mW VDD_CPU_GPU_CV 716mW/1590mW VDD_SOC 1555mW/1663mW
10-08-2026 21:22:48 RAM 5824/7620MB (lfb 5x512kB) SWAP 472/5858MB (cached 0MB) CPU [29%@883,24%@883,32%@883,36%@883,26%@1190,20%@1190] GR3D_FREQ 0% cpu@53.062C soc2@51.437C soc0@49.656C gpu@51.968C tj@53.062C soc1@51.375C VDD_IN 6518mW/6542mW VDD_CPU_GPU_CV 1545mW/1589mW VDD_SOC 1666mW/1663mW
10-08-2026 21:22:49 RAM 5916/7620MB (lfb 2x1MB) SWAP 472/5858MB (cached 0MB) CPU [29%@1510,30%@1510,46%@1510,46%@1510,40%@1510,49%@1510] GR3D_FREQ 38% cpu@53.375C soc2@51.437C soc0@49.812C gpu@52.031C tj@53.375C soc1@51.437C VDD_IN 6586mW/6543mW VDD_CPU_GPU_CV 1624mW/1590mW VDD_SOC 1666mW/1663mW
10-08-2026 21:22:50 RAM 6083/7620MB (lfb 1x1MB) SWAP 472/5858MB (cached 0MB) CPU [63%@1510,73%@1510,61%@1510,78%@1510,83%@806,72%@806] GR3D_FREQ 0% cpu@53.812C soc2@51.687C soc0@49.875C gpu@52.218C tj@53.812C soc1@51.718C VDD_IN 8412mW/6574mW VDD_CPU_GPU_CV 2971mW/1613mW VDD_SOC 1825mW/1666mW
10-08-2026 21:22:51 RAM 6101/7620MB (lfb 1x1MB) SWAP 472/5858MB (cached 0MB) CPU [71%@1510,65%@1510,67%@1510,61%@1510,74%@1510,71%@1510] GR3D_FREQ 38% cpu@53.812C soc2@51.906C soc0@49.812C gpu@52.25C tj@53.812C soc1@51.531C VDD_IN 8451mW/6606mW VDD_CPU_GPU_CV 3010mW/1637mW VDD_SOC 1825mW/1668mW
10-08-2026 21:22:52 RAM 6150/7620MB (lfb 75x128kB) SWAP 472/5858MB (cached 0MB) CPU [81%@1510,86%@1510,81%@1510,79%@1510,72%@1510,75%@1510] GR3D_FREQ 38% cpu@54.218C soc2@51.968C soc0@50C gpu@52.562C tj@54.218C soc1@51.781C VDD_IN 9126mW/6647mW VDD_CPU_GPU_CV 3480mW/1667mW VDD_SOC 1864mW/1672mW
10-08-2026 21:22:53 RAM 6189/7620MB (lfb 3x256kB) SWAP 472/5858MB (cached 0MB) CPU [79%@1510,87%@1510,83%@1510,82%@1510,83%@1344,84%@1344] GR3D_FREQ 42% cpu@54.125C soc2@52.312C soc0@50.062C gpu@52.5C tj@54.125C soc1@51.812C VDD_IN 9721mW/6697mW VDD_CPU_GPU_CV 3836mW/1702mW VDD_SOC 1980mW/1677mW
10-08-2026 21:22:54 RAM 6206/7620MB (lfb 1x1MB) SWAP 476/5858MB (cached 0MB) CPU [57%@1510,62%@1510,59%@1510,41%@1510,55%@729,49%@729] GR3D_FREQ 0% cpu@53.718C soc2@51.968C soc0@50.156C gpu@52.5C tj@53.531C soc1@51.968C VDD_IN 8253mW/6721mW VDD_CPU_GPU_CV 2689mW/1718mW VDD_SOC 1861mW/1680mW
10-08-2026 21:22:55 RAM 6280/7620MB (lfb 6x1MB) SWAP 488/5858MB (cached 0MB) CPU [77%@1510,83%@1510,81%@1510,75%@1510,81%@1510,76%@1510] GR3D_FREQ 2% cpu@54.156C soc2@52.187C soc0@50.187C gpu@52.687C tj@54.156C soc1@51.843C VDD_IN 8610mW/6751mW VDD_CPU_GPU_CV 3085mW/1739mW VDD_SOC 1825mW/1682mW
10-08-2026 21:22:56 RAM 6331/7620MB (lfb 1x1MB) SWAP 488/5858MB (cached 0MB) CPU [73%@1510,72%@1510,57%@1510,64%@1510,83%@1510,58%@1510] GR3D_FREQ 0% cpu@54.593C soc2@52.156C soc0@50.093C gpu@52.781C tj@54.593C soc1@51.937C VDD_IN 8570mW/6779mW VDD_CPU_GPU_CV 3085mW/1760mW VDD_SOC 1825mW/1684mW
10-08-2026 21:22:57 RAM 6374/7620MB (lfb 1x512kB) SWAP 488/5858MB (cached 0MB) CPU [95%@1510,92%@1510,91%@1510,89%@1510,95%@1510,95%@1510] GR3D_FREQ 8% cpu@54.625C soc2@52.281C soc0@50.312C gpu@52.843C tj@54.625C soc1@52.093C VDD_IN 9642mW/6822mW VDD_CPU_GPU_CV 3796mW/1791mW VDD_SOC 1941mW/1688mW
10-08-2026 21:22:58 RAM 6412/7620MB (lfb 2x2MB) SWAP 503/5858MB (cached 0MB) CPU [90%@1510,88%@1510,80%@1510,84%@1510,88%@1510,87%@1510] GR3D_FREQ 7% cpu@54.562C soc2@52.343C soc0@50.187C gpu@52.906C tj@54.562C soc1@51.968C VDD_IN 9205mW/6858mW VDD_CPU_GPU_CV 3520mW/1816mW VDD_SOC 1904mW/1691mW
10-08-2026 21:22:59 RAM 6427/7620MB (lfb 2x2MB) SWAP 503/5858MB (cached 0MB) CPU [90%@1510,91%@1510,91%@1510,84%@1510,88%@1510,94%@1510] GR3D_FREQ 0% cpu@54.875C soc2@52.593C soc0@50.281C gpu@52.687C tj@54.875C soc1@52.031C VDD_IN 9483mW/6896mW VDD_CPU_GPU_CV 3717mW/1844mW VDD_SOC 1944mW/1695mW
10-08-2026 21:23:00 RAM 6439/7620MB (lfb 2x2MB) SWAP 503/5858MB (cached 0MB) CPU [64%@1510,60%@1510,62%@1510,61%@1510,91%@1510,60%@1510] GR3D_FREQ 0% cpu@54.593C soc2@52.312C soc0@50.312C gpu@52.75C tj@54.593C soc1@52.125C VDD_IN 8928mW/6926mW VDD_CPU_GPU_CV 3282mW/1865mW VDD_SOC 1904mW/1698mW
10-08-2026 21:23:01 RAM 6452/7620MB (lfb 2x2MB) SWAP 503/5858MB (cached 0MB) CPU [95%@1510,87%@1510,91%@1510,89%@1510,83%@1510,87%@1510] GR3D_FREQ 0% cpu@54.781C soc2@52.531C soc0@50.5C gpu@53.062C tj@54.781C soc1@52.375C VDD_IN 9523mW/6963mW VDD_CPU_GPU_CV 3717mW/1892mW VDD_SOC 1944mW/1701mW
10-08-2026 21:23:02 RAM 6466/7620MB (lfb 1x2MB) SWAP 503/5858MB (cached 0MB) CPU [91%@1510,85%@1510,88%@1510,88%@1510,90%@1510,83%@1510] GR3D_FREQ 0% cpu@54.812C soc2@52.562C soc0@50.406C gpu@52.812C tj@54.812C soc1@52.156C VDD_IN 9364mW/6997mW VDD_CPU_GPU_CV 3638mW/1916mW VDD_SOC 1904mW/1704mW
10-08-2026 21:23:03 RAM 6486/7620MB (lfb 5x128kB) SWAP 503/5858MB (cached 0MB) CPU [88%@1510,81%@1510,83%@1510,86%@1510,85%@1510,93%@1510] GR3D_FREQ 10% cpu@54.843C soc2@52.593C soc0@50.5C gpu@52.875C tj@54.906C soc1@52.343C VDD_IN 9364mW/7030mW VDD_CPU_GPU_CV 3638mW/1940mW VDD_SOC 1904mW/1707mW
10-08-2026 21:23:04 RAM 6463/7620MB (lfb 1x2MB) SWAP 503/5858MB (cached 0MB) CPU [77%@1510,80%@1510,71%@1510,76%@1510,78%@1510,84%@1510] GR3D_FREQ 0% cpu@54.687C soc2@52.562C soc0@50.656C gpu@53.156C tj@54.906C soc1@52.218C VDD_IN 8888mW/7055mW VDD_CPU_GPU_CV 3282mW/1958mW VDD_SOC 1864mW/1709mW
10-08-2026 21:23:05 RAM 6477/7620MB (lfb 1x2MB) SWAP 503/5858MB (cached 0MB) CPU [86%@1510,96%@1510,89%@1510,79%@1510,91%@1510,94%@1510] GR3D_FREQ 35% cpu@54.968C soc2@52.75C soc0@50.593C gpu@53.156C tj@54.968C soc1@52.406C VDD_IN 9523mW/7088mW VDD_CPU_GPU_CV 3757mW/1983mW VDD_SOC 1944mW/1712mW
10-08-2026 21:23:06 RAM 6479/7620MB (lfb 2x2MB) SWAP 503/5858MB (cached 0MB) CPU [69%@1510,65%@1510,70%@1510,71%@1510,60%@729,61%@729] GR3D_FREQ 0% cpu@54.093C soc2@52.468C soc0@50.5C gpu@52.843C tj@54.093C soc1@52.375C VDD_IN 7459mW/7093mW VDD_CPU_GPU_CV 2254mW/1986mW VDD_SOC 1743mW/1713mW
10-08-2026 21:23:07 RAM 6495/7620MB (lfb 2x256kB) SWAP 503/5858MB (cached 0MB) CPU [32%@1344,30%@1344,48%@1510,43%@1510,45%@1344,46%@1344] GR3D_FREQ 0% cpu@53.843C soc2@52.218C soc0@50.531C gpu@52.687C tj@53.843C soc1@52.25C VDD_IN 6547mW/7086mW VDD_CPU_GPU_CV 1661mW/1982mW VDD_SOC 1663mW/1712mW
10-08-2026 21:23:08 RAM 6250/7620MB (lfb 7x4MB) SWAP 558/5858MB (cached 0MB) CPU [26%@1510,41%@1510,23%@1510,35%@1510,31%@729,26%@729] GR3D_FREQ 36% cpu@53.656C soc2@52C soc0@50.531C gpu@52.875C tj@53.406C soc1@52.187C VDD_IN 5732mW/7069mW VDD_CPU_GPU_CV 1033mW/1970mW VDD_SOC 1592mW/1711mW
10-08-2026 21:23:09 RAM 6250/7620MB (lfb 7x4MB) SWAP 558/5858MB (cached 0MB) CPU [14%@729,12%@729,15%@729,11%@729,9%@729,7%@729] GR3D_FREQ 36% cpu@53.125C soc2@51.875C soc0@50.531C gpu@52.75C tj@53.125C soc1@52.281C VDD_IN 5302mW/7046mW VDD_CPU_GPU_CV 716mW/1954mW VDD_SOC 1555mW/1709mW
10-08-2026 21:23:10 RAM 6254/7620MB (lfb 7x4MB) SWAP 553/5858MB (cached 0MB) CPU [14%@1510,9%@1510,15%@1510,15%@1510,8%@729,7%@729] GR3D_FREQ 37% cpu@53.25C soc2@51.937C soc0@50.25C gpu@52.687C tj@53.25C soc1@52C VDD_IN 5263mW/7023mW VDD_CPU_GPU_CV 716mW/1938mW VDD_SOC 1555mW/1707mW
10-08-2026 21:23:11 RAM 6254/7620MB (lfb 7x4MB) SWAP 553/5858MB (cached 0MB) CPU [14%@1510,12%@1510,8%@1510,9%@1510,7%@729,9%@729] GR3D_FREQ 0% cpu@53.281C soc2@51.781C soc0@50.25C gpu@52.375C tj@53.281C soc1@51.968C VDD_IN 5263mW/7001mW VDD_CPU_GPU_CV 676mW/1922mW VDD_SOC 1555mW/1705mW
10-08-2026 21:23:12 RAM 6254/7620MB (lfb 7x4MB) SWAP 553/5858MB (cached 0MB) CPU [14%@1510,11%@1510,9%@1510,13%@1510,7%@729,7%@729] GR3D_FREQ 0% cpu@53.031C soc2@51.812C soc0@50.343C gpu@52.406C tj@53C soc1@52.093C VDD_IN 5263mW/6980mW VDD_CPU_GPU_CV 716mW/1907mW VDD_SOC 1555mW/1703mW
10-08-2026 21:23:13 RAM 6254/7620MB (lfb 7x4MB) SWAP 553/5858MB (cached 0MB) CPU [11%@1510,9%@1510,10%@1510,13%@1510,9%@729,7%@729] GR3D_FREQ 0% cpu@53C soc2@51.687C soc0@50.343C gpu@52.375C tj@53C soc1@52.062C VDD_IN 5271mW/6959mW VDD_CPU_GPU_CV 677mW/1892mW VDD_SOC 1555mW/1701mW
10-08-2026 21:23:14 RAM 6254/7620MB (lfb 7x4MB) SWAP 553/5858MB (cached 0MB) CPU [15%@729,12%@729,13%@729,10%@1510,7%@729,7%@729] GR3D_FREQ 0% cpu@53.062C soc2@51.656C soc0@50.062C gpu@52.625C tj@53.062C soc1@51.781C VDD_IN 5271mW/6939mW VDD_CPU_GPU_CV 677mW/1878mW VDD_SOC 1555mW/1699mW
10-08-2026 21:23:15 RAM 6254/7620MB (lfb 7x4MB) SWAP 553/5858MB (cached 0MB) CPU [14%@729,11%@729,12%@729,10%@729,8%@729,9%@729] GR3D_FREQ 0% cpu@52.875C soc2@51.562C soc0@50.125C gpu@52.656C tj@52.875C soc1@51.906C VDD_IN 5271mW/6919mW VDD_CPU_GPU_CV 677mW/1863mW VDD_SOC 1555mW/1698mW
10-08-2026 21:23:16 RAM 6254/7620MB (lfb 7x4MB) SWAP 553/5858MB (cached 0MB) CPU [11%@1510,13%@1510,11%@1510,10%@1510,7%@729,9%@729] GR3D_FREQ 0% cpu@52.843C soc2@51.531C soc0@50.125C gpu@52.593C tj@52.843C soc1@51.75C VDD_IN 5271mW/6899mW VDD_CPU_GPU_CV 677mW/1849mW VDD_SOC 1555mW/1696mW
10-08-2026 21:23:17 RAM 6398/7620MB (lfb 1x2MB) SWAP 553/5858MB (cached 0MB) CPU [27%@1510,31%@1510,18%@1510,25%@1510,17%@1344,22%@1344] GR3D_FREQ 10% cpu@53.531C soc2@51.718C soc0@50.187C gpu@52.312C tj@53.531C soc1@51.968C VDD_IN 6438mW/6894mW VDD_CPU_GPU_CV 1507mW/1845mW VDD_SOC 1669mW/1696mW
10-08-2026 21:23:18 RAM 6403/7620MB (lfb 28x1MB) SWAP 553/5858MB (cached 0MB) CPU [23%@729,32%@729,47%@729,26%@729,51%@729,36%@729] GR3D_FREQ 2% cpu@53.468C soc2@51.718C soc0@50C gpu@52.312C tj@53.468C soc1@51.687C VDD_IN 6150mW/6886mW VDD_CPU_GPU_CV 1307mW/1839mW VDD_SOC 1624mW/1695mW
10-08-2026 21:23:19 RAM 6580/7620MB (lfb 4x1MB) SWAP 553/5858MB (cached 0MB) CPU [58%@1510,75%@1510,51%@1510,62%@1510,71%@1510,69%@1510] GR3D_FREQ 1% cpu@54.062C soc2@52.093C soc0@50.093C gpu@52.531C tj@53.906C soc1@51.906C VDD_IN 8055mW/6899mW VDD_CPU_GPU_CV 2729mW/1849mW VDD_SOC 1785mW/1696mW
10-08-2026 21:23:20 RAM 6590/7620MB (lfb 4x1MB) SWAP 553/5858MB (cached 0MB) CPU [74%@1510,61%@1510,65%@1510,62%@1510,75%@1510,69%@1510] GR3D_FREQ 0% cpu@54.125C soc2@52.187C soc0@50.156C gpu@52.437C tj@54.125C soc1@52.031C VDD_IN 8451mW/6916mW VDD_CPU_GPU_CV 3010mW/1862mW VDD_SOC 1825mW/1697mW
10-08-2026 21:23:21 RAM 6621/7620MB (lfb 4x256kB) SWAP 556/5858MB (cached 0MB) CPU [89%@1510,50%@1510,56%@1510,47%@1510,57%@1510,53%@1510] GR3D_FREQ 0% cpu@54.468C soc2@52.312C soc0@50.281C gpu@52.562C tj@54.468C soc1@51.968C VDD_IN 8650mW/6936mW VDD_CPU_GPU_CV 3085mW/1876mW VDD_SOC 1864mW/1699mW
10-08-2026 21:23:22 RAM 6636/7620MB (lfb 5x256kB) SWAP 556/5858MB (cached 0MB) CPU [83%@1510,91%@1510,90%@1510,91%@1510,87%@1510,93%@1510] GR3D_FREQ 0% cpu@54.687C soc2@52.468C soc0@50.218C gpu@52.812C tj@54.468C soc1@52.031C VDD_IN 9364mW/6962mW VDD_CPU_GPU_CV 3638mW/1895mW VDD_SOC 1904mW/1701mW
10-08-2026 21:23:23 RAM 6665/7620MB (lfb 8x1MB) SWAP 589/5858MB (cached 0MB) CPU [93%@1510,91%@1510,95%@1510,96%@1510,92%@1510,94%@1510] GR3D_FREQ 82% cpu@54.906C soc2@52.687C soc0@50.593C gpu@52.875C tj@54.75C soc1@52.25C VDD_IN 10316mW/6999mW VDD_CPU_GPU_CV 4225mW/1921mW VDD_SOC 2060mW/1705mW
10-08-2026 21:23:24 RAM 6799/7620MB (lfb 37x1MB) SWAP 591/5858MB (cached 0MB) CPU [95%@1510,92%@1510,97%@1510,94%@1510,92%@1510,96%@1510] GR3D_FREQ 51% cpu@54.75C soc2@52.625C soc0@50.625C gpu@53.093C tj@54.75C soc1@52.281C VDD_IN 10435mW/7036mW VDD_CPU_GPU_CV 4225mW/1945mW VDD_SOC 2060mW/1709mW
10-08-2026 21:23:25 RAM 6850/7620MB (lfb 10x1MB) SWAP 591/5858MB (cached 0MB) CPU [95%@1510,98%@1510,95%@1510,92%@1510,95%@1510,91%@1510] GR3D_FREQ 48% cpu@54.906C soc2@52.875C soc0@50.781C gpu@53.218C tj@54.906C soc1@52.281C VDD_IN 10498mW/7072mW VDD_CPU_GPU_CV 4343mW/1971mW VDD_SOC 2020mW/1712mW
10-08-2026 21:23:27 RAM 6446/7620MB (lfb 1x4MB) SWAP 591/5858MB (cached 0MB) CPU [92%@1510,90%@1510,88%@1510,94%@1510,86%@1510,90%@1510] GR3D_FREQ 28% cpu@55.031C soc2@52.875C soc0@50.718C gpu@53.125C tj@55.031C soc1@52.375C VDD_IN 10158mW/7105mW VDD_CPU_GPU_CV 4146mW/1994mW VDD_SOC 1980mW/1715mW
10-08-2026 21:23:28 RAM 6551/7620MB (lfb 12x1MB) SWAP 591/5858MB (cached 0MB) CPU [95%@1510,93%@1510,94%@1510,94%@1510,92%@1510,94%@1510] GR3D_FREQ 47% cpu@55.031C soc2@52.937C soc0@50.781C gpu@53.375C tj@55.031C soc1@52.5C VDD_IN 10396mW/7139mW VDD_CPU_GPU_CV 4264mW/2018mW VDD_SOC 2020mW/1718mW
10-08-2026 21:23:29 RAM 6638/7620MB (lfb 12x1MB) SWAP 591/5858MB (cached 0MB) CPU [95%@1510,89%@1510,97%@1510,95%@1510,92%@1510,91%@1510] GR3D_FREQ 32% cpu@55.125C soc2@53.156C soc0@51.031C gpu@53.406C tj@55.125C soc1@52.5C VDD_IN 10396mW/7173mW VDD_CPU_GPU_CV 4264mW/2041mW VDD_SOC 2020mW/1722mW
10-08-2026 21:23:30 RAM 6673/7620MB (lfb 12x1MB) SWAP 591/5858MB (cached 0MB) CPU [96%@1510,94%@1510,92%@1510,95%@1510,93%@1510,94%@1510] GR3D_FREQ 69% cpu@55.25C soc2@53.281C soc0@50.875C gpu@53.312C tj@55.25C soc1@52.531C VDD_IN 10118mW/7203mW VDD_CPU_GPU_CV 4113mW/2062mW VDD_SOC 1980mW/1724mW
10-08-2026 21:23:31 RAM 6753/7620MB (lfb 12x1MB) SWAP 591/5858MB (cached 0MB) CPU [93%@1510,95%@1510,92%@1510,96%@1510,97%@1510,95%@1510] GR3D_FREQ 12% cpu@55.5C soc2@53.062C soc0@51C gpu@53.281C tj@55.5C soc1@52.718C VDD_IN 10277mW/7234mW VDD_CPU_GPU_CV 4185mW/2083mW VDD_SOC 1980mW/1727mW
10-08-2026 21:23:32 RAM 6838/7620MB (lfb 1x512kB) SWAP 591/5858MB (cached 0MB) CPU [93%@1510,95%@1510,93%@1510,89%@1510,92%@1510,92%@1510] GR3D_FREQ 2% cpu@55.406C soc2@53.187C soc0@51.187C gpu@53.437C tj@55.406C soc1@52.843C VDD_IN 10498mW/7267mW VDD_CPU_GPU_CV 4304mW/2105mW VDD_SOC 2020mW/1730mW
10-08-2026 21:23:33 RAM 6895/7620MB (lfb 1x512kB) SWAP 591/5858MB (cached 0MB) CPU [90%@1510,93%@1510,91%@1510,93%@1510,93%@1510,95%@1510] GR3D_FREQ 39% cpu@55.468C soc2@53.406C soc0@51.281C gpu@53.656C tj@55.468C soc1@52.781C VDD_IN 10577mW/7299mW VDD_CPU_GPU_CV 4383mW/2128mW VDD_SOC 2020mW/1733mW
10-08-2026 21:23:34 RAM 6895/7620MB (lfb 1x512kB) SWAP 591/5858MB (cached 0MB) CPU [56%@1510,55%@1510,60%@1510,95%@1510,63%@1510,57%@1510] GR3D_FREQ 63% cpu@55.281C soc2@53.156C soc0@51.187C gpu@53.562C tj@55.281C soc1@52.656C VDD_IN 8451mW/7311mW VDD_CPU_GPU_CV 2887mW/2135mW VDD_SOC 1782mW/1733mW
10-08-2026 21:23:35 RAM 6609/7620MB (lfb 19x1MB) SWAP 591/5858MB (cached 0MB) CPU [87%@1510,96%@1510,87%@1510,80%@1510,95%@1497,88%@1497] GR3D_FREQ 33% cpu@55.312C soc2@53.187C soc0@51.156C gpu@53.593C tj@55.312C soc1@52.906C VDD_IN 9681mW/7334mW VDD_CPU_GPU_CV 3796mW/2152mW VDD_SOC 1901mW/1735mW
10-08-2026 21:23:36 RAM 6654/7620MB (lfb 4x2MB) SWAP 591/5858MB (cached 0MB) CPU [85%@1510,71%@1510,77%@1510,89%@1510,73%@1510,83%@1510] GR3D_FREQ 81% cpu@55.031C soc2@53.312C soc0@51.468C gpu@53.656C tj@55.031C soc1@53.062C VDD_IN 9824mW/7358mW VDD_CPU_GPU_CV 3830mW/2168mW VDD_SOC 1980mW/1737mW
10-08-2026 21:23:37 RAM 6835/7620MB (lfb 28x1MB) SWAP 591/5858MB (cached 0MB) CPU [74%@1510,72%@1510,67%@1510,82%@1510,76%@1510,78%@1510] GR3D_FREQ 37% cpu@55.5C soc2@53.343C soc0@51.5C gpu@53.593C tj@55.5C soc1@52.875C VDD_IN 10102mW/7384mW VDD_CPU_GPU_CV 3988mW/2185mW VDD_SOC 2020mW/1740mW
10-08-2026 21:23:38 RAM 6938/7620MB (lfb 20x1MB) SWAP 591/5858MB (cached 0MB) CPU [90%@1510,89%@1510,87%@1510,92%@1510,92%@1510,80%@1510] GR3D_FREQ 72% cpu@55.687C soc2@53.687C soc0@51.406C gpu@53.906C tj@55.687C soc1@52.968C VDD_IN 10379mW/7412mW VDD_CPU_GPU_CV 4225mW/2204mW VDD_SOC 2060mW/1743mW
10-08-2026 21:23:39 RAM 6959/7620MB (lfb 4x2MB) SWAP 591/5858MB (cached 0MB) CPU [76%@1510,75%@1510,85%@1510,84%@1510,80%@1510,81%@1510] GR3D_FREQ 46% cpu@55.437C soc2@53.437C soc0@51.5C gpu@53.937C tj@55.437C soc1@53C VDD_IN 10181mW/7438mW VDD_CPU_GPU_CV 4067mW/2222mW VDD_SOC 2020mW/1745mW
10-08-2026 21:23:40 RAM 6836/7620MB (lfb 10x2MB) SWAP 591/5858MB (cached 0MB) CPU [85%@1510,84%@1510,92%@1510,87%@1510,87%@1420,86%@1420] GR3D_FREQ 51% cpu@55.343C soc2@53.656C soc0@51.562C gpu@54.031C tj@55.343C soc1@53.187C VDD_IN 10181mW/7463mW VDD_CPU_GPU_CV 4067mW/2239mW VDD_SOC 2020mW/1748mW
10-08-2026 21:23:41 RAM 6964/7620MB (lfb 36x1MB) SWAP 591/5858MB (cached 0MB) CPU [65%@1510,69%@1510,78%@1510,82%@1510,83%@1190,74%@1190] GR3D_FREQ 24% cpu@55.718C soc2@53.656C soc0@51.5C gpu@53.968C tj@55.718C soc1@53.031C VDD_IN 10220mW/7489mW VDD_CPU_GPU_CV 4067mW/2256mW VDD_SOC 2020mW/1750mW
10-08-2026 21:23:42 RAM 7041/7620MB (lfb 6x1MB) SWAP 591/5858MB (cached 0MB) CPU [78%@1510,78%@1510,90%@1510,83%@1510,78%@1036,80%@1036] GR3D_FREQ 67% cpu@55.375C soc2@53.625C soc0@51.718C gpu@53.906C tj@55.375C soc1@53.218C VDD_IN 9943mW/7511mW VDD_CPU_GPU_CV 3909mW/2271mW VDD_SOC 2020mW/1753mW
10-08-2026 21:23:43 RAM 6634/7620MB (lfb 23x1MB) SWAP 591/5858MB (cached 0MB) CPU [80%@1510,86%@1510,73%@1510,74%@1510,70%@1510,77%@1510] GR3D_FREQ 48% cpu@55.687C soc2@53.812C soc0@51.781C gpu@53.937C tj@55.687C soc1@53.125C VDD_IN 9943mW/7533mW VDD_CPU_GPU_CV 3948mW/2286mW VDD_SOC 1980mW/1755mW
10-08-2026 21:23:44 RAM 6770/7620MB (lfb 37x1MB) SWAP 591/5858MB (cached 0MB) CPU [80%@1510,82%@1510,77%@1510,87%@1510,75%@1344,85%@1344] GR3D_FREQ 58% cpu@55.468C soc2@53.812C soc0@51.687C gpu@53.937C tj@55.468C soc1@53.25C VDD_IN 9943mW/7554mW VDD_CPU_GPU_CV 3869mW/2300mW VDD_SOC 2020mW/1757mW
10-08-2026 21:23:45 RAM 6940/7620MB (lfb 25x1MB) SWAP 591/5858MB (cached 0MB) CPU [90%@1510,74%@1510,77%@1510,73%@1510,68%@1510,75%@1510] GR3D_FREQ 25% cpu@55.843C soc2@54.031C soc0@51.718C gpu@54.062C tj@55.843C soc1@53.281C VDD_IN 10181mW/7578mW VDD_CPU_GPU_CV 4027mW/2315mW VDD_SOC 2020mW/1760mW
10-08-2026 21:23:46 RAM 6983/7620MB (lfb 22x1MB) SWAP 591/5858MB (cached 0MB) CPU [61%@729,52%@729,56%@729,56%@729,56%@1510,87%@1510] GR3D_FREQ 77% cpu@55.281C soc2@53.812C soc0@51.906C gpu@54.031C tj@55.281C soc1@53.343C VDD_IN 9166mW/7591mW VDD_CPU_GPU_CV 3243mW/2323mW VDD_SOC 1980mW/1761mW
10-08-2026 21:23:47 RAM 7087/7620MB (lfb 22x1MB) SWAP 591/5858MB (cached 0MB) CPU [21%@729,18%@729,28%@729,18%@729,26%@1510,87%@1510] GR3D_FREQ 74% cpu@55.093C soc2@53.562C soc0@51.875C gpu@54C tj@54.875C soc1@53.281C VDD_IN 8253mW/7597mW VDD_CPU_GPU_CV 2610mW/2326mW VDD_SOC 1901mW/1763mW
10-08-2026 21:23:48 RAM 7193/7620MB (lfb 11x512kB) SWAP 590/5858MB (cached 0MB) CPU [33%@1510,39%@1510,22%@1510,12%@1510,36%@806,63%@806] GR3D_FREQ 43% cpu@54.812C soc2@53.656C soc0@51.875C gpu@53.968C tj@54.812C soc1@53.437C VDD_IN 8332mW/7604mW VDD_CPU_GPU_CV 2610mW/2328mW VDD_SOC 1901mW/1764mW
10-08-2026 21:23:49 RAM 7194/7620MB (lfb 11x512kB) SWAP 590/5858MB (cached 0MB) CPU [12%@1510,9%@1510,76%@1510,38%@1510,21%@729,31%@729] GR3D_FREQ 49% cpu@54.75C soc2@53.562C soc0@51.75C gpu@53.781C tj@54.75C soc1@53.187C VDD_IN 8213mW/7609mW VDD_CPU_GPU_CV 2570mW/2330mW VDD_SOC 1861mW/1765mW
10-08-2026 21:23:50 RAM 7202/7620MB (lfb 6x512kB) SWAP 590/5858MB (cached 0MB) CPU [37%@1510,30%@1510,36%@1510,45%@1510,72%@1510,40%@1510] GR3D_FREQ 43% cpu@55.031C soc2@53.562C soc0@51.875C gpu@53.843C tj@55.031C soc1@53.218C VDD_IN 8332mW/7615mW VDD_CPU_GPU_CV 2649mW/2333mW VDD_SOC 1901mW/1766mW
10-08-2026 21:23:51 RAM 7201/7620MB (lfb 6x512kB) SWAP 590/5858MB (cached 0MB) CPU [38%@1510,39%@1510,27%@1510,19%@1510,68%@1510,16%@1510] GR3D_FREQ 47% cpu@54.781C soc2@53.468C soc0@51.906C gpu@53.906C tj@54.781C soc1@53.218C VDD_IN 8451mW/7622mW VDD_CPU_GPU_CV 2689mW/2336mW VDD_SOC 1901mW/1767mW
10-08-2026 21:23:52 RAM 7201/7620MB (lfb 6x512kB) SWAP 590/5858MB (cached 0MB) CPU [22%@729,14%@729,35%@729,30%@729,85%@1510,17%@1510] GR3D_FREQ 33% cpu@54.843C soc2@53.562C soc0@51.937C gpu@54.031C tj@54.843C soc1@53.437C VDD_IN 8293mW/7628mW VDD_CPU_GPU_CV 2610mW/2338mW VDD_SOC 1901mW/1768mW
10-08-2026 21:23:53 RAM 7201/7620MB (lfb 6x512kB) SWAP 590/5858MB (cached 0MB) CPU [14%@1510,39%@1510,12%@1510,30%@1510,26%@1510,68%@1510] GR3D_FREQ 73% cpu@54.968C soc2@53.5C soc0@51.781C gpu@54.093C tj@54.968C soc1@53.218C VDD_IN 8134mW/7632mW VDD_CPU_GPU_CV 2531mW/2340mW VDD_SOC 1861mW/1769mW
10-08-2026 21:23:54 RAM 7170/7620MB (lfb 14x2MB) SWAP 590/5858MB (cached 0MB) CPU [22%@1510,53%@1510,14%@1510,50%@1510,32%@729,35%@729] GR3D_FREQ 79% cpu@55.093C soc2@53.562C soc0@51.812C gpu@54C tj@55.093C soc1@53.25C VDD_IN 8094mW/7635mW VDD_CPU_GPU_CV 2452mW/2341mW VDD_SOC 1861mW/1770mW
10-08-2026 21:23:55 RAM 7184/7620MB (lfb 7x2MB) SWAP 590/5858MB (cached 0MB) CPU [15%@1510,21%@1510,12%@1510,13%@1510,28%@729,63%@729] GR3D_FREQ 42% cpu@54.562C soc2@53.125C soc0@51.718C gpu@53.718C tj@54.562C soc1@53.281C VDD_IN 6666mW/7628mW VDD_CPU_GPU_CV 1505mW/2334mW VDD_SOC 1703mW/1769mW
10-08-2026 21:23:56 RAM 7184/7620MB (lfb 7x2MB) SWAP 590/5858MB (cached 0MB) CPU [23%@1510,10%@1510,60%@1510,6%@1510,2%@729,3%@729] GR3D_FREQ 38% cpu@54.437C soc2@53.156C soc0@51.687C gpu@53.687C tj@54.531C soc1@53.375C VDD_IN 6705mW/7620mW VDD_CPU_GPU_CV 1545mW/2328mW VDD_SOC 1663mW/1768mW
10-08-2026 21:23:57 RAM 7184/7620MB (lfb 7x2MB) SWAP 590/5858MB (cached 0MB) CPU [36%@1510,17%@1510,21%@1510,17%@1510,2%@729,6%@729] GR3D_FREQ 27% cpu@54.562C soc2@53.218C soc0@51.718C gpu@53.625C tj@54.562C soc1@53.062C VDD_IN 6666mW/7613mW VDD_CPU_GPU_CV 1545mW/2321mW VDD_SOC 1663mW/1767mW
10-08-2026 21:23:58 RAM 7184/7620MB (lfb 7x2MB) SWAP 590/5858MB (cached 0MB) CPU [47%@1510,40%@1510,3%@1510,8%@1510,5%@729,2%@729] GR3D_FREQ 32% cpu@54.562C soc2@53.156C soc0@51.531C gpu@53.531C tj@54.562C soc1@53.062C VDD_IN 6705mW/7605mW VDD_CPU_GPU_CV 1545mW/2315mW VDD_SOC 1663mW/1767mW
10-08-2026 21:23:59 RAM 7184/7620MB (lfb 7x2MB) SWAP 590/5858MB (cached 0MB) CPU [25%@1510,55%@1510,14%@1510,5%@1510,9%@729,2%@729] GR3D_FREQ 60% cpu@54.843C soc2@53C soc0@51.593C gpu@53.812C tj@54.843C soc1@53.031C VDD_IN 6745mW/7599mW VDD_CPU_GPU_CV 1584mW/2309mW VDD_SOC 1663mW/1766mW
10-08-2026 21:24:00 RAM 7185/7620MB (lfb 7x2MB) SWAP 590/5858MB (cached 0MB) CPU [14%@1497,67%@1497,10%@1497,8%@1497,7%@729,3%@729] GR3D_FREQ 53% cpu@54.437C soc2@53.062C soc0@51.5C gpu@53.687C tj@54.437C soc1@53.062C VDD_IN 6705mW/7592mW VDD_CPU_GPU_CV 1584mW/2304mW VDD_SOC 1663mW/1765mW
10-08-2026 21:24:01 RAM 7185/7620MB (lfb 7x2MB) SWAP 590/5858MB (cached 0MB) CPU [15%@1510,55%@1510,26%@1510,8%@1510,8%@729,3%@729] GR3D_FREQ 28% cpu@54.562C soc2@53.156C soc0@51.625C gpu@53.656C tj@54.562C soc1@53.187C VDD_IN 6824mW/7586mW VDD_CPU_GPU_CV 1703mW/2299mW VDD_SOC 1663mW/1764mW
10-08-2026 21:24:02 RAM 7198/7620MB (lfb 4x2MB) SWAP 590/5858MB (cached 0MB) CPU [18%@1497,20%@1497,23%@1497,74%@1497,19%@729,42%@729] GR3D_FREQ 51% cpu@54.718C soc2@53.218C soc0@51.562C gpu@53.843C tj@54.718C soc1@53.031C VDD_IN 8055mW/7589mW VDD_CPU_GPU_CV 2452mW/2300mW VDD_SOC 1861mW/1765mW
10-08-2026 21:24:03 RAM 7198/7620MB (lfb 4x2MB) SWAP 590/5858MB (cached 0MB) CPU [13%@1510,22%@1510,69%@1510,8%@1510,28%@729,30%@729] GR3D_FREQ 63% cpu@54.468C soc2@53.187C soc0@51.593C gpu@53.593C tj@54.437C soc1@53.062C VDD_IN 7737mW/7590mW VDD_CPU_GPU_CV 2214mW/2300mW VDD_SOC 1822mW/1765mW
10-08-2026 21:24:04 RAM 6701/7620MB (lfb 6x2MB) SWAP 590/5858MB (cached 0MB) CPU [16%@1510,21%@1510,15%@1510,22%@1510,52%@729,64%@729] GR3D_FREQ 41% cpu@54.562C soc2@53C soc0@51.593C gpu@53.593C tj@54.562C soc1@53.031C VDD_IN 7182mW/7587mW VDD_CPU_GPU_CV 1703mW/2295mW VDD_SOC 1822mW/1766mW
10-08-2026 21:24:05 RAM 6704/7620MB (lfb 6x2MB) SWAP 590/5858MB (cached 0MB) CPU [32%@1510,17%@1510,37%@1510,32%@1510,7%@729,8%@729] GR3D_FREQ 38% cpu@54.375C soc2@53.125C soc0@51.5C gpu@53.531C tj@54.375C soc1@53.156C VDD_IN 6785mW/7581mW VDD_CPU_GPU_CV 1624mW/2290mW VDD_SOC 1706mW/1765mW
10-08-2026 21:24:06 RAM 6704/7620MB (lfb 6x2MB) SWAP 590/5858MB (cached 0MB) CPU [50%@1510,39%@1510,15%@1510,11%@1510,17%@729,13%@729] GR3D_FREQ 39% cpu@54.5C soc2@52.937C soc0@51.406C gpu@53.562C tj@54.5C soc1@52.875C VDD_IN 6824mW/7576mW VDD_CPU_GPU_CV 1624mW/2285mW VDD_SOC 1703mW/1765mW
10-08-2026 21:24:07 RAM 6704/7620MB (lfb 6x2MB) SWAP 590/5858MB (cached 0MB) CPU [37%@729,29%@729,19%@729,14%@729,18%@1510,20%@1510] GR3D_FREQ 40% cpu@54.593C soc2@52.875C soc0@51.312C gpu@53.781C tj@54.593C soc1@52.906C VDD_IN 6824mW/7570mW VDD_CPU_GPU_CV 1624mW/2280mW VDD_SOC 1703mW/1764mW
10-08-2026 21:24:08 RAM 6704/7620MB (lfb 6x2MB) SWAP 590/5858MB (cached 0MB) CPU [19%@1510,19%@1510,14%@1510,14%@1510,11%@1510,81%@1510] GR3D_FREQ 41% cpu@54.25C soc2@52.843C soc0@51.375C gpu@53.687C tj@54.25C soc1@53.031C VDD_IN 6824mW/7565mW VDD_CPU_GPU_CV 1624mW/2275mW VDD_SOC 1706mW/1764mW
10-08-2026 21:24:09 RAM 6704/7620MB (lfb 6x2MB) SWAP 590/5858MB (cached 0MB) CPU [22%@1510,11%@1510,10%@1510,28%@1510,11%@729,61%@729] GR3D_FREQ 64% cpu@54.312C soc2@52.843C soc0@51.375C gpu@53.5C tj@54.312C soc1@53.093C VDD_IN 6824mW/7559mW VDD_CPU_GPU_CV 1624mW/2271mW VDD_SOC 1703mW/1764mW
10-08-2026 21:24:10 RAM 6704/7620MB (lfb 6x2MB) SWAP 590/5858MB (cached 0MB) CPU [24%@1510,15%@1510,40%@1510,28%@1510,6%@729,4%@729] GR3D_FREQ 60% cpu@54.437C soc2@52.875C soc0@51.343C gpu@53.406C tj@54.437C soc1@52.843C VDD_IN 6824mW/7554mW VDD_CPU_GPU_CV 1624mW/2266mW VDD_SOC 1703mW/1763mW
10-08-2026 21:24:11 RAM 6704/7620MB (lfb 6x2MB) SWAP 590/5858MB (cached 0MB) CPU [8%@1510,16%@1510,72%@1510,7%@1510,6%@729,9%@729] GR3D_FREQ 42% cpu@54.156C soc2@52.906C soc0@51.312C gpu@53.468C tj@54.156C soc1@52.875C VDD_IN 6785mW/7548mW VDD_CPU_GPU_CV 1624mW/2261mW VDD_SOC 1703mW/1763mW
10-08-2026 21:24:12 RAM 6704/7620MB (lfb 6x2MB) SWAP 590/5858MB (cached 0MB) CPU [11%@1510,20%@1510,36%@1510,39%@1510,10%@729,11%@729] GR3D_FREQ 40% cpu@54.468C soc2@52.75C soc0@51.218C gpu@53.5C tj@54.468C soc1@52.875C VDD_IN 6824mW/7543mW VDD_CPU_GPU_CV 1624mW/2257mW VDD_SOC 1703mW/1762mW
10-08-2026 21:24:13 RAM 6704/7620MB (lfb 6x2MB) SWAP 590/5858MB (cached 0MB) CPU [29%@1510,56%@1510,7%@1510,8%@1510,10%@729,7%@729] GR3D_FREQ 44% cpu@54.312C soc2@52.781C soc0@51.281C gpu@53.406C tj@54.312C soc1@52.968C VDD_IN 6824mW/7538mW VDD_CPU_GPU_CV 1584mW/2252mW VDD_SOC 1703mW/1762mW
10-08-2026 21:24:14 RAM 6705/7620MB (lfb 6x2MB) SWAP 590/5858MB (cached 0MB) CPU [29%@729,33%@729,8%@1510,17%@1510,9%@1510,18%@1510] GR3D_FREQ 42% cpu@54.25C soc2@52.718C soc0@51.406C gpu@53.156C tj@54.25C soc1@52.781C VDD_IN 6785mW/7533mW VDD_CPU_GPU_CV 1621mW/2248mW VDD_SOC 1703mW/1761mW
10-08-2026 21:24:15 RAM 6704/7620MB (lfb 6x2MB) SWAP 590/5858MB (cached 0MB) CPU [12%@729,10%@729,13%@729,18%@729,5%@1510,78%@1510] GR3D_FREQ 53% cpu@54.312C soc2@52.781C soc0@51.187C gpu@53.156C tj@54.312C soc1@52.656C VDD_IN 6785mW/7527mW VDD_CPU_GPU_CV 1624mW/2243mW VDD_SOC 1703mW/1761mW
10-08-2026 21:24:16 RAM 6689/7620MB (lfb 23x1MB) SWAP 590/5858MB (cached 0MB) CPU [30%@1510,18%@1510,22%@1510,22%@1510,17%@1510,69%@1510] GR3D_FREQ 43% cpu@54.468C soc2@52.718C soc0@51.156C gpu@53.343C tj@54.468C soc1@52.75C VDD_IN 6904mW/7523mW VDD_CPU_GPU_CV 1822mW/2240mW VDD_SOC 1666mW/1760mW
10-08-2026 21:24:17 RAM 6807/7620MB (lfb 41x1MB) SWAP 588/5858MB (cached 0MB) CPU [76%@1510,61%@1510,60%@1510,55%@1510,70%@1497,66%@1497] GR3D_FREQ 54% cpu@54.875C soc2@53.25C soc0@51.468C gpu@53.656C tj@54.875C soc1@52.906C VDD_IN 9205mW/7535mW VDD_CPU_GPU_CV 3401mW/2248mW VDD_SOC 1941mW/1762mW
10-08-2026 21:24:18 RAM 6929/7620MB (lfb 2x2MB) SWAP 587/5858MB (cached 0MB) CPU [69%@1510,65%@1510,65%@1510,57%@1510,69%@1510,70%@1510] GR3D_FREQ 0% cpu@55.062C soc2@53.218C soc0@51.375C gpu@53.656C tj@55.062C soc1@52.937C VDD_IN 9285mW/7547mW VDD_CPU_GPU_CV 3441mW/2256mW VDD_SOC 1941mW/1763mW
10-08-2026 21:24:19 RAM 6940/7620MB (lfb 3x2MB) SWAP 587/5858MB (cached 0MB) CPU [81%@1510,75%@1510,81%@1510,76%@1510,91%@1497,87%@1497] GR3D_FREQ 7% cpu@55.406C soc2@53.375C soc0@51.593C gpu@53.531C tj@55.406C soc1@53.125C VDD_IN 9523mW/7560mW VDD_CPU_GPU_CV 3599mW/2266mW VDD_SOC 1941mW/1764mW
10-08-2026 21:24:20 RAM 6957/7620MB (lfb 3x2MB) SWAP 587/5858MB (cached 0MB) CPU [60%@1510,43%@1510,58%@1510,48%@1510,68%@1190,46%@1190] GR3D_FREQ 24% cpu@55.093C soc2@53.25C soc0@51.375C gpu@53.687C tj@55.093C soc1@52.968C VDD_IN 8015mW/7563mW VDD_CPU_GPU_CV 2531mW/2267mW VDD_SOC 1782mW/1764mW
10-08-2026 21:24:21 RAM 6958/7620MB (lfb 3x2MB) SWAP 587/5858MB (cached 0MB) CPU [39%@1036,36%@1036,31%@1036,25%@1036,39%@1497,60%@1497] GR3D_FREQ 48% cpu@54.875C soc2@53.031C soc0@51.406C gpu@53.625C tj@54.875C soc1@53.062C VDD_IN 7221mW/7561mW VDD_CPU_GPU_CV 1938mW/2265mW VDD_SOC 1703mW/1764mW
10-08-2026 21:24:22 RAM 6958/7620MB (lfb 3x2MB) SWAP 587/5858MB (cached 0MB) CPU [20%@1510,16%@1510,12%@1510,15%@1510,17%@729,69%@729] GR3D_FREQ 48% cpu@54.312C soc2@53C soc0@51.375C gpu@53.531C tj@54.312C soc1@52.937C VDD_IN 6785mW/7556mW VDD_CPU_GPU_CV 1621mW/2261mW VDD_SOC 1703mW/1763mW
10-08-2026 21:24:23 RAM 6958/7620MB (lfb 3x2MB) SWAP 587/5858MB (cached 0MB) CPU [26%@1510,56%@1510,24%@1510,8%@1510,3%@729,7%@729] GR3D_FREQ 36% cpu@54.375C soc2@52.906C soc0@51.312C gpu@53.5C tj@54.375C soc1@53.093C VDD_IN 6785mW/7551mW VDD_CPU_GPU_CV 1624mW/2257mW VDD_SOC 1663mW/1763mW
10-08-2026 21:24:24 RAM 6958/7620MB (lfb 3x2MB) SWAP 587/5858MB (cached 0MB) CPU [34%@1510,43%@1510,17%@1510,9%@1510,1%@1510,7%@1510] GR3D_FREQ 45% cpu@54.25C soc2@52.937C soc0@51.187C gpu@53.562C tj@54.468C soc1@52.75C VDD_IN 6705mW/7545mW VDD_CPU_GPU_CV 1584mW/2252mW VDD_SOC 1663mW/1762mW
10-08-2026 21:24:25 RAM 6958/7620MB (lfb 3x2MB) SWAP 587/5858MB (cached 0MB) CPU [13%@1510,24%@1510,14%@1510,9%@1510,23%@729,47%@729] GR3D_FREQ 29% cpu@54.375C soc2@52.875C soc0@51.218C gpu@53.343C tj@54.375C soc1@52.843C VDD_IN 6745mW/7540mW VDD_CPU_GPU_CV 1624mW/2248mW VDD_SOC 1703mW/1762mW
10-08-2026 21:24:26 RAM 6958/7620MB (lfb 3x2MB) SWAP 587/5858MB (cached 0MB) CPU [37%@1510,52%@1510,14%@1510,12%@1510,4%@729,4%@729] GR3D_FREQ 31% cpu@54.625C soc2@52.781C soc0@51.187C gpu@53.25C tj@54.625C soc1@52.843C VDD_IN 6824mW/7535mW VDD_CPU_GPU_CV 1624mW/2244mW VDD_SOC 1663mW/1761mW
10-08-2026 21:24:27 RAM 6935/7620MB (lfb 6x2MB) SWAP 587/5858MB (cached 0MB) CPU [20%@729,69%@729,11%@729,10%@729,11%@729,4%@729] GR3D_FREQ 30% cpu@54.25C soc2@52.937C soc0@51.281C gpu@53.437C tj@54.25C soc1@52.906C VDD_IN 6904mW/7531mW VDD_CPU_GPU_CV 1743mW/2241mW VDD_SOC 1703mW/1761mW
10-08-2026 21:24:28 RAM 7176/7620MB (lfb 72x512kB) SWAP 587/5858MB (cached 0MB) CPU [49%@1267,60%@1267,40%@1267,62%@1267,60%@1510,59%@1510] GR3D_FREQ 51% cpu@54.718C soc2@53.437C soc0@51.343C gpu@53.437C tj@54.718C soc1@52.843C VDD_IN 8967mW/7540mW VDD_CPU_GPU_CV 3124mW/2246mW VDD_SOC 1941mW/1762mW
10-08-2026 21:24:29 RAM 7234/7620MB (lfb 6x512kB) SWAP 587/5858MB (cached 0MB) CPU [46%@960,55%@960,36%@960,73%@960,48%@1344,67%@1344] GR3D_FREQ 36% cpu@54.562C soc2@53.062C soc0@51.406C gpu@53.562C tj@54.562C soc1@53.031C VDD_IN 8412mW/7546mW VDD_CPU_GPU_CV 2847mW/2250mW VDD_SOC 1861mW/1762mW
10-08-2026 21:24:30 RAM 7234/7620MB (lfb 6x512kB) SWAP 587/5858MB (cached 0MB) CPU [36%@1510,35%@1510,37%@1510,40%@1510,34%@729,34%@729] GR3D_FREQ 31% cpu@54.343C soc2@52.906C soc0@51.25C gpu@53.406C tj@54.343C soc1@53.031C VDD_IN 6269mW/7538mW VDD_CPU_GPU_CV 1426mW/2245mW VDD_SOC 1584mW/1761mW
10-08-2026 21:24:31 RAM 7235/7620MB (lfb 6x512kB) SWAP 587/5858MB (cached 0MB) CPU [34%@1267,30%@1267,29%@1267,39%@1267,45%@729,46%@729] GR3D_FREQ 0% cpu@54.5C soc2@52.812C soc0@51.062C gpu@53.375C tj@54.5C soc1@52.75C VDD_IN 6190mW/7529mW VDD_CPU_GPU_CV 1386mW/2240mW VDD_SOC 1584mW/1760mW
10-08-2026 21:24:32 RAM 7235/7620MB (lfb 6x512kB) SWAP 587/5858MB (cached 0MB) CPU [26%@1510,31%@1510,37%@1510,40%@1510,44%@729,33%@729] GR3D_FREQ 0% cpu@54.062C soc2@52.656C soc0@51.125C gpu@53.093C tj@54.062C soc1@52.781C VDD_IN 6071mW/7520mW VDD_CPU_GPU_CV 1307mW/2234mW VDD_SOC 1545mW/1759mW
10-08-2026 21:24:33 RAM 7235/7620MB (lfb 6x512kB) SWAP 587/5858MB (cached 0MB) CPU [21%@1190,32%@1190,34%@1190,34%@1510,40%@1344,39%@1344] GR3D_FREQ 0% cpu@54.218C soc2@52.625C soc0@51C gpu@53.093C tj@54.218C soc1@52.843C VDD_IN 6071mW/7511mW VDD_CPU_GPU_CV 1307mW/2228mW VDD_SOC 1545mW/1757mW
10-08-2026 21:24:34 RAM 7235/7620MB (lfb 6x512kB) SWAP 587/5858MB (cached 0MB) CPU [20%@1190,16%@1190,42%@1190,46%@1510,40%@729,28%@729] GR3D_FREQ 0% cpu@54.187C soc2@52.593C soc0@50.968C gpu@53.187C tj@54.187C soc1@52.562C VDD_IN 6110mW/7503mW VDD_CPU_GPU_CV 1346mW/2223mW VDD_SOC 1545mW/1756mW
10-08-2026 21:24:35 RAM 7235/7620MB (lfb 6x512kB) SWAP 587/5858MB (cached 0MB) CPU [43%@1036,26%@1036,40%@1036,20%@1036,34%@883,50%@883] GR3D_FREQ 24% cpu@53.968C soc2@52.625C soc0@51.031C gpu@53.25C tj@53.968C soc1@52.625C VDD_IN 6071mW/7494mW VDD_CPU_GPU_CV 1307mW/2217mW VDD_SOC 1545mW/1755mW
10-08-2026 21:24:36 RAM 7235/7620MB (lfb 6x512kB) SWAP 587/5858MB (cached 0MB) CPU [28%@729,33%@729,33%@729,25%@729,24%@960,51%@960] GR3D_FREQ 18% cpu@54.093C soc2@52.406C soc0@50.875C gpu@52.968C tj@54.093C soc1@52.625C VDD_IN 6071mW/7485mW VDD_CPU_GPU_CV 1307mW/2212mW VDD_SOC 1545mW/1754mW
10-08-2026 21:24:37 RAM 7236/7620MB (lfb 6x512kB) SWAP 587/5858MB (cached 0MB) CPU [21%@1267,39%@1510,51%@1510,23%@1510,31%@806,46%@806] GR3D_FREQ 10% cpu@53.906C soc2@52.468C soc0@50.968C gpu@53C tj@53.906C soc1@52.468C VDD_IN 6071mW/7477mW VDD_CPU_GPU_CV 1307mW/2206mW VDD_SOC 1545mW/1752mW
10-08-2026 21:24:38 RAM 7236/7620MB (lfb 6x512kB) SWAP 587/5858MB (cached 0MB) CPU [35%@1113,35%@1113,24%@1113,45%@1113,37%@1267,48%@1267] GR3D_FREQ 10% cpu@54.187C soc2@52.468C soc0@50.781C gpu@53.187C tj@54.187C soc1@52.5C VDD_IN 6110mW/7468mW VDD_CPU_GPU_CV 1346mW/2201mW VDD_SOC 1545mW/1751mW
10-08-2026 21:24:39 RAM 7236/7620MB (lfb 6x512kB) SWAP 587/5858MB (cached 0MB) CPU [29%@1510,42%@1510,30%@1510,41%@1510,45%@729,34%@729] GR3D_FREQ 0% cpu@53.812C soc2@52.375C soc0@50.75C gpu@53.156C tj@53.812C soc1@52.531C VDD_IN 6110mW/7460mW VDD_CPU_GPU_CV 1346mW/2196mW VDD_SOC 1545mW/1750mW
10-08-2026 21:24:40 RAM 7236/7620MB (lfb 6x512kB) SWAP 587/5858MB (cached 0MB) CPU [33%@960,31%@960,37%@960,16%@960,47%@729,56%@729] GR3D_FREQ 0% cpu@53.906C soc2@52.375C soc0@50.781C gpu@52.875C tj@53.906C soc1@52.625C VDD_IN 6110mW/7452mW VDD_CPU_GPU_CV 1346mW/2191mW VDD_SOC 1545mW/1749mW
10-08-2026 21:24:41 RAM 7236/7620MB (lfb 6x512kB) SWAP 587/5858MB (cached 0MB) CPU [23%@1510,41%@1510,39%@1510,32%@1510,18%@729,44%@729] GR3D_FREQ 0% cpu@53.968C soc2@52.312C soc0@50.843C gpu@52.875C tj@53.968C soc1@52.375C VDD_IN 6031mW/7444mW VDD_CPU_GPU_CV 1267mW/2185mW VDD_SOC 1545mW/1747mW
10-08-2026 21:24:42 RAM 7236/7620MB (lfb 6x512kB) SWAP 587/5858MB (cached 0MB) CPU [39%@883,36%@883,42%@1510,33%@1510,31%@806,15%@806] GR3D_FREQ 34% cpu@53.75C soc2@52.5C soc0@50.718C gpu@53.156C tj@53.75C soc1@52.375C VDD_IN 6150mW/7436mW VDD_CPU_GPU_CV 1346mW/2180mW VDD_SOC 1545mW/1746mW
10-08-2026 21:24:43 RAM 7033/7620MB (lfb 2x2MB) SWAP 587/5858MB (cached 0MB) CPU [26%@1420,42%@1420,36%@1420,38%@1420,22%@729,23%@729] GR3D_FREQ 0% cpu@54.031C soc2@52.281C soc0@50.687C gpu@53.156C tj@53.781C soc1@52.343C VDD_IN 5991mW/7428mW VDD_CPU_GPU_CV 1267mW/2175mW VDD_SOC 1545mW/1745mW
10-08-2026 21:24:44 RAM 7066/7620MB (lfb 2x1MB) SWAP 587/5858MB (cached 0MB) CPU [58%@1510,57%@1510,60%@1510,68%@1510,61%@1510,69%@1510] GR3D_FREQ 33% cpu@54.468C soc2@52.687C soc0@50.812C gpu@53.281C tj@54.468C soc1@52.531C VDD_IN 8015mW/7431mW VDD_CPU_GPU_CV 2733mW/2178mW VDD_SOC 1706mW/1745mW
10-08-2026 21:24:45 RAM 7078/7620MB (lfb 1x2MB) SWAP 587/5858MB (cached 0MB) CPU [69%@1190,60%@1190,58%@1190,54%@1190,67%@1510,59%@1510] GR3D_FREQ 0% cpu@54.687C soc2@52.625C soc0@50.656C gpu@53.125C tj@54.687C soc1@52.375C VDD_IN 8055mW/7435mW VDD_CPU_GPU_CV 2773mW/2182mW VDD_SOC 1706mW/1745mW
10-08-2026 21:24:46 RAM 7148/7620MB (lfb 1x1MB) SWAP 587/5858MB (cached 0MB) CPU [77%@1510,72%@1510,57%@1510,70%@1510,77%@1510,67%@1510] GR3D_FREQ 0% cpu@55.062C soc2@52.687C soc0@50.75C gpu@53.062C tj@55.062C soc1@52.531C VDD_IN 8412mW/7440mW VDD_CPU_GPU_CV 3045mW/2187mW VDD_SOC 1745mW/1745mW
10-08-2026 21:24:47 RAM 7216/7620MB (lfb 7x512kB) SWAP 587/5858MB (cached 0MB) CPU [55%@729,57%@1510,52%@1510,59%@1510,56%@1510,89%@1510] GR3D_FREQ 0% cpu@54.062C soc2@52.593C soc0@50.906C gpu@53.406C tj@54.062C soc1@52.656C VDD_IN 7777mW/7442mW VDD_CPU_GPU_CV 2373mW/2188mW VDD_SOC 1743mW/1745mW
10-08-2026 21:24:48 RAM 7256/7620MB (lfb 2042x32kB) SWAP 587/5858MB (cached 0MB) CPU [55%@1510,65%@1510,73%@1510,69%@1510,63%@1510,82%@1510] GR3D_FREQ 44% cpu@54.687C soc2@52.968C soc0@51.187C gpu@53.656C tj@54.687C soc1@52.593C VDD_IN 9468mW/7454mW VDD_CPU_GPU_CV 3520mW/2195mW VDD_SOC 1980mW/1746mW
10-08-2026 21:24:49 RAM 7238/7620MB (lfb 2x1MB) SWAP 610/5858MB (cached 0MB) CPU [78%@1510,75%@1510,84%@1510,76%@1510,79%@1510,84%@1510] GR3D_FREQ 51% cpu@55.187C soc2@53.156C soc0@51.093C gpu@53.437C tj@55.187C soc1@52.656C VDD_IN 10220mW/7469mW VDD_CPU_GPU_CV 4067mW/2206mW VDD_SOC 2020mW/1747mW
10-08-2026 21:24:50 RAM 7251/7620MB (lfb 2002x32kB) SWAP 631/5858MB (cached 0MB) CPU [82%@1510,88%@1510,89%@1510,85%@1510,78%@1510,79%@1510] GR3D_FREQ 70% cpu@55.125C soc2@53.343C soc0@51.343C gpu@53.5C tj@55.125C soc1@52.687C VDD_IN 10260mW/7485mW VDD_CPU_GPU_CV 4146mW/2217mW VDD_SOC 2020mW/1749mW
10-08-2026 21:24:51 RAM 7236/7620MB (lfb 3x128kB) SWAP 632/5858MB (cached 0MB) CPU [67%@1510,81%@1510,66%@1510,76%@1510,74%@1510,71%@1510] GR3D_FREQ 38% cpu@55.312C soc2@53.343C soc0@51.25C gpu@53.968C tj@55.062C soc1@52.906C VDD_IN 10102mW/7500mW VDD_CPU_GPU_CV 3988mW/2227mW VDD_SOC 2020mW/1751mW
10-08-2026 21:24:52 RAM 7233/7620MB (lfb 1x256kB) SWAP 658/5858MB (cached 0MB) CPU [86%@1510,94%@1510,89%@1510,86%@1510,89%@1510,91%@1510] GR3D_FREQ 36% cpu@55.437C soc2@53.468C soc0@51.343C gpu@53.656C tj@55.437C soc1@53.093C VDD_IN 10419mW/7516mW VDD_CPU_GPU_CV 4264mW/2238mW VDD_SOC 2020mW/1752mW
10-08-2026 21:24:53 RAM 7228/7620MB (lfb 1x128kB) SWAP 674/5858MB (cached 0MB) CPU [66%@1510,65%@1510,62%@1510,69%@1510,65%@1510,66%@1510] GR3D_FREQ 49% cpu@55.218C soc2@53.281C soc0@51.312C gpu@53.687C tj@55.218C soc1@52.812C VDD_IN 9824mW/7529mW VDD_CPU_GPU_CV 3751mW/2246mW VDD_SOC 2020mW/1754mW
10-08-2026 21:24:54 RAM 7208/7620MB (lfb 9x512kB) SWAP 692/5858MB (cached 0MB) CPU [80%@1510,72%@1510,87%@1510,82%@1510,89%@1510,88%@1510] GR3D_FREQ 55% cpu@55.218C soc2@53.375C soc0@51.406C gpu@54.093C tj@55.218C soc1@52.937C VDD_IN 10419mW/7545mW VDD_CPU_GPU_CV 4225mW/2257mW VDD_SOC 2060mW/1755mW
10-08-2026 21:24:55 RAM 7249/7620MB (lfb 2008x32kB) SWAP 701/5858MB (cached 0MB) CPU [82%@1510,64%@1510,74%@1510,62%@1510,76%@1510,71%@1510] GR3D_FREQ 74% cpu@55.125C soc2@53.406C soc0@51.468C gpu@54.093C tj@55.125C soc1@53.062C VDD_IN 9745mW/7557mW VDD_CPU_GPU_CV 3751mW/2265mW VDD_SOC 1980mW/1756mW
10-08-2026 21:24:56 RAM 7237/7620MB (lfb 2x64kB) SWAP 706/5858MB (cached 0MB) CPU [36%@1510,46%@1510,39%@1510,63%@1510,41%@729,59%@729] GR3D_FREQ 83% cpu@54.531C soc2@53.281C soc0@51.625C gpu@53.531C tj@54.718C soc1@53.156C VDD_IN 8650mW/7562mW VDD_CPU_GPU_CV 2847mW/2268mW VDD_SOC 1901mW/1757mW
10-08-2026 21:24:57 RAM 7245/7620MB (lfb 2066x32kB) SWAP 714/5858MB (cached 0MB) CPU [29%@1510,48%@1510,21%@1510,53%@1510,16%@729,37%@729] GR3D_FREQ 55% cpu@54.656C soc2@53.281C soc0@51.656C gpu@53.562C tj@54.656C soc1@52.968C VDD_IN 8570mW/7568mW VDD_CPU_GPU_CV 2768mW/2271mW VDD_SOC 1901mW/1758mW
10-08-2026 21:24:58 RAM 7246/7620MB (lfb 2066x32kB) SWAP 714/5858MB (cached 0MB) CPU [20%@1510,33%@1510,27%@1510,12%@1510,10%@1510,82%@1510] GR3D_FREQ 46% cpu@54.593C soc2@53.25C soc0@51.531C gpu@53.656C tj@54.593C soc1@52.937C VDD_IN 8174mW/7571mW VDD_CPU_GPU_CV 2570mW/2273mW VDD_SOC 1861mW/1759mW
10-08-2026 21:24:59 RAM 7247/7620MB (lfb 2065x32kB) SWAP 714/5858MB (cached 0MB) CPU [29%@1510,58%@1510,20%@1510,19%@1510,39%@806,59%@806] GR3D_FREQ 46% cpu@54.5C soc2@53.218C soc0@51.531C gpu@53.718C tj@54.5C soc1@53.031C VDD_IN 8610mW/7577mW VDD_CPU_GPU_CV 2847mW/2276mW VDD_SOC 1941mW/1760mW
10-08-2026 21:25:00 RAM 7247/7620MB (lfb 2053x32kB) SWAP 714/5858MB (cached 0MB) CPU [13%@1510,15%@1510,36%@1510,42%@1510,32%@729,47%@729] GR3D_FREQ 46% cpu@54.406C soc2@53.375C soc0@51.562C gpu@53.656C tj@54.406C soc1@53.093C VDD_IN 8055mW/7579mW VDD_CPU_GPU_CV 2491mW/2277mW VDD_SOC 1861mW/1760mW
10-08-2026 21:25:01 RAM 7194/7620MB (lfb 1x512kB) SWAP 749/5858MB (cached 0MB) CPU [14%@1510,59%@1510,40%@1510,13%@1510,52%@1113,27%@1113] GR3D_FREQ 44% cpu@54.468C soc2@53C soc0@51.437C gpu@53.5C tj@54.468C soc1@52.875C VDD_IN 7578mW/7579mW VDD_CPU_GPU_CV 2135mW/2276mW VDD_SOC 1782mW/1760mW
10-08-2026 21:25:02 RAM 7201/7620MB (lfb 17x512kB) SWAP 749/5858MB (cached 0MB) CPU [15%@1510,4%@1510,9%@1510,28%@1510,4%@729,55%@729] GR3D_FREQ 60% cpu@54.656C soc2@52.968C soc0@51.281C gpu@53.437C tj@54.656C soc1@52.906C VDD_IN 6705mW/7575mW VDD_CPU_GPU_CV 1545mW/2272mW VDD_SOC 1666mW/1760mW
10-08-2026 21:25:03 RAM 7201/7620MB (lfb 17x512kB) SWAP 749/5858MB (cached 0MB) CPU [14%@1510,73%@1510,5%@1510,6%@1510,0%@729,2%@729] GR3D_FREQ 49% cpu@54.25C soc2@52.843C soc0@51.312C gpu@53.406C tj@54.25C soc1@52.906C VDD_IN 6666mW/7570mW VDD_CPU_GPU_CV 1545mW/2269mW VDD_SOC 1663mW/1759mW
10-08-2026 21:25:04 RAM 7201/7620MB (lfb 17x512kB) SWAP 749/5858MB (cached 0MB) CPU [13%@1510,50%@1510,10%@1510,9%@1510,1%@729,20%@729] GR3D_FREQ 43% cpu@54.375C soc2@52.75C soc0@51.312C gpu@53.437C tj@54.375C soc1@53.031C VDD_IN 6666mW/7565mW VDD_CPU_GPU_CV 1545mW/2265mW VDD_SOC 1663mW/1759mW
10-08-2026 21:25:05 RAM 7201/7620MB (lfb 17x512kB) SWAP 749/5858MB (cached 0MB) CPU [32%@1510,46%@1510,6%@1510,15%@1510,2%@729,1%@729] GR3D_FREQ 43% cpu@54.343C soc2@52.781C soc0@51.281C gpu@53.468C tj@54.343C soc1@52.718C VDD_IN 6705mW/7561mW VDD_CPU_GPU_CV 1545mW/2261mW VDD_SOC 1663mW/1758mW
10-08-2026 21:25:06 RAM 7201/7620MB (lfb 17x512kB) SWAP 749/5858MB (cached 0MB) CPU [23%@1510,1%@1510,5%@1510,68%@1510,3%@729,6%@729] GR3D_FREQ 34% cpu@54.25C soc2@52.812C soc0@51.062C gpu@53.468C tj@54.25C soc1@52.781C VDD_IN 6705mW/7556mW VDD_CPU_GPU_CV 1584mW/2258mW VDD_SOC 1663mW/1758mW
10-08-2026 21:25:07 RAM 7242/7620MB (lfb 2x128kB) SWAP 749/5858MB (cached 0MB) CPU [16%@1510,46%@1510,13%@1510,41%@1510,15%@729,39%@729] GR3D_FREQ 52% cpu@54.531C soc2@53.093C soc0@51.375C gpu@53.5C tj@54.531C soc1@52.75C VDD_IN 7777mW/7557mW VDD_CPU_GPU_CV 2254mW/2258mW VDD_SOC 1822mW/1758mW
10-08-2026 21:25:08 RAM 7242/7620MB (lfb 2x128kB) SWAP 749/5858MB (cached 0MB) CPU [28%@806,26%@806,17%@806,27%@806,40%@1113,35%@1113] GR3D_FREQ 37% cpu@54.25C soc2@52.843C soc0@51.531C gpu@53.281C tj@54.25C soc1@52.875C VDD_IN 7539mW/7557mW VDD_CPU_GPU_CV 2096mW/2257mW VDD_SOC 1782mW/1758mW
10-08-2026 21:25:09 RAM 7094/7620MB (lfb 1x2MB) SWAP 750/5858MB (cached 0MB) CPU [20%@1510,17%@1510,50%@1510,21%@1510,2%@729,29%@729] GR3D_FREQ 35% cpu@54.25C soc2@52.781C soc0@51.406C gpu@53.218C tj@54.25C soc1@52.718C VDD_IN 6904mW/7554mW VDD_CPU_GPU_CV 1663mW/2254mW VDD_SOC 1703mW/1758mW
10-08-2026 21:25:10 RAM 7093/7620MB (lfb 1x2MB) SWAP 750/5858MB (cached 0MB) CPU [15%@1510,18%@1510,10%@1510,27%@1510,4%@1497,38%@1497] GR3D_FREQ 60% cpu@54.343C soc2@52.718C soc0@51.093C gpu@53.406C tj@54.343C soc1@52.781C VDD_IN 6666mW/7550mW VDD_CPU_GPU_CV 1545mW/2250mW VDD_SOC 1663mW/1757mW
10-08-2026 21:25:11 RAM 7093/7620MB (lfb 1x2MB) SWAP 750/5858MB (cached 0MB) CPU [20%@729,3%@729,8%@729,6%@729,5%@1497,77%@1497] GR3D_FREQ 64% cpu@54.093C soc2@52.593C soc0@51.187C gpu@53.312C tj@54.093C soc1@52.781C VDD_IN 6666mW/7545mW VDD_CPU_GPU_CV 1545mW/2247mW VDD_SOC 1663mW/1757mW
10-08-2026 21:25:12 RAM 7093/7620MB (lfb 1x2MB) SWAP 750/5858MB (cached 0MB) CPU [19%@1510,1%@1510,6%@1510,8%@1510,11%@1510,70%@1510] GR3D_FREQ 46% cpu@54.093C soc2@52.593C soc0@51.093C gpu@53.312C tj@54.093C soc1@52.875C VDD_IN 6666mW/7541mW VDD_CPU_GPU_CV 1545mW/2243mW VDD_SOC 1663mW/1756mW
10-08-2026 21:25:13 RAM 7176/7620MB (lfb 5x256kB) SWAP 750/5858MB (cached 0MB) CPU [12%@1510,11%@1510,24%@1510,14%@1510,10%@1510,69%@1510] GR3D_FREQ 1% cpu@54.343C soc2@52.687C soc0@51.062C gpu@53.156C tj@54.343C soc1@52.593C VDD_IN 6666mW/7536mW VDD_CPU_GPU_CV 1624mW/2240mW VDD_SOC 1626mW/1756mW
10-08-2026 21:25:14 RAM 7195/7620MB (lfb 47x128kB) SWAP 750/5858MB (cached 0MB) CPU [36%@1510,40%@1510,42%@1510,26%@1510,37%@1267,47%@1267] GR3D_FREQ 0% cpu@54.125C soc2@52.656C soc0@51C gpu@53.093C tj@54.125C soc1@52.656C VDD_IN 6547mW/7532mW VDD_CPU_GPU_CV 1663mW/2237mW VDD_SOC 1584mW/1755mW
10-08-2026 21:25:15 RAM 7196/7620MB (lfb 45x128kB) SWAP 750/5858MB (cached 0MB) CPU [41%@1113,47%@1113,40%@1113,27%@1113,28%@883,46%@883] GR3D_FREQ 0% cpu@54.031C soc2@52.562C soc0@51C gpu@53.218C tj@54.031C soc1@52.718C VDD_IN 6428mW/7526mW VDD_CPU_GPU_CV 1545mW/2234mW VDD_SOC 1584mW/1754mW
10-08-2026 21:25:16 RAM 7196/7620MB (lfb 45x128kB) SWAP 750/5858MB (cached 0MB) CPU [34%@1036,48%@1036,39%@1036,45%@1036,40%@729,44%@729] GR3D_FREQ 0% cpu@54.25C soc2@52.5C soc0@51C gpu@53.25C tj@54.25C soc1@52.75C VDD_IN 6388mW/7520mW VDD_CPU_GPU_CV 1505mW/2230mW VDD_SOC 1584mW/1753mW
10-08-2026 21:25:17 RAM 7196/7620MB (lfb 45x128kB) SWAP 750/5858MB (cached 0MB) CPU [43%@1036,35%@1036,37%@1036,42%@1036,36%@1113,42%@1113] GR3D_FREQ 37% cpu@54.343C soc2@52.5C soc0@50.812C gpu@53.062C tj@54.343C soc1@52.437C VDD_IN 6269mW/7514mW VDD_CPU_GPU_CV 1426mW/2226mW VDD_SOC 1584mW/1752mW
10-08-2026 21:25:18 RAM 7211/7620MB (lfb 16x128kB) SWAP 757/5858MB (cached 0MB) CPU [31%@1510,28%@1510,26%@1510,40%@1510,45%@883,48%@883] GR3D_FREQ 70% cpu@53.875C soc2@52.437C soc0@50.937C gpu@53.093C tj@53.875C soc1@52.375C VDD_IN 6309mW/7509mW VDD_CPU_GPU_CV 1426mW/2222mW VDD_SOC 1624mW/1752mW
10-08-2026 21:25:19 RAM 7226/7620MB (lfb 2x128kB) SWAP 783/5858MB (cached 0MB) CPU [23%@806,17%@806,17%@806,32%@806,66%@1113,27%@1113] GR3D_FREQ 69% cpu@53.937C soc2@52.718C soc0@50.937C gpu@53.093C tj@53.937C soc1@52.625C VDD_IN 7221mW/7507mW VDD_CPU_GPU_CV 1901mW/2221mW VDD_SOC 1782mW/1752mW
10-08-2026 21:25:20 RAM 7242/7620MB (lfb 4x64kB) SWAP 783/5858MB (cached 0MB) CPU [21%@1510,30%@1510,9%@1510,19%@1510,70%@1510,42%@1510] GR3D_FREQ 56% cpu@54.031C soc2@52.843C soc0@51.156C gpu@53.468C tj@54.187C soc1@52.437C VDD_IN 8015mW/7510mW VDD_CPU_GPU_CV 2412mW/2222mW VDD_SOC 1861mW/1752mW
10-08-2026 21:25:21 RAM 7243/7620MB (lfb 4x64kB) SWAP 783/5858MB (cached 0MB) CPU [10%@1510,3%@1510,6%@1510,13%@1510,17%@1510,73%@1510] GR3D_FREQ 38% cpu@54C soc2@52.531C soc0@50.968C gpu@53.312C tj@54C soc1@52.562C VDD_IN 6785mW/7506mW VDD_CPU_GPU_CV 1624mW/2219mW VDD_SOC 1703mW/1752mW
10-08-2026 21:25:22 RAM 7243/7620MB (lfb 4x64kB) SWAP 783/5858MB (cached 0MB) CPU [7%@729,2%@729,6%@729,9%@729,1%@1510,81%@1510] GR3D_FREQ 38% cpu@54.156C soc2@52.312C soc0@50.875C gpu@53.312C tj@54.156C soc1@52.531C VDD_IN 6705mW/7502mW VDD_CPU_GPU_CV 1545mW/2216mW VDD_SOC 1663mW/1752mW
10-08-2026 21:25:23 RAM 7243/7620MB (lfb 4x64kB) SWAP 783/5858MB (cached 0MB) CPU [9%@1510,4%@1510,4%@1510,12%@1510,1%@1497,80%@1497] GR3D_FREQ 38% cpu@53.906C soc2@52.375C soc0@50.906C gpu@53.031C tj@53.906C soc1@52.625C VDD_IN 6626mW/7498mW VDD_CPU_GPU_CV 1545mW/2212mW VDD_SOC 1663mW/1751mW
10-08-2026 21:25:24 RAM 7243/7620MB (lfb 4x64kB) SWAP 783/5858MB (cached 0MB) CPU [9%@729,4%@729,11%@729,8%@729,2%@1510,80%@1510] GR3D_FREQ 53% cpu@53.906C soc2@52.281C soc0@50.937C gpu@52.937C tj@53.906C soc1@52.281C VDD_IN 6626mW/7494mW VDD_CPU_GPU_CV 1545mW/2209mW VDD_SOC 1663mW/1751mW
10-08-2026 21:25:25 RAM 7063/7620MB (lfb 55x256kB) SWAP 824/5858MB (cached 0MB) CPU [40%@806,19%@806,41%@806,40%@806,43%@729,45%@729] GR3D_FREQ 28% cpu@53.906C soc2@52.375C soc0@50.781C gpu@52.875C tj@53.906C soc1@52.343C VDD_IN 6229mW/7488mW VDD_CPU_GPU_CV 1426mW/2206mW VDD_SOC 1584mW/1750mW
10-08-2026 21:25:26 RAM 7065/7620MB (lfb 53x256kB) SWAP 824/5858MB (cached 0MB) CPU [39%@806,21%@1510,51%@1510,50%@1510,46%@729,37%@729] GR3D_FREQ 23% cpu@53.656C soc2@52.281C soc0@50.656C gpu@53.156C tj@53.656C soc1@52.406C VDD_IN 6190mW/7482mW VDD_CPU_GPU_CV 1346mW/2202mW VDD_SOC 1584mW/1749mW
10-08-2026 21:25:27 RAM 7065/7620MB (lfb 52x256kB) SWAP 824/5858MB (cached 0MB) CPU [24%@1510,43%@1510,53%@1510,46%@1510,39%@729,40%@729] GR3D_FREQ 0% cpu@53.843C soc2@52.25C soc0@50.687C gpu@52.687C tj@53.843C soc1@52.562C VDD_IN 6309mW/7477mW VDD_CPU_GPU_CV 1465mW/2198mW VDD_SOC 1584mW/1749mW
10-08-2026 21:25:28 RAM 7065/7620MB (lfb 52x256kB) SWAP 824/5858MB (cached 0MB) CPU [56%@1036,25%@1510,35%@1510,36%@1510,41%@729,42%@729] GR3D_FREQ 0% cpu@53.781C soc2@52.281C soc0@50.75C gpu@52.875C tj@53.781C soc1@52.281C VDD_IN 6269mW/7471mW VDD_CPU_GPU_CV 1426mW/2195mW VDD_SOC 1584mW/1748mW
10-08-2026 21:25:29 RAM 7065/7620MB (lfb 52x256kB) SWAP 824/5858MB (cached 0MB) CPU [34%@960,34%@960,38%@960,40%@960,43%@1036,37%@1036] GR3D_FREQ 0% cpu@54.093C soc2@52.187C soc0@50.656C gpu@52.906C tj@54.093C soc1@52.312C VDD_IN 6309mW/7466mW VDD_CPU_GPU_CV 1465mW/2191mW VDD_SOC 1584mW/1747mW
10-08-2026 21:25:30 RAM 7065/7620MB (lfb 52x256kB) SWAP 824/5858MB (cached 0MB) CPU [35%@1510,42%@1510,45%@1510,41%@1510,27%@806,49%@806] GR3D_FREQ 7% cpu@53.718C soc2@52.218C soc0@50.656C gpu@52.656C tj@53.718C soc1@52.375C VDD_IN 6229mW/7460mW VDD_CPU_GPU_CV 1426mW/2188mW VDD_SOC 1584mW/1746mW
10-08-2026 21:25:31 RAM 6391/7620MB (lfb 2x4MB) SWAP 824/5858MB (cached 0MB) CPU [32%@1267,42%@1267,40%@1510,45%@1510,41%@1510,33%@1510] GR3D_FREQ 31% cpu@53.75C soc2@52.187C soc0@50.687C gpu@52.718C tj@53.75C soc1@52.218C VDD_IN 6309mW/7455mW VDD_CPU_GPU_CV 1505mW/2185mW VDD_SOC 1584mW/1746mW
10-08-2026 21:25:32 RAM 6394/7620MB (lfb 2x4MB) SWAP 824/5858MB (cached 0MB) CPU [34%@960,46%@960,39%@960,32%@960,47%@1497,42%@1497] GR3D_FREQ 10% cpu@53.906C soc2@52.25C soc0@50.562C gpu@52.781C tj@53.906C soc1@52.187C VDD_IN 6348mW/7450mW VDD_CPU_GPU_CV 1505mW/2182mW VDD_SOC 1584mW/1745mW
10-08-2026 21:25:33 RAM 6398/7620MB (lfb 2x4MB) SWAP 824/5858MB (cached 0MB) CPU [48%@1510,33%@1510,34%@1510,36%@1510,42%@883,60%@883] GR3D_FREQ 12% cpu@53.625C soc2@52.187C soc0@50.5C gpu@52.781C tj@53.625C soc1@52.281C VDD_IN 6348mW/7445mW VDD_CPU_GPU_CV 1465mW/2178mW VDD_SOC 1584mW/1744mW
10-08-2026 21:25:34 RAM 6398/7620MB (lfb 2x4MB) SWAP 824/5858MB (cached 0MB) CPU [39%@1510,34%@1510,39%@1510,40%@1510,29%@729,57%@729] GR3D_FREQ 8% cpu@53.562C soc2@52.125C soc0@50.531C gpu@52.625C tj@53.562C soc1@52.343C VDD_IN 6229mW/7439mW VDD_CPU_GPU_CV 1386mW/2175mW VDD_SOC 1584mW/1743mW
10-08-2026 21:25:35 RAM 6398/7620MB (lfb 2x4MB) SWAP 824/5858MB (cached 0MB) CPU [32%@806,35%@806,35%@806,39%@806,47%@729,45%@729] GR3D_FREQ 0% cpu@53.593C soc2@52.125C soc0@50.406C gpu@52.687C tj@53.593C soc1@52.062C VDD_IN 6229mW/7434mW VDD_CPU_GPU_CV 1386mW/2171mW VDD_SOC 1624mW/1743mW
10-08-2026 21:25:36 RAM 6399/7620MB (lfb 2x4MB) SWAP 824/5858MB (cached 0MB) CPU [37%@1113,28%@1113,35%@1113,35%@1113,46%@806,51%@806] GR3D_FREQ 0% cpu@53.843C soc2@52.125C soc0@50.406C gpu@52.687C tj@53.843C soc1@52.187C VDD_IN 6269mW/7429mW VDD_CPU_GPU_CV 1386mW/2168mW VDD_SOC 1624mW/1742mW
10-08-2026 21:25:37 RAM 6340/7620MB (lfb 2x4MB) SWAP 824/5858MB (cached 0MB) CPU [39%@1190,41%@1190,32%@1190,40%@1190,52%@1113,49%@1113] GR3D_FREQ 0% cpu@53.593C soc2@52.062C soc0@50.437C gpu@52.687C tj@53.593C soc1@52.187C VDD_IN 6348mW/7424mW VDD_CPU_GPU_CV 1465mW/2165mW VDD_SOC 1624mW/1742mW
10-08-2026 21:25:38 RAM 6402/7620MB (lfb 2x4MB) SWAP 824/5858MB (cached 0MB) CPU [15%@1510,25%@1510,19%@1510,38%@1510,32%@1420,48%@1420] GR3D_FREQ 81% cpu@53.593C soc2@52.343C soc0@50.687C gpu@52.875C tj@53.593C soc1@52.25C VDD_IN 7459mW/7424mW VDD_CPU_GPU_CV 1977mW/2164mW VDD_SOC 1861mW/1742mW
10-08-2026 21:25:39 RAM 6496/7620MB (lfb 2x4MB) SWAP 824/5858MB (cached 0MB) CPU [26%@1510,16%@1510,30%@1510,33%@1510,44%@1510,37%@1510] GR3D_FREQ 74% cpu@53.812C soc2@52.593C soc0@50.625C gpu@52.781C tj@53.812C soc1@52.125C VDD_IN 7856mW/7426mW VDD_CPU_GPU_CV 2254mW/2164mW VDD_SOC 1901mW/1743mW
10-08-2026 21:25:40 RAM 6593/7620MB (lfb 1x4MB) SWAP 824/5858MB (cached 0MB) CPU [8%@1510,23%@1510,49%@1510,12%@1510,53%@729,27%@729] GR3D_FREQ 59% cpu@53.531C soc2@52.218C soc0@50.562C gpu@52.718C tj@53.531C soc1@52.25C VDD_IN 7618mW/7427mW VDD_CPU_GPU_CV 2096mW/2164mW VDD_SOC 1901mW/1744mW
10-08-2026 21:25:41 RAM 6680/7620MB (lfb 4x1MB) SWAP 824/5858MB (cached 0MB) CPU [9%@1510,49%@1510,36%@1510,8%@1510,23%@729,51%@729] GR3D_FREQ 42% cpu@53.937C soc2@52.281C soc0@50.687C gpu@52.812C tj@53.937C soc1@52.25C VDD_IN 7816mW/7428mW VDD_CPU_GPU_CV 2254mW/2164mW VDD_SOC 1901mW/1744mW
10-08-2026 21:25:42 RAM 6773/7620MB (lfb 4x1MB) SWAP 823/5858MB (cached 0MB) CPU [13%@1510,55%@1510,16%@1510,14%@1510,49%@1190,47%@1190] GR3D_FREQ 48% cpu@53.468C soc2@52.218C soc0@50.781C gpu@52.937C tj@53.468C soc1@52.312C VDD_IN 7499mW/7429mW VDD_CPU_GPU_CV 2017mW/2164mW VDD_SOC 1861mW/1745mW
10-08-2026 21:25:43 RAM 6786/7620MB (lfb 1x256kB) SWAP 823/5858MB (cached 0MB) CPU [46%@1113,8%@1113,7%@1113,11%@1113,40%@1113,70%@1113] GR3D_FREQ 0% cpu@53.625C soc2@52.343C soc0@50.625C gpu@53.031C tj@53.625C soc1@52.156C VDD_IN 7816mW/7430mW VDD_CPU_GPU_CV 2254mW/2164mW VDD_SOC 1901mW/1746mW
10-08-2026 21:25:44 RAM 6787/7620MB (lfb 1x256kB) SWAP 823/5858MB (cached 0MB) CPU [16%@1510,2%@1510,9%@1510,7%@1510,3%@1510,78%@1510] GR3D_FREQ 29% cpu@53.843C soc2@52.125C soc0@50.531C gpu@52.937C tj@53.843C soc1@52.156C VDD_IN 6705mW/7427mW VDD_CPU_GPU_CV 1505mW/2161mW VDD_SOC 1745mW/1746mW
10-08-2026 21:25:45 RAM 6787/7620MB (lfb 1x256kB) SWAP 823/5858MB (cached 0MB) CPU [14%@729,4%@729,9%@729,7%@729,1%@1497,81%@1497] GR3D_FREQ 59% cpu@53.5C soc2@52.125C soc0@50.5C gpu@52.687C tj@53.5C soc1@52.187C VDD_IN 6745mW/7424mW VDD_CPU_GPU_CV 1545mW/2159mW VDD_SOC 1743mW/1746mW
10-08-2026 21:25:46 RAM 6787/7620MB (lfb 1x256kB) SWAP 823/5858MB (cached 0MB) CPU [7%@1510,4%@1510,7%@1510,8%@1510,0%@1420,80%@1420] GR3D_FREQ 67% cpu@53.468C soc2@51.968C soc0@50.656C gpu@52.718C tj@53.468C soc1@52.25C VDD_IN 6745mW/7421mW VDD_CPU_GPU_CV 1545mW/2156mW VDD_SOC 1743mW/1746mW
10-08-2026 21:25:47 RAM 6786/7620MB (lfb 1x256kB) SWAP 823/5858MB (cached 0MB) CPU [11%@729,3%@729,4%@729,7%@1510,2%@1510,79%@1510] GR3D_FREQ 45% cpu@53.718C soc2@52.062C soc0@50.406C gpu@52.656C tj@53.718C soc1@52.093C VDD_IN 6745mW/7419mW VDD_CPU_GPU_CV 1545mW/2153mW VDD_SOC 1743mW/1746mW
10-08-2026 21:25:48 RAM 6786/7620MB (lfb 1x256kB) SWAP 823/5858MB (cached 0MB) CPU [7%@1510,5%@1510,5%@1510,12%@1510,3%@1510,79%@1510] GR3D_FREQ 42% cpu@53.406C soc2@51.968C soc0@50.531C gpu@52.843C tj@53.406C soc1@52.062C VDD_IN 6745mW/7416mW VDD_CPU_GPU_CV 1545mW/2151mW VDD_SOC 1743mW/1746mW
10-08-2026 21:25:49 RAM 6786/7620MB (lfb 1x256kB) SWAP 823/5858MB (cached 0MB) CPU [8%@1510,5%@1510,3%@1510,14%@1510,1%@1510,79%@1510] GR3D_FREQ 39% cpu@53.562C soc2@52.031C soc0@50.562C gpu@52.843C tj@53.562C soc1@52.125C VDD_IN 6785mW/7413mW VDD_CPU_GPU_CV 1584mW/2148mW VDD_SOC 1743mW/1746mW
10-08-2026 21:25:51 RAM 6786/7620MB (lfb 1x256kB) SWAP 823/5858MB (cached 0MB) CPU [5%@729,4%@729,3%@729,14%@729,1%@729,81%@729] GR3D_FREQ 36% cpu@53.593C soc2@52C soc0@50.437C gpu@52.875C tj@53.593C soc1@51.968C VDD_IN 6785mW/7410mW VDD_CPU_GPU_CV 1584mW/2146mW VDD_SOC 1743mW/1746mW
10-08-2026 21:25:52 RAM 6787/7620MB (lfb 1x256kB) SWAP 823/5858MB (cached 0MB) CPU [12%@1510,18%@1510,7%@1510,19%@1510,7%@806,67%@806] GR3D_FREQ 45% cpu@53.531C soc2@52.062C soc0@50.375C gpu@52.656C tj@53.531C soc1@52.031C VDD_IN 6824mW/7408mW VDD_CPU_GPU_CV 1584mW/2144mW VDD_SOC 1782mW/1746mW
10-08-2026 21:25:53 RAM 6747/7620MB (lfb 42x2MB) SWAP 823/5858MB (cached 0MB) CPU [19%@1510,29%@1510,12%@1510,20%@1510,20%@1190,67%@1190] GR3D_FREQ 68% cpu@53.406C soc2@52C soc0@50.375C gpu@52.656C tj@53.406C soc1@52.062C VDD_IN 6785mW/7405mW VDD_CPU_GPU_CV 1465mW/2141mW VDD_SOC 1782mW/1746mW
10-08-2026 21:25:54 RAM 6747/7620MB (lfb 42x2MB) SWAP 823/5858MB (cached 0MB) CPU [13%@1510,8%@1510,9%@1510,11%@1510,7%@1497,79%@1497] GR3D_FREQ 34% cpu@53.5C soc2@51.906C soc0@50.437C gpu@52.937C tj@53.5C soc1@52.156C VDD_IN 6705mW/7402mW VDD_CPU_GPU_CV 1505mW/2138mW VDD_SOC 1743mW/1746mW
10-08-2026 21:25:55 RAM 6747/7620MB (lfb 42x2MB) SWAP 823/5858MB (cached 0MB) CPU [12%@1510,10%@1510,6%@1510,2%@1510,2%@1497,79%@1497] GR3D_FREQ 52% cpu@53.406C soc2@51.937C soc0@50.437C gpu@52.906C tj@53.406C soc1@51.906C VDD_IN 6745mW/7400mW VDD_CPU_GPU_CV 1545mW/2136mW VDD_SOC 1743mW/1746mW
10-08-2026 21:25:56 RAM 6748/7620MB (lfb 42x2MB) SWAP 823/5858MB (cached 0MB) CPU [5%@1510,13%@1510,7%@1510,3%@1510,33%@1510,53%@1510] GR3D_FREQ 42% cpu@53.593C soc2@52.031C soc0@50.25C gpu@52.906C tj@53.593C soc1@51.968C VDD_IN 6785mW/7397mW VDD_CPU_GPU_CV 1584mW/2133mW VDD_SOC 1743mW/1746mW
10-08-2026 21:25:57 RAM 6748/7620MB (lfb 42x2MB) SWAP 823/5858MB (cached 0MB) CPU [7%@1510,7%@1510,4%@1510,46%@1510,14%@729,27%@729] GR3D_FREQ 38% cpu@53.625C soc2@52.093C soc0@50.312C gpu@52.968C tj@53.625C soc1@51.906C VDD_IN 6745mW/7395mW VDD_CPU_GPU_CV 1545mW/2131mW VDD_SOC 1743mW/1746mW
10-08-2026 21:25:58 RAM 6749/7620MB (lfb 42x2MB) SWAP 823/5858MB (cached 0MB) CPU [9%@729,8%@729,5%@729,49%@729,7%@1510,32%@1510] GR3D_FREQ 41% cpu@53.406C soc2@51.812C soc0@50.312C gpu@52.593C tj@53.406C soc1@52.031C VDD_IN 6785mW/7392mW VDD_CPU_GPU_CV 1584mW/2129mW VDD_SOC 1743mW/1746mW
10-08-2026 21:25:59 RAM 6749/7620MB (lfb 42x2MB) SWAP 823/5858MB (cached 0MB) CPU [7%@1510,6%@1510,6%@1510,3%@1510,8%@1510,80%@1510] GR3D_FREQ 45% cpu@53.437C soc2@51.843C soc0@50.437C gpu@52.562C tj@53.437C soc1@52.031C VDD_IN 6785mW/7390mW VDD_CPU_GPU_CV 1584mW/2127mW VDD_SOC 1743mW/1746mW
10-08-2026 21:26:00 RAM 6642/7620MB (lfb 46x2MB) SWAP 802/5858MB (cached 0MB) CPU [9%@1510,16%@1510,4%@1510,7%@1510,11%@1510,47%@1510] GR3D_FREQ 5% cpu@53.343C soc2@51.812C soc0@50.343C gpu@52.593C tj@53.343C soc1@51.968C VDD_IN 5961mW/7384mW VDD_CPU_GPU_CV 1111mW/2122mW VDD_SOC 1626mW/1745mW
10-08-2026 21:26:01 RAM 6639/7620MB (lfb 46x2MB) SWAP 801/5858MB (cached 0MB) CPU [1%@729,0%@729,0%@729,1%@729,99%@1510,0%@1510] GR3D_FREQ 0% cpu@53.125C soc2@51.781C soc0@50.187C gpu@52.281C tj@53.125C soc1@51.843C VDD_IN 5793mW/7377mW VDD_CPU_GPU_CV 950mW/2118mW VDD_SOC 1584mW/1745mW
10-08-2026 21:26:02 RAM 5482/7620MB (lfb 85x4MB) SWAP 801/5858MB (cached 0MB) CPU [31%@1510,0%@1510,1%@1510,1%@1510,68%@729,8%@729] GR3D_FREQ 0% cpu@53.281C soc2@51.781C soc0@50.156C gpu@52.218C tj@53.093C soc1@51.906C VDD_IN 5872mW/7371mW VDD_CPU_GPU_CV 1030mW/2113mW VDD_SOC 1624mW/1744mW
10-08-2026 21:26:03 RAM 4363/7620MB (lfb 97x4MB) SWAP 702/5858MB (cached 0MB) CPU [37%@1510,39%@1510,15%@1510,1%@1510,0%@729,0%@729] GR3D_FREQ 0% cpu@52.937C soc2@51.625C soc0@50.156C gpu@52.218C tj@52.937C soc1@51.937C VDD_IN 5634mW/7364mW VDD_CPU_GPU_CV 990mW/2109mW VDD_SOC 1584mW/1744mW
