10-08-2026 23:22:27 RAM 2768/7620MB (lfb 153x4MB) SWAP 559/5858MB (cached 0MB) CPU [17%@1510,96%@1510,14%@1510,15%@1510,17%@729,16%@729] GR3D_FREQ 0% cpu@52.437C soc2@50.875C soc0@49.218C gpu@51.687C tj@52.437C soc1@51C VDD_IN 6031mW/6031mW VDD_CPU_GPU_CV 1346mW/1346mW VDD_SOC 1584mW/1584mW
10-08-2026 23:22:28 RAM 2816/7620MB (lfb 153x4MB) SWAP 559/5858MB (cached 0MB) CPU [7%@729,78%@1510,6%@1510,9%@1510,33%@1510,21%@1510] GR3D_FREQ 0% cpu@52.437C soc2@50.812C soc0@49.281C gpu@51.656C tj@52.437C soc1@51.062C VDD_IN 6031mW/6031mW VDD_CPU_GPU_CV 1307mW/1327mW VDD_SOC 1584mW/1584mW
10-08-2026 23:22:29 RAM 2840/7620MB (lfb 153x4MB) SWAP 559/5858MB (cached 0MB) CPU [4%@1510,0%@1510,0%@1510,1%@1510,99%@1510,0%@1510] GR3D_FREQ 0% cpu@52.406C soc2@50.781C soc0@49.312C gpu@51.531C tj@52.406C soc1@50.875C VDD_IN 5832mW/5965mW VDD_CPU_GPU_CV 1188mW/1280mW VDD_SOC 1545mW/1571mW
10-08-2026 23:22:30 RAM 2858/7620MB (lfb 153x4MB) SWAP 559/5858MB (cached 0MB) CPU [8%@1510,7%@1510,3%@1510,0%@1510,64%@806,5%@806] GR3D_FREQ 0% cpu@52.437C soc2@50.781C soc0@49.125C gpu@51.437C tj@52.437C soc1@50.937C VDD_IN 5564mW/5865mW VDD_CPU_GPU_CV 952mW/1198mW VDD_SOC 1547mW/1565mW
10-08-2026 23:22:31 RAM 2890/7620MB (lfb 153x4MB) SWAP 559/5858MB (cached 0MB) CPU [2%@1510,0%@1510,1%@1510,2%@1510,0%@1510,91%@1510] GR3D_FREQ 0% cpu@52.281C soc2@50.75C soc0@49.156C gpu@51.375C tj@52.281C soc1@50.968C VDD_IN 5793mW/5850mW VDD_CPU_GPU_CV 1148mW/1188mW VDD_SOC 1545mW/1561mW
10-08-2026 23:22:32 RAM 2914/7620MB (lfb 153x4MB) SWAP 559/5858MB (cached 0MB) CPU [1%@1510,2%@1510,1%@1510,1%@1510,0%@1510,97%@1510] GR3D_FREQ 0% cpu@52.281C soc2@50.75C soc0@49.156C gpu@51.593C tj@52.281C soc1@51.062C VDD_IN 5832mW/5847mW VDD_CPU_GPU_CV 1188mW/1188mW VDD_SOC 1545mW/1558mW
10-08-2026 23:22:33 RAM 2928/7620MB (lfb 153x4MB) SWAP 559/5858MB (cached 0MB) CPU [0%@729,1%@729,1%@729,1%@1510,0%@1510,100%@1510] GR3D_FREQ 0% cpu@52.281C soc2@50.687C soc0@49.187C gpu@51.593C tj@52.281C soc1@50.843C VDD_IN 5872mW/5851mW VDD_CPU_GPU_CV 1109mW/1177mW VDD_SOC 1584mW/1562mW
10-08-2026 23:22:34 RAM 2980/7620MB (lfb 153x4MB) SWAP 559/5858MB (cached 0MB) CPU [3%@1510,8%@1510,1%@1510,2%@1510,0%@1510,98%@1510] GR3D_FREQ 35% cpu@52.312C soc2@50.718C soc0@49.156C gpu@51.687C tj@52.312C soc1@50.875C VDD_IN 5952mW/5863mW VDD_CPU_GPU_CV 1267mW/1188mW VDD_SOC 1584mW/1565mW
10-08-2026 23:22:35 RAM 2992/7620MB (lfb 153x4MB) SWAP 559/5858MB (cached 0MB) CPU [2%@729,0%@729,0%@729,0%@729,0%@1510,100%@1510] GR3D_FREQ 0% cpu@52.531C soc2@50.718C soc0@49.093C gpu@51.437C tj@52.281C soc1@50.968C VDD_IN 5872mW/5864mW VDD_CPU_GPU_CV 1188mW/1188mW VDD_SOC 1584mW/1567mW
10-08-2026 23:22:36 RAM 3003/7620MB (lfb 153x4MB) SWAP 559/5858MB (cached 0MB) CPU [2%@1510,1%@1510,1%@1510,1%@1510,0%@729,24%@729] GR3D_FREQ 0% cpu@51.937C soc2@50.625C soc0@49.031C gpu@51.531C tj@51.937C soc1@50.781C VDD_IN 5160mW/5794mW VDD_CPU_GPU_CV 638mW/1133mW VDD_SOC 1517mW/1562mW
10-08-2026 23:22:37 RAM 2990/7620MB (lfb 153x4MB) SWAP 559/5858MB (cached 0MB) CPU [34%@1510,11%@1510,32%@1510,26%@1510,15%@729,8%@729] GR3D_FREQ 41% cpu@52.437C soc2@50.781C soc0@49.031C gpu@51.343C tj@52.437C soc1@50.781C VDD_IN 6071mW/5819mW VDD_CPU_GPU_CV 1228mW/1142mW VDD_SOC 1626mW/1568mW
10-08-2026 23:22:38 RAM 2990/7620MB (lfb 153x4MB) SWAP 559/5858MB (cached 0MB) CPU [9%@1510,15%@1510,8%@1510,12%@1510,6%@729,4%@729] GR3D_FREQ 29% cpu@51.937C soc2@50.531C soc0@49C gpu@51.375C tj@51.937C soc1@50.843C VDD_IN 5311mW/5777mW VDD_CPU_GPU_CV 717mW/1106mW VDD_SOC 1555mW/1567mW
10-08-2026 23:22:39 RAM 2990/7620MB (lfb 153x4MB) SWAP 559/5858MB (cached 0MB) CPU [16%@883,13%@883,14%@883,14%@883,15%@729,9%@729] GR3D_FREQ 11% cpu@51.781C soc2@50.562C soc0@49.062C gpu@51.281C tj@51.968C soc1@50.812C VDD_IN 5422mW/5749mW VDD_CPU_GPU_CV 756mW/1079mW VDD_SOC 1555mW/1566mW
10-08-2026 23:22:40 RAM 2987/7620MB (lfb 153x4MB) SWAP 559/5858MB (cached 0MB) CPU [9%@1510,8%@1510,6%@1510,3%@1510,8%@729,11%@729] GR3D_FREQ 0% cpu@51.812C soc2@50.593C soc0@49.062C gpu@51.531C tj@51.812C soc1@50.687C VDD_IN 5231mW/5712mW VDD_CPU_GPU_CV 637mW/1048mW VDD_SOC 1555mW/1565mW
10-08-2026 23:22:41 RAM 2987/7620MB (lfb 153x4MB) SWAP 559/5858MB (cached 0MB) CPU [10%@729,7%@729,8%@729,10%@729,4%@729,2%@729] GR3D_FREQ 0% cpu@51.937C soc2@50.531C soc0@48.968C gpu@51.531C tj@51.937C soc1@50.781C VDD_IN 5191mW/5678mW VDD_CPU_GPU_CV 637mW/1020mW VDD_SOC 1557mW/1564mW
10-08-2026 23:22:42 RAM 2987/7620MB (lfb 153x4MB) SWAP 559/5858MB (cached 0MB) CPU [8%@1510,8%@1510,12%@1510,5%@1510,2%@729,3%@729] GR3D_FREQ 0% cpu@52.093C soc2@50.437C soc0@48.968C gpu@51.437C tj@52.093C soc1@50.75C VDD_IN 5191mW/5647mW VDD_CPU_GPU_CV 637mW/996mW VDD_SOC 1517mW/1562mW
10-08-2026 23:22:43 RAM 2987/7620MB (lfb 153x4MB) SWAP 559/5858MB (cached 0MB) CPU [8%@1510,8%@1510,6%@1510,12%@1510,5%@729,4%@729] GR3D_FREQ 23% cpu@51.781C soc2@50.312C soc0@49.031C gpu@51.218C tj@51.781C soc1@50.812C VDD_IN 5191mW/5620mW VDD_CPU_GPU_CV 637mW/975mW VDD_SOC 1555mW/1561mW
10-08-2026 23:22:44 RAM 2987/7620MB (lfb 153x4MB) SWAP 559/5858MB (cached 0MB) CPU [6%@1510,11%@1510,7%@1510,10%@1510,3%@729,2%@729] GR3D_FREQ 30% cpu@51.812C soc2@50.406C soc0@48.812C gpu@51.218C tj@51.812C soc1@50.625C VDD_IN 5191mW/5597mW VDD_CPU_GPU_CV 637mW/957mW VDD_SOC 1517mW/1559mW
10-08-2026 23:22:45 RAM 2987/7620MB (lfb 153x4MB) SWAP 559/5858MB (cached 0MB) CPU [7%@1510,6%@1510,7%@1510,9%@1510,4%@729,6%@729] GR3D_FREQ 0% cpu@51.906C soc2@50.343C soc0@48.781C gpu@51.437C tj@51.906C soc1@50.656C VDD_IN 5191mW/5575mW VDD_CPU_GPU_CV 637mW/940mW VDD_SOC 1517mW/1556mW
10-08-2026 23:22:46 RAM 2987/7620MB (lfb 153x4MB) SWAP 559/5858MB (cached 0MB) CPU [8%@729,11%@729,8%@729,9%@729,4%@729,5%@729] GR3D_FREQ 1% cpu@51.656C soc2@50.312C soc0@48.906C gpu@51.468C tj@51.656C soc1@50.718C VDD_IN 5191mW/5556mW VDD_CPU_GPU_CV 637mW/925mW VDD_SOC 1517mW/1555mW
10-08-2026 23:22:47 RAM 2998/7620MB (lfb 153x4MB) SWAP 557/5858MB (cached 0MB) CPU [11%@1510,25%@1510,6%@1510,5%@1510,2%@729,3%@729] GR3D_FREQ 0% cpu@51.656C soc2@50.406C soc0@48.968C gpu@51.531C tj@51.656C soc1@50.468C VDD_IN 5191mW/5539mW VDD_CPU_GPU_CV 677mW/913mW VDD_SOC 1517mW/1553mW
10-08-2026 23:22:48 RAM 3002/7620MB (lfb 153x4MB) SWAP 557/5858MB (cached 0MB) CPU [4%@1510,2%@1510,2%@1510,39%@1510,1%@729,0%@729] GR3D_FREQ 0% cpu@52.031C soc2@50.406C soc0@48.812C gpu@51.562C tj@52.031C soc1@50.437C VDD_IN 5374mW/5531mW VDD_CPU_GPU_CV 874mW/911mW VDD_SOC 1512mW/1551mW
10-08-2026 23:22:49 RAM 3005/7620MB (lfb 153x4MB) SWAP 557/5858MB (cached 0MB) CPU [5%@1510,0%@1510,1%@1510,100%@1510,0%@729,0%@729] GR3D_FREQ 0% cpu@51.875C soc2@50.531C soc0@48.812C gpu@51.25C tj@51.875C soc1@50.593C VDD_IN 5634mW/5536mW VDD_CPU_GPU_CV 1109mW/920mW VDD_SOC 1547mW/1551mW
10-08-2026 23:22:50 RAM 3004/7620MB (lfb 153x4MB) SWAP 557/5858MB (cached 0MB) CPU [2%@1510,0%@1510,2%@1510,100%@1510,0%@729,0%@729] GR3D_FREQ 0% cpu@52.156C soc2@50.437C soc0@48.906C gpu@51.281C tj@52.156C soc1@50.562C VDD_IN 5634mW/5540mW VDD_CPU_GPU_CV 1109mW/928mW VDD_SOC 1505mW/1549mW
10-08-2026 23:22:51 RAM 3005/7620MB (lfb 153x4MB) SWAP 557/5858MB (cached 0MB) CPU [3%@1510,0%@1510,1%@1510,99%@1510,0%@729,0%@729] GR3D_FREQ 0% cpu@51.812C soc2@50.531C soc0@48.906C gpu@51.218C tj@51.812C soc1@50.656C VDD_IN 5634mW/5543mW VDD_CPU_GPU_CV 1109mW/935mW VDD_SOC 1545mW/1549mW
10-08-2026 23:22:52 RAM 3004/7620MB (lfb 153x4MB) SWAP 557/5858MB (cached 0MB) CPU [3%@1510,0%@1510,0%@1510,100%@1510,0%@729,0%@729] GR3D_FREQ 0% cpu@52C soc2@50.437C soc0@48.968C gpu@51.25C tj@52C soc1@50.781C VDD_IN 5634mW/5547mW VDD_CPU_GPU_CV 1109mW/941mW VDD_SOC 1505mW/1547mW
10-08-2026 23:22:53 RAM 3004/7620MB (lfb 153x4MB) SWAP 557/5858MB (cached 0MB) CPU [1%@1510,1%@1510,1%@1510,100%@1510,0%@729,1%@729] GR3D_FREQ 0% cpu@52.093C soc2@50.5C soc0@48.968C gpu@51.218C tj@52.093C soc1@50.5C VDD_IN 5634mW/5550mW VDD_CPU_GPU_CV 1109mW/948mW VDD_SOC 1545mW/1547mW
10-08-2026 23:22:54 RAM 3002/7620MB (lfb 153x4MB) SWAP 557/5858MB (cached 0MB) CPU [3%@1510,0%@1510,3%@1510,99%@1510,0%@729,0%@729] GR3D_FREQ 0% cpu@51.937C soc2@50.531C soc0@48.75C gpu@51.312C tj@51.843C soc1@50.625C VDD_IN 5674mW/5555mW VDD_CPU_GPU_CV 1148mW/955mW VDD_SOC 1505mW/1545mW
10-08-2026 23:22:55 RAM 3001/7620MB (lfb 153x4MB) SWAP 557/5858MB (cached 0MB) CPU [2%@1510,0%@1510,1%@1510,100%@1510,1%@729,0%@729] GR3D_FREQ 0% cpu@52.125C soc2@50.375C soc0@48.875C gpu@51.343C tj@52.125C soc1@50.562C VDD_IN 5674mW/5559mW VDD_CPU_GPU_CV 1148mW/961mW VDD_SOC 1505mW/1544mW
10-08-2026 23:22:56 RAM 3004/7620MB (lfb 153x4MB) SWAP 557/5858MB (cached 0MB) CPU [0%@1510,0%@1510,2%@1510,99%@1510,0%@729,0%@729] GR3D_FREQ 0% cpu@51.906C soc2@50.437C soc0@48.875C gpu@51.343C tj@51.906C soc1@50.625C VDD_IN 5634mW/5561mW VDD_CPU_GPU_CV 1109mW/966mW VDD_SOC 1545mW/1544mW
10-08-2026 23:22:57 RAM 3003/7620MB (lfb 153x4MB) SWAP 557/5858MB (cached 0MB) CPU [43%@1510,0%@1510,2%@1510,58%@1510,0%@729,0%@729] GR3D_FREQ 0% cpu@51.812C soc2@50.531C soc0@48.906C gpu@51.218C tj@51.812C soc1@50.781C VDD_IN 5674mW/5565mW VDD_CPU_GPU_CV 1109mW/971mW VDD_SOC 1545mW/1544mW
10-08-2026 23:22:58 RAM 3005/7620MB (lfb 153x4MB) SWAP 557/5858MB (cached 0MB) CPU [100%@1510,2%@1510,4%@1510,2%@1510,0%@729,1%@729] GR3D_FREQ 0% cpu@51.968C soc2@50.593C soc0@49C gpu@51.187C tj@51.968C soc1@50.531C VDD_IN 5674mW/5568mW VDD_CPU_GPU_CV 1148mW/977mW VDD_SOC 1545mW/1544mW
10-08-2026 23:22:59 RAM 3007/7620MB (lfb 153x4MB) SWAP 557/5858MB (cached 0MB) CPU [100%@1510,1%@1510,0%@1510,1%@1510,0%@729,0%@729] GR3D_FREQ 0% cpu@51.937C soc2@50.625C soc0@48.843C gpu@51.218C tj@51.937C soc1@50.5C VDD_IN 5634mW/5570mW VDD_CPU_GPU_CV 1109mW/981mW VDD_SOC 1545mW/1544mW
10-08-2026 23:23:00 RAM 3009/7620MB (lfb 153x4MB) SWAP 557/5858MB (cached 0MB) CPU [100%@1510,3%@1510,1%@1510,1%@1510,0%@729,0%@729] GR3D_FREQ 0% cpu@52.093C soc2@50.625C soc0@48.843C gpu@51.156C tj@52.093C soc1@50.562C VDD_IN 5674mW/5573mW VDD_CPU_GPU_CV 1148mW/985mW VDD_SOC 1545mW/1544mW
10-08-2026 23:23:01 RAM 3009/7620MB (lfb 153x4MB) SWAP 557/5858MB (cached 0MB) CPU [99%@1510,2%@1510,1%@1510,1%@1510,0%@729,0%@729] GR3D_FREQ 0% cpu@51.843C soc2@50.531C soc0@48.812C gpu@51.156C tj@51.843C soc1@50.593C VDD_IN 5634mW/5575mW VDD_CPU_GPU_CV 1109mW/989mW VDD_SOC 1505mW/1543mW
10-08-2026 23:23:02 RAM 3010/7620MB (lfb 153x4MB) SWAP 557/5858MB (cached 0MB) CPU [100%@1510,1%@1510,4%@1510,1%@1510,0%@729,2%@729] GR3D_FREQ 0% cpu@51.875C soc2@50.562C soc0@48.968C gpu@51.218C tj@51.875C soc1@50.687C VDD_IN 5634mW/5577mW VDD_CPU_GPU_CV 1109mW/992mW VDD_SOC 1545mW/1543mW
10-08-2026 23:23:03 RAM 3009/7620MB (lfb 153x4MB) SWAP 557/5858MB (cached 0MB) CPU [99%@1510,0%@1510,4%@1510,1%@1510,0%@729,0%@729] GR3D_FREQ 0% cpu@51.968C soc2@50.5C soc0@49C gpu@51.125C tj@51.968C soc1@50.5C VDD_IN 5634mW/5578mW VDD_CPU_GPU_CV 1109mW/995mW VDD_SOC 1545mW/1543mW
10-08-2026 23:23:04 RAM 3011/7620MB (lfb 153x4MB) SWAP 557/5858MB (cached 0MB) CPU [99%@1510,0%@1510,1%@1510,1%@1510,0%@729,0%@729] GR3D_FREQ 0% cpu@51.906C soc2@50.562C soc0@48.781C gpu@51.406C tj@51.906C soc1@50.531C VDD_IN 5594mW/5579mW VDD_CPU_GPU_CV 1069mW/997mW VDD_SOC 1545mW/1543mW
10-08-2026 23:23:05 RAM 3011/7620MB (lfb 153x4MB) SWAP 557/5858MB (cached 0MB) CPU [98%@1510,1%@1510,1%@1510,1%@1510,0%@729,0%@729] GR3D_FREQ 0% cpu@52C soc2@50.468C soc0@48.812C gpu@51.437C tj@52C soc1@50.593C VDD_IN 5594mW/5579mW VDD_CPU_GPU_CV 1109mW/1000mW VDD_SOC 1505mW/1542mW
10-08-2026 23:23:06 RAM 3009/7620MB (lfb 153x4MB) SWAP 557/5858MB (cached 0MB) CPU [98%@1510,0%@1510,0%@1510,0%@1510,0%@729,0%@729] GR3D_FREQ 0% cpu@51.781C soc2@50.468C soc0@48.781C gpu@51.406C tj@51.781C soc1@50.531C VDD_IN 5594mW/5579mW VDD_CPU_GPU_CV 1069mW/1002mW VDD_SOC 1505mW/1541mW
10-08-2026 23:23:07 RAM 3010/7620MB (lfb 153x4MB) SWAP 557/5858MB (cached 0MB) CPU [25%@1510,2%@1510,1%@1510,76%@1510,0%@729,0%@729] GR3D_FREQ 0% cpu@51.875C soc2@50.406C soc0@48.906C gpu@51.406C tj@51.875C soc1@50.687C VDD_IN 5793mW/5585mW VDD_CPU_GPU_CV 1228mW/1008mW VDD_SOC 1545mW/1541mW
10-08-2026 23:23:08 RAM 3008/7620MB (lfb 153x4MB) SWAP 557/5858MB (cached 0MB) CPU [4%@1510,1%@1510,1%@1510,99%@1510,0%@729,0%@729] GR3D_FREQ 0% cpu@52.031C soc2@50.531C soc0@48.906C gpu@51.406C tj@52.031C soc1@50.468C VDD_IN 5793mW/5590mW VDD_CPU_GPU_CV 1228mW/1013mW VDD_SOC 1545mW/1541mW
10-08-2026 23:23:09 RAM 3007/7620MB (lfb 153x4MB) SWAP 557/5858MB (cached 0MB) CPU [2%@1510,0%@1510,1%@1510,98%@1510,0%@729,1%@729] GR3D_FREQ 0% cpu@51.937C soc2@50.437C soc0@48.781C gpu@51.5C tj@51.937C soc1@50.468C VDD_IN 5793mW/5594mW VDD_CPU_GPU_CV 1228mW/1018mW VDD_SOC 1545mW/1542mW
10-08-2026 23:23:10 RAM 3002/7620MB (lfb 153x4MB) SWAP 557/5858MB (cached 0MB) CPU [3%@1510,3%@1510,2%@1510,100%@1510,0%@729,1%@729] GR3D_FREQ 0% cpu@51.968C soc2@50.468C soc0@48.781C gpu@51.5C tj@51.968C soc1@50.5C VDD_IN 5634mW/5595mW VDD_CPU_GPU_CV 1109mW/1020mW VDD_SOC 1545mW/1542mW
10-08-2026 23:23:11 RAM 3002/7620MB (lfb 153x4MB) SWAP 557/5858MB (cached 0MB) CPU [0%@1510,0%@1510,0%@1510,100%@1510,0%@729,0%@729] GR3D_FREQ 0% cpu@51.718C soc2@50.375C soc0@48.75C gpu@51.218C tj@51.718C soc1@50.593C VDD_IN 5594mW/5595mW VDD_CPU_GPU_CV 1109mW/1022mW VDD_SOC 1505mW/1541mW
10-08-2026 23:23:12 RAM 3003/7620MB (lfb 153x4MB) SWAP 557/5858MB (cached 0MB) CPU [0%@1510,0%@1510,1%@1510,100%@1510,1%@729,0%@729] GR3D_FREQ 0% cpu@51.781C soc2@50.375C soc0@48.812C gpu@51.218C tj@51.781C soc1@50.625C VDD_IN 5594mW/5595mW VDD_CPU_GPU_CV 1109mW/1024mW VDD_SOC 1505mW/1540mW
10-08-2026 23:23:13 RAM 3003/7620MB (lfb 153x4MB) SWAP 557/5858MB (cached 0MB) CPU [1%@1510,0%@1510,0%@1510,100%@1510,1%@729,0%@729] GR3D_FREQ 0% cpu@51.843C soc2@50.343C soc0@48.937C gpu@51.218C tj@51.843C soc1@50.5C VDD_IN 5594mW/5595mW VDD_CPU_GPU_CV 1109mW/1026mW VDD_SOC 1505mW/1539mW
10-08-2026 23:23:14 RAM 3003/7620MB (lfb 153x4MB) SWAP 557/5858MB (cached 0MB) CPU [2%@1510,0%@1510,0%@1510,100%@1510,0%@729,0%@729] GR3D_FREQ 0% cpu@51.843C soc2@50.406C soc0@48.75C gpu@51.156C tj@51.843C soc1@50.5C VDD_IN 5594mW/5595mW VDD_CPU_GPU_CV 1109mW/1027mW VDD_SOC 1505mW/1539mW
10-08-2026 23:23:15 RAM 3004/7620MB (lfb 153x4MB) SWAP 557/5858MB (cached 0MB) CPU [1%@1510,0%@1510,0%@1510,100%@1510,0%@729,0%@729] GR3D_FREQ 0% cpu@51.937C soc2@50.5C soc0@48.75C gpu@51.218C tj@51.937C soc1@50.437C VDD_IN 5594mW/5595mW VDD_CPU_GPU_CV 1109mW/1029mW VDD_SOC 1505mW/1538mW
10-08-2026 23:23:16 RAM 3004/7620MB (lfb 153x4MB) SWAP 557/5858MB (cached 0MB) CPU [1%@1510,0%@1510,0%@1510,100%@1510,0%@729,0%@729] GR3D_FREQ 0% cpu@51.812C soc2@50.375C soc0@48.781C gpu@51.218C tj@51.812C soc1@50.562C VDD_IN 5594mW/5595mW VDD_CPU_GPU_CV 1069mW/1030mW VDD_SOC 1505mW/1537mW
10-08-2026 23:23:17 RAM 3004/7620MB (lfb 153x4MB) SWAP 557/5858MB (cached 0MB) CPU [2%@1510,0%@1510,0%@1510,100%@1510,0%@729,1%@729] GR3D_FREQ 0% cpu@51.843C soc2@50.312C soc0@48.812C gpu@51.218C tj@51.843C soc1@50.5C VDD_IN 5594mW/5595mW VDD_CPU_GPU_CV 1109mW/1031mW VDD_SOC 1505mW/1537mW
10-08-2026 23:23:18 RAM 3005/7620MB (lfb 153x4MB) SWAP 557/5858MB (cached 0MB) CPU [1%@1510,0%@1510,2%@1510,100%@1510,1%@729,0%@729] GR3D_FREQ 0% cpu@51.75C soc2@50.312C soc0@48.812C gpu@51.187C tj@51.875C soc1@50.656C VDD_IN 5594mW/5595mW VDD_CPU_GPU_CV 1109mW/1033mW VDD_SOC 1505mW/1536mW
10-08-2026 23:23:19 RAM 3005/7620MB (lfb 153x4MB) SWAP 557/5858MB (cached 0MB) CPU [3%@1510,1%@1510,0%@1510,100%@1510,0%@729,0%@729] GR3D_FREQ 0% cpu@51.781C soc2@50.437C soc0@48.906C gpu@51.062C tj@51.781C soc1@50.406C VDD_IN 5594mW/5595mW VDD_CPU_GPU_CV 1109mW/1034mW VDD_SOC 1505mW/1535mW
10-08-2026 23:23:20 RAM 3006/7620MB (lfb 153x4MB) SWAP 557/5858MB (cached 0MB) CPU [1%@1510,0%@1510,0%@1510,100%@1510,0%@729,0%@729] GR3D_FREQ 0% cpu@51.937C soc2@50.5C soc0@48.718C gpu@51.031C tj@51.937C soc1@50.375C VDD_IN 5594mW/5595mW VDD_CPU_GPU_CV 1109mW/1036mW VDD_SOC 1505mW/1535mW
10-08-2026 23:23:21 RAM 3006/7620MB (lfb 153x4MB) SWAP 557/5858MB (cached 0MB) CPU [1%@1510,0%@1510,0%@1510,100%@1510,0%@729,0%@729] GR3D_FREQ 0% cpu@51.812C soc2@50.312C soc0@48.781C gpu@51.062C tj@51.812C soc1@50.437C VDD_IN 5594mW/5595mW VDD_CPU_GPU_CV 1109mW/1037mW VDD_SOC 1505mW/1534mW
10-08-2026 23:23:22 RAM 3006/7620MB (lfb 153x4MB) SWAP 557/5858MB (cached 0MB) CPU [4%@1510,0%@1510,0%@1510,100%@1510,1%@729,3%@729] GR3D_FREQ 0% cpu@51.75C soc2@50.375C soc0@48.781C gpu@51C tj@51.75C soc1@50.562C VDD_IN 5634mW/5596mW VDD_CPU_GPU_CV 1109mW/1038mW VDD_SOC 1505mW/1534mW
10-08-2026 23:23:23 RAM 3006/7620MB (lfb 153x4MB) SWAP 557/5858MB (cached 0MB) CPU [2%@1510,0%@1510,0%@1510,100%@1510,3%@729,9%@729] GR3D_FREQ 0% cpu@51.843C soc2@50.312C soc0@48.843C gpu@51.093C tj@51.843C soc1@50.687C VDD_IN 5634mW/5596mW VDD_CPU_GPU_CV 1109mW/1039mW VDD_SOC 1505mW/1533mW
10-08-2026 23:23:24 RAM 3007/7620MB (lfb 153x4MB) SWAP 557/5858MB (cached 0MB) CPU [1%@1510,1%@1510,0%@1510,100%@1510,0%@729,0%@729] GR3D_FREQ 0% cpu@51.843C soc2@50.343C soc0@48.875C gpu@51.031C tj@51.843C soc1@50.437C VDD_IN 5594mW/5596mW VDD_CPU_GPU_CV 1109mW/1041mW VDD_SOC 1505mW/1533mW
10-08-2026 23:23:25 RAM 3007/7620MB (lfb 153x4MB) SWAP 557/5858MB (cached 0MB) CPU [2%@1510,0%@1510,1%@1510,100%@1510,0%@729,0%@729] GR3D_FREQ 0% cpu@51.906C soc2@50.437C soc0@48.656C gpu@51.031C tj@51.906C soc1@50.468C VDD_IN 5594mW/5596mW VDD_CPU_GPU_CV 1069mW/1041mW VDD_SOC 1505mW/1532mW
10-08-2026 23:23:26 RAM 3007/7620MB (lfb 153x4MB) SWAP 557/5858MB (cached 0MB) CPU [1%@1510,0%@1510,0%@1510,100%@1510,0%@729,0%@729] GR3D_FREQ 0% cpu@51.75C soc2@50.406C soc0@48.718C gpu@51.093C tj@51.75C soc1@50.468C VDD_IN 5594mW/5596mW VDD_CPU_GPU_CV 1069mW/1042mW VDD_SOC 1505mW/1532mW
10-08-2026 23:23:27 RAM 3008/7620MB (lfb 153x4MB) SWAP 557/5858MB (cached 0MB) CPU [1%@1510,0%@1510,1%@1510,100%@1510,0%@729,0%@729] GR3D_FREQ 0% cpu@52C soc2@50.281C soc0@48.687C gpu@51.187C tj@51.718C soc1@50.5C VDD_IN 5594mW/5596mW VDD_CPU_GPU_CV 1109mW/1043mW VDD_SOC 1505mW/1531mW
10-08-2026 23:23:28 RAM 3008/7620MB (lfb 153x4MB) SWAP 557/5858MB (cached 0MB) CPU [4%@1510,0%@1510,0%@1510,100%@1510,0%@729,0%@729] GR3D_FREQ 0% cpu@51.687C soc2@50.281C soc0@48.718C gpu@51.312C tj@51.687C soc1@50.593C VDD_IN 5594mW/5596mW VDD_CPU_GPU_CV 1069mW/1043mW VDD_SOC 1505mW/1531mW
10-08-2026 23:23:29 RAM 3008/7620MB (lfb 153x4MB) SWAP 557/5858MB (cached 0MB) CPU [0%@1510,0%@1510,0%@1510,100%@1510,0%@729,0%@729] GR3D_FREQ 0% cpu@51.781C soc2@50.343C soc0@48.875C gpu@51.281C tj@51.781C soc1@50.437C VDD_IN 5594mW/5596mW VDD_CPU_GPU_CV 1069mW/1044mW VDD_SOC 1505mW/1531mW
10-08-2026 23:23:30 RAM 3008/7620MB (lfb 153x4MB) SWAP 557/5858MB (cached 0MB) CPU [2%@1510,1%@1510,1%@1510,100%@1510,0%@729,0%@729] GR3D_FREQ 0% cpu@51.812C soc2@50.312C soc0@48.656C gpu@51.406C tj@51.812C soc1@50.343C VDD_IN 5594mW/5596mW VDD_CPU_GPU_CV 1069mW/1044mW VDD_SOC 1505mW/1530mW
10-08-2026 23:23:31 RAM 3009/7620MB (lfb 153x4MB) SWAP 557/5858MB (cached 0MB) CPU [2%@1510,1%@1510,0%@1510,98%@1510,0%@729,0%@729] GR3D_FREQ 0% cpu@51.625C soc2@50.406C soc0@48.625C gpu@51.437C tj@51.625C soc1@50.406C VDD_IN 5674mW/5597mW VDD_CPU_GPU_CV 1148mW/1046mW VDD_SOC 1505mW/1530mW
10-08-2026 23:23:32 RAM 3010/7620MB (lfb 153x4MB) SWAP 557/5858MB (cached 0MB) CPU [2%@1510,1%@1510,1%@1510,98%@1510,0%@729,0%@729] GR3D_FREQ 0% cpu@51.906C soc2@50.187C soc0@48.781C gpu@51.343C tj@51.906C soc1@50.5C VDD_IN 5594mW/5597mW VDD_CPU_GPU_CV 1069mW/1046mW VDD_SOC 1505mW/1529mW
10-08-2026 23:23:34 RAM 3009/7620MB (lfb 153x4MB) SWAP 557/5858MB (cached 0MB) CPU [3%@1510,1%@1510,2%@1510,99%@1510,0%@729,0%@729] GR3D_FREQ 0% cpu@51.656C soc2@50.312C soc0@48.75C gpu@51.406C tj@51.656C soc1@50.562C VDD_IN 5674mW/5598mW VDD_CPU_GPU_CV 1148mW/1047mW VDD_SOC 1505mW/1529mW
10-08-2026 23:23:35 RAM 3007/7620MB (lfb 153x4MB) SWAP 557/5858MB (cached 0MB) CPU [3%@1510,0%@1510,0%@1510,98%@1510,1%@729,0%@729] GR3D_FREQ 0% cpu@51.718C soc2@50.25C soc0@48.75C gpu@50.937C tj@51.718C soc1@50.343C VDD_IN 5674mW/5600mW VDD_CPU_GPU_CV 1148mW/1049mW VDD_SOC 1505mW/1529mW
10-08-2026 23:23:36 RAM 3007/7620MB (lfb 153x4MB) SWAP 557/5858MB (cached 0MB) CPU [3%@1510,1%@1510,73%@1510,27%@1510,0%@729,0%@729] GR3D_FREQ 0% cpu@51.781C soc2@50.375C soc0@48.625C gpu@50.968C tj@51.781C soc1@50.312C VDD_IN 5674mW/5601mW VDD_CPU_GPU_CV 1148mW/1050mW VDD_SOC 1505mW/1528mW
10-08-2026 23:23:37 RAM 3009/7620MB (lfb 154x4MB) SWAP 557/5858MB (cached 0MB) CPU [2%@1510,0%@1510,98%@1510,1%@1510,0%@729,0%@729] GR3D_FREQ 0% cpu@51.593C soc2@50.375C soc0@48.593C gpu@51.156C tj@51.593C soc1@50.312C VDD_IN 5674mW/5602mW VDD_CPU_GPU_CV 1148mW/1052mW VDD_SOC 1505mW/1528mW
10-08-2026 23:23:38 RAM 3009/7620MB (lfb 154x4MB) SWAP 557/5858MB (cached 0MB) CPU [2%@1510,1%@1510,99%@1510,1%@1510,0%@729,0%@729] GR3D_FREQ 0% cpu@51.843C soc2@50.25C soc0@48.687C gpu@51.187C tj@51.843C soc1@50.468C VDD_IN 5674mW/5603mW VDD_CPU_GPU_CV 1148mW/1053mW VDD_SOC 1505mW/1528mW
10-08-2026 23:23:39 RAM 3007/7620MB (lfb 154x4MB) SWAP 557/5858MB (cached 0MB) CPU [2%@1510,0%@1510,99%@1510,1%@1510,0%@729,0%@729] GR3D_FREQ 0% cpu@51.656C soc2@50.25C soc0@48.687C gpu@51.156C tj@51.656C soc1@50.531C VDD_IN 5674mW/5604mW VDD_CPU_GPU_CV 1148mW/1054mW VDD_SOC 1505mW/1527mW
10-08-2026 23:23:40 RAM 3010/7620MB (lfb 151x4MB) SWAP 557/5858MB (cached 0MB) CPU [1%@1510,1%@1510,99%@1510,0%@1510,0%@729,0%@729] GR3D_FREQ 0% cpu@51.656C soc2@50.25C soc0@48.687C gpu@51.218C tj@51.656C soc1@50.312C VDD_IN 5674mW/5605mW VDD_CPU_GPU_CV 1148mW/1056mW VDD_SOC 1505mW/1527mW
10-08-2026 23:23:41 RAM 3009/7620MB (lfb 145x4MB) SWAP 557/5858MB (cached 0MB) CPU [3%@1510,1%@1510,99%@1510,0%@1510,0%@729,0%@729] GR3D_FREQ 0% cpu@51.812C soc2@50.343C soc0@48.812C gpu@51.125C tj@51.812C soc1@50.281C VDD_IN 5674mW/5606mW VDD_CPU_GPU_CV 1148mW/1057mW VDD_SOC 1505mW/1527mW
10-08-2026 23:23:42 RAM 3008/7620MB (lfb 145x4MB) SWAP 557/5858MB (cached 0MB) CPU [6%@1510,0%@1510,98%@1510,0%@1510,0%@729,0%@729] GR3D_FREQ 0% cpu@51.593C soc2@50.437C soc0@48.593C gpu@51.156C tj@51.593C soc1@50.406C VDD_IN 5674mW/5606mW VDD_CPU_GPU_CV 1148mW/1058mW VDD_SOC 1505mW/1526mW
10-08-2026 23:23:43 RAM 3011/7620MB (lfb 146x4MB) SWAP 557/5858MB (cached 0MB) CPU [4%@1510,1%@1510,99%@1510,0%@1510,0%@729,0%@729] GR3D_FREQ 0% cpu@51.843C soc2@50.281C soc0@48.687C gpu@51.156C tj@51.843C soc1@50.437C VDD_IN 5674mW/5607mW VDD_CPU_GPU_CV 1148mW/1059mW VDD_SOC 1505mW/1526mW
10-08-2026 23:23:44 RAM 3012/7620MB (lfb 146x4MB) SWAP 557/5858MB (cached 0MB) CPU [3%@1510,0%@1510,98%@1510,0%@1510,0%@729,0%@729] GR3D_FREQ 0% cpu@51.593C soc2@50.281C soc0@48.625C gpu@50.937C tj@51.593C soc1@50.437C VDD_IN 5634mW/5608mW VDD_CPU_GPU_CV 1109mW/1060mW VDD_SOC 1505mW/1526mW
10-08-2026 23:23:45 RAM 3006/7620MB (lfb 145x4MB) SWAP 557/5858MB (cached 0MB) CPU [13%@1510,5%@1510,98%@1510,8%@1510,12%@729,9%@729] GR3D_FREQ 0% cpu@51.718C soc2@50.343C soc0@48.687C gpu@51.062C tj@51.718C soc1@50.25C VDD_IN 5793mW/5610mW VDD_CPU_GPU_CV 1188mW/1062mW VDD_SOC 1545mW/1526mW
10-08-2026 23:23:46 RAM 2978/7620MB (lfb 145x4MB) SWAP 557/5858MB (cached 0MB) CPU [1%@1510,3%@1510,98%@1510,0%@1510,9%@729,11%@729] GR3D_FREQ 0% cpu@51.718C soc2@50.312C soc0@48.718C gpu@51.031C tj@51.718C soc1@50.312C VDD_IN 5674mW/5611mW VDD_CPU_GPU_CV 1109mW/1062mW VDD_SOC 1505mW/1526mW
10-08-2026 23:23:47 RAM 2980/7620MB (lfb 145x4MB) SWAP 557/5858MB (cached 0MB) CPU [1%@1510,2%@1510,98%@1510,0%@1510,1%@729,0%@729] GR3D_FREQ 0% cpu@51.593C soc2@50.468C soc0@48.593C gpu@51.062C tj@51.593C soc1@50.375C VDD_IN 5674mW/5612mW VDD_CPU_GPU_CV 1148mW/1063mW VDD_SOC 1505mW/1526mW
10-08-2026 23:23:48 RAM 2979/7620MB (lfb 146x4MB) SWAP 557/5858MB (cached 0MB) CPU [2%@1510,3%@1510,98%@1510,0%@1510,0%@729,0%@729] GR3D_FREQ 0% cpu@51.937C soc2@50.281C soc0@48.593C gpu@51.062C tj@51.937C soc1@50.406C VDD_IN 5753mW/5613mW VDD_CPU_GPU_CV 1228mW/1065mW VDD_SOC 1505mW/1525mW
10-08-2026 23:23:49 RAM 2980/7620MB (lfb 145x4MB) SWAP 557/5858MB (cached 0MB) CPU [2%@1510,2%@1510,98%@1510,1%@1510,1%@729,0%@729] GR3D_FREQ 0% cpu@51.562C soc2@50.312C soc0@48.718C gpu@51.093C tj@51.562C soc1@50.375C VDD_IN 5753mW/5615mW VDD_CPU_GPU_CV 1228mW/1067mW VDD_SOC 1545mW/1526mW
10-08-2026 23:23:50 RAM 2977/7620MB (lfb 140x4MB) SWAP 557/5858MB (cached 0MB) CPU [3%@1510,1%@1510,99%@1510,0%@1510,0%@729,6%@729] GR3D_FREQ 0% cpu@51.656C soc2@50.343C soc0@48.75C gpu@51.062C tj@51.656C soc1@50.343C VDD_IN 5793mW/5617mW VDD_CPU_GPU_CV 1228mW/1069mW VDD_SOC 1545mW/1526mW
10-08-2026 23:23:51 RAM 2982/7620MB (lfb 129x4MB) SWAP 557/5858MB (cached 0MB) CPU [4%@1510,1%@1510,63%@1510,36%@1510,0%@729,0%@729] GR3D_FREQ 0% cpu@51.937C soc2@50.25C soc0@48.781C gpu@51.062C tj@51.937C soc1@50.312C VDD_IN 5793mW/5619mW VDD_CPU_GPU_CV 1228mW/1071mW VDD_SOC 1505mW/1526mW
10-08-2026 23:23:52 RAM 2985/7620MB (lfb 123x4MB) SWAP 557/5858MB (cached 0MB) CPU [1%@1510,3%@1510,0%@1510,98%@1510,0%@729,0%@729] GR3D_FREQ 0% cpu@51.812C soc2@50.25C soc0@48.593C gpu@51.218C tj@51.75C soc1@50.312C VDD_IN 5674mW/5620mW VDD_CPU_GPU_CV 1148mW/1072mW VDD_SOC 1505mW/1525mW
10-08-2026 23:23:53 RAM 2985/7620MB (lfb 122x4MB) SWAP 557/5858MB (cached 0MB) CPU [0%@1510,3%@1510,0%@1510,100%@1510,0%@729,1%@729] GR3D_FREQ 0% cpu@51.937C soc2@50.25C soc0@48.656C gpu@51.218C tj@51.937C soc1@50.468C VDD_IN 5634mW/5620mW VDD_CPU_GPU_CV 1109mW/1072mW VDD_SOC 1505mW/1525mW
