10-08-2026 21:10:38 RAM 2851/7620MB (lfb 79x4MB) SWAP 423/5858MB (cached 0MB) CPU [22%@1510,84%@1510,14%@1510,14%@1510,13%@729,13%@729] GR3D_FREQ 0% cpu@53.156C soc2@51.406C soc0@49.781C gpu@52.281C tj@53C soc1@51.562C VDD_IN 5912mW/5912mW VDD_CPU_GPU_CV 1267mW/1267mW VDD_SOC 1547mW/1547mW
10-08-2026 21:10:39 RAM 2923/7620MB (lfb 79x4MB) SWAP 423/5858MB (cached 0MB) CPU [4%@1510,92%@1510,0%@1510,1%@1510,3%@729,0%@729] GR3D_FREQ 0% cpu@52.937C soc2@51.5C soc0@49.843C gpu@52.312C tj@52.937C soc1@51.625C VDD_IN 5832mW/5872mW VDD_CPU_GPU_CV 1188mW/1228mW VDD_SOC 1545mW/1546mW
10-08-2026 21:10:40 RAM 2947/7620MB (lfb 79x4MB) SWAP 423/5858MB (cached 0MB) CPU [1%@1510,98%@1510,1%@1510,0%@1510,0%@729,0%@729] GR3D_FREQ 0% cpu@52.968C soc2@51.437C soc0@49.906C gpu@52.062C tj@52.968C soc1@51.468C VDD_IN 5832mW/5859mW VDD_CPU_GPU_CV 1188mW/1214mW VDD_SOC 1547mW/1546mW
10-08-2026 21:10:41 RAM 2974/7620MB (lfb 79x4MB) SWAP 423/5858MB (cached 0MB) CPU [3%@1510,38%@1510,1%@1510,2%@1510,0%@1510,56%@1510] GR3D_FREQ 0% cpu@52.937C soc2@51.406C soc0@49.687C gpu@52.062C tj@52.937C soc1@51.531C VDD_IN 5793mW/5842mW VDD_CPU_GPU_CV 1188mW/1208mW VDD_SOC 1547mW/1547mW
10-08-2026 21:10:42 RAM 2991/7620MB (lfb 79x4MB) SWAP 420/5858MB (cached 0MB) CPU [24%@1510,3%@1510,48%@1510,10%@1510,3%@729,4%@729] GR3D_FREQ 0% cpu@53.031C soc2@51.406C soc0@49.75C gpu@52.187C tj@53.031C soc1@51.468C VDD_IN 5713mW/5816mW VDD_CPU_GPU_CV 1069mW/1180mW VDD_SOC 1547mW/1547mW
10-08-2026 21:10:43 RAM 3028/7620MB (lfb 79x4MB) SWAP 418/5858MB (cached 0MB) CPU [37%@1510,58%@1510,0%@1510,2%@1510,0%@729,0%@729] GR3D_FREQ 0% cpu@52.687C soc2@51.437C soc0@49.781C gpu@52.218C tj@52.687C soc1@51.468C VDD_IN 5832mW/5819mW VDD_CPU_GPU_CV 1148mW/1175mW VDD_SOC 1545mW/1546mW
10-08-2026 21:10:44 RAM 3050/7620MB (lfb 79x4MB) SWAP 418/5858MB (cached 0MB) CPU [71%@1510,27%@1510,1%@1510,0%@1510,0%@729,0%@729] GR3D_FREQ 22% cpu@52.906C soc2@51.312C soc0@49.906C gpu@52.25C tj@52.906C soc1@51.343C VDD_IN 5832mW/5821mW VDD_CPU_GPU_CV 1188mW/1177mW VDD_SOC 1545mW/1546mW
10-08-2026 21:10:45 RAM 3071/7620MB (lfb 79x4MB) SWAP 418/5858MB (cached 0MB) CPU [4%@1510,92%@1510,0%@1510,0%@1510,1%@729,0%@729] GR3D_FREQ 0% cpu@52.968C soc2@51.312C soc0@49.656C gpu@51.843C tj@52.968C soc1@51.343C VDD_IN 5793mW/5817mW VDD_CPU_GPU_CV 1109mW/1168mW VDD_SOC 1547mW/1546mW
10-08-2026 21:10:46 RAM 3111/7620MB (lfb 79x4MB) SWAP 418/5858MB (cached 0MB) CPU [3%@1510,93%@1510,0%@1510,1%@1510,0%@729,0%@729] GR3D_FREQ 0% cpu@52.812C soc2@51.312C soc0@49.718C gpu@51.875C tj@52.812C soc1@51.375C VDD_IN 5832mW/5819mW VDD_CPU_GPU_CV 1228mW/1175mW VDD_SOC 1547mW/1546mW
10-08-2026 21:10:47 RAM 3123/7620MB (lfb 79x4MB) SWAP 418/5858MB (cached 0MB) CPU [2%@1510,97%@1510,1%@1510,2%@1510,0%@729,0%@729] GR3D_FREQ 31% cpu@52.843C soc2@51.218C soc0@49.687C gpu@51.937C tj@52.843C soc1@51.531C VDD_IN 5872mW/5824mW VDD_CPU_GPU_CV 1188mW/1176mW VDD_SOC 1545mW/1546mW
10-08-2026 21:10:48 RAM 3236/7620MB (lfb 59x4MB) SWAP 418/5858MB (cached 0MB) CPU [9%@1510,14%@1510,24%@1510,8%@1510,9%@729,7%@729] GR3D_FREQ 0% cpu@52.718C soc2@51.218C soc0@49.687C gpu@51.875C tj@52.937C soc1@51.218C VDD_IN 5732mW/5816mW VDD_CPU_GPU_CV 1073mW/1167mW VDD_SOC 1550mW/1547mW
10-08-2026 21:10:49 RAM 3260/7620MB (lfb 58x4MB) SWAP 418/5858MB (cached 0MB) CPU [61%@1510,60%@1510,59%@1510,65%@1510,65%@729,67%@729] GR3D_FREQ 64% cpu@52.812C soc2@51.343C soc0@49.593C gpu@52.312C tj@52.812C soc1@51.343C VDD_IN 6864mW/5903mW VDD_CPU_GPU_CV 1980mW/1235mW VDD_SOC 1626mW/1553mW
10-08-2026 21:10:50 RAM 3289/7620MB (lfb 55x4MB) SWAP 418/5858MB (cached 0MB) CPU [30%@960,21%@960,22%@960,49%@960,25%@1510,40%@1510] GR3D_FREQ 0% cpu@53C soc2@51.218C soc0@49.625C gpu@52.312C tj@52.937C soc1@51.375C VDD_IN 6269mW/5931mW VDD_CPU_GPU_CV 1505mW/1255mW VDD_SOC 1587mW/1556mW
10-08-2026 21:10:51 RAM 3295/7620MB (lfb 56x4MB) SWAP 418/5858MB (cached 0MB) CPU [44%@1510,37%@1510,42%@1510,45%@1510,54%@1497,68%@1497] GR3D_FREQ 23% cpu@52.75C soc2@51.25C soc0@49.718C gpu@52.031C tj@52.937C soc1@51.468C VDD_IN 6388mW/5964mW VDD_CPU_GPU_CV 1505mW/1273mW VDD_SOC 1626mW/1561mW
10-08-2026 21:10:53 RAM 3998/7620MB (lfb 21x4MB) SWAP 415/5858MB (cached 0MB) CPU [19%@1510,23%@1510,17%@1510,13%@1510,16%@1510,56%@1510] GR3D_FREQ 0% cpu@52.781C soc2@51.25C soc0@49.656C gpu@51.968C tj@53C soc1@51.25C VDD_IN 6269mW/5984mW VDD_CPU_GPU_CV 1267mW/1273mW VDD_SOC 1706mW/1570mW
10-08-2026 21:10:54 RAM 4457/7620MB (lfb 61x1MB) SWAP 415/5858MB (cached 0MB) CPU [46%@1510,19%@1510,15%@1510,14%@1510,48%@729,15%@729] GR3D_FREQ 0% cpu@52.937C soc2@51.343C soc0@49.531C gpu@51.812C tj@52.937C soc1@51.312C VDD_IN 6229mW/6000mW VDD_CPU_GPU_CV 1346mW/1277mW VDD_SOC 1624mW/1574mW
10-08-2026 21:10:55 RAM 4457/7620MB (lfb 84x1MB) SWAP 415/5858MB (cached 0MB) CPU [12%@729,62%@729,12%@729,14%@729,5%@1510,42%@1510] GR3D_FREQ 0% cpu@52.593C soc2@51.187C soc0@49.562C gpu@51.843C tj@52.593C soc1@51.312C VDD_IN 6031mW/6001mW VDD_CPU_GPU_CV 1386mW/1284mW VDD_SOC 1545mW/1572mW
10-08-2026 21:10:56 RAM 4467/7620MB (lfb 87x1MB) SWAP 415/5858MB (cached 0MB) CPU [9%@729,8%@729,11%@729,14%@729,5%@1510,100%@1510] GR3D_FREQ 31% cpu@52.562C soc2@51.156C soc0@49.625C gpu@51.718C tj@52.562C soc1@51.093C VDD_IN 5872mW/5994mW VDD_CPU_GPU_CV 1267mW/1283mW VDD_SOC 1545mW/1571mW
10-08-2026 21:10:57 RAM 4467/7620MB (lfb 87x1MB) SWAP 415/5858MB (cached 0MB) CPU [11%@1510,8%@1510,11%@1510,12%@1510,5%@1510,100%@1510] GR3D_FREQ 41% cpu@52.656C soc2@51.062C soc0@49.468C gpu@51.843C tj@52.656C soc1@51.156C VDD_IN 5832mW/5986mW VDD_CPU_GPU_CV 1228mW/1280mW VDD_SOC 1545mW/1569mW
10-08-2026 21:10:58 RAM 4469/7620MB (lfb 86x1MB) SWAP 415/5858MB (cached 0MB) CPU [9%@729,10%@729,10%@729,8%@729,5%@1510,100%@1510] GR3D_FREQ 0% cpu@52.812C soc2@51.125C soc0@49.468C gpu@51.781C tj@52.812C soc1@51.156C VDD_IN 5832mW/5978mW VDD_CPU_GPU_CV 1228mW/1277mW VDD_SOC 1545mW/1568mW
10-08-2026 21:10:59 RAM 4468/7620MB (lfb 88x1MB) SWAP 415/5858MB (cached 0MB) CPU [10%@729,12%@729,9%@729,11%@729,4%@1510,100%@1510] GR3D_FREQ 0% cpu@52.437C soc2@51.125C soc0@49.468C gpu@51.812C tj@52.437C soc1@51.218C VDD_IN 5832mW/5971mW VDD_CPU_GPU_CV 1228mW/1275mW VDD_SOC 1545mW/1567mW
10-08-2026 21:11:00 RAM 4644/7620MB (lfb 89x1MB) SWAP 415/5858MB (cached 0MB) CPU [10%@729,8%@729,13%@729,12%@1510,6%@1510,100%@1510] GR3D_FREQ 7% cpu@52.468C soc2@51.031C soc0@49.531C gpu@51.687C tj@52.468C soc1@51.218C VDD_IN 5952mW/5970mW VDD_CPU_GPU_CV 1307mW/1276mW VDD_SOC 1547mW/1566mW
10-08-2026 21:11:01 RAM 4817/7620MB (lfb 89x1MB) SWAP 415/5858MB (cached 0MB) CPU [9%@1510,7%@1510,11%@1510,13%@1510,5%@1510,100%@1510] GR3D_FREQ 0% cpu@52.687C soc2@51C soc0@49.312C gpu@51.656C tj@52.687C soc1@50.968C VDD_IN 5952mW/5969mW VDD_CPU_GPU_CV 1307mW/1278mW VDD_SOC 1545mW/1565mW
10-08-2026 21:11:02 RAM 4862/7620MB (lfb 84x1MB) SWAP 415/5858MB (cached 0MB) CPU [10%@1510,10%@1510,17%@1510,12%@1510,4%@1510,100%@1510] GR3D_FREQ 0% cpu@52.468C soc2@51.093C soc0@49.312C gpu@51.687C tj@52.468C soc1@51.125C VDD_IN 5991mW/5970mW VDD_CPU_GPU_CV 1346mW/1281mW VDD_SOC 1547mW/1564mW
10-08-2026 21:11:03 RAM 4993/7620MB (lfb 83x1MB) SWAP 414/5858MB (cached 0MB) CPU [9%@1510,12%@1510,7%@1510,52%@1510,10%@729,59%@729] GR3D_FREQ 16% cpu@52.437C soc2@50.937C soc0@49.437C gpu@51.875C tj@52.437C soc1@51.187C VDD_IN 6031mW/5973mW VDD_CPU_GPU_CV 1346mW/1283mW VDD_SOC 1545mW/1564mW
10-08-2026 21:11:04 RAM 5105/7620MB (lfb 82x1MB) SWAP 414/5858MB (cached 0MB) CPU [15%@1510,6%@1510,8%@1510,100%@1510,12%@729,16%@729] GR3D_FREQ 10% cpu@52.437C soc2@51.062C soc0@49.406C gpu@51.75C tj@52.437C soc1@51.187C VDD_IN 6031mW/5975mW VDD_CPU_GPU_CV 1386mW/1287mW VDD_SOC 1545mW/1563mW
10-08-2026 21:11:05 RAM 5220/7620MB (lfb 85x1MB) SWAP 414/5858MB (cached 0MB) CPU [12%@1510,8%@1510,10%@1510,99%@1510,6%@729,10%@729] GR3D_FREQ 0% cpu@52.5C soc2@51.031C soc0@49.468C gpu@51.75C tj@52.5C soc1@51C VDD_IN 5991mW/5976mW VDD_CPU_GPU_CV 1346mW/1289mW VDD_SOC 1545mW/1562mW
10-08-2026 21:11:06 RAM 4114/7620MB (lfb 89x4MB) SWAP 414/5858MB (cached 0MB) CPU [32%@1267,26%@1267,23%@1267,70%@1267,32%@729,33%@729] GR3D_FREQ 30% cpu@52.656C soc2@51.031C soc0@49.343C gpu@51.812C tj@52.656C soc1@51.031C VDD_IN 6586mW/5997mW VDD_CPU_GPU_CV 1505mW/1297mW VDD_SOC 1706mW/1567mW
10-08-2026 21:11:07 RAM 3899/7620MB (lfb 62x4MB) SWAP 414/5858MB (cached 0MB) CPU [10%@1497,83%@1497,8%@1497,11%@1497,3%@729,5%@729] GR3D_FREQ 0% cpu@52.406C soc2@50.968C soc0@49.343C gpu@51.875C tj@52.406C soc1@51C VDD_IN 6348mW/6009mW VDD_CPU_GPU_CV 1228mW/1295mW VDD_SOC 1703mW/1572mW
10-08-2026 21:11:08 RAM 4174/7620MB (lfb 62x4MB) SWAP 414/5858MB (cached 0MB) CPU [45%@1036,44%@1036,32%@1036,43%@1036,45%@806,47%@806] GR3D_FREQ 0% cpu@52.593C soc2@51.062C soc0@49.312C gpu@51.687C tj@52.593C soc1@51.156C VDD_IN 6586mW/6029mW VDD_CPU_GPU_CV 1624mW/1306mW VDD_SOC 1663mW/1575mW
10-08-2026 21:11:09 RAM 4185/7620MB (lfb 62x4MB) SWAP 414/5858MB (cached 0MB) CPU [39%@729,47%@729,34%@729,34%@729,52%@1113,44%@1113] GR3D_FREQ 0% cpu@52.75C soc2@51C soc0@49.5C gpu@51.593C tj@52.75C soc1@50.937C VDD_IN 6348mW/6039mW VDD_CPU_GPU_CV 1426mW/1310mW VDD_SOC 1624mW/1577mW
10-08-2026 21:11:10 RAM 4297/7620MB (lfb 58x4MB) SWAP 414/5858MB (cached 0MB) CPU [60%@1510,63%@1510,46%@1510,63%@1510,54%@1510,50%@1510] GR3D_FREQ 0% cpu@53.656C soc2@51.375C soc0@49.312C gpu@52C tj@53.656C soc1@51.093C VDD_IN 8055mW/6102mW VDD_CPU_GPU_CV 2693mW/1353mW VDD_SOC 1785mW/1583mW
10-08-2026 21:11:11 RAM 4347/7620MB (lfb 54x4MB) SWAP 414/5858MB (cached 0MB) CPU [68%@1510,72%@1510,66%@1510,67%@1510,73%@1510,72%@1510] GR3D_FREQ 44% cpu@53.406C soc2@51.531C soc0@49.468C gpu@52.125C tj@53.375C soc1@51.156C VDD_IN 8332mW/6170mW VDD_CPU_GPU_CV 2971mW/1402mW VDD_SOC 1785mW/1589mW
10-08-2026 21:11:12 RAM 4829/7620MB (lfb 12x4MB) SWAP 414/5858MB (cached 0MB) CPU [63%@1510,53%@1510,49%@1510,56%@1510,58%@1510,56%@1510] GR3D_FREQ 79% cpu@53.25C soc2@51.593C soc0@49.687C gpu@52.031C tj@53.25C soc1@51.375C VDD_IN 8928mW/6251mW VDD_CPU_GPU_CV 3124mW/1452mW VDD_SOC 1941mW/1600mW
10-08-2026 21:11:13 RAM 4934/7620MB (lfb 9x4MB) SWAP 414/5858MB (cached 0MB) CPU [68%@1510,80%@1510,69%@1510,78%@1510,82%@960,78%@960] GR3D_FREQ 1% cpu@53.531C soc2@51.656C soc0@49.656C gpu@52.437C tj@53.531C soc1@51.312C VDD_IN 9483mW/6343mW VDD_CPU_GPU_CV 3520mW/1512mW VDD_SOC 2020mW/1612mW
10-08-2026 21:11:14 RAM 5033/7620MB (lfb 9x4MB) SWAP 414/5858MB (cached 0MB) CPU [53%@1510,45%@1510,55%@1510,79%@1510,57%@1190,61%@1190] GR3D_FREQ 55% cpu@53.343C soc2@51.781C soc0@49.812C gpu@52.468C tj@53.343C soc1@51.468C VDD_IN 9205mW/6423mW VDD_CPU_GPU_CV 3322mW/1562mW VDD_SOC 1980mW/1622mW
10-08-2026 21:11:15 RAM 5132/7620MB (lfb 10x4MB) SWAP 414/5858MB (cached 0MB) CPU [79%@1510,70%@1510,73%@1510,66%@1510,82%@1510,74%@1510] GR3D_FREQ 40% cpu@54.031C soc2@51.968C soc0@50C gpu@52.312C tj@54.156C soc1@51.468C VDD_IN 10181mW/6524mW VDD_CPU_GPU_CV 4027mW/1628mW VDD_SOC 2099mW/1635mW
10-08-2026 21:11:16 RAM 5208/7620MB (lfb 67x1MB) SWAP 414/5858MB (cached 0MB) CPU [86%@1510,55%@1510,61%@1510,54%@1510,53%@1510,57%@1510] GR3D_FREQ 64% cpu@53.687C soc2@51.687C soc0@49.906C gpu@52.468C tj@53.687C soc1@51.656C VDD_IN 8134mW/6567mW VDD_CPU_GPU_CV 2570mW/1653mW VDD_SOC 1861mW/1641mW
10-08-2026 21:11:17 RAM 5295/7620MB (lfb 23x1MB) SWAP 414/5858MB (cached 0MB) CPU [66%@1510,83%@1510,65%@1510,71%@1510,68%@883,66%@883] GR3D_FREQ 45% cpu@53.843C soc2@52C soc0@50.093C gpu@52.593C tj@53.843C soc1@51.531C VDD_IN 9602mW/6644mW VDD_CPU_GPU_CV 3599mW/1703mW VDD_SOC 2020mW/1650mW
10-08-2026 21:11:18 RAM 5364/7620MB (lfb 1x4MB) SWAP 414/5858MB (cached 0MB) CPU [74%@1510,91%@1510,82%@1510,84%@1510,81%@1420,75%@1420] GR3D_FREQ 20% cpu@53.906C soc2@51.968C soc0@49.968C gpu@52.718C tj@53.906C soc1@51.656C VDD_IN 9761mW/6722mW VDD_CPU_GPU_CV 3717mW/1753mW VDD_SOC 2020mW/1660mW
10-08-2026 21:11:19 RAM 5479/7620MB (lfb 34x512kB) SWAP 414/5858MB (cached 0MB) CPU [66%@1510,72%@1510,54%@1510,61%@1510,71%@1510,62%@1510] GR3D_FREQ 54% cpu@53.781C soc2@52.156C soc0@50.125C gpu@52.468C tj@53.781C soc1@51.687C VDD_IN 9443mW/6789mW VDD_CPU_GPU_CV 3520mW/1797mW VDD_SOC 2020mW/1668mW
10-08-2026 21:11:20 RAM 5378/7620MB (lfb 49x512kB) SWAP 414/5858MB (cached 0MB) CPU [76%@1510,64%@1510,77%@1510,71%@1510,74%@1190,68%@1190] GR3D_FREQ 46% cpu@53.718C soc2@52.375C soc0@50.218C gpu@52.656C tj@53.718C soc1@51.968C VDD_IN 9705mW/6858mW VDD_CPU_GPU_CV 3711mW/1842mW VDD_SOC 2060mW/1678mW
10-08-2026 21:11:21 RAM 5478/7620MB (lfb 42x512kB) SWAP 414/5858MB (cached 0MB) CPU [69%@1420,69%@1420,55%@1420,66%@1420,73%@1510,64%@1510] GR3D_FREQ 81% cpu@54.156C soc2@52.187C soc0@50.125C gpu@52.843C tj@54.156C soc1@51.812C VDD_IN 9205mW/6913mW VDD_CPU_GPU_CV 3361mW/1877mW VDD_SOC 1980mW/1685mW
10-08-2026 21:11:22 RAM 5577/7620MB (lfb 17x512kB) SWAP 414/5858MB (cached 0MB) CPU [59%@1510,61%@1510,50%@1510,57%@1510,54%@729,61%@729] GR3D_FREQ 57% cpu@53.875C soc2@52.375C soc0@50.343C gpu@53C tj@53.875C soc1@51.843C VDD_IN 9126mW/6963mW VDD_CPU_GPU_CV 3203mW/1908mW VDD_SOC 2020mW/1692mW
10-08-2026 21:11:23 RAM 5277/7620MB (lfb 23x1MB) SWAP 414/5858MB (cached 0MB) CPU [25%@1420,53%@1420,64%@1420,15%@1420,10%@729,16%@729] GR3D_FREQ 0% cpu@53.468C soc2@51.968C soc0@50.218C gpu@52.937C tj@53.468C soc1@51.875C VDD_IN 7697mW/6979mW VDD_CPU_GPU_CV 2214mW/1914mW VDD_SOC 1861mW/1696mW
10-08-2026 21:11:24 RAM 5528/7620MB (lfb 1x2MB) SWAP 414/5858MB (cached 0MB) CPU [61%@1510,72%@1510,57%@1510,57%@1510,59%@806,79%@806] GR3D_FREQ 59% cpu@53.937C soc2@52.187C soc0@50.375C gpu@52.718C tj@53.937C soc1@51.781C VDD_IN 9086mW/7025mW VDD_CPU_GPU_CV 3243mW/1943mW VDD_SOC 1980mW/1702mW
10-08-2026 21:11:25 RAM 5683/7620MB (lfb 1x2MB) SWAP 414/5858MB (cached 0MB) CPU [52%@1510,56%@1510,62%@1510,58%@1510,61%@1190,60%@1190] GR3D_FREQ 43% cpu@53.937C soc2@52.156C soc0@50.218C gpu@52.687C tj@53.937C soc1@51.812C VDD_IN 8293mW/7052mW VDD_CPU_GPU_CV 2689mW/1959mW VDD_SOC 1861mW/1706mW
10-08-2026 21:11:26 RAM 5959/7620MB (lfb 82x1MB) SWAP 414/5858MB (cached 0MB) CPU [79%@1510,83%@1510,84%@1510,84%@1510,86%@1510,80%@1510] GR3D_FREQ 19% cpu@54.312C soc2@52.218C soc0@50.375C gpu@52.687C tj@54.312C soc1@52.156C VDD_IN 9126mW/7095mW VDD_CPU_GPU_CV 3361mW/1988mW VDD_SOC 1904mW/1710mW
10-08-2026 21:11:27 RAM 6020/7620MB (lfb 3x4MB) SWAP 414/5858MB (cached 0MB) CPU [66%@1510,72%@1510,58%@1510,74%@1510,65%@729,83%@729] GR3D_FREQ 36% cpu@54.156C soc2@52.218C soc0@50.281C gpu@53C tj@54.156C soc1@52.031C VDD_IN 8451mW/7123mW VDD_CPU_GPU_CV 2847mW/2006mW VDD_SOC 1861mW/1713mW
10-08-2026 21:11:28 RAM 6048/7620MB (lfb 3x4MB) SWAP 414/5858MB (cached 0MB) CPU [79%@1510,81%@1510,75%@1510,78%@1510,92%@1510,81%@1510] GR3D_FREQ 19% cpu@54.531C soc2@52.375C soc0@50.343C gpu@53.125C tj@54.531C soc1@52.093C VDD_IN 9324mW/7167mW VDD_CPU_GPU_CV 3480mW/2035mW VDD_SOC 1941mW/1717mW
10-08-2026 21:11:29 RAM 6048/7620MB (lfb 3x4MB) SWAP 414/5858MB (cached 0MB) CPU [16%@729,18%@729,15%@729,14%@729,42%@1510,57%@1510] GR3D_FREQ 66% cpu@53.5C soc2@52.093C soc0@50.406C gpu@52.687C tj@53.5C soc1@52.156C VDD_IN 7023mW/7164mW VDD_CPU_GPU_CV 1782mW/2030mW VDD_SOC 1782mW/1719mW
10-08-2026 21:11:30 RAM 6060/7620MB (lfb 3x4MB) SWAP 414/5858MB (cached 0MB) CPU [19%@729,14%@1510,13%@1510,10%@1510,43%@1497,56%@1497] GR3D_FREQ 61% cpu@53.656C soc2@51.968C soc0@50.5C gpu@52.593C tj@53.656C soc1@51.968C VDD_IN 6904mW/7159mW VDD_CPU_GPU_CV 1624mW/2023mW VDD_SOC 1743mW/1719mW
10-08-2026 21:11:31 RAM 6070/7620MB (lfb 1x4MB) SWAP 414/5858MB (cached 0MB) CPU [14%@1510,34%@1510,11%@1510,11%@1510,14%@729,55%@729] GR3D_FREQ 45% cpu@53.343C soc2@51.937C soc0@50.25C gpu@52.906C tj@53.343C soc1@51.968C VDD_IN 6864mW/7154mW VDD_CPU_GPU_CV 1624mW/2015mW VDD_SOC 1745mW/1720mW
10-08-2026 21:11:32 RAM 6080/7620MB (lfb 82x1MB) SWAP 414/5858MB (cached 0MB) CPU [29%@1510,27%@1510,9%@1510,61%@1510,8%@729,5%@729] GR3D_FREQ 45% cpu@53.562C soc2@51.937C soc0@50.343C gpu@52.906C tj@53.437C soc1@51.968C VDD_IN 6864mW/7148mW VDD_CPU_GPU_CV 1663mW/2009mW VDD_SOC 1743mW/1720mW
10-08-2026 21:11:33 RAM 6092/7620MB (lfb 82x1MB) SWAP 414/5858MB (cached 0MB) CPU [14%@729,41%@729,16%@729,36%@729,17%@1510,13%@1510] GR3D_FREQ 39% cpu@53.375C soc2@51.812C soc0@50.406C gpu@52.468C tj@53.375C soc1@52C VDD_IN 6824mW/7142mW VDD_CPU_GPU_CV 1584mW/2001mW VDD_SOC 1743mW/1721mW
10-08-2026 21:11:34 RAM 6092/7620MB (lfb 82x1MB) SWAP 414/5858MB (cached 0MB) CPU [23%@1510,37%@1510,4%@1510,13%@1510,16%@729,25%@729] GR3D_FREQ 39% cpu@53.312C soc2@52C soc0@50.406C gpu@52.437C tj@53.312C soc1@51.812C VDD_IN 6824mW/7137mW VDD_CPU_GPU_CV 1584mW/1993mW VDD_SOC 1745mW/1721mW
10-08-2026 21:11:35 RAM 6100/7620MB (lfb 82x1MB) SWAP 414/5858MB (cached 0MB) CPU [29%@1510,35%@1510,35%@1510,11%@1510,8%@729,11%@729] GR3D_FREQ 55% cpu@53.437C soc2@51.906C soc0@50.25C gpu@52.531C tj@53.437C soc1@51.906C VDD_IN 6864mW/7132mW VDD_CPU_GPU_CV 1624mW/1987mW VDD_SOC 1743mW/1721mW
10-08-2026 21:11:36 RAM 6103/7620MB (lfb 82x1MB) SWAP 414/5858MB (cached 0MB) CPU [34%@1510,37%@1510,9%@729,9%@729,21%@1420,29%@1420] GR3D_FREQ 27% cpu@53.437C soc2@51.843C soc0@50.25C gpu@52.593C tj@53.437C soc1@51.875C VDD_IN 6904mW/7128mW VDD_CPU_GPU_CV 1663mW/1981mW VDD_SOC 1743mW/1722mW
10-08-2026 21:11:37 RAM 6116/7620MB (lfb 81x1MB) SWAP 414/5858MB (cached 0MB) CPU [15%@729,14%@729,11%@729,10%@729,26%@1497,70%@1497] GR3D_FREQ 43% cpu@53.281C soc2@51.875C soc0@50.312C gpu@52.593C tj@53.281C soc1@51.968C VDD_IN 6904mW/7124mW VDD_CPU_GPU_CV 1663mW/1976mW VDD_SOC 1743mW/1722mW
10-08-2026 21:11:38 RAM 6085/7620MB (lfb 79x2MB) SWAP 414/5858MB (cached 0MB) CPU [19%@1510,19%@1510,29%@1510,23%@1510,26%@1344,79%@1344] GR3D_FREQ 72% cpu@53.375C soc2@52.093C soc0@50.5C gpu@52.5C tj@53.375C soc1@52.125C VDD_IN 7737mW/7134mW VDD_CPU_GPU_CV 2175mW/1979mW VDD_SOC 1901mW/1725mW
10-08-2026 21:11:39 RAM 6236/7620MB (lfb 69x2MB) SWAP 414/5858MB (cached 0MB) CPU [34%@1510,15%@1510,18%@1510,33%@1510,50%@1510,51%@1510] GR3D_FREQ 64% cpu@53.656C soc2@52.281C soc0@50.437C gpu@52.593C tj@53.656C soc1@51.875C VDD_IN 8213mW/7152mW VDD_CPU_GPU_CV 2491mW/1988mW VDD_SOC 1941mW/1729mW
10-08-2026 21:11:40 RAM 6326/7620MB (lfb 24x2MB) SWAP 414/5858MB (cached 0MB) CPU [27%@729,23%@729,22%@729,51%@729,43%@1497,46%@1497] GR3D_FREQ 51% cpu@53.437C soc2@52.25C soc0@50.406C gpu@52.562C tj@53.437C soc1@51.968C VDD_IN 7777mW/7162mW VDD_CPU_GPU_CV 2214mW/1991mW VDD_SOC 1901mW/1731mW
10-08-2026 21:11:41 RAM 6102/7620MB (lfb 1x2MB) SWAP 414/5858MB (cached 0MB) CPU [27%@1267,28%@1267,24%@1267,26%@1267,76%@1344,34%@1344] GR3D_FREQ 26% cpu@53.562C soc2@52.187C soc0@50.625C gpu@52.718C tj@53.656C soc1@52.062C VDD_IN 8213mW/7179mW VDD_CPU_GPU_CV 2491mW/1999mW VDD_SOC 1941mW/1735mW
10-08-2026 21:11:42 RAM 5974/7620MB (lfb 12x2MB) SWAP 414/5858MB (cached 0MB) CPU [32%@729,40%@1510,29%@1510,30%@1510,25%@960,48%@960] GR3D_FREQ 45% cpu@53.593C soc2@52.031C soc0@50.562C gpu@52.687C tj@53.593C soc1@51.906C VDD_IN 7261mW/7180mW VDD_CPU_GPU_CV 1782mW/1996mW VDD_SOC 1822mW/1736mW
10-08-2026 21:11:43 RAM 5979/7620MB (lfb 12x2MB) SWAP 414/5858MB (cached 0MB) CPU [14%@1510,11%@1510,10%@1510,15%@1510,5%@729,76%@729] GR3D_FREQ 37% cpu@53.406C soc2@51.968C soc0@50.25C gpu@52.687C tj@53.406C soc1@51.843C VDD_IN 6824mW/7175mW VDD_CPU_GPU_CV 1584mW/1989mW VDD_SOC 1745mW/1736mW
10-08-2026 21:11:44 RAM 5979/7620MB (lfb 12x2MB) SWAP 414/5858MB (cached 0MB) CPU [13%@1510,18%@1510,32%@1510,37%@1510,12%@729,7%@729] GR3D_FREQ 52% cpu@53.531C soc2@51.843C soc0@50.468C gpu@52.562C tj@53.531C soc1@52.062C VDD_IN 6785mW/7169mW VDD_CPU_GPU_CV 1584mW/1983mW VDD_SOC 1745mW/1736mW
10-08-2026 21:11:45 RAM 5979/7620MB (lfb 12x2MB) SWAP 414/5858MB (cached 0MB) CPU [13%@1510,30%@1510,8%@1510,60%@1510,4%@729,5%@729] GR3D_FREQ 62% cpu@53.281C soc2@51.968C soc0@50.375C gpu@52.468C tj@53.281C soc1@51.968C VDD_IN 6785mW/7163mW VDD_CPU_GPU_CV 1584mW/1977mW VDD_SOC 1745mW/1737mW
10-08-2026 21:11:46 RAM 5974/7620MB (lfb 56x1MB) SWAP 414/5858MB (cached 0MB) CPU [31%@960,45%@960,22%@960,20%@960,22%@1497,30%@1420] GR3D_FREQ 1% cpu@53.687C soc2@51.937C soc0@50.437C gpu@52.5C tj@53.687C soc1@51.843C VDD_IN 6745mW/7157mW VDD_CPU_GPU_CV 1703mW/1973mW VDD_SOC 1663mW/1735mW
10-08-2026 21:11:47 RAM 6249/7620MB (lfb 21x1MB) SWAP 414/5858MB (cached 0MB) CPU [41%@1510,44%@1510,58%@1510,42%@1510,55%@1510,46%@1510] GR3D_FREQ 1% cpu@54.312C soc2@52.187C soc0@50.218C gpu@52.718C tj@54.312C soc1@51.906C VDD_IN 7539mW/7162mW VDD_CPU_GPU_CV 2297mW/1978mW VDD_SOC 1745mW/1736mW
10-08-2026 21:11:48 RAM 6279/7620MB (lfb 8x1MB) SWAP 414/5858MB (cached 0MB) CPU [66%@1510,63%@1510,68%@1510,73%@1510,70%@1510,78%@1510] GR3D_FREQ 0% cpu@54.312C soc2@52.281C soc0@50.375C gpu@52.625C tj@54.312C soc1@52.25C VDD_IN 8372mW/7180mW VDD_CPU_GPU_CV 2931mW/1992mW VDD_SOC 1825mW/1737mW
10-08-2026 21:11:49 RAM 6279/7620MB (lfb 8x1MB) SWAP 414/5858MB (cached 0MB) CPU [70%@1510,62%@1510,61%@1510,69%@1510,82%@883,73%@883] GR3D_FREQ 0% cpu@54.218C soc2@52.343C soc0@50.593C gpu@52.812C tj@54.218C soc1@52.093C VDD_IN 8451mW/7198mW VDD_CPU_GPU_CV 3010mW/2006mW VDD_SOC 1825mW/1738mW
10-08-2026 21:11:50 RAM 6330/7620MB (lfb 8x1MB) SWAP 414/5858MB (cached 0MB) CPU [82%@1510,80%@1510,81%@1510,81%@1510,87%@1510,89%@1510] GR3D_FREQ 1% cpu@54.781C soc2@52.593C soc0@50.406C gpu@53.031C tj@54.781C soc1@52.062C VDD_IN 9324mW/7227mW VDD_CPU_GPU_CV 3599mW/2028mW VDD_SOC 1904mW/1740mW
10-08-2026 21:11:51 RAM 6387/7620MB (lfb 8x1MB) SWAP 414/5858MB (cached 0MB) CPU [68%@729,72%@729,78%@729,86%@729,92%@1510,70%@1510] GR3D_FREQ 0% cpu@54.343C soc2@52.406C soc0@50.437C gpu@53C tj@54.343C soc1@52.218C VDD_IN 8610mW/7246mW VDD_CPU_GPU_CV 3045mW/2042mW VDD_SOC 1864mW/1742mW
10-08-2026 21:11:52 RAM 6402/7620MB (lfb 6x1MB) SWAP 414/5858MB (cached 0MB) CPU [62%@1510,63%@1510,70%@1510,68%@1510,86%@1344,61%@1344] GR3D_FREQ 36% cpu@54.625C soc2@52.656C soc0@50.593C gpu@53.062C tj@54.625C soc1@52.375C VDD_IN 9721mW/7279mW VDD_CPU_GPU_CV 3757mW/2065mW VDD_SOC 2020mW/1746mW
10-08-2026 21:11:53 RAM 6443/7620MB (lfb 6x256kB) SWAP 414/5858MB (cached 0MB) CPU [81%@1510,79%@1510,85%@1510,81%@1510,81%@1510,81%@1510] GR3D_FREQ 49% cpu@54.687C soc2@52.718C soc0@50.687C gpu@53C tj@54.687C soc1@52.312C VDD_IN 10181mW/7318mW VDD_CPU_GPU_CV 4067mW/2092mW VDD_SOC 2060mW/1750mW
10-08-2026 21:11:54 RAM 6483/7620MB (lfb 360x64kB) SWAP 414/5858MB (cached 0MB) CPU [72%@1510,78%@1510,86%@1510,87%@1510,75%@729,72%@729] GR3D_FREQ 47% cpu@54.593C soc2@53C soc0@50.781C gpu@53.437C tj@54.593C soc1@52.406C VDD_IN 9943mW/7353mW VDD_CPU_GPU_CV 3869mW/2115mW VDD_SOC 2020mW/1754mW
10-08-2026 21:11:55 RAM 6454/7620MB (lfb 5x1MB) SWAP 414/5858MB (cached 0MB) CPU [86%@1510,83%@1510,85%@1510,79%@1510,84%@1510,86%@1510] GR3D_FREQ 9% cpu@55.031C soc2@52.843C soc0@50.937C gpu@53.156C tj@55.031C soc1@52.562C VDD_IN 10118mW/7389mW VDD_CPU_GPU_CV 4027mW/2140mW VDD_SOC 1980mW/1757mW
10-08-2026 21:11:56 RAM 6535/7620MB (lfb 1x2MB) SWAP 414/5858MB (cached 0MB) CPU [80%@1510,87%@1510,84%@1510,75%@1510,84%@1510,78%@1510] GR3D_FREQ 45% cpu@54.937C soc2@52.906C soc0@50.968C gpu@53.562C tj@54.937C soc1@52.593C VDD_IN 10062mW/7423mW VDD_CPU_GPU_CV 3948mW/2163mW VDD_SOC 2020mW/1760mW
10-08-2026 21:11:57 RAM 6588/7620MB (lfb 2x512kB) SWAP 414/5858MB (cached 0MB) CPU [73%@1510,68%@1510,56%@1510,62%@1510,63%@1510,85%@1510] GR3D_FREQ 69% cpu@54.875C soc2@52.937C soc0@51C gpu@53.281C tj@54.875C soc1@52.656C VDD_IN 9840mW/7453mW VDD_CPU_GPU_CV 3796mW/2184mW VDD_SOC 1980mW/1763mW
10-08-2026 21:11:58 RAM 6612/7620MB (lfb 263x64kB) SWAP 414/5858MB (cached 0MB) CPU [88%@1510,82%@1510,76%@1510,83%@1510,80%@1510,79%@1510] GR3D_FREQ 56% cpu@54.875C soc2@53.187C soc0@51.281C gpu@53.562C tj@54.875C soc1@52.562C VDD_IN 10102mW/7487mW VDD_CPU_GPU_CV 3988mW/2207mW VDD_SOC 2020mW/1766mW
10-08-2026 21:11:59 RAM 6611/7620MB (lfb 1x1MB) SWAP 414/5858MB (cached 0MB) CPU [47%@806,77%@806,52%@806,55%@806,47%@1510,74%@1510] GR3D_FREQ 55% cpu@54.562C soc2@53.156C soc0@51.187C gpu@53.625C tj@54.562C soc1@52.656C VDD_IN 9388mW/7510mW VDD_CPU_GPU_CV 3441mW/2222mW VDD_SOC 1980mW/1769mW
10-08-2026 21:12:00 RAM 6628/7620MB (lfb 1x512kB) SWAP 420/5858MB (cached 0MB) CPU [36%@1510,50%@1510,47%@1510,38%@1510,28%@1497,71%@1497] GR3D_FREQ 44% cpu@54.562C soc2@53C soc0@51.093C gpu@53.562C tj@54.562C soc1@52.625C VDD_IN 8689mW/7524mW VDD_CPU_GPU_CV 2966mW/2231mW VDD_SOC 1901mW/1770mW
10-08-2026 21:12:01 RAM 6383/7620MB (lfb 22x2MB) SWAP 420/5858MB (cached 0MB) CPU [70%@1510,54%@1510,50%@1510,75%@1510,62%@1190,62%@1190] GR3D_FREQ 30% cpu@54.625C soc2@52.968C soc0@51.187C gpu@53.281C tj@54.625C soc1@52.75C VDD_IN 8451mW/7536mW VDD_CPU_GPU_CV 2847mW/2238mW VDD_SOC 1822mW/1771mW
10-08-2026 21:12:02 RAM 6487/7620MB (lfb 2x2MB) SWAP 420/5858MB (cached 0MB) CPU [66%@1510,55%@1510,56%@1510,53%@1510,69%@1420,63%@1420] GR3D_FREQ 23% cpu@55.062C soc2@52.906C soc0@51C gpu@53.593C tj@54.937C soc1@52.718C VDD_IN 8729mW/7550mW VDD_CPU_GPU_CV 3045mW/2248mW VDD_SOC 1861mW/1772mW
10-08-2026 21:12:03 RAM 6506/7620MB (lfb 2x2MB) SWAP 420/5858MB (cached 0MB) CPU [80%@1510,85%@1510,65%@1510,74%@1510,81%@1510,76%@1510] GR3D_FREQ 45% cpu@55.093C soc2@52.968C soc0@51.062C gpu@53.375C tj@55.093C soc1@52.812C VDD_IN 9126mW/7568mW VDD_CPU_GPU_CV 3401mW/2261mW VDD_SOC 1861mW/1773mW
10-08-2026 21:12:04 RAM 6544/7620MB (lfb 15x1MB) SWAP 420/5858MB (cached 0MB) CPU [74%@1510,58%@1510,73%@1510,65%@1510,74%@1510,63%@1510] GR3D_FREQ 63% cpu@55C soc2@53C soc0@51.156C gpu@53.312C tj@55C soc1@52.625C VDD_IN 8769mW/7582mW VDD_CPU_GPU_CV 3124mW/2271mW VDD_SOC 1822mW/1773mW
10-08-2026 21:12:05 RAM 6549/7620MB (lfb 10x1MB) SWAP 419/5858MB (cached 0MB) CPU [60%@1267,53%@1267,53%@1267,53%@1267,71%@1510,58%@1510] GR3D_FREQ 36% cpu@54.718C soc2@52.906C soc0@51.031C gpu@53.343C tj@54.718C soc1@52.656C VDD_IN 8134mW/7589mW VDD_CPU_GPU_CV 2649mW/2276mW VDD_SOC 1782mW/1774mW
10-08-2026 21:12:06 RAM 6554/7620MB (lfb 10x1MB) SWAP 419/5858MB (cached 0MB) CPU [21%@729,18%@1510,16%@1510,23%@1510,30%@1510,66%@1510] GR3D_FREQ 46% cpu@54.375C soc2@52.656C soc0@51.031C gpu@53.468C tj@54.375C soc1@52.625C VDD_IN 6944mW/7581mW VDD_CPU_GPU_CV 1743mW/2270mW VDD_SOC 1703mW/1773mW
10-08-2026 21:12:07 RAM 6591/7620MB (lfb 5x512kB) SWAP 419/5858MB (cached 0MB) CPU [15%@729,13%@729,8%@729,16%@729,13%@1497,77%@1497] GR3D_FREQ 40% cpu@54.093C soc2@52.625C soc0@51.093C gpu@53.437C tj@54.281C soc1@52.687C VDD_IN 7102mW/7576mW VDD_CPU_GPU_CV 1861mW/2265mW VDD_SOC 1703mW/1772mW
10-08-2026 21:12:08 RAM 6843/7620MB (lfb 3x128kB) SWAP 419/5858MB (cached 0MB) CPU [59%@1113,65%@1113,56%@1113,68%@1113,77%@1510,68%@1510] GR3D_FREQ 45% cpu@54.906C soc2@53.062C soc0@51.093C gpu@53.437C tj@54.906C soc1@52.625C VDD_IN 9443mW/7597mW VDD_CPU_GPU_CV 3520mW/2279mW VDD_SOC 1980mW/1774mW
10-08-2026 21:12:09 RAM 6837/7620MB (lfb 2x128kB) SWAP 419/5858MB (cached 0MB) CPU [57%@1510,64%@1510,60%@1510,67%@1510,76%@1510,68%@1510] GR3D_FREQ 67% cpu@54.843C soc2@53.156C soc0@51.281C gpu@53.843C tj@54.843C soc1@52.812C VDD_IN 9785mW/7621mW VDD_CPU_GPU_CV 3711mW/2295mW VDD_SOC 2020mW/1777mW
10-08-2026 21:12:10 RAM 6846/7620MB (lfb 2x128kB) SWAP 419/5858MB (cached 0MB) CPU [66%@1510,66%@1510,74%@1510,61%@1510,56%@1497,80%@1497] GR3D_FREQ 44% cpu@54.906C soc2@53.25C soc0@51.406C gpu@53.937C tj@54.906C soc1@52.937C VDD_IN 9824mW/7645mW VDD_CPU_GPU_CV 3751mW/2311mW VDD_SOC 2020mW/1780mW
10-08-2026 21:12:11 RAM 6864/7620MB (lfb 2245x32kB) SWAP 419/5858MB (cached 0MB) CPU [61%@1510,58%@1510,64%@1510,68%@1510,65%@729,69%@729] GR3D_FREQ 62% cpu@54.875C soc2@53.468C soc0@51.593C gpu@53.656C tj@55C soc1@52.812C VDD_IN 9745mW/7667mW VDD_CPU_GPU_CV 3711mW/2326mW VDD_SOC 2020mW/1782mW
10-08-2026 21:12:12 RAM 6858/7620MB (lfb 9x64kB) SWAP 421/5858MB (cached 0MB) CPU [41%@1510,42%@1510,39%@1510,76%@1510,38%@1036,48%@1036] GR3D_FREQ 80% cpu@54.718C soc2@53.156C soc0@51.312C gpu@53.625C tj@54.718C soc1@52.812C VDD_IN 8200mW/7673mW VDD_CPU_GPU_CV 2649mW/2329mW VDD_SOC 1822mW/1783mW
10-08-2026 21:12:13 RAM 6868/7620MB (lfb 3x128kB) SWAP 421/5858MB (cached 0MB) CPU [68%@1510,59%@1510,67%@1510,45%@1510,64%@960,68%@960] GR3D_FREQ 53% cpu@54.843C soc2@53.218C soc0@51.375C gpu@54C tj@54.843C soc1@52.875C VDD_IN 9245mW/7689mW VDD_CPU_GPU_CV 3361mW/2340mW VDD_SOC 1941mW/1784mW
10-08-2026 21:12:14 RAM 6848/7620MB (lfb 23x128kB) SWAP 423/5858MB (cached 0MB) CPU [57%@729,50%@1510,49%@1510,39%@1510,58%@806,46%@806] GR3D_FREQ 0% cpu@54.468C soc2@52.968C soc0@51.375C gpu@53.281C tj@54.468C soc1@52.843C VDD_IN 7261mW/7685mW VDD_CPU_GPU_CV 2096mW/2337mW VDD_SOC 1703mW/1783mW
10-08-2026 21:12:15 RAM 6842/7620MB (lfb 6x256kB) SWAP 423/5858MB (cached 0MB) CPU [48%@1344,44%@1344,43%@1344,41%@1344,43%@883,41%@883] GR3D_FREQ 0% cpu@54.5C soc2@52.906C soc0@51.156C gpu@53.312C tj@54.5C soc1@52.843C VDD_IN 6507mW/7673mW VDD_CPU_GPU_CV 1584mW/2330mW VDD_SOC 1584mW/1781mW
10-08-2026 21:12:16 RAM 6842/7620MB (lfb 4x256kB) SWAP 423/5858MB (cached 0MB) CPU [46%@1190,51%@1190,48%@1190,35%@1190,36%@729,45%@729] GR3D_FREQ 0% cpu@54.375C soc2@52.718C soc0@51.156C gpu@53.156C tj@54.375C soc1@52.812C VDD_IN 6586mW/7662mW VDD_CPU_GPU_CV 1663mW/2323mW VDD_SOC 1624mW/1780mW
10-08-2026 21:12:17 RAM 6831/7620MB (lfb 8x256kB) SWAP 423/5858MB (cached 0MB) CPU [48%@1510,59%@1510,38%@1510,35%@1510,39%@729,41%@729] GR3D_FREQ 32% cpu@54.218C soc2@52.687C soc0@51.093C gpu@53.156C tj@54.218C soc1@52.843C VDD_IN 6547mW/7650mW VDD_CPU_GPU_CV 1624mW/2316mW VDD_SOC 1624mW/1778mW
10-08-2026 21:12:18 RAM 6826/7620MB (lfb 6x256kB) SWAP 423/5858MB (cached 0MB) CPU [42%@960,54%@960,38%@960,38%@960,32%@806,61%@806] GR3D_FREQ 19% cpu@54.312C soc2@52.687C soc0@51C gpu@53.187C tj@54.312C soc1@52.718C VDD_IN 6428mW/7638mW VDD_CPU_GPU_CV 1505mW/2308mW VDD_SOC 1584mW/1776mW
10-08-2026 21:12:19 RAM 6822/7620MB (lfb 8x256kB) SWAP 423/5858MB (cached 0MB) CPU [41%@1113,43%@1113,44%@1113,38%@1113,45%@1036,46%@1036] GR3D_FREQ 32% cpu@54.125C soc2@52.625C soc0@51C gpu@53.156C tj@54.125C soc1@52.593C VDD_IN 6467mW/7627mW VDD_CPU_GPU_CV 1584mW/2301mW VDD_SOC 1584mW/1774mW
10-08-2026 21:12:20 RAM 6811/7620MB (lfb 15x256kB) SWAP 423/5858MB (cached 0MB) CPU [38%@1510,29%@1510,45%@1510,56%@1510,51%@729,30%@729] GR3D_FREQ 0% cpu@54C soc2@52.656C soc0@51.125C gpu@53.187C tj@54C soc1@52.656C VDD_IN 6467mW/7615mW VDD_CPU_GPU_CV 1624mW/2294mW VDD_SOC 1584mW/1773mW
10-08-2026 21:12:21 RAM 6811/7620MB (lfb 20x256kB) SWAP 423/5858MB (cached 0MB) CPU [39%@729,41%@1510,40%@1510,44%@1510,37%@806,49%@806] GR3D_FREQ 0% cpu@54.125C soc2@52.625C soc0@50.968C gpu@52.968C tj@54.125C soc1@52.562C VDD_IN 6428mW/7604mW VDD_CPU_GPU_CV 1545mW/2287mW VDD_SOC 1584mW/1771mW
10-08-2026 21:12:22 RAM 6804/7620MB (lfb 2x512kB) SWAP 423/5858MB (cached 0MB) CPU [51%@1036,35%@1036,38%@1510,32%@1510,29%@883,49%@883] GR3D_FREQ 0% cpu@54.375C soc2@52.625C soc0@50.875C gpu@52.968C tj@54.375C soc1@52.468C VDD_IN 6269mW/7591mW VDD_CPU_GPU_CV 1426mW/2278mW VDD_SOC 1584mW/1769mW
10-08-2026 21:12:23 RAM 6804/7620MB (lfb 37x256kB) SWAP 423/5858MB (cached 0MB) CPU [38%@1510,31%@1510,65%@1510,34%@1510,37%@1036,49%@1036] GR3D_FREQ 25% cpu@54.187C soc2@52.406C soc0@50.937C gpu@53.156C tj@54.187C soc1@52.5C VDD_IN 6666mW/7582mW VDD_CPU_GPU_CV 1703mW/2273mW VDD_SOC 1626mW/1768mW
10-08-2026 21:12:24 RAM 6810/7620MB (lfb 1x512kB) SWAP 423/5858MB (cached 0MB) CPU [40%@883,42%@883,42%@883,43%@883,51%@1036,46%@1036] GR3D_FREQ 35% cpu@54.218C soc2@52.531C soc0@50.937C gpu@53.093C tj@54.218C soc1@52.687C VDD_IN 6666mW/7573mW VDD_CPU_GPU_CV 1743mW/2268mW VDD_SOC 1624mW/1766mW
10-08-2026 21:12:25 RAM 6819/7620MB (lfb 1x512kB) SWAP 423/5858MB (cached 0MB) CPU [50%@1510,58%@1510,25%@1510,37%@1510,42%@729,40%@729] GR3D_FREQ 11% cpu@54.187C soc2@52.531C soc0@50.687C gpu@52.875C tj@54.187C soc1@52.375C VDD_IN 6547mW/7564mW VDD_CPU_GPU_CV 1624mW/2262mW VDD_SOC 1587mW/1765mW
10-08-2026 21:12:26 RAM 6772/7620MB (lfb 3x1MB) SWAP 423/5858MB (cached 0MB) CPU [42%@1510,40%@1510,45%@1510,31%@1510,51%@729,55%@729] GR3D_FREQ 7% cpu@53.812C soc2@52.375C soc0@50.812C gpu@52.906C tj@53.812C soc1@52.437C VDD_IN 6309mW/7552mW VDD_CPU_GPU_CV 1465mW/2255mW VDD_SOC 1587mW/1763mW
10-08-2026 21:12:27 RAM 6776/7620MB (lfb 3x1MB) SWAP 423/5858MB (cached 0MB) CPU [23%@1510,60%@1510,52%@1510,34%@1510,40%@729,34%@729] GR3D_FREQ 0% cpu@53.906C soc2@52.406C soc0@50.812C gpu@53C tj@53.906C soc1@52.531C VDD_IN 6348mW/7541mW VDD_CPU_GPU_CV 1505mW/2248mW VDD_SOC 1584mW/1761mW
10-08-2026 21:12:28 RAM 6826/7620MB (lfb 12x1MB) SWAP 423/5858MB (cached 0MB) CPU [25%@729,17%@729,29%@729,40%@729,25%@1497,80%@1497] GR3D_FREQ 45% cpu@53.937C soc2@52.593C soc0@51C gpu@53.156C tj@53.937C soc1@52.406C VDD_IN 7340mW/7539mW VDD_CPU_GPU_CV 1980mW/2245mW VDD_SOC 1782mW/1761mW
10-08-2026 21:12:29 RAM 6918/7620MB (lfb 4x1MB) SWAP 423/5858MB (cached 0MB) CPU [33%@806,17%@806,26%@806,32%@806,45%@1510,23%@1510] GR3D_FREQ 42% cpu@53.812C soc2@52.625C soc0@50.937C gpu@53.031C tj@53.812C soc1@52.375C VDD_IN 7737mW/7541mW VDD_CPU_GPU_CV 2214mW/2245mW VDD_SOC 1822mW/1762mW
10-08-2026 21:12:30 RAM 6941/7620MB (lfb 12x512kB) SWAP 423/5858MB (cached 0MB) CPU [11%@1510,26%@1510,48%@1510,22%@1510,37%@729,34%@729] GR3D_FREQ 1% cpu@53.906C soc2@52.437C soc0@50.937C gpu@53C tj@53.906C soc1@52.593C VDD_IN 7777mW/7543mW VDD_CPU_GPU_CV 2254mW/2245mW VDD_SOC 1822mW/1762mW
10-08-2026 21:12:31 RAM 6943/7620MB (lfb 12x512kB) SWAP 423/5858MB (cached 0MB) CPU [18%@1510,64%@1510,18%@1510,17%@1510,18%@729,40%@729] GR3D_FREQ 63% cpu@53.843C soc2@52.593C soc0@51.062C gpu@53.031C tj@53.875C soc1@52.625C VDD_IN 7459mW/7543mW VDD_CPU_GPU_CV 2020mW/2243mW VDD_SOC 1782mW/1763mW
10-08-2026 21:12:32 RAM 6949/7620MB (lfb 1x512kB) SWAP 423/5858MB (cached 0MB) CPU [41%@1510,25%@1510,7%@1510,32%@1510,52%@729,20%@729] GR3D_FREQ 67% cpu@53.906C soc2@52.718C soc0@51.062C gpu@53.25C tj@53.906C soc1@52.375C VDD_IN 7816mW/7545mW VDD_CPU_GPU_CV 2294mW/2243mW VDD_SOC 1822mW/1763mW
10-08-2026 21:12:33 RAM 6949/7620MB (lfb 1x512kB) SWAP 423/5858MB (cached 0MB) CPU [21%@1497,53%@1497,22%@1510,10%@1510,6%@729,65%@729] GR3D_FREQ 54% cpu@53.906C soc2@52.843C soc0@50.968C gpu@53.25C tj@53.906C soc1@52.437C VDD_IN 7658mW/7546mW VDD_CPU_GPU_CV 2175mW/2243mW VDD_SOC 1822mW/1764mW
10-08-2026 21:12:34 RAM 6950/7620MB (lfb 1x512kB) SWAP 423/5858MB (cached 0MB) CPU [12%@960,40%@960,63%@1510,27%@1510,32%@1036,6%@1036] GR3D_FREQ 38% cpu@53.812C soc2@52.625C soc0@50.968C gpu@53.281C tj@53.812C soc1@52.531C VDD_IN 7896mW/7549mW VDD_CPU_GPU_CV 2333mW/2244mW VDD_SOC 1861mW/1765mW
10-08-2026 21:12:35 RAM 6945/7620MB (lfb 2x256kB) SWAP 424/5858MB (cached 0MB) CPU [26%@883,35%@1510,39%@1510,29%@1510,15%@1344,75%@1344] GR3D_FREQ 52% cpu@53.906C soc2@52.625C soc0@51.062C gpu@53.093C tj@53.906C soc1@52.5C VDD_IN 7777mW/7551mW VDD_CPU_GPU_CV 2214mW/2243mW VDD_SOC 1822mW/1765mW
10-08-2026 21:12:36 RAM 6951/7620MB (lfb 2200x32kB) SWAP 424/5858MB (cached 0MB) CPU [13%@729,9%@729,50%@729,24%@729,4%@1510,79%@1510] GR3D_FREQ 45% cpu@53.937C soc2@52.656C soc0@51C gpu@53.093C tj@53.937C soc1@52.437C VDD_IN 7856mW/7553mW VDD_CPU_GPU_CV 2294mW/2244mW VDD_SOC 1861mW/1766mW
10-08-2026 21:12:37 RAM 6951/7620MB (lfb 2200x32kB) SWAP 424/5858MB (cached 0MB) CPU [33%@1420,28%@1344,28%@1344,16%@1344,24%@729,57%@729] GR3D_FREQ 50% cpu@54.031C soc2@52.593C soc0@50.937C gpu@53.031C tj@54.031C soc1@52.562C VDD_IN 7539mW/7553mW VDD_CPU_GPU_CV 2056mW/2242mW VDD_SOC 1822mW/1766mW
10-08-2026 21:12:38 RAM 6842/7620MB (lfb 1x2MB) SWAP 424/5858MB (cached 0MB) CPU [18%@1510,33%@1510,10%@1510,31%@1510,47%@729,32%@729] GR3D_FREQ 70% cpu@53.843C soc2@52.531C soc0@50.937C gpu@53.281C tj@53.843C soc1@52.531C VDD_IN 7420mW/7552mW VDD_CPU_GPU_CV 1898mW/2239mW VDD_SOC 1822mW/1767mW
10-08-2026 21:12:39 RAM 6842/7620MB (lfb 1x2MB) SWAP 424/5858MB (cached 0MB) CPU [5%@1510,46%@1510,6%@1510,9%@1510,3%@1497,39%@1497] GR3D_FREQ 63% cpu@53.875C soc2@52.437C soc0@50.906C gpu@53.312C tj@53.875C soc1@52.343C VDD_IN 6745mW/7546mW VDD_CPU_GPU_CV 1584mW/2234mW VDD_SOC 1703mW/1766mW
10-08-2026 21:12:40 RAM 6842/7620MB (lfb 1x2MB) SWAP 424/5858MB (cached 0MB) CPU [28%@1510,51%@1510,5%@1510,8%@1510,1%@729,14%@729] GR3D_FREQ 38% cpu@54C soc2@52.375C soc0@50.968C gpu@53.218C tj@54C soc1@52.343C VDD_IN 6705mW/7539mW VDD_CPU_GPU_CV 1545mW/2228mW VDD_SOC 1663mW/1765mW
10-08-2026 21:12:41 RAM 6842/7620MB (lfb 1x2MB) SWAP 424/5858MB (cached 0MB) CPU [26%@1510,60%@1510,4%@1510,6%@1510,1%@729,0%@729] GR3D_FREQ 40% cpu@53.75C soc2@52.437C soc0@50.718C gpu@52.937C tj@53.687C soc1@52.343C VDD_IN 6666mW/7532mW VDD_CPU_GPU_CV 1545mW/2223mW VDD_SOC 1663mW/1765mW
10-08-2026 21:12:42 RAM 6842/7620MB (lfb 1x2MB) SWAP 424/5858MB (cached 0MB) CPU [48%@1510,24%@1510,5%@1510,26%@1510,1%@729,4%@729] GR3D_FREQ 38% cpu@53.968C soc2@52.281C soc0@50.75C gpu@52.875C tj@53.968C soc1@52.375C VDD_IN 6745mW/7525mW VDD_CPU_GPU_CV 1545mW/2217mW VDD_SOC 1666mW/1764mW
10-08-2026 21:12:43 RAM 6842/7620MB (lfb 1x2MB) SWAP 424/5858MB (cached 0MB) CPU [23%@1510,64%@1510,6%@1510,10%@1510,0%@729,6%@729] GR3D_FREQ 34% cpu@53.625C soc2@52.281C soc0@50.75C gpu@52.906C tj@53.625C soc1@52.281C VDD_IN 6745mW/7519mW VDD_CPU_GPU_CV 1584mW/2212mW VDD_SOC 1666mW/1763mW
10-08-2026 21:12:44 RAM 6842/7620MB (lfb 1x2MB) SWAP 424/5858MB (cached 0MB) CPU [12%@1510,51%@1510,21%@1510,13%@1510,2%@729,6%@729] GR3D_FREQ 60% cpu@53.718C soc2@52.25C soc0@50.75C gpu@52.906C tj@53.718C soc1@52.312C VDD_IN 6705mW/7513mW VDD_CPU_GPU_CV 1584mW/2207mW VDD_SOC 1666mW/1762mW
10-08-2026 21:12:45 RAM 6842/7620MB (lfb 1x2MB) SWAP 424/5858MB (cached 0MB) CPU [23%@729,38%@729,7%@729,3%@729,10%@1510,26%@1510] GR3D_FREQ 41% cpu@53.781C soc2@52.187C soc0@50.656C gpu@53.125C tj@53.781C soc1@52.218C VDD_IN 6745mW/7506mW VDD_CPU_GPU_CV 1584mW/2202mW VDD_SOC 1663mW/1761mW
10-08-2026 21:12:46 RAM 6811/7620MB (lfb 6x2MB) SWAP 424/5858MB (cached 0MB) CPU [20%@729,26%@729,25%@729,42%@729,22%@1497,51%@1497] GR3D_FREQ 64% cpu@53.75C soc2@52.281C soc0@50.718C gpu@52.718C tj@53.75C soc1@52.218C VDD_IN 6824mW/7501mW VDD_CPU_GPU_CV 1663mW/2198mW VDD_SOC 1703mW/1761mW
10-08-2026 21:12:47 RAM 6812/7620MB (lfb 6x2MB) SWAP 424/5858MB (cached 0MB) CPU [18%@1510,17%@1510,59%@1510,10%@1510,14%@729,10%@729] GR3D_FREQ 44% cpu@53.562C soc2@52.281C soc0@50.718C gpu@52.812C tj@53.562C soc1@52.312C VDD_IN 6824mW/7496mW VDD_CPU_GPU_CV 1584mW/2193mW VDD_SOC 1706mW/1761mW
10-08-2026 21:12:48 RAM 6812/7620MB (lfb 6x2MB) SWAP 424/5858MB (cached 0MB) CPU [28%@729,5%@1510,22%@1510,13%@1510,24%@729,29%@729] GR3D_FREQ 44% cpu@53.593C soc2@52.156C soc0@50.718C gpu@52.781C tj@53.781C soc1@52.406C VDD_IN 6705mW/7490mW VDD_CPU_GPU_CV 1584mW/2189mW VDD_SOC 1666mW/1760mW
10-08-2026 21:12:49 RAM 6812/7620MB (lfb 6x2MB) SWAP 424/5858MB (cached 0MB) CPU [9%@729,7%@1510,11%@1510,9%@1510,26%@1510,60%@1510] GR3D_FREQ 32% cpu@53.687C soc2@52.187C soc0@50.718C gpu@52.843C tj@53.687C soc1@52.156C VDD_IN 6745mW/7484mW VDD_CPU_GPU_CV 1584mW/2184mW VDD_SOC 1663mW/1759mW
10-08-2026 21:12:50 RAM 6812/7620MB (lfb 6x2MB) SWAP 424/5858MB (cached 0MB) CPU [15%@729,9%@1510,14%@1510,11%@1510,45%@1510,39%@1510] GR3D_FREQ 39% cpu@53.75C soc2@52.187C soc0@50.531C gpu@52.812C tj@53.75C soc1@52.218C VDD_IN 6705mW/7478mW VDD_CPU_GPU_CV 1545mW/2179mW VDD_SOC 1663mW/1758mW
10-08-2026 21:12:51 RAM 6813/7620MB (lfb 6x2MB) SWAP 424/5858MB (cached 0MB) CPU [9%@1510,25%@1510,33%@1510,8%@1510,13%@729,33%@729] GR3D_FREQ 35% cpu@53.5C soc2@52.125C soc0@50.562C gpu@52.906C tj@53.5C soc1@52.25C VDD_IN 6745mW/7473mW VDD_CPU_GPU_CV 1584mW/2175mW VDD_SOC 1663mW/1758mW
10-08-2026 21:12:52 RAM 6813/7620MB (lfb 6x2MB) SWAP 424/5858MB (cached 0MB) CPU [9%@1510,18%@1510,25%@1510,47%@1510,6%@729,7%@729] GR3D_FREQ 50% cpu@53.531C soc2@52.187C soc0@50.687C gpu@52.687C tj@53.531C soc1@52.312C VDD_IN 6785mW/7468mW VDD_CPU_GPU_CV 1624mW/2171mW VDD_SOC 1663mW/1757mW
10-08-2026 21:12:53 RAM 6798/7620MB (lfb 6x2MB) SWAP 424/5858MB (cached 0MB) CPU [44%@1510,21%@1510,12%@1510,28%@1510,8%@729,8%@729] GR3D_FREQ 58% cpu@53.5C soc2@52.281C soc0@50.468C gpu@52.625C tj@53.5C soc1@52.093C VDD_IN 6586mW/7461mW VDD_CPU_GPU_CV 1545mW/2166mW VDD_SOC 1666mW/1756mW
10-08-2026 21:12:54 RAM 6744/7620MB (lfb 9x2MB) SWAP 424/5858MB (cached 0MB) CPU [18%@1510,23%@1510,19%@1510,46%@1510,7%@729,9%@729] GR3D_FREQ 53% cpu@53.687C soc2@52.156C soc0@50.5C gpu@52.687C tj@53.687C soc1@52.125C VDD_IN 6626mW/7455mW VDD_CPU_GPU_CV 1505mW/2161mW VDD_SOC 1703mW/1756mW
10-08-2026 21:12:55 RAM 6743/7620MB (lfb 9x2MB) SWAP 424/5858MB (cached 0MB) CPU [9%@729,7%@729,28%@729,8%@1510,18%@1510,51%@1510] GR3D_FREQ 37% cpu@53.531C soc2@51.968C soc0@50.5C gpu@52.781C tj@53.531C soc1@52.187C VDD_IN 6745mW/7450mW VDD_CPU_GPU_CV 1545mW/2157mW VDD_SOC 1743mW/1756mW
10-08-2026 21:12:56 RAM 6744/7620MB (lfb 9x2MB) SWAP 424/5858MB (cached 0MB) CPU [7%@1510,3%@1510,6%@1510,12%@1510,15%@1510,66%@1510] GR3D_FREQ 30% cpu@53.562C soc2@52.093C soc0@50.625C gpu@52.812C tj@53.562C soc1@52.218C VDD_IN 6705mW/7444mW VDD_CPU_GPU_CV 1545mW/2152mW VDD_SOC 1743mW/1756mW
10-08-2026 21:12:57 RAM 6826/7620MB (lfb 13x1MB) SWAP 424/5858MB (cached 0MB) CPU [11%@1510,16%@1510,7%@1510,18%@1510,29%@883,46%@883] GR3D_FREQ 1% cpu@53.75C soc2@52.093C soc0@50.593C gpu@52.718C tj@53.75C soc1@52.125C VDD_IN 6666mW/7439mW VDD_CPU_GPU_CV 1545mW/2148mW VDD_SOC 1703mW/1755mW
10-08-2026 21:12:58 RAM 6854/7620MB (lfb 1x1MB) SWAP 424/5858MB (cached 0MB) CPU [59%@1510,63%@1510,56%@1510,63%@1510,57%@729,64%@729] GR3D_FREQ 26% cpu@54.062C soc2@52.312C soc0@50.562C gpu@52.75C tj@54.062C soc1@52C VDD_IN 8055mW/7443mW VDD_CPU_GPU_CV 2531mW/2151mW VDD_SOC 1861mW/1756mW
10-08-2026 21:12:59 RAM 6855/7620MB (lfb 1x1MB) SWAP 424/5858MB (cached 0MB) CPU [60%@1420,38%@1420,48%@1420,53%@1420,52%@1510,48%@1510] GR3D_FREQ 30% cpu@54.218C soc2@52.281C soc0@50.562C gpu@52.781C tj@54.218C soc1@52.218C VDD_IN 7975mW/7447mW VDD_CPU_GPU_CV 2452mW/2153mW VDD_SOC 1822mW/1757mW
10-08-2026 21:13:00 RAM 6898/7620MB (lfb 1x2MB) SWAP 424/5858MB (cached 0MB) CPU [70%@1510,74%@1510,75%@1510,67%@1510,89%@1510,83%@1510] GR3D_FREQ 55% cpu@54.625C soc2@52.406C soc0@50.687C gpu@52.812C tj@54.625C soc1@52.468C VDD_IN 9126mW/7459mW VDD_CPU_GPU_CV 3322mW/2161mW VDD_SOC 1941mW/1758mW
10-08-2026 21:13:01 RAM 6938/7620MB (lfb 1x2MB) SWAP 424/5858MB (cached 0MB) CPU [78%@1510,67%@1510,83%@1510,66%@1510,82%@960,84%@960] GR3D_FREQ 56% cpu@54.5C soc2@52.687C soc0@50.718C gpu@53.156C tj@54.5C soc1@52.25C VDD_IN 9086mW/7470mW VDD_CPU_GPU_CV 3401mW/2170mW VDD_SOC 1904mW/1759mW
10-08-2026 21:13:02 RAM 6998/7620MB (lfb 2x512kB) SWAP 424/5858MB (cached 0MB) CPU [93%@1510,97%@1510,98%@1510,98%@1510,99%@1510,96%@1510] GR3D_FREQ 5% cpu@55.125C soc2@52.906C soc0@50.687C gpu@53.312C tj@55.125C soc1@52.312C VDD_IN 10277mW/7490mW VDD_CPU_GPU_CV 4192mW/2184mW VDD_SOC 1980mW/1760mW
10-08-2026 21:13:03 RAM 7072/7620MB (lfb 2053x32kB) SWAP 424/5858MB (cached 0MB) CPU [95%@1510,92%@1510,91%@1510,93%@1510,94%@1510,91%@1510] GR3D_FREQ 19% cpu@55.062C soc2@52.968C soc0@50.812C gpu@53.468C tj@55.062C soc1@52.531C VDD_IN 10419mW/7510mW VDD_CPU_GPU_CV 4343mW/2199mW VDD_SOC 2020mW/1762mW
10-08-2026 21:13:04 RAM 7063/7620MB (lfb 3x1MB) SWAP 424/5858MB (cached 0MB) CPU [95%@1510,95%@1510,93%@1510,97%@1510,95%@1510,96%@1510] GR3D_FREQ 22% cpu@55.187C soc2@53.25C soc0@51.031C gpu@53.281C tj@55.187C soc1@52.718C VDD_IN 10396mW/7530mW VDD_CPU_GPU_CV 4264mW/2213mW VDD_SOC 2020mW/1764mW
10-08-2026 21:13:05 RAM 7069/7620MB (lfb 1x2MB) SWAP 424/5858MB (cached 0MB) CPU [92%@1510,57%@1510,60%@1510,60%@1510,63%@1510,65%@1510] GR3D_FREQ 45% cpu@54.968C soc2@52.781C soc0@50.781C gpu@53.156C tj@54.968C soc1@52.5C VDD_IN 8015mW/7533mW VDD_CPU_GPU_CV 2610mW/2215mW VDD_SOC 1782mW/1764mW
10-08-2026 21:13:06 RAM 7082/7620MB (lfb 1x1MB) SWAP 424/5858MB (cached 0MB) CPU [90%@1510,85%@1510,91%@1510,89%@1510,84%@1420,83%@1420] GR3D_FREQ 14% cpu@55.343C soc2@52.968C soc0@51.031C gpu@53.312C tj@55.093C soc1@52.718C VDD_IN 10078mW/7550mW VDD_CPU_GPU_CV 3988mW/2227mW VDD_SOC 1980mW/1766mW
10-08-2026 21:13:07 RAM 7121/7620MB (lfb 47x256kB) SWAP 424/5858MB (cached 0MB) CPU [85%@1510,84%@1510,76%@1510,87%@1510,81%@1510,87%@1510] GR3D_FREQ 59% cpu@55.25C soc2@53.156C soc0@51.031C gpu@53.343C tj@55.031C soc1@52.718C VDD_IN 10078mW/7567mW VDD_CPU_GPU_CV 4067mW/2240mW VDD_SOC 1980mW/1767mW
10-08-2026 21:13:08 RAM 7122/7620MB (lfb 47x256kB) SWAP 424/5858MB (cached 0MB) CPU [73%@1510,68%@1510,76%@1510,65%@1510,70%@1510,74%@1510] GR3D_FREQ 53% cpu@54.937C soc2@53.125C soc0@51C gpu@53.5C tj@54.937C soc1@52.687C VDD_IN 9562mW/7580mW VDD_CPU_GPU_CV 3638mW/2249mW VDD_SOC 1941mW/1768mW
10-08-2026 21:13:09 RAM 7136/7620MB (lfb 31x256kB) SWAP 424/5858MB (cached 0MB) CPU [66%@1510,50%@1510,73%@1510,35%@1510,54%@960,70%@960] GR3D_FREQ 52% cpu@54.718C soc2@53.312C soc0@51.187C gpu@53.375C tj@54.718C soc1@52.656C VDD_IN 9190mW/7591mW VDD_CPU_GPU_CV 3282mW/2256mW VDD_SOC 1941mW/1769mW
10-08-2026 21:13:10 RAM 7132/7620MB (lfb 4x256kB) SWAP 429/5858MB (cached 0MB) CPU [29%@1510,42%@1510,11%@1510,42%@1510,34%@729,42%@729] GR3D_FREQ 47% cpu@54.187C soc2@52.906C soc0@51.25C gpu@53.593C tj@54.187C soc1@52.687C VDD_IN 8174mW/7595mW VDD_CPU_GPU_CV 2531mW/2258mW VDD_SOC 1861mW/1770mW
10-08-2026 21:13:11 RAM 7172/7620MB (lfb 2280x32kB) SWAP 430/5858MB (cached 0MB) CPU [14%@1510,33%@1510,14%@1510,39%@1510,41%@729,30%@729] GR3D_FREQ 49% cpu@54C soc2@52.843C soc0@51.25C gpu@53.468C tj@54C soc1@52.718C VDD_IN 7380mW/7593mW VDD_CPU_GPU_CV 2017mW/2256mW VDD_SOC 1782mW/1770mW
10-08-2026 21:13:12 RAM 7172/7620MB (lfb 2280x32kB) SWAP 430/5858MB (cached 0MB) CPU [18%@1510,53%@1510,24%@1510,24%@1420,11%@729,52%@729] GR3D_FREQ 80% cpu@54.156C soc2@52.875C soc0@51.218C gpu@53.468C tj@54.156C soc1@52.562C VDD_IN 7777mW/7595mW VDD_CPU_GPU_CV 2254mW/2256mW VDD_SOC 1822mW/1770mW
10-08-2026 21:13:13 RAM 7172/7620MB (lfb 2280x32kB) SWAP 430/5858MB (cached 0MB) CPU [24%@806,15%@806,57%@806,23%@806,28%@1344,49%@1344] GR3D_FREQ 38% cpu@54.375C soc2@52.718C soc0@51.093C gpu@53.187C tj@54.375C soc1@52.625C VDD_IN 7697mW/7595mW VDD_CPU_GPU_CV 2214mW/2256mW VDD_SOC 1822mW/1771mW
10-08-2026 21:13:14 RAM 7130/7620MB (lfb 20x2MB) SWAP 430/5858MB (cached 0MB) CPU [11%@729,9%@729,16%@729,15%@729,41%@1036,62%@1036] GR3D_FREQ 41% cpu@53.937C soc2@52.593C soc0@51.156C gpu@53.187C tj@53.937C soc1@52.718C VDD_IN 7182mW/7593mW VDD_CPU_GPU_CV 1782mW/2253mW VDD_SOC 1782mW/1771mW
10-08-2026 21:13:15 RAM 7130/7620MB (lfb 20x2MB) SWAP 430/5858MB (cached 0MB) CPU [7%@1510,12%@1510,2%@1510,5%@1510,20%@1510,62%@1510] GR3D_FREQ 44% cpu@54.062C soc2@52.562C soc0@51.093C gpu@53.406C tj@54.062C soc1@52.562C VDD_IN 6626mW/7586mW VDD_CPU_GPU_CV 1545mW/2248mW VDD_SOC 1663mW/1770mW
10-08-2026 21:13:16 RAM 7130/7620MB (lfb 20x2MB) SWAP 430/5858MB (cached 0MB) CPU [5%@729,12%@729,6%@729,6%@729,1%@1510,81%@1510] GR3D_FREQ 29% cpu@54.125C soc2@52.593C soc0@50.906C gpu@53.281C tj@54.125C soc1@52.5C VDD_IN 6626mW/7580mW VDD_CPU_GPU_CV 1545mW/2244mW VDD_SOC 1663mW/1769mW
10-08-2026 21:13:17 RAM 7130/7620MB (lfb 20x2MB) SWAP 430/5858MB (cached 0MB) CPU [11%@1510,8%@1510,10%@1510,7%@1510,1%@1510,81%@1510] GR3D_FREQ 39% cpu@53.906C soc2@52.437C soc0@50.906C gpu@53.031C tj@53.906C soc1@52.531C VDD_IN 6666mW/7575mW VDD_CPU_GPU_CV 1584mW/2240mW VDD_SOC 1663mW/1769mW
10-08-2026 21:13:19 RAM 7119/7620MB (lfb 35x256kB) SWAP 431/5858MB (cached 0MB) CPU [34%@1510,18%@1510,12%@1510,19%@1510,31%@1510,66%@1510] GR3D_FREQ 27% cpu@54.406C soc2@52.531C soc0@50.875C gpu@53.031C tj@54.406C soc1@52.625C VDD_IN 7023mW/7571mW VDD_CPU_GPU_CV 1898mW/2238mW VDD_SOC 1663mW/1768mW
10-08-2026 21:13:20 RAM 7253/7620MB (lfb 90x128kB) SWAP 431/5858MB (cached 0MB) CPU [60%@1510,66%@1510,69%@1510,44%@1510,65%@1497,48%@1497] GR3D_FREQ 30% cpu@54.812C soc2@52.75C soc0@50.781C gpu@53.375C tj@54.812C soc1@52.468C VDD_IN 8055mW/7574mW VDD_CPU_GPU_CV 2729mW/2241mW VDD_SOC 1745mW/1768mW
10-08-2026 21:13:21 RAM 6725/7620MB (lfb 31x2MB) SWAP 431/5858MB (cached 0MB) CPU [75%@1510,69%@1510,72%@1510,83%@1510,73%@1510,78%@1510] GR3D_FREQ 32% cpu@54.875C soc2@52.812C soc0@50.906C gpu@53.437C tj@54.875C soc1@52.625C VDD_IN 8689mW/7581mW VDD_CPU_GPU_CV 3164mW/2246mW VDD_SOC 1785mW/1768mW
10-08-2026 21:13:22 RAM 6805/7620MB (lfb 19x2MB) SWAP 431/5858MB (cached 0MB) CPU [77%@1510,81%@1510,80%@1510,77%@1510,74%@1510,82%@1510] GR3D_FREQ 8% cpu@55.218C soc2@52.937C soc0@50.968C gpu@53.218C tj@55.218C soc1@52.687C VDD_IN 9285mW/7592mW VDD_CPU_GPU_CV 3599mW/2255mW VDD_SOC 1825mW/1768mW
10-08-2026 21:13:23 RAM 6820/7620MB (lfb 19x2MB) SWAP 431/5858MB (cached 0MB) CPU [92%@1510,88%@1510,87%@1510,89%@1510,90%@1510,88%@1510] GR3D_FREQ 0% cpu@55.312C soc2@53.156C soc0@51.125C gpu@53.406C tj@55.312C soc1@52.625C VDD_IN 9443mW/7603mW VDD_CPU_GPU_CV 3717mW/2264mW VDD_SOC 1864mW/1769mW
10-08-2026 21:13:24 RAM 6911/7620MB (lfb 11x2MB) SWAP 431/5858MB (cached 0MB) CPU [92%@1510,90%@1510,92%@1510,90%@1510,86%@1510,90%@1510] GR3D_FREQ 28% cpu@55.625C soc2@53.281C soc0@51.062C gpu@53.812C tj@55.625C soc1@52.781C VDD_IN 9761mW/7616mW VDD_CPU_GPU_CV 3955mW/2274mW VDD_SOC 1901mW/1770mW
10-08-2026 21:13:25 RAM 7066/7620MB (lfb 41x512kB) SWAP 431/5858MB (cached 0MB) CPU [95%@1510,94%@1510,96%@1510,98%@1510,89%@1510,95%@1510] GR3D_FREQ 0% cpu@55.437C soc2@53.281C soc0@51.187C gpu@53.937C tj@55.437C soc1@52.875C VDD_IN 10078mW/7631mW VDD_CPU_GPU_CV 4073mW/2285mW VDD_SOC 1980mW/1771mW
10-08-2026 21:13:26 RAM 7103/7620MB (lfb 23x512kB) SWAP 431/5858MB (cached 0MB) CPU [75%@1510,70%@1510,79%@1510,70%@1510,68%@1510,87%@1510] GR3D_FREQ 0% cpu@54.687C soc2@53.125C soc0@51.343C gpu@53.593C tj@54.687C soc1@52.718C VDD_IN 8888mW/7638mW VDD_CPU_GPU_CV 3124mW/2290mW VDD_SOC 1861mW/1772mW
10-08-2026 21:13:27 RAM 7130/7620MB (lfb 20x512kB) SWAP 431/5858MB (cached 0MB) CPU [71%@1510,72%@1510,75%@1510,70%@1510,71%@1510,94%@1510] GR3D_FREQ 49% cpu@55.468C soc2@53.375C soc0@51.187C gpu@53.562C tj@55.468C soc1@52.906C VDD_IN 9880mW/7652mW VDD_CPU_GPU_CV 3909mW/2299mW VDD_SOC 1941mW/1773mW
10-08-2026 21:13:28 RAM 7157/7620MB (lfb 20x512kB) SWAP 431/5858MB (cached 0MB) CPU [95%@1510,95%@1510,96%@1510,95%@1510,89%@1510,93%@1510] GR3D_FREQ 28% cpu@55.562C soc2@53.593C soc0@51.312C gpu@53.562C tj@55.562C soc1@53C VDD_IN 10078mW/7666mW VDD_CPU_GPU_CV 4113mW/2310mW VDD_SOC 1980mW/1774mW
10-08-2026 21:13:29 RAM 7174/7620MB (lfb 1x1MB) SWAP 431/5858MB (cached 0MB) CPU [95%@1510,99%@1510,96%@1510,97%@1510,96%@1510,98%@1510] GR3D_FREQ 19% cpu@55.781C soc2@53.562C soc0@51.531C gpu@53.75C tj@55.781C soc1@53.25C VDD_IN 10316mW/7682mW VDD_CPU_GPU_CV 4225mW/2321mW VDD_SOC 1980mW/1775mW
10-08-2026 21:13:30 RAM 7160/7620MB (lfb 4x512kB) SWAP 432/5858MB (cached 0MB) CPU [95%@1510,96%@1510,95%@1510,92%@1510,95%@1510,96%@1510] GR3D_FREQ 16% cpu@55.781C soc2@53.656C soc0@51.468C gpu@53.937C tj@55.781C soc1@53.156C VDD_IN 10577mW/7699mW VDD_CPU_GPU_CV 4383mW/2333mW VDD_SOC 2020mW/1776mW
10-08-2026 21:13:31 RAM 7189/7620MB (lfb 1x2MB) SWAP 432/5858MB (cached 0MB) CPU [98%@1510,95%@1510,95%@1510,98%@1510,91%@1510,94%@1510] GR3D_FREQ 19% cpu@56.062C soc2@53.812C soc0@51.531C gpu@53.906C tj@56.062C soc1@53.156C VDD_IN 10419mW/7714mW VDD_CPU_GPU_CV 4304mW/2345mW VDD_SOC 1980mW/1778mW
10-08-2026 21:13:32 RAM 7216/7620MB (lfb 29x256kB) SWAP 432/5858MB (cached 0MB) CPU [97%@1510,95%@1510,95%@1510,89%@1510,96%@1510,90%@1510] GR3D_FREQ 50% cpu@55.812C soc2@53.718C soc0@51.687C gpu@53.875C tj@55.812C soc1@53.406C VDD_IN 10078mW/7728mW VDD_CPU_GPU_CV 4113mW/2355mW VDD_SOC 1941mW/1779mW
10-08-2026 21:13:33 RAM 7222/7620MB (lfb 6x128kB) SWAP 433/5858MB (cached 0MB) CPU [95%@1510,95%@1510,97%@1510,96%@1510,97%@1510,97%@1510] GR3D_FREQ 29% cpu@55.968C soc2@53.75C soc0@51.593C gpu@54.031C tj@56.312C soc1@53.281C VDD_IN 10277mW/7743mW VDD_CPU_GPU_CV 4185mW/2366mW VDD_SOC 1980mW/1780mW
10-08-2026 21:13:34 RAM 7210/7620MB (lfb 13x128kB) SWAP 433/5858MB (cached 0MB) CPU [97%@1510,99%@1510,94%@1510,95%@1510,95%@1510,96%@1510] GR3D_FREQ 37% cpu@56.093C soc2@53.843C soc0@51.781C gpu@54C tj@55.937C soc1@53.468C VDD_IN 10617mW/7759mW VDD_CPU_GPU_CV 4383mW/2377mW VDD_SOC 2060mW/1781mW
10-08-2026 21:13:35 RAM 7220/7620MB (lfb 1x1MB) SWAP 436/5858MB (cached 0MB) CPU [93%@1510,80%@1510,86%@1510,81%@1510,85%@1510,80%@1510] GR3D_FREQ 0% cpu@55.875C soc2@53.75C soc0@51.843C gpu@54.125C tj@55.875C soc1@53.656C VDD_IN 10039mW/7772mW VDD_CPU_GPU_CV 4027mW/2386mW VDD_SOC 1980mW/1782mW
10-08-2026 21:13:36 RAM 7222/7620MB (lfb 7x128kB) SWAP 437/5858MB (cached 0MB) CPU [58%@1510,40%@1510,50%@1510,68%@1510,54%@729,47%@729] GR3D_FREQ 0% cpu@55.187C soc2@53.593C soc0@51.687C gpu@54.031C tj@55.187C soc1@53.406C VDD_IN 7962mW/7773mW VDD_CPU_GPU_CV 2491mW/2387mW VDD_SOC 1822mW/1783mW
10-08-2026 21:13:37 RAM 7232/7620MB (lfb 1908x32kB) SWAP 437/5858MB (cached 0MB) CPU [66%@1510,40%@1510,34%@1510,65%@1510,57%@1510,60%@1510] GR3D_FREQ 62% cpu@55.343C soc2@53.625C soc0@51.812C gpu@53.812C tj@55.343C soc1@53.437C VDD_IN 8888mW/7779mW VDD_CPU_GPU_CV 3164mW/2391mW VDD_SOC 1901mW/1783mW
10-08-2026 21:13:38 RAM 7233/7620MB (lfb 1901x32kB) SWAP 437/5858MB (cached 0MB) CPU [62%@1510,60%@1510,66%@1510,61%@1510,77%@1510,64%@1510] GR3D_FREQ 50% cpu@55.531C soc2@53.75C soc0@51.906C gpu@53.968C tj@55.531C soc1@53.531C VDD_IN 9468mW/7789mW VDD_CPU_GPU_CV 3553mW/2398mW VDD_SOC 1941mW/1784mW
10-08-2026 21:13:39 RAM 7232/7620MB (lfb 1939x32kB) SWAP 438/5858MB (cached 0MB) CPU [54%@1510,47%@1510,58%@1510,63%@1510,62%@729,72%@729] GR3D_FREQ 79% cpu@55.031C soc2@53.875C soc0@52.093C gpu@54C tj@55.312C soc1@53.625C VDD_IN 8992mW/7795mW VDD_CPU_GPU_CV 3198mW/2402mW VDD_SOC 1941mW/1785mW
10-08-2026 21:13:40 RAM 7234/7620MB (lfb 1939x32kB) SWAP 438/5858MB (cached 0MB) CPU [14%@1510,30%@1510,24%@1510,57%@1510,48%@1510,21%@1510] GR3D_FREQ 70% cpu@55C soc2@53.562C soc0@51.968C gpu@53.937C tj@55C soc1@53.375C VDD_IN 8332mW/7798mW VDD_CPU_GPU_CV 2610mW/2403mW VDD_SOC 1901mW/1786mW
10-08-2026 21:13:41 RAM 7234/7620MB (lfb 1939x32kB) SWAP 438/5858MB (cached 0MB) CPU [36%@1510,56%@1510,33%@1510,20%@1510,40%@729,35%@729] GR3D_FREQ 61% cpu@55.125C soc2@53.593C soc0@51.968C gpu@54.125C tj@55.125C soc1@53.406C VDD_IN 8596mW/7803mW VDD_CPU_GPU_CV 2808mW/2406mW VDD_SOC 1941mW/1787mW
10-08-2026 21:13:42 RAM 7234/7620MB (lfb 1939x32kB) SWAP 438/5858MB (cached 0MB) CPU [18%@1510,92%@1510,17%@1510,43%@1510,19%@883,11%@883] GR3D_FREQ 62% cpu@54.875C soc2@53.656C soc0@52.093C gpu@54.031C tj@54.875C soc1@53.406C VDD_IN 8596mW/7807mW VDD_CPU_GPU_CV 2808mW/2408mW VDD_SOC 1941mW/1787mW
10-08-2026 21:13:43 RAM 7226/7620MB (lfb 1951x32kB) SWAP 438/5858MB (cached 0MB) CPU [24%@1510,67%@1510,16%@1510,14%@1510,39%@729,41%@729] GR3D_FREQ 45% cpu@54.906C soc2@53.593C soc0@52.031C gpu@54.218C tj@54.906C soc1@53.437C VDD_IN 8213mW/7809mW VDD_CPU_GPU_CV 2570mW/2409mW VDD_SOC 1901mW/1788mW
10-08-2026 21:13:44 RAM 7227/7620MB (lfb 22x64kB) SWAP 438/5858MB (cached 0MB) CPU [10%@1510,78%@1510,20%@1510,10%@1510,30%@729,33%@729] GR3D_FREQ 41% cpu@54.875C soc2@53.562C soc0@51.906C gpu@53.875C tj@54.875C soc1@53.406C VDD_IN 7658mW/7809mW VDD_CPU_GPU_CV 2175mW/2407mW VDD_SOC 1822mW/1788mW
10-08-2026 21:13:45 RAM 7231/7620MB (lfb 1927x32kB) SWAP 438/5858MB (cached 0MB) CPU [20%@1510,29%@1510,31%@1510,13%@1510,27%@1344,68%@1344] GR3D_FREQ 36% cpu@54.687C soc2@53.468C soc0@51.843C gpu@53.843C tj@54.687C soc1@53.312C VDD_IN 7578mW/7807mW VDD_CPU_GPU_CV 2096mW/2406mW VDD_SOC 1822mW/1788mW
10-08-2026 21:13:46 RAM 7231/7620MB (lfb 1927x32kB) SWAP 438/5858MB (cached 0MB) CPU [18%@729,10%@1510,10%@1510,9%@1510,55%@1036,88%@1036] GR3D_FREQ 45% cpu@54.75C soc2@53.531C soc0@51.906C gpu@54.062C tj@54.75C soc1@53.468C VDD_IN 8055mW/7809mW VDD_CPU_GPU_CV 2412mW/2406mW VDD_SOC 1861mW/1789mW
10-08-2026 21:13:47 RAM 7231/7620MB (lfb 1927x32kB) SWAP 438/5858MB (cached 0MB) CPU [42%@1510,13%@1510,9%@1510,6%@1510,44%@729,70%@729] GR3D_FREQ 54% cpu@54.875C soc2@53.593C soc0@52.156C gpu@54.125C tj@54.875C soc1@53.25C VDD_IN 8094mW/7810mW VDD_CPU_GPU_CV 2491mW/2406mW VDD_SOC 1861mW/1789mW
10-08-2026 21:13:48 RAM 7231/7620MB (lfb 1927x32kB) SWAP 438/5858MB (cached 0MB) CPU [20%@729,37%@729,18%@729,17%@729,60%@1510,64%@1510] GR3D_FREQ 82% cpu@55.156C soc2@53.687C soc0@51.875C gpu@54.093C tj@55.156C soc1@53.312C VDD_IN 8134mW/7812mW VDD_CPU_GPU_CV 2531mW/2407mW VDD_SOC 1861mW/1790mW
10-08-2026 21:13:49 RAM 7228/7620MB (lfb 1907x32kB) SWAP 438/5858MB (cached 0MB) CPU [18%@1510,19%@1510,20%@1510,12%@1510,83%@1510,44%@1510] GR3D_FREQ 80% cpu@54.968C soc2@53.593C soc0@52C gpu@54.125C tj@54.812C soc1@53.343C VDD_IN 8055mW/7813mW VDD_CPU_GPU_CV 2452mW/2407mW VDD_SOC 1861mW/1790mW
10-08-2026 21:13:50 RAM 7229/7620MB (lfb 1900x32kB) SWAP 438/5858MB (cached 0MB) CPU [51%@883,10%@883,23%@883,21%@883,57%@1190,28%@1190] GR3D_FREQ 43% cpu@54.531C soc2@53.468C soc0@51.843C gpu@53.812C tj@54.531C soc1@53.468C VDD_IN 7697mW/7813mW VDD_CPU_GPU_CV 2175mW/2406mW VDD_SOC 1822mW/1790mW
10-08-2026 21:13:51 RAM 7115/7620MB (lfb 21x2MB) SWAP 438/5858MB (cached 0MB) CPU [21%@1267,49%@1510,23%@1510,11%@1510,19%@729,52%@729] GR3D_FREQ 40% cpu@54.812C soc2@53.406C soc0@51.937C gpu@53.812C tj@54.812C soc1@53.156C VDD_IN 7063mW/7809mW VDD_CPU_GPU_CV 1782mW/2403mW VDD_SOC 1743mW/1790mW
10-08-2026 21:13:52 RAM 7125/7620MB (lfb 16x2MB) SWAP 438/5858MB (cached 0MB) CPU [17%@1510,29%@1510,21%@1510,22%@1510,25%@1510,30%@1510] GR3D_FREQ 39% cpu@54.781C soc2@53.343C soc0@51.75C gpu@54.031C tj@54.781C soc1@53.281C VDD_IN 6785mW/7803mW VDD_CPU_GPU_CV 1584mW/2398mW VDD_SOC 1703mW/1789mW
10-08-2026 21:13:53 RAM 7125/7620MB (lfb 16x2MB) SWAP 438/5858MB (cached 0MB) CPU [11%@729,5%@729,7%@729,9%@729,27%@1510,64%@1510] GR3D_FREQ 39% cpu@54.875C soc2@53.125C soc0@51.656C gpu@53.968C tj@54.875C soc1@53.281C VDD_IN 6705mW/7798mW VDD_CPU_GPU_CV 1545mW/2394mW VDD_SOC 1663mW/1789mW
10-08-2026 21:13:54 RAM 7125/7620MB (lfb 16x2MB) SWAP 438/5858MB (cached 0MB) CPU [11%@1510,11%@1510,4%@1510,11%@1510,51%@1420,34%@1420] GR3D_FREQ 67% cpu@54.593C soc2@53.062C soc0@51.687C gpu@53.937C tj@54.593C soc1@53.218C VDD_IN 6705mW/7792mW VDD_CPU_GPU_CV 1545mW/2390mW VDD_SOC 1663mW/1788mW
10-08-2026 21:13:55 RAM 7125/7620MB (lfb 16x2MB) SWAP 438/5858MB (cached 0MB) CPU [9%@1510,9%@1510,11%@1510,13%@1510,6%@1497,74%@1497] GR3D_FREQ 63% cpu@54.687C soc2@53.156C soc0@51.781C gpu@53.687C tj@54.687C soc1@53.125C VDD_IN 6745mW/7787mW VDD_CPU_GPU_CV 1545mW/2385mW VDD_SOC 1663mW/1787mW
10-08-2026 21:13:56 RAM 7125/7620MB (lfb 16x2MB) SWAP 438/5858MB (cached 0MB) CPU [15%@1510,17%@1510,38%@1510,42%@1510,6%@729,8%@729] GR3D_FREQ 33% cpu@54.718C soc2@53.156C soc0@51.531C gpu@53.687C tj@54.718C soc1@53.218C VDD_IN 6745mW/7781mW VDD_CPU_GPU_CV 1584mW/2381mW VDD_SOC 1666mW/1787mW
10-08-2026 21:13:57 RAM 7125/7620MB (lfb 16x2MB) SWAP 438/5858MB (cached 0MB) CPU [17%@1510,16%@1510,61%@1510,13%@1510,8%@729,2%@729] GR3D_FREQ 45% cpu@54.406C soc2@53.156C soc0@51.593C gpu@53.656C tj@54.406C soc1@53.093C VDD_IN 6705mW/7776mW VDD_CPU_GPU_CV 1584mW/2377mW VDD_SOC 1663mW/1786mW
10-08-2026 21:13:58 RAM 7125/7620MB (lfb 16x2MB) SWAP 438/5858MB (cached 0MB) CPU [51%@729,25%@729,16%@1510,11%@1510,2%@1510,13%@1510] GR3D_FREQ 40% cpu@54.5C soc2@53C soc0@51.593C gpu@53.656C tj@54.5C soc1@53.156C VDD_IN 6785mW/7771mW VDD_CPU_GPU_CV 1584mW/2373mW VDD_SOC 1663mW/1786mW
10-08-2026 21:13:59 RAM 7125/7620MB (lfb 16x2MB) SWAP 438/5858MB (cached 0MB) CPU [38%@1510,31%@1510,16%@1510,32%@1510,1%@729,4%@729] GR3D_FREQ 39% cpu@54.437C soc2@53.062C soc0@51.656C gpu@53.937C tj@54.437C soc1@53.218C VDD_IN 6745mW/7766mW VDD_CPU_GPU_CV 1584mW/2369mW VDD_SOC 1706mW/1785mW
10-08-2026 21:14:00 RAM 7222/7620MB (lfb 231x64kB) SWAP 456/5858MB (cached 0MB) CPU [41%@806,30%@806,36%@806,16%@806,19%@1510,22%@1510] GR3D_FREQ 0% cpu@54.687C soc2@53.031C soc0@51.406C gpu@53.937C tj@54.687C soc1@53C VDD_IN 6824mW/7761mW VDD_CPU_GPU_CV 1779mW/2366mW VDD_SOC 1624mW/1784mW
10-08-2026 21:14:01 RAM 7225/7620MB (lfb 175x64kB) SWAP 456/5858MB (cached 0MB) CPU [50%@1510,28%@1510,30%@1510,30%@1510,16%@960,55%@960] GR3D_FREQ 26% cpu@54.593C soc2@53.031C soc0@51.406C gpu@53.468C tj@54.593C soc1@53.031C VDD_IN 6229mW/7754mW VDD_CPU_GPU_CV 1426mW/2362mW VDD_SOC 1584mW/1783mW
10-08-2026 21:14:02 RAM 7228/7620MB (lfb 144x64kB) SWAP 456/5858MB (cached 0MB) CPU [23%@883,40%@883,29%@883,35%@883,42%@960,37%@960] GR3D_FREQ 17% cpu@54.375C soc2@52.906C soc0@51.406C gpu@53.468C tj@54.375C soc1@53.062C VDD_IN 6110mW/7746mW VDD_CPU_GPU_CV 1307mW/2357mW VDD_SOC 1584mW/1782mW
10-08-2026 21:14:03 RAM 7228/7620MB (lfb 144x64kB) SWAP 456/5858MB (cached 0MB) CPU [31%@729,32%@729,39%@729,32%@729,29%@729,44%@729] GR3D_FREQ 3% cpu@54.25C soc2@52.875C soc0@51.343C gpu@53.375C tj@54.25C soc1@53.031C VDD_IN 6071mW/7737mW VDD_CPU_GPU_CV 1267mW/2351mW VDD_SOC 1545mW/1781mW
10-08-2026 21:14:04 RAM 7228/7620MB (lfb 134x64kB) SWAP 456/5858MB (cached 0MB) CPU [41%@1510,37%@1510,40%@1510,33%@1510,41%@729,32%@729] GR3D_FREQ 8% cpu@54.343C soc2@52.906C soc0@51.218C gpu@53.468C tj@54.343C soc1@52.843C VDD_IN 6269mW/7730mW VDD_CPU_GPU_CV 1426mW/2347mW VDD_SOC 1584mW/1780mW
10-08-2026 21:14:05 RAM 6876/7620MB (lfb 1x1MB) SWAP 456/5858MB (cached 0MB) CPU [47%@1190,29%@1190,52%@1190,42%@1190,46%@1190,49%@1190] GR3D_FREQ 0% cpu@54.718C soc2@52.906C soc0@51.218C gpu@53.25C tj@54.718C soc1@52.843C VDD_IN 6507mW/7724mW VDD_CPU_GPU_CV 1584mW/2343mW VDD_SOC 1626mW/1780mW
10-08-2026 21:14:06 RAM 6885/7620MB (lfb 1x1MB) SWAP 456/5858MB (cached 0MB) CPU [43%@729,28%@729,37%@729,53%@729,45%@729,39%@729] GR3D_FREQ 0% cpu@54.25C soc2@52.843C soc0@51.218C gpu@53.281C tj@54.25C soc1@52.781C VDD_IN 6269mW/7717mW VDD_CPU_GPU_CV 1426mW/2339mW VDD_SOC 1584mW/1779mW
10-08-2026 21:14:07 RAM 6887/7620MB (lfb 1x1MB) SWAP 456/5858MB (cached 0MB) CPU [48%@1113,31%@1510,39%@1510,40%@1510,41%@1510,47%@1510] GR3D_FREQ 0% cpu@54.437C soc2@52.781C soc0@51.093C gpu@53.406C tj@54.437C soc1@52.812C VDD_IN 6586mW/7712mW VDD_CPU_GPU_CV 1703mW/2336mW VDD_SOC 1584mW/1778mW
10-08-2026 21:14:08 RAM 6889/7620MB (lfb 1x1MB) SWAP 456/5858MB (cached 0MB) CPU [29%@1510,35%@1510,49%@1510,44%@1510,50%@729,43%@729] GR3D_FREQ 35% cpu@54.437C soc2@52.687C soc0@51.156C gpu@53.156C tj@54.437C soc1@52.875C VDD_IN 6309mW/7705mW VDD_CPU_GPU_CV 1465mW/2331mW VDD_SOC 1584mW/1777mW
10-08-2026 21:14:09 RAM 6889/7620MB (lfb 1x1MB) SWAP 456/5858MB (cached 0MB) CPU [40%@1190,53%@1190,37%@1190,41%@1190,46%@729,33%@729] GR3D_FREQ 31% cpu@54.312C soc2@52.718C soc0@51.093C gpu@53.218C tj@54.312C soc1@52.812C VDD_IN 6428mW/7699mW VDD_CPU_GPU_CV 1545mW/2328mW VDD_SOC 1584mW/1776mW
10-08-2026 21:14:10 RAM 6889/7620MB (lfb 1x1MB) SWAP 456/5858MB (cached 0MB) CPU [17%@1190,49%@1190,38%@1190,43%@1190,38%@729,36%@729] GR3D_FREQ 32% cpu@54.125C soc2@52.718C soc0@51.281C gpu@53.281C tj@54.125C soc1@52.656C VDD_IN 6190mW/7692mW VDD_CPU_GPU_CV 1386mW/2323mW VDD_SOC 1584mW/1775mW
10-08-2026 21:14:11 RAM 6889/7620MB (lfb 1x1MB) SWAP 456/5858MB (cached 0MB) CPU [39%@1510,30%@1510,33%@1510,56%@1510,20%@1036,51%@1036] GR3D_FREQ 9% cpu@54.156C soc2@52.718C soc0@51.062C gpu@53.312C tj@54.156C soc1@52.656C VDD_IN 6190mW/7685mW VDD_CPU_GPU_CV 1346mW/2319mW VDD_SOC 1584mW/1774mW
10-08-2026 21:14:12 RAM 6889/7620MB (lfb 1x1MB) SWAP 456/5858MB (cached 0MB) CPU [33%@729,35%@729,25%@729,28%@729,42%@960,42%@960] GR3D_FREQ 0% cpu@53.937C soc2@52.562C soc0@50.968C gpu@53.156C tj@53.937C soc1@52.781C VDD_IN 6071mW/7677mW VDD_CPU_GPU_CV 1307mW/2314mW VDD_SOC 1545mW/1773mW
10-08-2026 21:14:13 RAM 6889/7620MB (lfb 1x1MB) SWAP 456/5858MB (cached 0MB) CPU [27%@729,32%@729,44%@729,50%@729,31%@883,39%@883] GR3D_FREQ 0% cpu@53.968C soc2@52.531C soc0@51.031C gpu@53C tj@53.968C soc1@52.687C VDD_IN 6190mW/7670mW VDD_CPU_GPU_CV 1346mW/2309mW VDD_SOC 1584mW/1772mW
10-08-2026 21:14:14 RAM 6890/7620MB (lfb 1x1MB) SWAP 456/5858MB (cached 0MB) CPU [34%@1510,31%@1510,57%@1510,33%@1510,28%@729,68%@729] GR3D_FREQ 0% cpu@54.031C soc2@52.625C soc0@51.062C gpu@53C tj@54.031C soc1@52.562C VDD_IN 6269mW/7664mW VDD_CPU_GPU_CV 1426mW/2305mW VDD_SOC 1584mW/1771mW
10-08-2026 21:14:15 RAM 6891/7620MB (lfb 1x1MB) SWAP 456/5858MB (cached 0MB) CPU [46%@1510,37%@1510,38%@1510,36%@1510,57%@1036,48%@1036] GR3D_FREQ 8% cpu@54.343C soc2@52.593C soc0@50.875C gpu@53C tj@54.343C soc1@52.562C VDD_IN 6388mW/7658mW VDD_CPU_GPU_CV 1505mW/2302mW VDD_SOC 1584mW/1770mW
10-08-2026 21:14:16 RAM 6891/7620MB (lfb 1x1MB) SWAP 456/5858MB (cached 0MB) CPU [42%@729,29%@729,40%@729,45%@729,38%@1190,46%@1190] GR3D_FREQ 27% cpu@53.937C soc2@52.531C soc0@50.906C gpu@53.156C tj@53.937C soc1@52.625C VDD_IN 6309mW/7652mW VDD_CPU_GPU_CV 1465mW/2298mW VDD_SOC 1584mW/1769mW
10-08-2026 21:14:17 RAM 6892/7620MB (lfb 1x1MB) SWAP 456/5858MB (cached 0MB) CPU [28%@960,37%@960,49%@960,38%@960,40%@729,30%@729] GR3D_FREQ 19% cpu@54.031C soc2@52.375C soc0@50.968C gpu@53.156C tj@54.031C soc1@52.625C VDD_IN 6190mW/7645mW VDD_CPU_GPU_CV 1386mW/2293mW VDD_SOC 1584mW/1769mW
10-08-2026 21:14:18 RAM 6828/7620MB (lfb 1x1MB) SWAP 456/5858MB (cached 0MB) CPU [41%@1113,41%@1113,31%@1113,40%@1113,31%@1497,46%@1497] GR3D_FREQ 10% cpu@54.156C soc2@52.5C soc0@50.937C gpu@53.156C tj@54.156C soc1@52.468C VDD_IN 6229mW/7638mW VDD_CPU_GPU_CV 1465mW/2290mW VDD_SOC 1545mW/1768mW
10-08-2026 21:14:19 RAM 6970/7620MB (lfb 2x256kB) SWAP 456/5858MB (cached 0MB) CPU [39%@1510,33%@1510,31%@1510,44%@1510,11%@729,18%@729] GR3D_FREQ 73% cpu@53.937C soc2@52.781C soc0@50.937C gpu@53.062C tj@53.937C soc1@52.437C VDD_IN 7658mW/7638mW VDD_CPU_GPU_CV 2214mW/2289mW VDD_SOC 1822mW/1768mW
10-08-2026 21:14:20 RAM 7003/7620MB (lfb 2x256kB) SWAP 456/5858MB (cached 0MB) CPU [35%@1510,27%@1510,58%@1510,31%@1510,18%@1190,12%@1190] GR3D_FREQ 46% cpu@54.093C soc2@52.687C soc0@50.968C gpu@53.187C tj@54.093C soc1@52.593C VDD_IN 7816mW/7639mW VDD_CPU_GPU_CV 2294mW/2289mW VDD_SOC 1861mW/1768mW
10-08-2026 21:14:21 RAM 7003/7620MB (lfb 2x256kB) SWAP 456/5858MB (cached 0MB) CPU [20%@729,16%@729,32%@729,24%@729,58%@1510,41%@1510] GR3D_FREQ 49% cpu@53.937C soc2@52.687C soc0@51.125C gpu@53.187C tj@53.937C soc1@52.656C VDD_IN 7975mW/7641mW VDD_CPU_GPU_CV 2373mW/2290mW VDD_SOC 1861mW/1769mW
10-08-2026 21:14:22 RAM 7003/7620MB (lfb 2x256kB) SWAP 456/5858MB (cached 0MB) CPU [37%@1510,18%@1510,12%@1510,24%@1510,66%@729,16%@729] GR3D_FREQ 78% cpu@53.968C soc2@52.687C soc0@51.25C gpu@53.406C tj@53.968C soc1@52.5C VDD_IN 7697mW/7641mW VDD_CPU_GPU_CV 2175mW/2289mW VDD_SOC 1822mW/1769mW
10-08-2026 21:14:23 RAM 7003/7620MB (lfb 2x256kB) SWAP 456/5858MB (cached 0MB) CPU [37%@1510,15%@1344,51%@1344,45%@1344,18%@1510,41%@1510] GR3D_FREQ 29% cpu@54.375C soc2@52.656C soc0@50.968C gpu@53.375C tj@54.375C soc1@52.531C VDD_IN 7697mW/7641mW VDD_CPU_GPU_CV 2333mW/2289mW VDD_SOC 1782mW/1769mW
10-08-2026 21:14:24 RAM 7004/7620MB (lfb 2x256kB) SWAP 456/5858MB (cached 0MB) CPU [20%@1510,25%@1510,54%@1510,35%@1510,19%@729,28%@729] GR3D_FREQ 41% cpu@53.906C soc2@52.906C soc0@51.031C gpu@53.406C tj@53.906C soc1@52.531C VDD_IN 7936mW/7643mW VDD_CPU_GPU_CV 2373mW/2290mW VDD_SOC 1861mW/1769mW
10-08-2026 21:14:25 RAM 7004/7620MB (lfb 2x256kB) SWAP 456/5858MB (cached 0MB) CPU [27%@1510,23%@1510,65%@1510,18%@1510,21%@729,25%@729] GR3D_FREQ 45% cpu@53.968C soc2@52.781C soc0@51.156C gpu@53.218C tj@53.968C soc1@52.593C VDD_IN 7975mW/7644mW VDD_CPU_GPU_CV 2373mW/2290mW VDD_SOC 1861mW/1770mW
10-08-2026 21:14:26 RAM 6924/7620MB (lfb 24x2MB) SWAP 456/5858MB (cached 0MB) CPU [13%@1510,9%@1510,27%@1510,15%@1510,21%@1344,59%@1344] GR3D_FREQ 28% cpu@54C soc2@52.531C soc0@51.093C gpu@53.125C tj@54C soc1@52.468C VDD_IN 6785mW/7640mW VDD_CPU_GPU_CV 1545mW/2287mW VDD_SOC 1703mW/1769mW
10-08-2026 21:14:27 RAM 6924/7620MB (lfb 24x2MB) SWAP 456/5858MB (cached 0MB) CPU [15%@1510,6%@1510,9%@1510,5%@1510,3%@1510,81%@1510] GR3D_FREQ 38% cpu@54.187C soc2@52.468C soc0@50.843C gpu@53.031C tj@54.187C soc1@52.437C VDD_IN 6666mW/7636mW VDD_CPU_GPU_CV 1545mW/2284mW VDD_SOC 1663mW/1769mW
10-08-2026 21:14:28 RAM 6924/7620MB (lfb 24x2MB) SWAP 456/5858MB (cached 0MB) CPU [12%@729,5%@1510,6%@1510,13%@1510,7%@1510,74%@1510] GR3D_FREQ 31% cpu@53.843C soc2@52.437C soc0@50.781C gpu@53.343C tj@53.843C soc1@52.531C VDD_IN 6666mW/7632mW VDD_CPU_GPU_CV 1584mW/2281mW VDD_SOC 1663mW/1769mW
10-08-2026 21:14:29 RAM 6924/7620MB (lfb 24x2MB) SWAP 456/5858MB (cached 0MB) CPU [20%@1510,3%@1510,6%@1510,7%@1510,2%@1510,79%@1510] GR3D_FREQ 40% cpu@53.843C soc2@52.281C soc0@50.968C gpu@53.312C tj@53.906C soc1@52.531C VDD_IN 6666mW/7628mW VDD_CPU_GPU_CV 1584mW/2278mW VDD_SOC 1663mW/1768mW
10-08-2026 21:14:30 RAM 6924/7620MB (lfb 24x2MB) SWAP 456/5858MB (cached 0MB) CPU [17%@729,7%@729,8%@729,9%@729,14%@1497,63%@1497] GR3D_FREQ 47% cpu@53.687C soc2@52.343C soc0@50.937C gpu@52.968C tj@53.906C soc1@52.281C VDD_IN 6705mW/7624mW VDD_CPU_GPU_CV 1545mW/2274mW VDD_SOC 1663mW/1768mW
10-08-2026 21:14:31 RAM 6924/7620MB (lfb 24x2MB) SWAP 456/5858MB (cached 0MB) CPU [8%@729,8%@1510,7%@1510,7%@1510,5%@1510,80%@1510] GR3D_FREQ 59% cpu@53.906C soc2@52.375C soc0@50.75C gpu@52.968C tj@53.906C soc1@52.406C VDD_IN 6705mW/7620mW VDD_CPU_GPU_CV 1545mW/2271mW VDD_SOC 1663mW/1767mW
10-08-2026 21:14:32 RAM 6924/7620MB (lfb 24x2MB) SWAP 456/5858MB (cached 0MB) CPU [15%@1510,5%@1510,3%@1510,2%@1510,12%@1497,75%@1497] GR3D_FREQ 61% cpu@54.125C soc2@52.343C soc0@50.75C gpu@52.937C tj@54.125C soc1@52.375C VDD_IN 6705mW/7616mW VDD_CPU_GPU_CV 1584mW/2268mW VDD_SOC 1663mW/1767mW
10-08-2026 21:14:33 RAM 6996/7620MB (lfb 2x256kB) SWAP 456/5858MB (cached 0MB) CPU [16%@1420,10%@1344,61%@1344,17%@1344,32%@729,53%@729] GR3D_FREQ 42% cpu@53.687C soc2@52.656C soc0@50.875C gpu@52.812C tj@53.687C soc1@52.468C VDD_IN 7301mW/7614mW VDD_CPU_GPU_CV 1898mW/2267mW VDD_SOC 1782mW/1767mW
10-08-2026 21:14:34 RAM 6963/7620MB (lfb 23x2MB) SWAP 456/5858MB (cached 0MB) CPU [42%@1510,24%@1510,16%@1510,29%@1510,17%@729,40%@729] GR3D_FREQ 57% cpu@53.75C soc2@52.531C soc0@50.937C gpu@52.843C tj@53.75C soc1@52.25C VDD_IN 7102mW/7612mW VDD_CPU_GPU_CV 1822mW/2265mW VDD_SOC 1743mW/1767mW
10-08-2026 21:14:35 RAM 6963/7620MB (lfb 23x2MB) SWAP 456/5858MB (cached 0MB) CPU [41%@1510,30%@1510,25%@1510,6%@1510,5%@729,4%@729] GR3D_FREQ 38% cpu@53.875C soc2@52.375C soc0@50.718C gpu@52.781C tj@53.875C soc1@52.343C VDD_IN 6745mW/7608mW VDD_CPU_GPU_CV 1584mW/2262mW VDD_SOC 1663mW/1766mW
10-08-2026 21:14:36 RAM 6963/7620MB (lfb 23x2MB) SWAP 456/5858MB (cached 0MB) CPU [19%@1510,70%@1510,4%@1510,8%@1510,6%@729,6%@729] GR3D_FREQ 37% cpu@53.781C soc2@52.281C soc0@50.687C gpu@52.906C tj@53.781C soc1@52.343C VDD_IN 6666mW/7605mW VDD_CPU_GPU_CV 1545mW/2259mW VDD_SOC 1663mW/1766mW
10-08-2026 21:14:37 RAM 6963/7620MB (lfb 23x2MB) SWAP 456/5858MB (cached 0MB) CPU [27%@1497,59%@1497,10%@1497,5%@1497,0%@729,6%@729] GR3D_FREQ 54% cpu@53.562C soc2@52.312C soc0@50.75C gpu@52.937C tj@53.562C soc1@52.375C VDD_IN 6666mW/7601mW VDD_CPU_GPU_CV 1545mW/2256mW VDD_SOC 1663mW/1765mW
10-08-2026 21:14:38 RAM 6963/7620MB (lfb 23x2MB) SWAP 456/5858MB (cached 0MB) CPU [58%@1510,21%@1510,10%@1510,8%@1510,7%@729,7%@729] GR3D_FREQ 70% cpu@53.625C soc2@52.375C soc0@50.781C gpu@52.968C tj@53.625C soc1@52.375C VDD_IN 6666mW/7597mW VDD_CPU_GPU_CV 1545mW/2253mW VDD_SOC 1663mW/1765mW
10-08-2026 21:14:39 RAM 6870/7620MB (lfb 16x2MB) SWAP 456/5858MB (cached 0MB) CPU [28%@1510,33%@1510,28%@1510,25%@1510,26%@729,35%@729] GR3D_FREQ 66% cpu@53.75C soc2@52.406C soc0@50.906C gpu@52.968C tj@53.75C soc1@52.218C VDD_IN 7102mW/7595mW VDD_CPU_GPU_CV 1822mW/2251mW VDD_SOC 1743mW/1765mW
10-08-2026 21:14:40 RAM 6962/7620MB (lfb 1x2MB) SWAP 456/5858MB (cached 0MB) CPU [13%@729,42%@729,37%@729,29%@1510,34%@1420,48%@1420] GR3D_FREQ 49% cpu@53.875C soc2@52.437C soc0@50.75C gpu@53.093C tj@53.875C soc1@52.312C VDD_IN 7459mW/7594mW VDD_CPU_GPU_CV 2060mW/2250mW VDD_SOC 1822mW/1765mW
10-08-2026 21:14:41 RAM 6931/7620MB (lfb 1x2MB) SWAP 456/5858MB (cached 0MB) CPU [33%@1190,23%@1190,19%@1190,60%@1190,13%@729,8%@729] GR3D_FREQ 43% cpu@53.625C soc2@52.25C soc0@50.687C gpu@52.75C tj@53.625C soc1@52.312C VDD_IN 7102mW/7592mW VDD_CPU_GPU_CV 1663mW/2248mW VDD_SOC 1782mW/1765mW
10-08-2026 21:14:42 RAM 6937/7620MB (lfb 6x1MB) SWAP 456/5858MB (cached 0MB) CPU [26%@1510,30%@1510,47%@1510,12%@1510,4%@729,3%@729] GR3D_FREQ 41% cpu@53.562C soc2@52.25C soc0@50.718C gpu@52.781C tj@53.562C soc1@52.375C VDD_IN 6745mW/7589mW VDD_CPU_GPU_CV 1584mW/2245mW VDD_SOC 1703mW/1765mW
10-08-2026 21:14:43 RAM 6937/7620MB (lfb 6x1MB) SWAP 456/5858MB (cached 0MB) CPU [15%@1510,4%@1510,80%@1510,8%@1510,7%@729,5%@729] GR3D_FREQ 39% cpu@53.625C soc2@52.187C soc0@50.812C gpu@52.781C tj@53.625C soc1@52.125C VDD_IN 6745mW/7585mW VDD_CPU_GPU_CV 1584mW/2242mW VDD_SOC 1663mW/1764mW
10-08-2026 21:14:44 RAM 6938/7620MB (lfb 6x1MB) SWAP 456/5858MB (cached 0MB) CPU [15%@1510,45%@1510,45%@1510,8%@1510,2%@729,2%@729] GR3D_FREQ 53% cpu@54.031C soc2@52.25C soc0@50.593C gpu@52.718C tj@54.031C soc1@52.218C VDD_IN 6745mW/7582mW VDD_CPU_GPU_CV 1584mW/2240mW VDD_SOC 1663mW/1764mW
10-08-2026 21:14:45 RAM 6938/7620MB (lfb 6x1MB) SWAP 456/5858MB (cached 0MB) CPU [17%@729,16%@729,2%@729,9%@729,46%@1510,35%@1510] GR3D_FREQ 52% cpu@53.781C soc2@52.125C soc0@50.656C gpu@52.906C tj@53.625C soc1@52.218C VDD_IN 6745mW/7578mW VDD_CPU_GPU_CV 1584mW/2237mW VDD_SOC 1663mW/1764mW
10-08-2026 21:14:46 RAM 6938/7620MB (lfb 6x1MB) SWAP 456/5858MB (cached 0MB) CPU [7%@729,13%@729,7%@729,7%@729,6%@1497,80%@1497] GR3D_FREQ 43% cpu@53.562C soc2@52.093C soc0@50.687C gpu@52.937C tj@53.562C soc1@52.25C VDD_IN 6745mW/7575mW VDD_CPU_GPU_CV 1584mW/2234mW VDD_SOC 1666mW/1763mW
10-08-2026 21:14:47 RAM 6938/7620MB (lfb 6x1MB) SWAP 456/5858MB (cached 0MB) CPU [14%@1510,7%@1510,5%@1510,8%@1510,4%@1497,79%@1497] GR3D_FREQ 40% cpu@53.593C soc2@52.093C soc0@50.687C gpu@53C tj@53.593C soc1@52.125C VDD_IN 6785mW/7572mW VDD_CPU_GPU_CV 1584mW/2232mW VDD_SOC 1703mW/1763mW
10-08-2026 21:14:48 RAM 6938/7620MB (lfb 6x1MB) SWAP 456/5858MB (cached 0MB) CPU [14%@729,9%@729,6%@729,8%@729,3%@1497,80%@1497] GR3D_FREQ 39% cpu@53.687C soc2@52.156C soc0@50.468C gpu@52.656C tj@53.687C soc1@52.125C VDD_IN 6864mW/7569mW VDD_CPU_GPU_CV 1584mW/2229mW VDD_SOC 1743mW/1763mW
10-08-2026 21:14:49 RAM 6882/7620MB (lfb 6x2MB) SWAP 456/5858MB (cached 0MB) CPU [14%@1510,7%@1510,9%@1510,7%@1510,9%@729,72%@729] GR3D_FREQ 0% cpu@53.593C soc2@52.031C soc0@50.5C gpu@52.656C tj@53.593C soc1@52.125C VDD_IN 6398mW/7564mW VDD_CPU_GPU_CV 1386mW/2226mW VDD_SOC 1706mW/1763mW
10-08-2026 21:14:50 RAM 6614/7620MB (lfb 10x2MB) SWAP 455/5858MB (cached 0MB) CPU [2%@1510,42%@1510,1%@1510,0%@1510,48%@1510,0%@1510] GR3D_FREQ 0% cpu@53.312C soc2@52.031C soc0@50.406C gpu@52.531C tj@53.312C soc1@52.125C VDD_IN 5872mW/7557mW VDD_CPU_GPU_CV 990mW/2221mW VDD_SOC 1624mW/1762mW
10-08-2026 21:14:51 RAM 5827/7620MB (lfb 48x4MB) SWAP 455/5858MB (cached 0MB) CPU [8%@1510,1%@1510,1%@1510,0%@1510,90%@1510,12%@1510] GR3D_FREQ 0% cpu@53.5C soc2@52C soc0@50.5C gpu@52.687C tj@53.5C soc1@52.187C VDD_IN 5991mW/7551mW VDD_CPU_GPU_CV 1069mW/2216mW VDD_SOC 1624mW/1762mW
10-08-2026 21:14:52 RAM 5373/7620MB (lfb 73x4MB) SWAP 453/5858MB (cached 0MB) CPU [46%@960,0%@960,1%@960,37%@960,0%@729,0%@729] GR3D_FREQ 0% cpu@53.281C soc2@51.968C soc0@50.562C gpu@52.687C tj@53.281C soc1@51.937C VDD_IN 5634mW/7544mW VDD_CPU_GPU_CV 911mW/2211mW VDD_SOC 1587mW/1761mW
