10-08-2026 21:36:32 RAM 2614/7620MB (lfb 157x4MB) SWAP 606/5858MB (cached 0MB) CPU [21%@1510,35%@1510,61%@1510,17%@1510,14%@729,13%@729] GR3D_FREQ 0% cpu@52.875C soc2@51.562C soc0@49.968C gpu@52.125C tj@52.875C soc1@51.687C VDD_IN 5872mW/5872mW VDD_CPU_GPU_CV 1228mW/1228mW VDD_SOC 1547mW/1547mW
10-08-2026 21:36:33 RAM 2686/7620MB (lfb 157x4MB) SWAP 606/5858MB (cached 0MB) CPU [3%@1510,0%@1510,92%@1510,0%@1510,2%@729,1%@729] GR3D_FREQ 0% cpu@52.937C soc2@51.5C soc0@50.031C gpu@52.125C tj@52.937C soc1@51.5C VDD_IN 5793mW/5833mW VDD_CPU_GPU_CV 1148mW/1188mW VDD_SOC 1545mW/1546mW
10-08-2026 21:36:34 RAM 2709/7620MB (lfb 157x4MB) SWAP 606/5858MB (cached 0MB) CPU [2%@1510,1%@1510,98%@1510,1%@1510,1%@729,0%@729] GR3D_FREQ 0% cpu@52.906C soc2@51.625C soc0@49.843C gpu@52.125C tj@53.093C soc1@51.593C VDD_IN 5832mW/5832mW VDD_CPU_GPU_CV 1188mW/1188mW VDD_SOC 1545mW/1546mW
10-08-2026 21:36:35 RAM 2737/7620MB (lfb 157x4MB) SWAP 606/5858MB (cached 0MB) CPU [2%@1510,1%@1510,94%@1510,0%@1510,1%@729,1%@729] GR3D_FREQ 0% cpu@52.937C soc2@51.531C soc0@49.906C gpu@52.125C tj@52.937C soc1@51.625C VDD_IN 5793mW/5823mW VDD_CPU_GPU_CV 1188mW/1188mW VDD_SOC 1545mW/1546mW
10-08-2026 21:36:36 RAM 2759/7620MB (lfb 157x4MB) SWAP 606/5858MB (cached 0MB) CPU [4%@729,3%@729,3%@729,8%@729,5%@1510,66%@1510] GR3D_FREQ 0% cpu@52.843C soc2@51.468C soc0@49.812C gpu@52.062C tj@52.843C soc1@51.593C VDD_IN 5753mW/5809mW VDD_CPU_GPU_CV 1069mW/1164mW VDD_SOC 1547mW/1546mW
10-08-2026 21:36:37 RAM 2791/7620MB (lfb 157x4MB) SWAP 606/5858MB (cached 0MB) CPU [2%@729,2%@729,0%@729,2%@729,26%@1510,69%@1510] GR3D_FREQ 0% cpu@52.906C soc2@51.437C soc0@49.906C gpu@52.281C tj@52.906C soc1@51.656C VDD_IN 5832mW/5813mW VDD_CPU_GPU_CV 1148mW/1162mW VDD_SOC 1545mW/1546mW
10-08-2026 21:36:38 RAM 2814/7620MB (lfb 157x4MB) SWAP 606/5858MB (cached 0MB) CPU [1%@1510,1%@1510,1%@1510,0%@1510,0%@1510,97%@1510] GR3D_FREQ 0% cpu@52.937C soc2@51.343C soc0@49.937C gpu@52.312C tj@52.937C soc1@51.468C VDD_IN 5832mW/5815mW VDD_CPU_GPU_CV 1188mW/1165mW VDD_SOC 1545mW/1546mW
10-08-2026 21:36:39 RAM 2837/7620MB (lfb 157x4MB) SWAP 606/5858MB (cached 0MB) CPU [1%@729,2%@729,3%@729,1%@729,0%@1510,92%@1510] GR3D_FREQ 0% cpu@53.031C soc2@51.406C soc0@49.75C gpu@52.375C tj@53.031C soc1@51.531C VDD_IN 5793mW/5813mW VDD_CPU_GPU_CV 1109mW/1158mW VDD_SOC 1545mW/1546mW
10-08-2026 21:36:40 RAM 2878/7620MB (lfb 157x4MB) SWAP 606/5858MB (cached 0MB) CPU [2%@729,1%@1510,1%@1510,3%@1510,0%@1510,92%@1510] GR3D_FREQ 0% cpu@52.843C soc2@51.343C soc0@49.75C gpu@52.031C tj@52.843C soc1@51.5C VDD_IN 5832mW/5815mW VDD_CPU_GPU_CV 1188mW/1162mW VDD_SOC 1545mW/1545mW
10-08-2026 21:36:41 RAM 2889/7620MB (lfb 157x4MB) SWAP 606/5858MB (cached 0MB) CPU [2%@729,2%@729,0%@729,0%@729,0%@1036,94%@1036] GR3D_FREQ 17% cpu@52.75C soc2@51.375C soc0@49.812C gpu@52.062C tj@52.75C soc1@51.656C VDD_IN 5793mW/5813mW VDD_CPU_GPU_CV 1148mW/1160mW VDD_SOC 1545mW/1545mW
10-08-2026 21:36:42 RAM 2894/7620MB (lfb 157x4MB) SWAP 606/5858MB (cached 0MB) CPU [10%@1510,4%@1510,11%@1510,1%@1510,1%@1510,4%@1510] GR3D_FREQ 0% cpu@52.781C soc2@51.281C soc0@49.843C gpu@51.937C tj@52.781C soc1@51.437C VDD_IN 5294mW/5765mW VDD_CPU_GPU_CV 755mW/1123mW VDD_SOC 1552mW/1546mW
10-08-2026 21:36:43 RAM 2898/7620MB (lfb 157x4MB) SWAP 606/5858MB (cached 0MB) CPU [22%@729,34%@729,25%@729,23%@729,6%@729,13%@729] GR3D_FREQ 11% cpu@52.656C soc2@51.406C soc0@49.687C gpu@52.218C tj@52.656C soc1@51.468C VDD_IN 5723mW/5762mW VDD_CPU_GPU_CV 992mW/1112mW VDD_SOC 1589mW/1550mW
10-08-2026 21:36:44 RAM 2897/7620MB (lfb 157x4MB) SWAP 606/5858MB (cached 0MB) CPU [8%@1510,5%@1510,4%@1510,7%@1510,2%@729,0%@729] GR3D_FREQ 11% cpu@52.656C soc2@51.156C soc0@49.656C gpu@52.187C tj@52.656C soc1@51.437C VDD_IN 5231mW/5721mW VDD_CPU_GPU_CV 677mW/1079mW VDD_SOC 1555mW/1550mW
10-08-2026 21:36:45 RAM 2897/7620MB (lfb 157x4MB) SWAP 606/5858MB (cached 0MB) CPU [6%@1510,3%@1510,3%@1510,5%@1510,1%@729,4%@729] GR3D_FREQ 0% cpu@52.343C soc2@51.156C soc0@49.656C gpu@51.812C tj@52.343C soc1@51.5C VDD_IN 5191mW/5683mW VDD_CPU_GPU_CV 637mW/1047mW VDD_SOC 1557mW/1550mW
10-08-2026 21:36:46 RAM 2918/7620MB (lfb 157x4MB) SWAP 606/5858MB (cached 0MB) CPU [7%@883,6%@883,3%@883,6%@883,4%@960,8%@960] GR3D_FREQ 0% cpu@52.437C soc2@51.156C soc0@49.718C gpu@51.875C tj@52.437C soc1@51.218C VDD_IN 5271mW/5656mW VDD_CPU_GPU_CV 677mW/1023mW VDD_SOC 1555mW/1551mW
10-08-2026 21:36:47 RAM 3011/7620MB (lfb 152x4MB) SWAP 606/5858MB (cached 0MB) CPU [47%@1510,50%@1510,53%@1510,60%@1510,60%@1036,78%@1036] GR3D_FREQ 2% cpu@53.156C soc2@51.437C soc0@49.593C gpu@52.031C tj@53.156C soc1@51.281C VDD_IN 6507mW/5709mW VDD_CPU_GPU_CV 1861mW/1075mW VDD_SOC 1547mW/1551mW
10-08-2026 21:36:48 RAM 3052/7620MB (lfb 152x4MB) SWAP 606/5858MB (cached 0MB) CPU [26%@1510,20%@1510,32%@1510,39%@1510,13%@1190,35%@1190] GR3D_FREQ 24% cpu@52.781C soc2@51.156C soc0@49.656C gpu@52C tj@52.781C soc1@51.312C VDD_IN 6229mW/5739mW VDD_CPU_GPU_CV 1465mW/1098mW VDD_SOC 1587mW/1553mW
10-08-2026 21:36:49 RAM 3055/7620MB (lfb 152x4MB) SWAP 606/5858MB (cached 0MB) CPU [37%@729,44%@729,48%@729,45%@729,47%@1344,76%@1344] GR3D_FREQ 43% cpu@52.781C soc2@51.156C soc0@49.718C gpu@51.968C tj@52.781C soc1@51.5C VDD_IN 6269mW/5769mW VDD_CPU_GPU_CV 1505mW/1121mW VDD_SOC 1624mW/1557mW
10-08-2026 21:36:50 RAM 3670/7620MB (lfb 49x4MB) SWAP 606/5858MB (cached 0MB) CPU [18%@1510,14%@1510,11%@1510,9%@1510,52%@1510,21%@1510] GR3D_FREQ 26% cpu@52.906C soc2@51.187C soc0@49.75C gpu@51.718C tj@52.906C soc1@51.312C VDD_IN 6229mW/5793mW VDD_CPU_GPU_CV 1267mW/1128mW VDD_SOC 1706mW/1565mW
10-08-2026 21:36:51 RAM 4396/7620MB (lfb 26x4MB) SWAP 606/5858MB (cached 0MB) CPU [21%@1510,8%@1510,6%@1510,6%@1510,32%@1497,57%@1497] GR3D_FREQ 0% cpu@53.093C soc2@51.281C soc0@49.5C gpu@51.812C tj@53.093C soc1@51.343C VDD_IN 6269mW/5817mW VDD_CPU_GPU_CV 1346mW/1139mW VDD_SOC 1663mW/1569mW
10-08-2026 21:36:52 RAM 4545/7620MB (lfb 8x2MB) SWAP 606/5858MB (cached 0MB) CPU [100%@1510,7%@1510,2%@1510,8%@1510,7%@729,6%@729] GR3D_FREQ 0% cpu@52.843C soc2@51.25C soc0@49.593C gpu@51.781C tj@52.843C soc1@51.281C VDD_IN 5991mW/5825mW VDD_CPU_GPU_CV 1346mW/1149mW VDD_SOC 1545mW/1568mW
10-08-2026 21:36:53 RAM 4554/7620MB (lfb 4x2MB) SWAP 606/5858MB (cached 0MB) CPU [49%@1510,4%@1510,2%@1510,7%@1510,7%@1510,54%@1510] GR3D_FREQ 0% cpu@52.562C soc2@51.125C soc0@49.5C gpu@51.687C tj@52.562C soc1@51.406C VDD_IN 5832mW/5826mW VDD_CPU_GPU_CV 1228mW/1153mW VDD_SOC 1545mW/1567mW
10-08-2026 21:36:54 RAM 4554/7620MB (lfb 4x2MB) SWAP 606/5858MB (cached 0MB) CPU [7%@729,5%@729,6%@729,4%@729,1%@1510,100%@1510] GR3D_FREQ 0% cpu@52.5C soc2@51.156C soc0@49.593C gpu@51.843C tj@52.5C soc1@51.406C VDD_IN 5793mW/5824mW VDD_CPU_GPU_CV 1228mW/1156mW VDD_SOC 1545mW/1566mW
10-08-2026 21:36:55 RAM 4554/7620MB (lfb 4x2MB) SWAP 606/5858MB (cached 0MB) CPU [10%@729,9%@729,5%@729,4%@729,1%@1510,100%@1510] GR3D_FREQ 0% cpu@52.625C soc2@51.125C soc0@49.5C gpu@51.875C tj@52.625C soc1@51.187C VDD_IN 5832mW/5824mW VDD_CPU_GPU_CV 1228mW/1159mW VDD_SOC 1545mW/1565mW
10-08-2026 21:36:56 RAM 4562/7620MB (lfb 57x1MB) SWAP 606/5858MB (cached 0MB) CPU [8%@1510,5%@1510,5%@1510,5%@1510,3%@1510,100%@1510] GR3D_FREQ 0% cpu@52.906C soc2@51.093C soc0@49.468C gpu@51.843C tj@52.906C soc1@51.187C VDD_IN 5872mW/5826mW VDD_CPU_GPU_CV 1228mW/1162mW VDD_SOC 1545mW/1565mW
10-08-2026 21:36:57 RAM 4721/7620MB (lfb 20x1MB) SWAP 606/5858MB (cached 0MB) CPU [8%@1510,8%@1510,3%@1510,4%@1510,3%@1510,100%@1510] GR3D_FREQ 25% cpu@52.5C soc2@51.031C soc0@49.562C gpu@51.687C tj@52.5C soc1@51.187C VDD_IN 5991mW/5833mW VDD_CPU_GPU_CV 1307mW/1167mW VDD_SOC 1545mW/1564mW
10-08-2026 21:36:58 RAM 4889/7620MB (lfb 3x1MB) SWAP 606/5858MB (cached 0MB) CPU [8%@729,6%@729,4%@729,4%@729,5%@1510,100%@1510] GR3D_FREQ 31% cpu@52.531C soc2@50.937C soc0@49.593C gpu@51.687C tj@52.531C soc1@51.312C VDD_IN 5952mW/5837mW VDD_CPU_GPU_CV 1307mW/1172mW VDD_SOC 1545mW/1563mW
10-08-2026 21:36:59 RAM 4799/7620MB (lfb 2x1MB) SWAP 606/5858MB (cached 0MB) CPU [9%@1510,12%@1510,5%@1510,12%@1510,4%@1510,100%@1510] GR3D_FREQ 37% cpu@52.812C soc2@51.062C soc0@49.375C gpu@51.75C tj@52.812C soc1@51.031C VDD_IN 5991mW/5843mW VDD_CPU_GPU_CV 1346mW/1179mW VDD_SOC 1545mW/1562mW
10-08-2026 21:37:00 RAM 4850/7620MB (lfb 21x1MB) SWAP 606/5858MB (cached 0MB) CPU [12%@1510,17%@1510,6%@1510,9%@1510,2%@1510,100%@1510] GR3D_FREQ 0% cpu@52.593C soc2@51.125C soc0@49.406C gpu@51.875C tj@52.531C soc1@51.156C VDD_IN 5991mW/5848mW VDD_CPU_GPU_CV 1346mW/1184mW VDD_SOC 1545mW/1562mW
10-08-2026 21:37:01 RAM 4914/7620MB (lfb 53x1MB) SWAP 606/5858MB (cached 0MB) CPU [11%@729,19%@729,7%@729,9%@729,1%@1510,99%@1510] GR3D_FREQ 0% cpu@52.875C soc2@51C soc0@49.406C gpu@51.875C tj@52.875C soc1@51.125C VDD_IN 5991mW/5852mW VDD_CPU_GPU_CV 1344mW/1190mW VDD_SOC 1545mW/1561mW
10-08-2026 21:37:02 RAM 4993/7620MB (lfb 65x1MB) SWAP 606/5858MB (cached 0MB) CPU [11%@729,16%@729,6%@729,11%@729,0%@1510,100%@1510] GR3D_FREQ 0% cpu@52.468C soc2@51.031C soc0@49.468C gpu@51.875C tj@52.468C soc1@51.312C VDD_IN 5991mW/5857mW VDD_CPU_GPU_CV 1346mW/1195mW VDD_SOC 1545mW/1561mW
10-08-2026 21:37:03 RAM 4136/7620MB (lfb 109x4MB) SWAP 606/5858MB (cached 0MB) CPU [22%@1510,28%@1510,26%@1510,28%@1510,22%@729,83%@729] GR3D_FREQ 42% cpu@52.687C soc2@51.062C soc0@49.375C gpu@51.75C tj@52.562C soc1@51.093C VDD_IN 6745mW/5885mW VDD_CPU_GPU_CV 1624mW/1208mW VDD_SOC 1703mW/1565mW
10-08-2026 21:37:04 RAM 3712/7620MB (lfb 52x4MB) SWAP 606/5858MB (cached 0MB) CPU [12%@1267,22%@1267,42%@1267,8%@1267,33%@1113,6%@1113] GR3D_FREQ 0% cpu@52.687C soc2@51C soc0@49.375C gpu@51.687C tj@52.687C soc1@51.156C VDD_IN 6467mW/5902mW VDD_CPU_GPU_CV 1267mW/1210mW VDD_SOC 1743mW/1571mW
10-08-2026 21:37:05 RAM 4076/7620MB (lfb 52x4MB) SWAP 606/5858MB (cached 0MB) CPU [43%@1190,58%@1190,43%@1190,37%@1190,45%@960,47%@960] GR3D_FREQ 37% cpu@52.718C soc2@51.093C soc0@49.406C gpu@52.031C tj@52.718C soc1@51.125C VDD_IN 6904mW/5932mW VDD_CPU_GPU_CV 1822mW/1228mW VDD_SOC 1703mW/1574mW
10-08-2026 21:37:06 RAM 4084/7620MB (lfb 52x4MB) SWAP 606/5858MB (cached 0MB) CPU [39%@1510,51%@1510,24%@1510,37%@1510,39%@1497,40%@1497] GR3D_FREQ 37% cpu@52.781C soc2@51.093C soc0@49.5C gpu@52.062C tj@52.781C soc1@51.281C VDD_IN 6428mW/5946mW VDD_CPU_GPU_CV 1505mW/1236mW VDD_SOC 1663mW/1577mW
10-08-2026 21:37:07 RAM 4186/7620MB (lfb 52x4MB) SWAP 606/5858MB (cached 0MB) CPU [53%@1510,46%@1510,41%@1510,51%@1510,60%@1497,52%@1497] GR3D_FREQ 38% cpu@53.375C soc2@51.281C soc0@49.343C gpu@51.968C tj@53.375C soc1@51.156C VDD_IN 7539mW/5990mW VDD_CPU_GPU_CV 2297mW/1265mW VDD_SOC 1745mW/1582mW
10-08-2026 21:37:08 RAM 4202/7620MB (lfb 52x4MB) SWAP 606/5858MB (cached 0MB) CPU [64%@1510,66%@1510,63%@1510,63%@1510,80%@1510,58%@1510] GR3D_FREQ 0% cpu@53.656C soc2@51.375C soc0@49.468C gpu@51.906C tj@53.656C soc1@51.281C VDD_IN 8174mW/6049mW VDD_CPU_GPU_CV 2812mW/1307mW VDD_SOC 1785mW/1587mW
10-08-2026 21:37:09 RAM 4596/7620MB (lfb 44x4MB) SWAP 606/5858MB (cached 0MB) CPU [52%@1510,59%@1510,57%@1510,50%@1510,54%@1267,63%@1267] GR3D_FREQ 39% cpu@53C soc2@51.375C soc0@49.656C gpu@52.187C tj@53C soc1@51.156C VDD_IN 7618mW/6091mW VDD_CPU_GPU_CV 2373mW/1335mW VDD_SOC 1743mW/1591mW
10-08-2026 21:37:10 RAM 4754/7620MB (lfb 42x4MB) SWAP 606/5858MB (cached 0MB) CPU [75%@1510,68%@1510,79%@1510,87%@1510,81%@1510,86%@1510] GR3D_FREQ 38% cpu@53.75C soc2@51.625C soc0@49.625C gpu@52.468C tj@53.687C soc1@51.5C VDD_IN 9840mW/6187mW VDD_CPU_GPU_CV 3796mW/1398mW VDD_SOC 2020mW/1602mW
10-08-2026 21:37:11 RAM 4850/7620MB (lfb 42x4MB) SWAP 606/5858MB (cached 0MB) CPU [71%@1510,69%@1510,81%@1510,66%@1510,81%@1267,62%@1267] GR3D_FREQ 49% cpu@53.781C soc2@51.75C soc0@49.812C gpu@52.281C tj@53.781C soc1@51.343C VDD_IN 9705mW/6275mW VDD_CPU_GPU_CV 3678mW/1455mW VDD_SOC 2060mW/1614mW
10-08-2026 21:37:12 RAM 4937/7620MB (lfb 42x4MB) SWAP 606/5858MB (cached 0MB) CPU [76%@1510,73%@1510,74%@1510,62%@1510,70%@1510,70%@1510] GR3D_FREQ 32% cpu@53.968C soc2@51.968C soc0@49.843C gpu@52.625C tj@53.968C soc1@51.562C VDD_IN 9943mW/6364mW VDD_CPU_GPU_CV 3869mW/1514mW VDD_SOC 2060mW/1625mW
10-08-2026 21:37:13 RAM 4986/7620MB (lfb 42x4MB) SWAP 606/5858MB (cached 0MB) CPU [87%@1510,55%@1510,61%@1510,56%@1510,59%@729,52%@729] GR3D_FREQ 94% cpu@53.625C soc2@51.687C soc0@49.906C gpu@52.531C tj@53.625C soc1@51.687C VDD_IN 8055mW/6404mW VDD_CPU_GPU_CV 2491mW/1537mW VDD_SOC 1861mW/1630mW
10-08-2026 21:37:14 RAM 5089/7620MB (lfb 42x4MB) SWAP 606/5858MB (cached 0MB) CPU [69%@1510,46%@1510,73%@1510,64%@1510,75%@1420,57%@1420] GR3D_FREQ 88% cpu@53.875C soc2@51.968C soc0@50.062C gpu@52.406C tj@53.875C soc1@51.531C VDD_IN 8967mW/6464mW VDD_CPU_GPU_CV 3203mW/1576mW VDD_SOC 1941mW/1637mW
10-08-2026 21:37:15 RAM 5175/7620MB (lfb 33x4MB) SWAP 606/5858MB (cached 0MB) CPU [80%@1510,70%@1510,81%@1510,73%@1510,86%@1510,91%@1510] GR3D_FREQ 49% cpu@54.156C soc2@52.531C soc0@50.031C gpu@52.531C tj@54.375C soc1@51.562C VDD_IN 10062mW/6546mW VDD_CPU_GPU_CV 3988mW/1631mW VDD_SOC 2060mW/1647mW
10-08-2026 21:37:16 RAM 5286/7620MB (lfb 7x4MB) SWAP 606/5858MB (cached 0MB) CPU [73%@1510,70%@1510,74%@1510,72%@1510,74%@1510,57%@1510] GR3D_FREQ 59% cpu@53.968C soc2@52.187C soc0@50.187C gpu@52.562C tj@53.968C soc1@51.75C VDD_IN 9745mW/6617mW VDD_CPU_GPU_CV 3711mW/1677mW VDD_SOC 2060mW/1656mW
10-08-2026 21:37:17 RAM 5408/7620MB (lfb 61x1MB) SWAP 606/5858MB (cached 0MB) CPU [33%@1510,24%@1510,62%@1510,19%@1510,42%@729,44%@729] GR3D_FREQ 0% cpu@53.187C soc2@51.781C soc0@50.156C gpu@52.5C tj@53.187C soc1@51.75C VDD_IN 7618mW/6639mW VDD_CPU_GPU_CV 2175mW/1688mW VDD_SOC 1822mW/1660mW
10-08-2026 21:37:18 RAM 5513/7620MB (lfb 5x512kB) SWAP 606/5858MB (cached 0MB) CPU [69%@1344,60%@1344,55%@1344,59%@1344,65%@1510,56%@1510] GR3D_FREQ 41% cpu@53.812C soc2@52.156C soc0@50.218C gpu@52.968C tj@53.812C soc1@51.812C VDD_IN 8928mW/6687mW VDD_CPU_GPU_CV 3085mW/1718mW VDD_SOC 1980mW/1667mW
10-08-2026 21:37:19 RAM 5555/7620MB (lfb 1x4MB) SWAP 606/5858MB (cached 0MB) CPU [61%@1510,67%@1510,60%@1510,65%@1510,55%@1510,69%@1510] GR3D_FREQ 42% cpu@54C soc2@52.156C soc0@50.125C gpu@52.5C tj@54C soc1@51.812C VDD_IN 9047mW/6736mW VDD_CPU_GPU_CV 3203mW/1749mW VDD_SOC 1980mW/1673mW
10-08-2026 21:37:20 RAM 5439/7620MB (lfb 68x1MB) SWAP 606/5858MB (cached 0MB) CPU [65%@1510,76%@1510,64%@1510,69%@1510,80%@1510,75%@1510] GR3D_FREQ 7% cpu@54.687C soc2@52.156C soc0@50.125C gpu@52.531C tj@54.687C soc1@51.875C VDD_IN 9047mW/6784mW VDD_CPU_GPU_CV 3282mW/1780mW VDD_SOC 1901mW/1678mW
10-08-2026 21:37:21 RAM 5670/7620MB (lfb 81x1MB) SWAP 606/5858MB (cached 0MB) CPU [78%@1510,80%@1510,75%@1510,70%@1510,82%@883,76%@883] GR3D_FREQ 19% cpu@54C soc2@52.187C soc0@50.281C gpu@52.718C tj@54C soc1@51.875C VDD_IN 8769mW/6823mW VDD_CPU_GPU_CV 3045mW/1805mW VDD_SOC 1901mW/1682mW
10-08-2026 21:37:22 RAM 5740/7620MB (lfb 1x2MB) SWAP 606/5858MB (cached 0MB) CPU [61%@1510,63%@1510,52%@1510,44%@1510,49%@1497,59%@1497] GR3D_FREQ 63% cpu@53.906C soc2@52.156C soc0@50.25C gpu@52.687C tj@53.906C soc1@52.093C VDD_IN 8213mW/6851mW VDD_CPU_GPU_CV 2649mW/1822mW VDD_SOC 1861mW/1686mW
10-08-2026 21:37:23 RAM 5750/7620MB (lfb 80x1MB) SWAP 606/5858MB (cached 0MB) CPU [62%@1190,71%@1190,72%@1190,64%@1190,68%@1510,76%@1510] GR3D_FREQ 40% cpu@54.125C soc2@52.093C soc0@50.25C gpu@52.781C tj@54.125C soc1@51.906C VDD_IN 8491mW/6882mW VDD_CPU_GPU_CV 2808mW/1841mW VDD_SOC 1861mW/1689mW
10-08-2026 21:37:24 RAM 5758/7620MB (lfb 80x1MB) SWAP 606/5858MB (cached 0MB) CPU [52%@1510,66%@1510,56%@1510,45%@1510,52%@1510,41%@1510] GR3D_FREQ 21% cpu@53.812C soc2@52.156C soc0@50.312C gpu@52.781C tj@53.812C soc1@52.031C VDD_IN 8174mW/6906mW VDD_CPU_GPU_CV 2610mW/1855mW VDD_SOC 1861mW/1692mW
10-08-2026 21:37:25 RAM 5760/7620MB (lfb 80x1MB) SWAP 606/5858MB (cached 0MB) CPU [33%@729,19%@729,31%@729,42%@729,43%@1510,65%@1510] GR3D_FREQ 34% cpu@53.5C soc2@51.968C soc0@50.406C gpu@52.687C tj@53.5C soc1@51.937C VDD_IN 7301mW/6914mW VDD_CPU_GPU_CV 1977mW/1858mW VDD_SOC 1782mW/1694mW
10-08-2026 21:37:26 RAM 5764/7620MB (lfb 80x1MB) SWAP 606/5858MB (cached 0MB) CPU [29%@1510,29%@1510,26%@1510,14%@1510,9%@729,12%@729] GR3D_FREQ 36% cpu@53.5C soc2@51.906C soc0@50.125C gpu@52.468C tj@53.5C soc1@51.906C VDD_IN 6824mW/6912mW VDD_CPU_GPU_CV 1624mW/1853mW VDD_SOC 1743mW/1695mW
10-08-2026 21:37:27 RAM 5772/7620MB (lfb 80x1MB) SWAP 606/5858MB (cached 0MB) CPU [30%@1510,23%@1510,45%@1510,10%@1510,9%@729,3%@729] GR3D_FREQ 65% cpu@53.281C soc2@51.812C soc0@50.281C gpu@52.5C tj@53.281C soc1@51.906C VDD_IN 6824mW/6911mW VDD_CPU_GPU_CV 1584mW/1849mW VDD_SOC 1743mW/1696mW
10-08-2026 21:37:29 RAM 5781/7620MB (lfb 80x1MB) SWAP 606/5858MB (cached 0MB) CPU [26%@1510,7%@1510,36%@1510,11%@1510,12%@1420,28%@1420] GR3D_FREQ 66% cpu@53.312C soc2@51.781C soc0@50.281C gpu@52.406C tj@53.312C soc1@51.937C VDD_IN 6824mW/6909mW VDD_CPU_GPU_CV 1584mW/1844mW VDD_SOC 1743mW/1697mW
10-08-2026 21:37:30 RAM 5769/7620MB (lfb 31x2MB) SWAP 606/5858MB (cached 0MB) CPU [30%@1510,31%@1510,27%@1510,21%@1510,17%@1510,55%@1510] GR3D_FREQ 49% cpu@53.406C soc2@52.031C soc0@50.406C gpu@52.687C tj@53.406C soc1@51.812C VDD_IN 7618mW/6921mW VDD_CPU_GPU_CV 2096mW/1848mW VDD_SOC 1861mW/1699mW
10-08-2026 21:37:31 RAM 5923/7620MB (lfb 29x2MB) SWAP 606/5858MB (cached 0MB) CPU [17%@883,25%@1510,24%@1510,18%@1510,72%@1510,41%@1510] GR3D_FREQ 59% cpu@53.75C soc2@52.187C soc0@50.375C gpu@52.718C tj@53.75C soc1@51.906C VDD_IN 8253mW/6944mW VDD_CPU_GPU_CV 2491mW/1859mW VDD_SOC 1941mW/1704mW
10-08-2026 21:37:32 RAM 5987/7620MB (lfb 27x2MB) SWAP 606/5858MB (cached 0MB) CPU [43%@1190,30%@1190,14%@1190,18%@1190,18%@729,66%@729] GR3D_FREQ 53% cpu@53.312C soc2@52.031C soc0@50.406C gpu@52.75C tj@53.312C soc1@52C VDD_IN 7658mW/6956mW VDD_CPU_GPU_CV 2135mW/1864mW VDD_SOC 1861mW/1706mW
10-08-2026 21:37:33 RAM 6105/7620MB (lfb 54x1MB) SWAP 606/5858MB (cached 0MB) CPU [48%@1510,45%@1510,37%@1510,30%@1510,29%@1510,58%@1510] GR3D_FREQ 29% cpu@53.875C soc2@52.218C soc0@50.5C gpu@52.812C tj@53.875C soc1@52C VDD_IN 8293mW/6978mW VDD_CPU_GPU_CV 2649mW/1877mW VDD_SOC 1901mW/1709mW
10-08-2026 21:37:34 RAM 6165/7620MB (lfb 1x2MB) SWAP 606/5858MB (cached 0MB) CPU [68%@1510,65%@1510,52%@1510,57%@1510,64%@1344,70%@1344] GR3D_FREQ 64% cpu@53.906C soc2@52.375C soc0@50.562C gpu@52.718C tj@53.906C soc1@52C VDD_IN 9007mW/7010mW VDD_CPU_GPU_CV 3203mW/1898mW VDD_SOC 1980mW/1714mW
10-08-2026 21:37:35 RAM 6230/7620MB (lfb 61x1MB) SWAP 606/5858MB (cached 0MB) CPU [56%@1510,48%@1510,65%@1510,67%@1510,64%@729,63%@729] GR3D_FREQ 37% cpu@54C soc2@52.375C soc0@50.437C gpu@52.843C tj@54C soc1@52.156C VDD_IN 8808mW/7039mW VDD_CPU_GPU_CV 3045mW/1916mW VDD_SOC 1941mW/1717mW
10-08-2026 21:37:36 RAM 6021/7620MB (lfb 69x1MB) SWAP 606/5858MB (cached 0MB) CPU [75%@1510,77%@1510,64%@1510,78%@1510,64%@1267,77%@1267] GR3D_FREQ 20% cpu@54.781C soc2@52.531C soc0@50.5C gpu@52.875C tj@54.781C soc1@52.093C VDD_IN 9166mW/7072mW VDD_CPU_GPU_CV 3361mW/1939mW VDD_SOC 1941mW/1721mW
10-08-2026 21:37:37 RAM 6069/7620MB (lfb 69x1MB) SWAP 606/5858MB (cached 0MB) CPU [59%@1497,67%@1497,61%@1497,50%@1497,62%@1420,71%@1420] GR3D_FREQ 61% cpu@53.968C soc2@52.312C soc0@50.531C gpu@53C tj@53.968C soc1@52.281C VDD_IN 8134mW/7089mW VDD_CPU_GPU_CV 2610mW/1949mW VDD_SOC 1861mW/1723mW
10-08-2026 21:37:38 RAM 6079/7620MB (lfb 69x1MB) SWAP 606/5858MB (cached 0MB) CPU [70%@1510,48%@1510,53%@1510,58%@1510,44%@1510,76%@1510] GR3D_FREQ 70% cpu@54.375C soc2@52.5C soc0@50.625C gpu@53.093C tj@54.375C soc1@52.343C VDD_IN 8491mW/7110mW VDD_CPU_GPU_CV 2887mW/1963mW VDD_SOC 1861mW/1725mW
10-08-2026 21:37:39 RAM 6089/7620MB (lfb 69x1MB) SWAP 606/5858MB (cached 0MB) CPU [59%@1190,68%@1190,77%@1113,68%@1113,65%@1510,60%@1510] GR3D_FREQ 68% cpu@54.406C soc2@52.468C soc0@50.562C gpu@53.125C tj@54.406C soc1@52.218C VDD_IN 8412mW/7129mW VDD_CPU_GPU_CV 2847mW/1976mW VDD_SOC 1861mW/1727mW
10-08-2026 21:37:40 RAM 6094/7620MB (lfb 69x1MB) SWAP 606/5858MB (cached 0MB) CPU [35%@729,34%@729,19%@729,29%@729,71%@1510,34%@1510] GR3D_FREQ 0% cpu@53.531C soc2@52.25C soc0@50.468C gpu@52.718C tj@53.531C soc1@52.187C VDD_IN 6666mW/7122mW VDD_CPU_GPU_CV 1542mW/1970mW VDD_SOC 1703mW/1727mW
10-08-2026 21:37:41 RAM 6105/7620MB (lfb 69x1MB) SWAP 606/5858MB (cached 0MB) CPU [77%@1510,78%@1510,67%@1510,79%@1510,72%@1497,66%@1497] GR3D_FREQ 19% cpu@54.843C soc2@52.562C soc0@50.562C gpu@52.937C tj@54.531C soc1@52.343C VDD_IN 8888mW/7148mW VDD_CPU_GPU_CV 3164mW/1987mW VDD_SOC 1901mW/1729mW
10-08-2026 21:37:42 RAM 6114/7620MB (lfb 69x1MB) SWAP 606/5858MB (cached 0MB) CPU [55%@1510,57%@1510,53%@1510,75%@1510,69%@1510,77%@1510] GR3D_FREQ 27% cpu@54.375C soc2@52.5C soc0@50.593C gpu@52.906C tj@54.375C soc1@52.187C VDD_IN 8412mW/7166mW VDD_CPU_GPU_CV 2808mW/1999mW VDD_SOC 1861mW/1731mW
10-08-2026 21:37:43 RAM 6123/7620MB (lfb 69x1MB) SWAP 606/5858MB (cached 0MB) CPU [62%@1510,59%@1510,61%@1510,51%@1510,65%@1420,64%@1420] GR3D_FREQ 28% cpu@54.875C soc2@52.531C soc0@50.625C gpu@52.937C tj@54.875C soc1@52.406C VDD_IN 8570mW/7186mW VDD_CPU_GPU_CV 2926mW/2012mW VDD_SOC 1901mW/1734mW
10-08-2026 21:37:44 RAM 6131/7620MB (lfb 69x1MB) SWAP 606/5858MB (cached 0MB) CPU [62%@1510,58%@1510,61%@1510,56%@1510,60%@1510,68%@1510] GR3D_FREQ 47% cpu@54.25C soc2@52.406C soc0@50.75C gpu@53.062C tj@54.25C soc1@52.468C VDD_IN 8293mW/7201mW VDD_CPU_GPU_CV 2689mW/2022mW VDD_SOC 1861mW/1735mW
10-08-2026 21:37:45 RAM 6294/7620MB (lfb 63x1MB) SWAP 606/5858MB (cached 0MB) CPU [58%@1510,55%@1510,57%@1510,61%@1510,58%@960,67%@960] GR3D_FREQ 91% cpu@54.562C soc2@52.906C soc0@50.906C gpu@53.312C tj@54.562C soc1@52.343C VDD_IN 9245mW/7229mW VDD_CPU_GPU_CV 3361mW/2040mW VDD_SOC 1980mW/1739mW
10-08-2026 21:37:46 RAM 6410/7620MB (lfb 63x1MB) SWAP 606/5858MB (cached 0MB) CPU [89%@1510,73%@1510,83%@1510,80%@1510,87%@1510,81%@1510] GR3D_FREQ 74% cpu@55.062C soc2@52.875C soc0@50.75C gpu@53.531C tj@55.062C soc1@52.343C VDD_IN 10141mW/7269mW VDD_CPU_GPU_CV 4027mW/2067mW VDD_SOC 2020mW/1742mW
10-08-2026 21:37:47 RAM 6383/7620MB (lfb 8x1MB) SWAP 606/5858MB (cached 0MB) CPU [78%@1510,68%@1510,70%@1510,77%@1510,69%@1497,67%@1497] GR3D_FREQ 30% cpu@54.781C soc2@52.843C soc0@50.875C gpu@53.5C tj@54.781C soc1@52.5C VDD_IN 9285mW/7295mW VDD_CPU_GPU_CV 3480mW/2086mW VDD_SOC 1901mW/1745mW
10-08-2026 21:37:48 RAM 6458/7620MB (lfb 6x1MB) SWAP 606/5858MB (cached 0MB) CPU [88%@1510,88%@1510,79%@1510,83%@1510,94%@1510,90%@1510] GR3D_FREQ 26% cpu@54.937C soc2@52.937C soc0@50.968C gpu@53.437C tj@54.937C soc1@52.687C VDD_IN 10141mW/7333mW VDD_CPU_GPU_CV 4067mW/2112mW VDD_SOC 2020mW/1748mW
10-08-2026 21:37:49 RAM 6596/7620MB (lfb 39x512kB) SWAP 606/5858MB (cached 0MB) CPU [86%@1510,86%@1510,90%@1510,88%@1510,88%@1510,90%@1510] GR3D_FREQ 36% cpu@55.25C soc2@53.25C soc0@51.093C gpu@53.406C tj@55.25C soc1@52.656C VDD_IN 10356mW/7372mW VDD_CPU_GPU_CV 4185mW/2139mW VDD_SOC 2020mW/1752mW
10-08-2026 21:37:50 RAM 6277/7620MB (lfb 2x2MB) SWAP 606/5858MB (cached 0MB) CPU [96%@1510,97%@1510,97%@1510,95%@1510,94%@1510,99%@1510] GR3D_FREQ 27% cpu@55.375C soc2@53.375C soc0@51.187C gpu@53.562C tj@55.375C soc1@52.875C VDD_IN 10435mW/7411mW VDD_CPU_GPU_CV 4304mW/2166mW VDD_SOC 2020mW/1755mW
10-08-2026 21:37:51 RAM 6383/7620MB (lfb 2x2MB) SWAP 606/5858MB (cached 0MB) CPU [93%@1510,96%@1510,91%@1510,90%@1510,91%@1510,88%@1510] GR3D_FREQ 68% cpu@55.468C soc2@53.25C soc0@51.031C gpu@53.843C tj@55.468C soc1@52.812C VDD_IN 9681mW/7440mW VDD_CPU_GPU_CV 3796mW/2187mW VDD_SOC 1941mW/1758mW
10-08-2026 21:37:52 RAM 6419/7620MB (lfb 5x2MB) SWAP 606/5858MB (cached 0MB) CPU [94%@1510,98%@1510,97%@1510,95%@1510,96%@1510,92%@1510] GR3D_FREQ 67% cpu@55.562C soc2@53.531C soc0@51.187C gpu@53.5C tj@55.562C soc1@52.812C VDD_IN 10419mW/7477mW VDD_CPU_GPU_CV 4304mW/2213mW VDD_SOC 2020mW/1761mW
10-08-2026 21:37:53 RAM 6508/7620MB (lfb 5x2MB) SWAP 606/5858MB (cached 0MB) CPU [61%@1510,61%@1510,95%@1510,60%@1510,58%@1510,56%@1510] GR3D_FREQ 66% cpu@55.5C soc2@53.25C soc0@51.25C gpu@53.625C tj@55.5C soc1@52.843C VDD_IN 9721mW/7505mW VDD_CPU_GPU_CV 3796mW/2233mW VDD_SOC 1941mW/1763mW
10-08-2026 21:37:54 RAM 6624/7620MB (lfb 1x4MB) SWAP 606/5858MB (cached 0MB) CPU [96%@1510,96%@1510,94%@1510,97%@1510,88%@1510,93%@1510] GR3D_FREQ 42% cpu@55.437C soc2@53.312C soc0@51.343C gpu@53.656C tj@55.437C soc1@52.812C VDD_IN 10237mW/7538mW VDD_CPU_GPU_CV 4146mW/2256mW VDD_SOC 2020mW/1766mW
10-08-2026 21:37:55 RAM 6682/7620MB (lfb 55x1MB) SWAP 606/5858MB (cached 0MB) CPU [89%@1510,88%@1510,89%@1510,84%@1510,91%@1190,77%@1190] GR3D_FREQ 58% cpu@55.25C soc2@53.531C soc0@51.406C gpu@54.062C tj@55.25C soc1@52.968C VDD_IN 10181mW/7570mW VDD_CPU_GPU_CV 4067mW/2278mW VDD_SOC 2020mW/1769mW
10-08-2026 21:37:56 RAM 6790/7620MB (lfb 1x2MB) SWAP 606/5858MB (cached 0MB) CPU [68%@1510,66%@1510,72%@1510,58%@1510,68%@1510,67%@1510] GR3D_FREQ 60% cpu@55.093C soc2@53.437C soc0@51.5C gpu@53.718C tj@55.093C soc1@53.093C VDD_IN 9904mW/7598mW VDD_CPU_GPU_CV 3751mW/2296mW VDD_SOC 2020mW/1772mW
10-08-2026 21:37:57 RAM 6856/7620MB (lfb 18x128kB) SWAP 606/5858MB (cached 0MB) CPU [35%@1510,34%@1510,51%@1510,38%@1510,61%@1510,47%@1510] GR3D_FREQ 45% cpu@54.781C soc2@53.375C soc0@51.593C gpu@53.687C tj@54.781C soc1@53.093C VDD_IN 8715mW/7611mW VDD_CPU_GPU_CV 2966mW/2304mW VDD_SOC 1901mW/1774mW
10-08-2026 21:37:58 RAM 6870/7620MB (lfb 11x128kB) SWAP 606/5858MB (cached 0MB) CPU [30%@1510,21%@1510,33%@1510,32%@1510,31%@1510,62%@1510] GR3D_FREQ 37% cpu@54.718C soc2@53.25C soc0@51.437C gpu@53.718C tj@54.718C soc1@52.937C VDD_IN 8213mW/7618mW VDD_CPU_GPU_CV 2531mW/2306mW VDD_SOC 1861mW/1775mW
10-08-2026 21:37:59 RAM 6872/7620MB (lfb 11x128kB) SWAP 606/5858MB (cached 0MB) CPU [24%@1510,26%@1510,29%@1510,45%@1510,27%@1344,71%@1344] GR3D_FREQ 52% cpu@54.625C soc2@53.156C soc0@51.375C gpu@53.437C tj@54.406C soc1@52.968C VDD_IN 7816mW/7620mW VDD_CPU_GPU_CV 2254mW/2306mW VDD_SOC 1861mW/1776mW
10-08-2026 21:38:00 RAM 6873/7620MB (lfb 7x128kB) SWAP 606/5858MB (cached 0MB) CPU [25%@1510,25%@1510,11%@1510,28%@1510,53%@1510,44%@1510] GR3D_FREQ 83% cpu@54.781C soc2@53.218C soc0@51.562C gpu@53.531C tj@54.781C soc1@52.968C VDD_IN 8094mW/7626mW VDD_CPU_GPU_CV 2452mW/2307mW VDD_SOC 1861mW/1777mW
10-08-2026 21:38:01 RAM 6884/7620MB (lfb 1890x32kB) SWAP 606/5858MB (cached 0MB) CPU [25%@1510,38%@1510,24%@1510,34%@1510,15%@1510,79%@1510] GR3D_FREQ 65% cpu@54.531C soc2@53.281C soc0@51.656C gpu@53.562C tj@54.531C soc1@53.093C VDD_IN 8293mW/7633mW VDD_CPU_GPU_CV 2610mW/2311mW VDD_SOC 1901mW/1778mW
10-08-2026 21:38:02 RAM 6889/7620MB (lfb 43x64kB) SWAP 606/5858MB (cached 0MB) CPU [45%@1510,43%@1510,21%@1510,37%@1510,53%@729,27%@729] GR3D_FREQ 60% cpu@54.562C soc2@53.218C soc0@51.593C gpu@53.625C tj@54.562C soc1@52.843C VDD_IN 8477mW/7643mW VDD_CPU_GPU_CV 2768mW/2316mW VDD_SOC 1901mW/1779mW
10-08-2026 21:38:03 RAM 6658/7620MB (lfb 2x1MB) SWAP 606/5858MB (cached 0MB) CPU [34%@1510,66%@1510,42%@1510,38%@1510,29%@883,28%@883] GR3D_FREQ 69% cpu@54.937C soc2@53.406C soc0@51.531C gpu@53.75C tj@54.937C soc1@52.968C VDD_IN 8372mW/7651mW VDD_CPU_GPU_CV 2729mW/2320mW VDD_SOC 1901mW/1781mW
10-08-2026 21:38:04 RAM 6801/7620MB (lfb 2x1MB) SWAP 606/5858MB (cached 0MB) CPU [24%@1510,60%@1510,23%@1510,35%@1510,30%@1510,51%@1510] GR3D_FREQ 49% cpu@54.531C soc2@53.312C soc0@51.531C gpu@53.718C tj@54.531C soc1@52.968C VDD_IN 8332mW/7658mW VDD_CPU_GPU_CV 2610mW/2323mW VDD_SOC 1901mW/1782mW
10-08-2026 21:38:05 RAM 6913/7620MB (lfb 1x1MB) SWAP 606/5858MB (cached 0MB) CPU [17%@729,16%@1510,24%@1510,58%@1510,45%@1510,40%@1510] GR3D_FREQ 45% cpu@54.437C soc2@53.25C soc0@51.656C gpu@53.656C tj@54.437C soc1@53.156C VDD_IN 8213mW/7664mW VDD_CPU_GPU_CV 2570mW/2326mW VDD_SOC 1901mW/1783mW
10-08-2026 21:38:06 RAM 6868/7620MB (lfb 1x4MB) SWAP 606/5858MB (cached 0MB) CPU [31%@1510,11%@1510,10%@1510,28%@1510,26%@1497,43%@1497] GR3D_FREQ 28% cpu@54.531C soc2@53C soc0@51.437C gpu@53.406C tj@54.531C soc1@53C VDD_IN 6824mW/7655mW VDD_CPU_GPU_CV 1584mW/2318mW VDD_SOC 1703mW/1783mW
10-08-2026 21:38:07 RAM 6870/7620MB (lfb 1x4MB) SWAP 606/5858MB (cached 0MB) CPU [7%@1510,1%@1510,7%@1510,14%@1510,8%@729,70%@729] GR3D_FREQ 60% cpu@54.656C soc2@52.937C soc0@51.25C gpu@53.406C tj@54.656C soc1@52.937C VDD_IN 6705mW/7645mW VDD_CPU_GPU_CV 1545mW/2310mW VDD_SOC 1663mW/1781mW
10-08-2026 21:38:08 RAM 6878/7620MB (lfb 1x4MB) SWAP 606/5858MB (cached 0MB) CPU [18%@1510,37%@1510,7%@1510,39%@1510,11%@1497,9%@1497] GR3D_FREQ 61% cpu@54.406C soc2@52.875C soc0@51.312C gpu@53.343C tj@54.406C soc1@52.906C VDD_IN 6705mW/7635mW VDD_CPU_GPU_CV 1584mW/2302mW VDD_SOC 1663mW/1780mW
10-08-2026 21:38:09 RAM 6885/7620MB (lfb 1x4MB) SWAP 606/5858MB (cached 0MB) CPU [15%@729,10%@729,15%@1510,10%@1510,25%@1497,60%@1497] GR3D_FREQ 61% cpu@54.343C soc2@52.718C soc0@51.312C gpu@53.531C tj@54.343C soc1@52.968C VDD_IN 6745mW/7626mW VDD_CPU_GPU_CV 1584mW/2295mW VDD_SOC 1663mW/1779mW
10-08-2026 21:38:10 RAM 6893/7620MB (lfb 1x4MB) SWAP 606/5858MB (cached 0MB) CPU [10%@1510,10%@1510,12%@1510,10%@1510,56%@1510,30%@1510] GR3D_FREQ 39% cpu@54.312C soc2@52.781C soc0@51.375C gpu@53.5C tj@54.312C soc1@52.75C VDD_IN 6745mW/7617mW VDD_CPU_GPU_CV 1584mW/2288mW VDD_SOC 1663mW/1778mW
10-08-2026 21:38:11 RAM 6951/7620MB (lfb 3x2MB) SWAP 606/5858MB (cached 0MB) CPU [17%@729,12%@1510,54%@1510,24%@1510,26%@1510,53%@1510] GR3D_FREQ 48% cpu@54.343C soc2@53C soc0@51.375C gpu@53.593C tj@54.343C soc1@52.843C VDD_IN 7459mW/7616mW VDD_CPU_GPU_CV 2056mW/2285mW VDD_SOC 1782mW/1778mW
10-08-2026 21:38:12 RAM 6863/7620MB (lfb 4x2MB) SWAP 606/5858MB (cached 0MB) CPU [20%@729,20%@729,31%@1510,26%@1510,13%@1344,67%@1344] GR3D_FREQ 48% cpu@54.593C soc2@52.843C soc0@51.281C gpu@53.406C tj@54.593C soc1@52.875C VDD_IN 7340mW/7613mW VDD_CPU_GPU_CV 1898mW/2282mW VDD_SOC 1782mW/1778mW
10-08-2026 21:38:13 RAM 6868/7620MB (lfb 4x2MB) SWAP 606/5858MB (cached 0MB) CPU [14%@1510,28%@1510,35%@1510,8%@1510,23%@729,26%@729] GR3D_FREQ 38% cpu@54.343C soc2@52.687C soc0@51.25C gpu@53.281C tj@54.343C soc1@52.843C VDD_IN 6785mW/7605mW VDD_CPU_GPU_CV 1624mW/2275mW VDD_SOC 1703mW/1777mW
10-08-2026 21:38:14 RAM 6868/7620MB (lfb 4x2MB) SWAP 606/5858MB (cached 0MB) CPU [30%@1510,42%@1510,33%@1510,11%@1510,6%@729,11%@729] GR3D_FREQ 48% cpu@54.25C soc2@52.75C soc0@51.312C gpu@53.312C tj@54.25C soc1@52.812C VDD_IN 6745mW/7596mW VDD_CPU_GPU_CV 1584mW/2268mW VDD_SOC 1706mW/1776mW
10-08-2026 21:38:15 RAM 6868/7620MB (lfb 4x2MB) SWAP 606/5858MB (cached 0MB) CPU [27%@1510,61%@1510,9%@1510,11%@1510,9%@1510,14%@1510] GR3D_FREQ 37% cpu@54.375C soc2@52.687C soc0@51.125C gpu@53.468C tj@54.375C soc1@52.812C VDD_IN 6745mW/7588mW VDD_CPU_GPU_CV 1584mW/2262mW VDD_SOC 1663mW/1775mW
10-08-2026 21:38:16 RAM 6868/7620MB (lfb 4x2MB) SWAP 606/5858MB (cached 0MB) CPU [9%@1510,9%@1510,8%@1510,10%@1510,25%@1497,59%@1497] GR3D_FREQ 67% cpu@54.093C soc2@52.687C soc0@51.187C gpu@53.437C tj@54.093C soc1@52.718C VDD_IN 6745mW/7580mW VDD_CPU_GPU_CV 1584mW/2255mW VDD_SOC 1663mW/1774mW
10-08-2026 21:38:17 RAM 6868/7620MB (lfb 4x2MB) SWAP 606/5858MB (cached 0MB) CPU [12%@729,9%@1510,5%@1510,11%@1510,3%@1510,81%@1510] GR3D_FREQ 73% cpu@54.093C soc2@52.593C soc0@51.156C gpu@53.437C tj@54.093C soc1@52.781C VDD_IN 6705mW/7571mW VDD_CPU_GPU_CV 1584mW/2249mW VDD_SOC 1663mW/1773mW
10-08-2026 21:38:18 RAM 6868/7620MB (lfb 4x2MB) SWAP 606/5858MB (cached 0MB) CPU [10%@1510,7%@1510,4%@1510,13%@1510,6%@1510,80%@1510] GR3D_FREQ 64% cpu@54.093C soc2@52.656C soc0@51.218C gpu@53.187C tj@54.187C soc1@52.812C VDD_IN 6745mW/7564mW VDD_CPU_GPU_CV 1584mW/2243mW VDD_SOC 1663mW/1772mW
10-08-2026 21:38:19 RAM 6868/7620MB (lfb 4x2MB) SWAP 606/5858MB (cached 0MB) CPU [9%@1510,9%@1510,6%@1510,10%@1510,9%@1497,78%@1497] GR3D_FREQ 42% cpu@54.156C soc2@52.687C soc0@51C gpu@53.187C tj@54.156C soc1@52.625C VDD_IN 6745mW/7556mW VDD_CPU_GPU_CV 1584mW/2236mW VDD_SOC 1703mW/1771mW
10-08-2026 21:38:20 RAM 6868/7620MB (lfb 4x2MB) SWAP 606/5858MB (cached 0MB) CPU [8%@729,7%@729,10%@729,10%@729,7%@1510,78%@1510] GR3D_FREQ 45% cpu@54.281C soc2@52.5C soc0@51.031C gpu@53.187C tj@54.281C soc1@52.625C VDD_IN 6785mW/7549mW VDD_CPU_GPU_CV 1584mW/2230mW VDD_SOC 1703mW/1771mW
10-08-2026 21:38:21 RAM 6868/7620MB (lfb 4x2MB) SWAP 606/5858MB (cached 0MB) CPU [23%@1510,22%@1510,6%@1510,9%@1510,11%@729,37%@729] GR3D_FREQ 37% cpu@53.906C soc2@52.562C soc0@51.093C gpu@53.156C tj@53.906C soc1@52.718C VDD_IN 6705mW/7541mW VDD_CPU_GPU_CV 1584mW/2224mW VDD_SOC 1663mW/1770mW
10-08-2026 21:38:22 RAM 6859/7620MB (lfb 5x2MB) SWAP 606/5858MB (cached 0MB) CPU [34%@1510,43%@1510,23%@1510,14%@1510,19%@729,22%@729] GR3D_FREQ 38% cpu@53.968C soc2@52.687C soc0@51.125C gpu@53.375C tj@53.968C soc1@52.75C VDD_IN 6785mW/7534mW VDD_CPU_GPU_CV 1624mW/2219mW VDD_SOC 1703mW/1769mW
10-08-2026 21:38:23 RAM 6637/7620MB (lfb 2x1MB) SWAP 607/5858MB (cached 0MB) CPU [31%@1510,28%@1510,53%@1510,53%@1510,53%@1510,45%@1510] GR3D_FREQ 28% cpu@54.718C soc2@52.843C soc0@51C gpu@53.468C tj@54.718C soc1@52.625C VDD_IN 8055mW/7539mW VDD_CPU_GPU_CV 2570mW/2222mW VDD_SOC 1782mW/1769mW
10-08-2026 21:38:24 RAM 6546/7620MB (lfb 9x2MB) SWAP 607/5858MB (cached 0MB) CPU [50%@1510,62%@1510,67%@1510,44%@1510,56%@1510,59%@1510] GR3D_FREQ 45% cpu@54.562C soc2@52.875C soc0@51.125C gpu@53.656C tj@54.562C soc1@52.625C VDD_IN 8531mW/7548mW VDD_CPU_GPU_CV 2847mW/2228mW VDD_SOC 1861mW/1770mW
10-08-2026 21:38:25 RAM 6552/7620MB (lfb 9x2MB) SWAP 607/5858MB (cached 0MB) CPU [42%@1497,42%@1510,56%@1510,47%@1510,51%@1344,54%@1344] GR3D_FREQ 43% cpu@54.5C soc2@52.812C soc0@51.125C gpu@53.406C tj@54.5C soc1@52.718C VDD_IN 7936mW/7551mW VDD_CPU_GPU_CV 2491mW/2230mW VDD_SOC 1782mW/1770mW
10-08-2026 21:38:26 RAM 6613/7620MB (lfb 33x1MB) SWAP 607/5858MB (cached 0MB) CPU [74%@1510,67%@1510,68%@1510,70%@1510,73%@1510,83%@1510] GR3D_FREQ 40% cpu@55.312C soc2@53.031C soc0@51.156C gpu@53.437C tj@55.312C soc1@52.625C VDD_IN 9047mW/7564mW VDD_CPU_GPU_CV 3322mW/2240mW VDD_SOC 1861mW/1771mW
10-08-2026 21:38:27 RAM 6620/7620MB (lfb 29x1MB) SWAP 607/5858MB (cached 0MB) CPU [72%@1510,78%@1510,71%@1510,76%@1510,61%@729,72%@729] GR3D_FREQ 41% cpu@54.625C soc2@52.937C soc0@51.031C gpu@53.468C tj@54.843C soc1@52.687C VDD_IN 8531mW/7573mW VDD_CPU_GPU_CV 2926mW/2246mW VDD_SOC 1822mW/1771mW
10-08-2026 21:38:28 RAM 6621/7620MB (lfb 29x1MB) SWAP 607/5858MB (cached 0MB) CPU [67%@1510,58%@1510,49%@1510,69%@1510,76%@1510,56%@1510] GR3D_FREQ 32% cpu@55.187C soc2@53C soc0@51.125C gpu@53.343C tj@55C soc1@52.812C VDD_IN 8769mW/7583mW VDD_CPU_GPU_CV 3124mW/2253mW VDD_SOC 1861mW/1772mW
10-08-2026 21:38:29 RAM 6621/7620MB (lfb 29x1MB) SWAP 607/5858MB (cached 0MB) CPU [63%@1510,41%@1510,59%@1510,59%@1510,63%@729,55%@729] GR3D_FREQ 34% cpu@54.562C soc2@52.968C soc0@51.062C gpu@53.875C tj@54.562C soc1@52.843C VDD_IN 8015mW/7587mW VDD_CPU_GPU_CV 2570mW/2256mW VDD_SOC 1782mW/1772mW
10-08-2026 21:38:30 RAM 6621/7620MB (lfb 29x1MB) SWAP 607/5858MB (cached 0MB) CPU [44%@1497,42%@1497,63%@1497,33%@1497,55%@1510,57%@1510] GR3D_FREQ 36% cpu@54.625C soc2@52.875C soc0@51.156C gpu@53.375C tj@54.625C soc1@52.875C VDD_IN 7737mW/7588mW VDD_CPU_GPU_CV 2373mW/2257mW VDD_SOC 1782mW/1772mW
10-08-2026 21:38:31 RAM 6035/7620MB (lfb 40x2MB) SWAP 607/5858MB (cached 0MB) CPU [68%@1510,58%@1510,68%@1510,73%@1510,70%@1510,85%@1510] GR3D_FREQ 34% cpu@55.093C soc2@53C soc0@51.218C gpu@53.437C tj@55.093C soc1@53.062C VDD_IN 8610mW/7597mW VDD_CPU_GPU_CV 3045mW/2263mW VDD_SOC 1822mW/1773mW
10-08-2026 21:38:32 RAM 6057/7620MB (lfb 40x2MB) SWAP 607/5858MB (cached 0MB) CPU [60%@1344,66%@1344,67%@1344,65%@1344,74%@1497,65%@1497] GR3D_FREQ 50% cpu@54.875C soc2@53.062C soc0@51.062C gpu@53.312C tj@55.093C soc1@52.75C VDD_IN 8412mW/7603mW VDD_CPU_GPU_CV 2847mW/2268mW VDD_SOC 1822mW/1773mW
10-08-2026 21:38:33 RAM 6071/7620MB (lfb 40x2MB) SWAP 607/5858MB (cached 0MB) CPU [69%@1510,58%@1510,61%@1510,57%@1510,58%@1510,66%@1510] GR3D_FREQ 40% cpu@55.343C soc2@53.156C soc0@51.156C gpu@53.437C tj@55.343C soc1@52.937C VDD_IN 8729mW/7613mW VDD_CPU_GPU_CV 3085mW/2275mW VDD_SOC 1822mW/1774mW
10-08-2026 21:38:34 RAM 6072/7620MB (lfb 40x2MB) SWAP 607/5858MB (cached 0MB) CPU [20%@729,23%@729,27%@729,24%@1510,34%@1497,69%@1497] GR3D_FREQ 46% cpu@54.656C soc2@52.718C soc0@51.187C gpu@53.25C tj@54.656C soc1@52.843C VDD_IN 7023mW/7608mW VDD_CPU_GPU_CV 1822mW/2271mW VDD_SOC 1703mW/1773mW
10-08-2026 21:38:35 RAM 6080/7620MB (lfb 40x2MB) SWAP 607/5858MB (cached 0MB) CPU [16%@1510,10%@1510,13%@1510,13%@1510,8%@1510,73%@1510] GR3D_FREQ 41% cpu@54.218C soc2@52.687C soc0@51.218C gpu@53.437C tj@54.218C soc1@52.968C VDD_IN 6824mW/7602mW VDD_CPU_GPU_CV 1624mW/2266mW VDD_SOC 1663mW/1772mW
10-08-2026 21:38:36 RAM 6088/7620MB (lfb 40x2MB) SWAP 607/5858MB (cached 0MB) CPU [20%@729,9%@729,13%@729,14%@729,36%@1510,50%@1510] GR3D_FREQ 39% cpu@54.218C soc2@52.687C soc0@51.187C gpu@53.312C tj@54.218C soc1@52.656C VDD_IN 6785mW/7595mW VDD_CPU_GPU_CV 1584mW/2261mW VDD_SOC 1703mW/1772mW
10-08-2026 21:38:37 RAM 6347/7620MB (lfb 39x1MB) SWAP 607/5858MB (cached 0MB) CPU [53%@1497,37%@1497,50%@1497,66%@1497,44%@1510,66%@1510] GR3D_FREQ 45% cpu@54.718C soc2@53.031C soc0@51.187C gpu@53.5C tj@54.718C soc1@52.875C VDD_IN 8808mW/7605mW VDD_CPU_GPU_CV 3045mW/2267mW VDD_SOC 1901mW/1773mW
10-08-2026 21:38:38 RAM 6463/7620MB (lfb 39x1MB) SWAP 607/5858MB (cached 0MB) CPU [67%@1510,63%@1510,39%@1510,64%@1510,56%@883,53%@883] GR3D_FREQ 50% cpu@54.781C soc2@53.187C soc0@51.375C gpu@53.437C tj@54.781C soc1@52.906C VDD_IN 9190mW/7617mW VDD_CPU_GPU_CV 3282mW/2275mW VDD_SOC 1941mW/1774mW
10-08-2026 21:38:39 RAM 6742/7620MB (lfb 36x1MB) SWAP 607/5858MB (cached 0MB) CPU [51%@1510,53%@1510,54%@1510,66%@1510,65%@1510,59%@1510] GR3D_FREQ 30% cpu@55.187C soc2@53.187C soc0@51.25C gpu@53.437C tj@55.312C soc1@52.937C VDD_IN 8650mW/7625mW VDD_CPU_GPU_CV 3045mW/2281mW VDD_SOC 1861mW/1775mW
10-08-2026 21:38:40 RAM 6896/7620MB (lfb 36x1MB) SWAP 607/5858MB (cached 0MB) CPU [83%@1510,84%@1510,85%@1510,86%@1510,79%@1510,88%@1510] GR3D_FREQ 68% cpu@55.281C soc2@53.468C soc0@51.375C gpu@53.625C tj@55.281C soc1@53.062C VDD_IN 10022mW/7644mW VDD_CPU_GPU_CV 3988mW/2294mW VDD_SOC 1980mW/1776mW
10-08-2026 21:38:41 RAM 7041/7620MB (lfb 35x1MB) SWAP 607/5858MB (cached 0MB) CPU [91%@1510,87%@1510,86%@1510,86%@1510,88%@1510,85%@1510] GR3D_FREQ 24% cpu@55.656C soc2@53.468C soc0@51.593C gpu@53.843C tj@55.656C soc1@53.093C VDD_IN 10141mW/7663mW VDD_CPU_GPU_CV 4106mW/2308mW VDD_SOC 1980mW/1778mW
10-08-2026 21:38:42 RAM 6866/7620MB (lfb 13x512kB) SWAP 607/5858MB (cached 0MB) CPU [62%@1510,57%@1510,57%@1510,58%@1510,56%@1510,95%@1510] GR3D_FREQ 17% cpu@55.5C soc2@53.406C soc0@51.406C gpu@53.781C tj@55.406C soc1@53.093C VDD_IN 9126mW/7675mW VDD_CPU_GPU_CV 3361mW/2316mW VDD_SOC 1901mW/1779mW
10-08-2026 21:38:43 RAM 6983/7620MB (lfb 2x1MB) SWAP 607/5858MB (cached 0MB) CPU [91%@1510,84%@1510,80%@1510,83%@1510,85%@1510,89%@1510] GR3D_FREQ 19% cpu@55.593C soc2@53.593C soc0@51.656C gpu@53.781C tj@55.593C soc1@53.031C VDD_IN 10102mW/7693mW VDD_CPU_GPU_CV 4027mW/2330mW VDD_SOC 1980mW/1780mW
10-08-2026 21:38:44 RAM 6970/7620MB (lfb 8x512kB) SWAP 607/5858MB (cached 0MB) CPU [82%@1510,85%@1510,86%@1510,85%@1510,88%@1510,86%@1510] GR3D_FREQ 25% cpu@55.718C soc2@53.656C soc0@51.531C gpu@53.781C tj@55.718C soc1@53.125C VDD_IN 9920mW/7710mW VDD_CPU_GPU_CV 3909mW/2341mW VDD_SOC 1980mW/1782mW
10-08-2026 21:38:45 RAM 6966/7620MB (lfb 8x512kB) SWAP 607/5858MB (cached 0MB) CPU [88%@1510,88%@1510,89%@1510,86%@1510,88%@1510,87%@1510] GR3D_FREQ 71% cpu@55.75C soc2@53.656C soc0@51.718C gpu@54C tj@55.75C soc1@53.187C VDD_IN 10260mW/7729mW VDD_CPU_GPU_CV 4146mW/2355mW VDD_SOC 2020mW/1784mW
10-08-2026 21:38:46 RAM 6997/7620MB (lfb 10x512kB) SWAP 607/5858MB (cached 0MB) CPU [89%@1510,95%@1510,86%@1510,86%@1510,81%@1510,81%@1510] GR3D_FREQ 61% cpu@55.687C soc2@53.812C soc0@51.843C gpu@54.156C tj@55.687C soc1@53.437C VDD_IN 10379mW/7749mW VDD_CPU_GPU_CV 4225mW/2369mW VDD_SOC 2020mW/1785mW
10-08-2026 21:38:47 RAM 7084/7620MB (lfb 11x512kB) SWAP 607/5858MB (cached 0MB) CPU [60%@1510,66%@1510,62%@1510,64%@1510,60%@1113,68%@1113] GR3D_FREQ 25% cpu@55.687C soc2@53.718C soc0@51.75C gpu@54C tj@55.687C soc1@53.25C VDD_IN 9547mW/7762mW VDD_CPU_GPU_CV 3593mW/2378mW VDD_SOC 1980mW/1787mW
10-08-2026 21:38:48 RAM 6976/7620MB (lfb 12x512kB) SWAP 607/5858MB (cached 0MB) CPU [61%@1510,73%@1510,64%@1510,67%@1510,68%@1497,73%@1497] GR3D_FREQ 47% cpu@55.562C soc2@53.875C soc0@52.031C gpu@53.968C tj@55.562C soc1@53.281C VDD_IN 9547mW/7775mW VDD_CPU_GPU_CV 3632mW/2387mW VDD_SOC 1980mW/1788mW
10-08-2026 21:38:49 RAM 7074/7620MB (lfb 12x512kB) SWAP 607/5858MB (cached 0MB) CPU [27%@1036,20%@1036,22%@1036,34%@1036,57%@1344,28%@1344] GR3D_FREQ 28% cpu@55C soc2@53.593C soc0@51.781C gpu@53.906C tj@55C soc1@53.218C VDD_IN 8081mW/7778mW VDD_CPU_GPU_CV 2491mW/2388mW VDD_SOC 1861mW/1789mW
10-08-2026 21:38:50 RAM 7166/7620MB (lfb 1x512kB) SWAP 607/5858MB (cached 0MB) CPU [17%@1420,21%@1510,23%@1510,22%@1510,49%@729,40%@729] GR3D_FREQ 35% cpu@54.531C soc2@53.437C soc0@51.687C gpu@53.906C tj@54.531C soc1@53.281C VDD_IN 7221mW/7774mW VDD_CPU_GPU_CV 1858mW/2384mW VDD_SOC 1782mW/1789mW
10-08-2026 21:38:51 RAM 7166/7620MB (lfb 1x512kB) SWAP 607/5858MB (cached 0MB) CPU [20%@729,35%@729,11%@729,17%@729,9%@1510,15%@1510] GR3D_FREQ 31% cpu@54.625C soc2@53.125C soc0@51.656C gpu@53.937C tj@54.625C soc1@53.218C VDD_IN 6666mW/7766mW VDD_CPU_GPU_CV 1545mW/2378mW VDD_SOC 1663mW/1788mW
10-08-2026 21:38:52 RAM 7166/7620MB (lfb 1x512kB) SWAP 607/5858MB (cached 0MB) CPU [11%@729,5%@729,6%@729,7%@729,4%@1510,81%@1510] GR3D_FREQ 55% cpu@54.625C soc2@53.093C soc0@51.718C gpu@53.781C tj@54.625C soc1@53.156C VDD_IN 6626mW/7758mW VDD_CPU_GPU_CV 1545mW/2372mW VDD_SOC 1663mW/1787mW
10-08-2026 21:38:53 RAM 6913/7620MB (lfb 7x512kB) SWAP 607/5858MB (cached 0MB) CPU [13%@1190,6%@1190,6%@1190,8%@1190,8%@1497,81%@1497] GR3D_FREQ 1% cpu@54.687C soc2@53.375C soc0@51.625C gpu@53.531C tj@54.687C soc1@53.125C VDD_IN 6904mW/7752mW VDD_CPU_GPU_CV 1740mW/2368mW VDD_SOC 1663mW/1786mW
10-08-2026 21:38:54 RAM 7036/7620MB (lfb 25x512kB) SWAP 607/5858MB (cached 0MB) CPU [50%@1510,64%@1510,61%@1510,55%@1510,77%@1510,73%@1510] GR3D_FREQ 46% cpu@55.343C soc2@53.468C soc0@51.687C gpu@53.75C tj@55.343C soc1@53.156C VDD_IN 9111mW/7761mW VDD_CPU_GPU_CV 3282mW/2374mW VDD_SOC 1901mW/1787mW
10-08-2026 21:38:55 RAM 7140/7620MB (lfb 21x512kB) SWAP 607/5858MB (cached 0MB) CPU [48%@1510,61%@1510,62%@1510,61%@1510,63%@1344,59%@1344] GR3D_FREQ 2% cpu@55.25C soc2@53.562C soc0@51.75C gpu@54C tj@55.312C soc1@53.312C VDD_IN 9151mW/7771mW VDD_CPU_GPU_CV 3316mW/2381mW VDD_SOC 1941mW/1788mW
10-08-2026 21:38:56 RAM 7221/7620MB (lfb 10x512kB) SWAP 607/5858MB (cached 0MB) CPU [56%@1036,44%@1036,54%@1036,52%@1036,39%@729,59%@729] GR3D_FREQ 0% cpu@55C soc2@53.343C soc0@51.781C gpu@53.968C tj@55.031C soc1@53.187C VDD_IN 7578mW/7769mW VDD_CPU_GPU_CV 2294mW/2380mW VDD_SOC 1743mW/1788mW
10-08-2026 21:38:57 RAM 6792/7620MB (lfb 3x2MB) SWAP 607/5858MB (cached 0MB) CPU [33%@1113,34%@1113,52%@1113,50%@1113,30%@1267,44%@1267] GR3D_FREQ 0% cpu@54.812C soc2@53.312C soc0@51.562C gpu@53.875C tj@54.812C soc1@53.281C VDD_IN 6586mW/7761mW VDD_CPU_GPU_CV 1621mW/2375mW VDD_SOC 1624mW/1786mW
10-08-2026 21:38:58 RAM 6811/7620MB (lfb 3x2MB) SWAP 607/5858MB (cached 0MB) CPU [30%@729,34%@729,40%@729,40%@729,24%@729,62%@729] GR3D_FREQ 0% cpu@54.875C soc2@53.093C soc0@51.468C gpu@53.562C tj@54.625C soc1@53.218C VDD_IN 6348mW/7752mW VDD_CPU_GPU_CV 1463mW/2369mW VDD_SOC 1584mW/1785mW
10-08-2026 21:38:59 RAM 6822/7620MB (lfb 3x2MB) SWAP 607/5858MB (cached 0MB) CPU [31%@1510,45%@1510,49%@1510,29%@1510,38%@1113,36%@1113] GR3D_FREQ 29% cpu@54.406C soc2@53.125C soc0@51.531C gpu@53.718C tj@54.593C soc1@53.312C VDD_IN 6150mW/7741mW VDD_CPU_GPU_CV 1344mW/2362mW VDD_SOC 1584mW/1784mW
10-08-2026 21:39:00 RAM 6833/7620MB (lfb 3x2MB) SWAP 607/5858MB (cached 0MB) CPU [42%@1510,43%@1510,36%@1510,46%@1510,27%@1036,41%@1036] GR3D_FREQ 30% cpu@54.593C soc2@53.031C soc0@51.343C gpu@53.656C tj@54.593C soc1@53.125C VDD_IN 6348mW/7731mW VDD_CPU_GPU_CV 1502mW/2356mW VDD_SOC 1584mW/1782mW
10-08-2026 21:39:01 RAM 6844/7620MB (lfb 3x2MB) SWAP 607/5858MB (cached 0MB) CPU [37%@1036,38%@1036,30%@1036,30%@1036,40%@729,38%@729] GR3D_FREQ 37% cpu@54.656C soc2@53C soc0@51.312C gpu@53.656C tj@54.656C soc1@52.968C VDD_IN 6150mW/7721mW VDD_CPU_GPU_CV 1386mW/2349mW VDD_SOC 1584mW/1781mW
10-08-2026 21:39:02 RAM 6854/7620MB (lfb 3x2MB) SWAP 607/5858MB (cached 0MB) CPU [41%@806,36%@1510,35%@1510,35%@1510,47%@960,47%@960] GR3D_FREQ 7% cpu@54.281C soc2@52.906C soc0@51.375C gpu@53.468C tj@54.281C soc1@53.093C VDD_IN 6269mW/7711mW VDD_CPU_GPU_CV 1465mW/2343mW VDD_SOC 1584mW/1780mW
10-08-2026 21:39:03 RAM 6855/7620MB (lfb 3x2MB) SWAP 607/5858MB (cached 0MB) CPU [37%@883,36%@883,40%@883,30%@883,35%@729,38%@729] GR3D_FREQ 11% cpu@54.343C soc2@52.781C soc0@51.437C gpu@53.375C tj@54.343C soc1@53.093C VDD_IN 6071mW/7700mW VDD_CPU_GPU_CV 1307mW/2337mW VDD_SOC 1545mW/1778mW
10-08-2026 21:39:04 RAM 6856/7620MB (lfb 3x2MB) SWAP 607/5858MB (cached 0MB) CPU [26%@1113,48%@1113,36%@1113,37%@1113,24%@729,44%@729] GR3D_FREQ 11% cpu@54.593C soc2@52.875C soc0@51.187C gpu@53.375C tj@54.593C soc1@52.906C VDD_IN 6190mW/7690mW VDD_CPU_GPU_CV 1386mW/2330mW VDD_SOC 1584mW/1777mW
10-08-2026 21:39:05 RAM 6860/7620MB (lfb 1x2MB) SWAP 607/5858MB (cached 0MB) CPU [23%@729,22%@729,24%@729,23%@729,58%@1420,37%@1420] GR3D_FREQ 63% cpu@54.625C soc2@53C soc0@51.25C gpu@53.375C tj@54.625C soc1@52.875C VDD_IN 6983mW/7686mW VDD_CPU_GPU_CV 1703mW/2326mW VDD_SOC 1743mW/1777mW
10-08-2026 21:39:06 RAM 6951/7620MB (lfb 10x1MB) SWAP 607/5858MB (cached 0MB) CPU [17%@1510,22%@1510,20%@1510,14%@1510,73%@1113,38%@1113] GR3D_FREQ 40% cpu@54.281C soc2@52.906C soc0@51.406C gpu@53.75C tj@54.281C soc1@52.968C VDD_IN 7658mW/7685mW VDD_CPU_GPU_CV 2175mW/2325mW VDD_SOC 1822mW/1777mW
10-08-2026 21:39:07 RAM 7062/7620MB (lfb 1x256kB) SWAP 607/5858MB (cached 0MB) CPU [11%@1420,15%@1420,20%@1420,67%@1420,46%@729,10%@729] GR3D_FREQ 43% cpu@54.343C soc2@53.031C soc0@51.5C gpu@53.75C tj@54.343C soc1@53.093C VDD_IN 7459mW/7684mW VDD_CPU_GPU_CV 2017mW/2323mW VDD_SOC 1782mW/1777mW
10-08-2026 21:39:08 RAM 7090/7620MB (lfb 1x256kB) SWAP 607/5858MB (cached 0MB) CPU [13%@1344,60%@1344,11%@1344,26%@1344,21%@729,64%@729] GR3D_FREQ 78% cpu@54.562C soc2@53.156C soc0@51.312C gpu@53.531C tj@54.562C soc1@52.875C VDD_IN 7301mW/7682mW VDD_CPU_GPU_CV 1938mW/2321mW VDD_SOC 1782mW/1777mW
10-08-2026 21:39:09 RAM 7091/7620MB (lfb 1x256kB) SWAP 607/5858MB (cached 0MB) CPU [22%@1510,19%@1510,21%@1510,61%@1510,45%@1267,10%@1267] GR3D_FREQ 28% cpu@54.531C soc2@52.968C soc0@51.406C gpu@53.562C tj@54.343C soc1@52.937C VDD_IN 7856mW/7683mW VDD_CPU_GPU_CV 2294mW/2321mW VDD_SOC 1822mW/1777mW
10-08-2026 21:39:10 RAM 7049/7620MB (lfb 2x512kB) SWAP 607/5858MB (cached 0MB) CPU [17%@729,15%@1510,15%@1510,17%@1510,31%@1420,41%@1420] GR3D_FREQ 43% cpu@54.531C soc2@52.781C soc0@51.375C gpu@53.468C tj@54.531C soc1@52.906C VDD_IN 6666mW/7676mW VDD_CPU_GPU_CV 1505mW/2315mW VDD_SOC 1703mW/1777mW
10-08-2026 21:39:11 RAM 7048/7620MB (lfb 2x512kB) SWAP 607/5858MB (cached 0MB) CPU [13%@729,10%@729,5%@729,11%@729,44%@1510,43%@1510] GR3D_FREQ 39% cpu@54.187C soc2@52.843C soc0@51.312C gpu@53.718C tj@54.187C soc1@53.156C VDD_IN 6666mW/7670mW VDD_CPU_GPU_CV 1545mW/2311mW VDD_SOC 1663mW/1776mW
10-08-2026 21:39:12 RAM 7049/7620MB (lfb 2x512kB) SWAP 607/5858MB (cached 0MB) CPU [12%@729,8%@729,7%@729,12%@729,19%@1510,65%@1510] GR3D_FREQ 30% cpu@54.218C soc2@52.718C soc0@51.187C gpu@53.218C tj@54.218C soc1@52.781C VDD_IN 6666mW/7664mW VDD_CPU_GPU_CV 1545mW/2306mW VDD_SOC 1663mW/1775mW
10-08-2026 21:39:13 RAM 7049/7620MB (lfb 2x512kB) SWAP 607/5858MB (cached 0MB) CPU [11%@729,8%@729,6%@729,9%@729,20%@1510,65%@1510] GR3D_FREQ 37% cpu@54.437C soc2@52.781C soc0@51.125C gpu@53.156C tj@54.437C soc1@52.812C VDD_IN 6705mW/7658mW VDD_CPU_GPU_CV 1545mW/2301mW VDD_SOC 1663mW/1775mW
10-08-2026 21:39:14 RAM 7049/7620MB (lfb 4x512kB) SWAP 607/5858MB (cached 0MB) CPU [31%@1190,36%@1190,30%@1190,36%@1190,53%@960,34%@960] GR3D_FREQ 0% cpu@54.375C soc2@52.718C soc0@51.156C gpu@53.25C tj@54.375C soc1@52.781C VDD_IN 6467mW/7650mW VDD_CPU_GPU_CV 1545mW/2296mW VDD_SOC 1624mW/1774mW
10-08-2026 21:39:15 RAM 7052/7620MB (lfb 3x512kB) SWAP 607/5858MB (cached 0MB) CPU [32%@1510,57%@1510,37%@1510,31%@1510,39%@729,36%@729] GR3D_FREQ 0% cpu@54.218C soc2@52.687C soc0@51.187C gpu@53.25C tj@54.218C soc1@52.718C VDD_IN 6309mW/7642mW VDD_CPU_GPU_CV 1465mW/2291mW VDD_SOC 1584mW/1773mW
10-08-2026 21:39:16 RAM 7053/7620MB (lfb 3x512kB) SWAP 607/5858MB (cached 0MB) CPU [43%@729,41%@1510,24%@1510,34%@1510,33%@729,48%@729] GR3D_FREQ 31% cpu@54.312C soc2@52.718C soc0@51.093C gpu@53.031C tj@54.312C soc1@52.75C VDD_IN 6388mW/7634mW VDD_CPU_GPU_CV 1505mW/2287mW VDD_SOC 1584mW/1772mW
10-08-2026 21:39:17 RAM 6948/7620MB (lfb 2x1MB) SWAP 607/5858MB (cached 0MB) CPU [43%@1113,37%@1510,40%@1510,36%@1510,36%@806,50%@806] GR3D_FREQ 35% cpu@54.156C soc2@52.656C soc0@51.125C gpu@53C tj@54.156C soc1@52.718C VDD_IN 6467mW/7627mW VDD_CPU_GPU_CV 1545mW/2282mW VDD_SOC 1584mW/1770mW
10-08-2026 21:39:18 RAM 6952/7620MB (lfb 5x1MB) SWAP 607/5858MB (cached 0MB) CPU [45%@729,42%@729,41%@729,26%@729,28%@883,44%@883] GR3D_FREQ 17% cpu@54.125C soc2@52.593C soc0@51.031C gpu@53.156C tj@54.125C soc1@52.812C VDD_IN 6190mW/7619mW VDD_CPU_GPU_CV 1346mW/2276mW VDD_SOC 1584mW/1769mW
10-08-2026 21:39:19 RAM 6921/7620MB (lfb 5x1MB) SWAP 607/5858MB (cached 0MB) CPU [37%@883,56%@883,41%@883,39%@883,27%@729,47%@729] GR3D_FREQ 0% cpu@53.968C soc2@52.687C soc0@50.937C gpu@53.156C tj@53.968C soc1@52.625C VDD_IN 6269mW/7611mW VDD_CPU_GPU_CV 1386mW/2271mW VDD_SOC 1584mW/1768mW
10-08-2026 21:39:20 RAM 7014/7620MB (lfb 3x1MB) SWAP 607/5858MB (cached 0MB) CPU [34%@960,24%@960,23%@960,39%@960,42%@883,25%@883] GR3D_FREQ 34% cpu@54.281C soc2@52.718C soc0@51.062C gpu@53.093C tj@54.281C soc1@52.656C VDD_IN 7182mW/7608mW VDD_CPU_GPU_CV 1861mW/2269mW VDD_SOC 1743mW/1768mW
10-08-2026 21:39:21 RAM 7091/7620MB (lfb 4x1MB) SWAP 607/5858MB (cached 0MB) CPU [20%@1510,39%@1510,36%@1510,9%@1510,12%@806,62%@806] GR3D_FREQ 34% cpu@53.937C soc2@52.687C soc0@51.156C gpu@53.156C tj@53.937C soc1@52.687C VDD_IN 7340mW/7606mW VDD_CPU_GPU_CV 1977mW/2267mW VDD_SOC 1782mW/1768mW
10-08-2026 21:39:22 RAM 7184/7620MB (lfb 2x1MB) SWAP 607/5858MB (cached 0MB) CPU [21%@1510,23%@1510,17%@1510,14%@1510,40%@1497,83%@1497] GR3D_FREQ 31% cpu@54.093C soc2@52.625C soc0@51.156C gpu@53.156C tj@54.093C soc1@52.593C VDD_IN 7539mW/7606mW VDD_CPU_GPU_CV 2096mW/2266mW VDD_SOC 1782mW/1768mW
10-08-2026 21:39:23 RAM 7184/7620MB (lfb 2x1MB) SWAP 607/5858MB (cached 0MB) CPU [10%@729,11%@729,10%@729,7%@729,36%@1497,48%@1497] GR3D_FREQ 37% cpu@54.125C soc2@52.5C soc0@50.968C gpu@53.187C tj@54.125C soc1@52.531C VDD_IN 6745mW/7601mW VDD_CPU_GPU_CV 1584mW/2262mW VDD_SOC 1663mW/1768mW
10-08-2026 21:39:24 RAM 7184/7620MB (lfb 2x1MB) SWAP 607/5858MB (cached 0MB) CPU [5%@729,1%@729,11%@729,3%@729,16%@1497,71%@1497] GR3D_FREQ 59% cpu@53.906C soc2@52.593C soc0@50.937C gpu@53.25C tj@53.906C soc1@52.562C VDD_IN 6626mW/7595mW VDD_CPU_GPU_CV 1545mW/2258mW VDD_SOC 1663mW/1767mW
10-08-2026 21:39:25 RAM 7184/7620MB (lfb 2x1MB) SWAP 607/5858MB (cached 0MB) CPU [7%@729,4%@729,4%@1510,2%@1510,7%@1497,81%@1497] GR3D_FREQ 72% cpu@53.937C soc2@52.406C soc0@50.906C gpu@53.187C tj@53.937C soc1@52.656C VDD_IN 6666mW/7590mW VDD_CPU_GPU_CV 1505mW/2253mW VDD_SOC 1663mW/1766mW
10-08-2026 21:39:26 RAM 6805/7620MB (lfb 5x1MB) SWAP 607/5858MB (cached 0MB) CPU [21%@1510,12%@1510,24%@1510,13%@1510,22%@729,63%@729] GR3D_FREQ 1% cpu@54.093C soc2@52.593C soc0@51C gpu@52.968C tj@54.093C soc1@52.468C VDD_IN 6864mW/7586mW VDD_CPU_GPU_CV 1779mW/2251mW VDD_SOC 1663mW/1766mW
10-08-2026 21:39:27 RAM 6808/7620MB (lfb 7x1MB) SWAP 607/5858MB (cached 0MB) CPU [32%@1510,39%@1510,33%@1510,41%@1510,32%@1510,47%@1510] GR3D_FREQ 1% cpu@54.343C soc2@52.5C soc0@50.843C gpu@52.968C tj@54.343C soc1@52.5C VDD_IN 6388mW/7579mW VDD_CPU_GPU_CV 1505mW/2246mW VDD_SOC 1584mW/1765mW
10-08-2026 21:39:28 RAM 6812/7620MB (lfb 7x1MB) SWAP 607/5858MB (cached 0MB) CPU [21%@1510,33%@1510,36%@1510,43%@1510,32%@729,55%@729] GR3D_FREQ 1% cpu@54C soc2@52.375C soc0@50.875C gpu@53.062C tj@53.875C soc1@52.5C VDD_IN 6229mW/7571mW VDD_CPU_GPU_CV 1386mW/2242mW VDD_SOC 1584mW/1764mW
10-08-2026 21:39:29 RAM 6812/7620MB (lfb 7x1MB) SWAP 607/5858MB (cached 0MB) CPU [32%@1510,32%@1510,40%@1510,40%@1510,37%@729,55%@729] GR3D_FREQ 0% cpu@53.687C soc2@52.312C soc0@50.906C gpu@53.093C tj@53.687C soc1@52.5C VDD_IN 6190mW/7563mW VDD_CPU_GPU_CV 1386mW/2237mW VDD_SOC 1545mW/1762mW
10-08-2026 21:39:30 RAM 6812/7620MB (lfb 7x1MB) SWAP 607/5858MB (cached 0MB) CPU [40%@729,48%@729,24%@729,36%@729,30%@1113,38%@1113] GR3D_FREQ 0% cpu@53.812C soc2@52.343C soc0@50.781C gpu@52.937C tj@53.812C soc1@52.375C VDD_IN 6110mW/7555mW VDD_CPU_GPU_CV 1346mW/2232mW VDD_SOC 1545mW/1761mW
10-08-2026 21:39:31 RAM 6812/7620MB (lfb 7x1MB) SWAP 607/5858MB (cached 0MB) CPU [41%@1510,37%@1510,43%@1510,40%@1510,33%@729,24%@729] GR3D_FREQ 0% cpu@53.937C soc2@52.343C soc0@50.687C gpu@52.937C tj@53.937C soc1@52.343C VDD_IN 6190mW/7548mW VDD_CPU_GPU_CV 1386mW/2227mW VDD_SOC 1545mW/1760mW
10-08-2026 21:39:32 RAM 6812/7620MB (lfb 7x1MB) SWAP 607/5858MB (cached 0MB) CPU [35%@1510,34%@1510,35%@1510,31%@1510,30%@729,42%@729] GR3D_FREQ 39% cpu@54.281C soc2@52.343C soc0@50.687C gpu@52.812C tj@54.281C soc1@52.375C VDD_IN 6190mW/7540mW VDD_CPU_GPU_CV 1386mW/2222mW VDD_SOC 1584mW/1759mW
10-08-2026 21:39:33 RAM 6843/7620MB (lfb 8x1MB) SWAP 607/5858MB (cached 0MB) CPU [21%@1510,56%@1510,14%@1510,29%@1510,29%@729,30%@729] GR3D_FREQ 77% cpu@53.718C soc2@52.5C soc0@50.875C gpu@53.125C tj@53.718C soc1@52.531C VDD_IN 7142mW/7538mW VDD_CPU_GPU_CV 1861mW/2220mW VDD_SOC 1743mW/1759mW
10-08-2026 21:39:34 RAM 6937/7620MB (lfb 5x1MB) SWAP 607/5858MB (cached 0MB) CPU [17%@1510,33%@1510,48%@1510,31%@1510,39%@729,11%@729] GR3D_FREQ 71% cpu@53.906C soc2@52.406C soc0@50.968C gpu@53.25C tj@53.906C soc1@52.312C VDD_IN 7816mW/7539mW VDD_CPU_GPU_CV 2254mW/2221mW VDD_SOC 1822mW/1759mW
10-08-2026 21:39:35 RAM 7022/7620MB (lfb 5x1MB) SWAP 607/5858MB (cached 0MB) CPU [51%@1420,34%@1420,20%@1420,21%@1420,22%@729,15%@729] GR3D_FREQ 43% cpu@53.906C soc2@52.468C soc0@50.781C gpu@53.312C tj@53.906C soc1@52.343C VDD_IN 7380mW/7539mW VDD_CPU_GPU_CV 1977mW/2219mW VDD_SOC 1782mW/1759mW
10-08-2026 21:39:36 RAM 7022/7620MB (lfb 5x1MB) SWAP 607/5858MB (cached 0MB) CPU [7%@1510,78%@1510,5%@1510,3%@1510,8%@729,4%@729] GR3D_FREQ 39% cpu@53.812C soc2@52.281C soc0@50.843C gpu@53.156C tj@53.812C soc1@52.375C VDD_IN 6666mW/7534mW VDD_CPU_GPU_CV 1545mW/2216mW VDD_SOC 1663mW/1759mW
10-08-2026 21:39:37 RAM 7022/7620MB (lfb 5x1MB) SWAP 607/5858MB (cached 0MB) CPU [13%@1510,70%@1510,2%@1510,3%@1510,7%@729,4%@729] GR3D_FREQ 43% cpu@53.812C soc2@52.312C soc0@50.781C gpu@52.937C tj@53.812C soc1@52.437C VDD_IN 6666mW/7529mW VDD_CPU_GPU_CV 1545mW/2212mW VDD_SOC 1663mW/1758mW
10-08-2026 21:39:38 RAM 7022/7620MB (lfb 5x1MB) SWAP 607/5858MB (cached 0MB) CPU [26%@729,23%@729,36%@729,6%@729,9%@1510,14%@1510] GR3D_FREQ 33% cpu@53.906C soc2@52.218C soc0@50.781C gpu@52.937C tj@53.906C soc1@52.218C VDD_IN 6586mW/7524mW VDD_CPU_GPU_CV 1545mW/2208mW VDD_SOC 1663mW/1758mW
10-08-2026 21:39:39 RAM 7022/7620MB (lfb 5x1MB) SWAP 607/5858MB (cached 0MB) CPU [10%@1510,16%@1510,5%@1510,7%@1510,15%@729,53%@729] GR3D_FREQ 60% cpu@53.781C soc2@52.343C soc0@50.687C gpu@52.875C tj@53.781C soc1@52.25C VDD_IN 6666mW/7520mW VDD_CPU_GPU_CV 1545mW/2205mW VDD_SOC 1663mW/1757mW
10-08-2026 21:39:40 RAM 7022/7620MB (lfb 5x1MB) SWAP 607/5858MB (cached 0MB) CPU [16%@1497,71%@1497,5%@1497,6%@1497,6%@729,5%@729] GR3D_FREQ 60% cpu@53.968C soc2@52.343C soc0@50.656C gpu@52.875C tj@53.968C soc1@52.218C VDD_IN 6626mW/7515mW VDD_CPU_GPU_CV 1505mW/2201mW VDD_SOC 1663mW/1757mW
10-08-2026 21:39:41 RAM 7033/7620MB (lfb 5x1MB) SWAP 607/5858MB (cached 0MB) CPU [18%@1510,34%@1510,6%@1510,45%@1510,15%@1113,14%@1113] GR3D_FREQ 58% cpu@53.593C soc2@52.281C soc0@50.656C gpu@53.156C tj@53.593C soc1@52.312C VDD_IN 6824mW/7511mW VDD_CPU_GPU_CV 1703mW/2198mW VDD_SOC 1703mW/1757mW
10-08-2026 21:39:42 RAM 7124/7620MB (lfb 5x1MB) SWAP 607/5858MB (cached 0MB) CPU [25%@883,11%@1510,34%@1510,38%@1510,33%@1267,36%@1267] GR3D_FREQ 23% cpu@53.843C soc2@52.312C soc0@50.812C gpu@53.281C tj@53.843C soc1@52.437C VDD_IN 7697mW/7512mW VDD_CPU_GPU_CV 2214mW/2198mW VDD_SOC 1822mW/1757mW
10-08-2026 21:39:43 RAM 7149/7620MB (lfb 3x2MB) SWAP 607/5858MB (cached 0MB) CPU [10%@1510,39%@1510,39%@1510,11%@1510,7%@729,48%@729] GR3D_FREQ 50% cpu@53.75C soc2@52.406C soc0@50.687C gpu@52.812C tj@53.75C soc1@52.218C VDD_IN 7221mW/7511mW VDD_CPU_GPU_CV 1782mW/2196mW VDD_SOC 1782mW/1757mW
10-08-2026 21:39:44 RAM 7156/7620MB (lfb 3x2MB) SWAP 607/5858MB (cached 0MB) CPU [14%@1510,4%@1510,9%@1510,23%@1510,11%@729,54%@729] GR3D_FREQ 35% cpu@53.968C soc2@52.312C soc0@50.625C gpu@52.875C tj@53.968C soc1@52.218C VDD_IN 6666mW/7506mW VDD_CPU_GPU_CV 1545mW/2193mW VDD_SOC 1663mW/1757mW
10-08-2026 21:39:45 RAM 7156/7620MB (lfb 3x2MB) SWAP 607/5858MB (cached 0MB) CPU [11%@1510,77%@1510,4%@1510,6%@1510,4%@729,6%@729] GR3D_FREQ 39% cpu@53.718C soc2@52.125C soc0@50.687C gpu@52.812C tj@53.718C soc1@52.218C VDD_IN 6666mW/7502mW VDD_CPU_GPU_CV 1545mW/2190mW VDD_SOC 1666mW/1756mW
10-08-2026 21:39:46 RAM 7156/7620MB (lfb 3x2MB) SWAP 607/5858MB (cached 0MB) CPU [24%@1510,54%@1510,8%@1510,14%@1510,4%@729,5%@729] GR3D_FREQ 41% cpu@53.531C soc2@52.156C soc0@50.656C gpu@53C tj@53.531C soc1@52.25C VDD_IN 6666mW/7497mW VDD_CPU_GPU_CV 1545mW/2186mW VDD_SOC 1663mW/1756mW
10-08-2026 21:39:47 RAM 7156/7620MB (lfb 3x2MB) SWAP 607/5858MB (cached 0MB) CPU [15%@1497,14%@1497,9%@1497,62%@1497,4%@729,5%@729] GR3D_FREQ 33% cpu@53.593C soc2@52.25C soc0@50.687C gpu@52.812C tj@53.593C soc1@52.125C VDD_IN 6705mW/7493mW VDD_CPU_GPU_CV 1545mW/2183mW VDD_SOC 1663mW/1755mW
10-08-2026 21:39:48 RAM 7200/7620MB (lfb 1x1MB) SWAP 607/5858MB (cached 0MB) CPU [22%@1510,70%@1510,12%@1510,15%@1510,14%@729,8%@729] GR3D_FREQ 30% cpu@53.781C soc2@52.25C soc0@50.468C gpu@52.75C tj@53.781C soc1@52.125C VDD_IN 6626mW/7489mW VDD_CPU_GPU_CV 1624mW/2180mW VDD_SOC 1624mW/1754mW
10-08-2026 21:39:49 RAM 7202/7620MB (lfb 1x1MB) SWAP 607/5858MB (cached 0MB) CPU [41%@1497,40%@1510,40%@1510,32%@1510,52%@883,47%@883] GR3D_FREQ 34% cpu@53.937C soc2@52.125C soc0@50.5C gpu@52.656C tj@53.937C soc1@52.187C VDD_IN 6428mW/7484mW VDD_CPU_GPU_CV 1545mW/2177mW VDD_SOC 1584mW/1754mW
10-08-2026 21:39:50 RAM 7202/7620MB (lfb 1x1MB) SWAP 607/5858MB (cached 0MB) CPU [35%@1497,42%@1497,42%@1497,27%@1497,34%@729,46%@729] GR3D_FREQ 37% cpu@53.718C soc2@52.093C soc0@50.5C gpu@52.562C tj@53.718C soc1@52.218C VDD_IN 6309mW/7478mW VDD_CPU_GPU_CV 1426mW/2173mW VDD_SOC 1624mW/1753mW
10-08-2026 21:39:51 RAM 7202/7620MB (lfb 1x1MB) SWAP 607/5858MB (cached 0MB) CPU [48%@729,30%@729,32%@1510,34%@1510,30%@729,34%@729] GR3D_FREQ 3% cpu@53.687C soc2@52.187C soc0@50.468C gpu@52.656C tj@53.687C soc1@52.218C VDD_IN 6229mW/7471mW VDD_CPU_GPU_CV 1386mW/2169mW VDD_SOC 1624mW/1752mW
10-08-2026 21:39:52 RAM 7202/7620MB (lfb 1x1MB) SWAP 607/5858MB (cached 0MB) CPU [32%@729,42%@729,36%@729,22%@729,29%@729,49%@729] GR3D_FREQ 7% cpu@53.718C soc2@52.031C soc0@50.375C gpu@52.687C tj@53.718C soc1@52.062C VDD_IN 6150mW/7465mW VDD_CPU_GPU_CV 1307mW/2165mW VDD_SOC 1624mW/1752mW
10-08-2026 21:39:53 RAM 7202/7620MB (lfb 1x1MB) SWAP 607/5858MB (cached 0MB) CPU [31%@729,32%@729,30%@729,29%@729,55%@1113,34%@1113] GR3D_FREQ 0% cpu@53.625C soc2@52.031C soc0@50.375C gpu@52.687C tj@53.625C soc1@52.062C VDD_IN 6309mW/7459mW VDD_CPU_GPU_CV 1426mW/2161mW VDD_SOC 1624mW/1751mW
10-08-2026 21:39:54 RAM 7210/7620MB (lfb 1x2MB) SWAP 607/5858MB (cached 0MB) CPU [19%@1510,37%@1510,31%@1510,21%@1510,41%@1420,40%@1420] GR3D_FREQ 42% cpu@53.812C soc2@52.312C soc0@50.468C gpu@52.75C tj@53.531C soc1@52.125C VDD_IN 7221mW/7458mW VDD_CPU_GPU_CV 1861mW/2160mW VDD_SOC 1822mW/1751mW
10-08-2026 21:39:55 RAM 7222/7620MB (lfb 31x128kB) SWAP 607/5858MB (cached 0MB) CPU [20%@729,28%@729,43%@729,12%@729,20%@806,50%@806] GR3D_FREQ 32% cpu@53.437C soc2@52.156C soc0@50.781C gpu@52.656C tj@53.531C soc1@52.218C VDD_IN 7539mW/7458mW VDD_CPU_GPU_CV 2056mW/2159mW VDD_SOC 1861mW/1752mW
10-08-2026 21:39:57 RAM 7231/7620MB (lfb 1x256kB) SWAP 607/5858MB (cached 0MB) CPU [26%@1510,14%@1510,48%@1510,10%@1510,18%@1113,64%@1113] GR3D_FREQ 51% cpu@53.406C soc2@52.125C soc0@50.562C gpu@52.656C tj@53.406C soc1@52.031C VDD_IN 7102mW/7457mW VDD_CPU_GPU_CV 1743mW/2157mW VDD_SOC 1782mW/1752mW
10-08-2026 21:39:58 RAM 7231/7620MB (lfb 1x256kB) SWAP 607/5858MB (cached 0MB) CPU [9%@1510,40%@1510,5%@1510,33%@1510,8%@729,11%@729] GR3D_FREQ 58% cpu@53.593C soc2@52.187C soc0@50.437C gpu@52.593C tj@53.593C soc1@52.125C VDD_IN 6666mW/7453mW VDD_CPU_GPU_CV 1505mW/2154mW VDD_SOC 1745mW/1752mW
10-08-2026 21:39:59 RAM 7231/7620MB (lfb 1x256kB) SWAP 607/5858MB (cached 0MB) CPU [14%@1510,72%@1510,6%@1510,3%@1510,3%@729,2%@729] GR3D_FREQ 52% cpu@53.343C soc2@52.031C soc0@50.468C gpu@52.812C tj@53.343C soc1@52.156C VDD_IN 6666mW/7449mW VDD_CPU_GPU_CV 1505mW/2151mW VDD_SOC 1743mW/1752mW
10-08-2026 21:40:00 RAM 7231/7620MB (lfb 1x256kB) SWAP 607/5858MB (cached 0MB) CPU [8%@1510,54%@1510,5%@1510,6%@1510,2%@1497,29%@1497] GR3D_FREQ 57% cpu@53.5C soc2@51.937C soc0@50.531C gpu@52.812C tj@53.5C soc1@52.25C VDD_IN 6666mW/7445mW VDD_CPU_GPU_CV 1505mW/2148mW VDD_SOC 1703mW/1752mW
10-08-2026 21:40:01 RAM 7241/7620MB (lfb 12x128kB) SWAP 607/5858MB (cached 0MB) CPU [13%@729,20%@729,34%@729,29%@729,29%@729,49%@729] GR3D_FREQ 52% cpu@53.437C soc2@52.062C soc0@50.343C gpu@52.875C tj@53.437C soc1@51.937C VDD_IN 7142mW/7444mW VDD_CPU_GPU_CV 1861mW/2146mW VDD_SOC 1822mW/1752mW
10-08-2026 21:40:02 RAM 7248/7620MB (lfb 2x256kB) SWAP 607/5858MB (cached 0MB) CPU [13%@1510,63%@1510,8%@1510,28%@1510,47%@1510,23%@1510] GR3D_FREQ 1% cpu@53.468C soc2@52.187C soc0@50.437C gpu@52.625C tj@53.468C soc1@52.093C VDD_IN 7618mW/7444mW VDD_CPU_GPU_CV 2096mW/2146mW VDD_SOC 1861mW/1753mW
10-08-2026 21:40:03 RAM 7165/7620MB (lfb 1x2MB) SWAP 607/5858MB (cached 0MB) CPU [13%@1510,26%@1510,19%@1510,10%@1510,13%@1510,37%@1510] GR3D_FREQ 43% cpu@53.406C soc2@51.968C soc0@50.5C gpu@52.593C tj@53.406C soc1@52.156C VDD_IN 6785mW/7441mW VDD_CPU_GPU_CV 1545mW/2143mW VDD_SOC 1745mW/1753mW
10-08-2026 21:40:04 RAM 7167/7620MB (lfb 1x2MB) SWAP 607/5858MB (cached 0MB) CPU [16%@1510,14%@1510,10%@1510,8%@1510,16%@729,58%@729] GR3D_FREQ 38% cpu@53.406C soc2@52.031C soc0@50.468C gpu@52.562C tj@53.406C soc1@52.187C VDD_IN 6745mW/7438mW VDD_CPU_GPU_CV 1545mW/2140mW VDD_SOC 1745mW/1753mW
10-08-2026 21:40:05 RAM 7167/7620MB (lfb 1x2MB) SWAP 607/5858MB (cached 0MB) CPU [26%@1510,8%@1510,6%@1510,7%@1510,9%@1510,62%@1510] GR3D_FREQ 37% cpu@53.406C soc2@51.937C soc0@50.437C gpu@52.531C tj@53.406C soc1@51.937C VDD_IN 6705mW/7435mW VDD_CPU_GPU_CV 1505mW/2137mW VDD_SOC 1743mW/1752mW
10-08-2026 21:40:06 RAM 7167/7620MB (lfb 1x2MB) SWAP 607/5858MB (cached 0MB) CPU [17%@729,7%@1510,13%@1510,10%@1510,23%@1497,63%@1497] GR3D_FREQ 64% cpu@53.5C soc2@51.968C soc0@50.25C gpu@52.812C tj@53.5C soc1@51.937C VDD_IN 6666mW/7431mW VDD_CPU_GPU_CV 1505mW/2134mW VDD_SOC 1743mW/1752mW
10-08-2026 21:40:07 RAM 7134/7620MB (lfb 1x2MB) SWAP 607/5858MB (cached 0MB) CPU [14%@1510,5%@1510,10%@1510,12%@1510,29%@1420,54%@1420] GR3D_FREQ 11% cpu@53.281C soc2@51.75C soc0@50.343C gpu@52.812C tj@53.281C soc1@51.937C VDD_IN 6705mW/7428mW VDD_CPU_GPU_CV 1505mW/2131mW VDD_SOC 1703mW/1752mW
10-08-2026 21:40:08 RAM 7225/7620MB (lfb 6x256kB) SWAP 607/5858MB (cached 0MB) CPU [29%@1036,18%@1036,33%@1036,30%@1036,45%@806,34%@806] GR3D_FREQ 8% cpu@53.406C soc2@51.781C soc0@50.25C gpu@52.781C tj@53.406C soc1@52.031C VDD_IN 6229mW/7422mW VDD_CPU_GPU_CV 1346mW/2128mW VDD_SOC 1624mW/1752mW
10-08-2026 21:40:09 RAM 7226/7620MB (lfb 4x256kB) SWAP 607/5858MB (cached 0MB) CPU [45%@729,31%@729,45%@729,24%@1510,27%@729,43%@729] GR3D_FREQ 10% cpu@53.281C soc2@51.843C soc0@50.437C gpu@52.437C tj@53.281C soc1@51.812C VDD_IN 6150mW/7416mW VDD_CPU_GPU_CV 1307mW/2124mW VDD_SOC 1624mW/1751mW
10-08-2026 21:40:10 RAM 7226/7620MB (lfb 4x256kB) SWAP 607/5858MB (cached 0MB) CPU [46%@1510,22%@1510,41%@1510,40%@1510,16%@729,41%@729] GR3D_FREQ 4% cpu@53.531C soc2@52C soc0@50.093C gpu@52.468C tj@53.531C soc1@51.812C VDD_IN 6190mW/7410mW VDD_CPU_GPU_CV 1307mW/2120mW VDD_SOC 1624mW/1750mW
10-08-2026 21:40:11 RAM 7227/7620MB (lfb 2x256kB) SWAP 607/5858MB (cached 0MB) CPU [27%@1267,38%@1267,15%@1267,29%@1267,35%@729,52%@729] GR3D_FREQ 0% cpu@53.375C soc2@51.781C soc0@50.218C gpu@52.406C tj@53.375C soc1@51.875C VDD_IN 6348mW/7406mW VDD_CPU_GPU_CV 1465mW/2117mW VDD_SOC 1624mW/1750mW
10-08-2026 21:40:12 RAM 7227/7620MB (lfb 2x256kB) SWAP 607/5858MB (cached 0MB) CPU [33%@1036,32%@1036,23%@1036,34%@1036,44%@1190,36%@1190] GR3D_FREQ 0% cpu@53.406C soc2@51.718C soc0@50.187C gpu@52.75C tj@53.406C soc1@52C VDD_IN 6110mW/7400mW VDD_CPU_GPU_CV 1307mW/2113mW VDD_SOC 1624mW/1749mW
10-08-2026 21:40:13 RAM 7227/7620MB (lfb 2x256kB) SWAP 607/5858MB (cached 0MB) CPU [38%@1510,33%@1510,53%@1510,35%@1510,25%@729,30%@729] GR3D_FREQ 0% cpu@53.406C soc2@51.781C soc0@50.25C gpu@52.25C tj@53.406C soc1@51.875C VDD_IN 6467mW/7395mW VDD_CPU_GPU_CV 1584mW/2111mW VDD_SOC 1624mW/1749mW
10-08-2026 21:40:14 RAM 7227/7620MB (lfb 2x256kB) SWAP 607/5858MB (cached 0MB) CPU [24%@1267,40%@1267,56%@1267,35%@1267,18%@729,35%@729] GR3D_FREQ 12% cpu@53.312C soc2@51.687C soc0@50.156C gpu@52.406C tj@53.312C soc1@51.843C VDD_IN 6150mW/7390mW VDD_CPU_GPU_CV 1307mW/2107mW VDD_SOC 1624mW/1748mW
10-08-2026 21:40:15 RAM 7228/7620MB (lfb 28x128kB) SWAP 607/5858MB (cached 0MB) CPU [24%@1510,33%@1510,26%@1510,47%@1510,45%@729,46%@729] GR3D_FREQ 9% cpu@53.156C soc2@51.656C soc0@50.218C gpu@52.312C tj@53.156C soc1@52.031C VDD_IN 6269mW/7385mW VDD_CPU_GPU_CV 1426mW/2104mW VDD_SOC 1624mW/1748mW
10-08-2026 21:40:16 RAM 7228/7620MB (lfb 28x128kB) SWAP 607/5858MB (cached 0MB) CPU [25%@1036,37%@1036,14%@1036,33%@1036,44%@729,42%@729] GR3D_FREQ 15% cpu@53.187C soc2@51.781C soc0@50.281C gpu@52.187C tj@53.187C soc1@51.781C VDD_IN 6071mW/7379mW VDD_CPU_GPU_CV 1267mW/2101mW VDD_SOC 1624mW/1747mW
10-08-2026 21:40:17 RAM 7228/7620MB (lfb 28x128kB) SWAP 607/5858MB (cached 0MB) CPU [29%@729,30%@729,51%@729,31%@729,50%@729,24%@729] GR3D_FREQ 3% cpu@53.5C soc2@51.781C soc0@50.125C gpu@52.312C tj@53.5C soc1@51.718C VDD_IN 6190mW/7374mW VDD_CPU_GPU_CV 1346mW/2097mW VDD_SOC 1624mW/1746mW
10-08-2026 21:40:18 RAM 7228/7620MB (lfb 28x128kB) SWAP 607/5858MB (cached 0MB) CPU [39%@729,26%@1510,33%@1510,45%@1510,47%@729,20%@729] GR3D_FREQ 0% cpu@53.187C soc2@51.75C soc0@50.125C gpu@52.375C tj@53.187C soc1@51.843C VDD_IN 6150mW/7368mW VDD_CPU_GPU_CV 1307mW/2094mW VDD_SOC 1624mW/1746mW
10-08-2026 21:40:19 RAM 7228/7620MB (lfb 28x128kB) SWAP 607/5858MB (cached 0MB) CPU [36%@806,43%@806,28%@1510,29%@1510,42%@1113,27%@1113] GR3D_FREQ 0% cpu@53.218C soc2@51.687C soc0@50.25C gpu@52.25C tj@53.218C soc1@51.687C VDD_IN 6031mW/7362mW VDD_CPU_GPU_CV 1267mW/2090mW VDD_SOC 1624mW/1745mW
10-08-2026 21:40:20 RAM 7228/7620MB (lfb 28x128kB) SWAP 607/5858MB (cached 0MB) CPU [33%@1510,39%@1510,32%@1510,26%@1510,49%@1267,27%@1267] GR3D_FREQ 8% cpu@53.468C soc2@51.718C soc0@50.062C gpu@52.25C tj@53.468C soc1@51.656C VDD_IN 6309mW/7358mW VDD_CPU_GPU_CV 1426mW/2087mW VDD_SOC 1624mW/1745mW
10-08-2026 21:40:21 RAM 7228/7620MB (lfb 28x128kB) SWAP 607/5858MB (cached 0MB) CPU [20%@1510,38%@1510,33%@1510,25%@1510,26%@1113,44%@1113] GR3D_FREQ 5% cpu@53.031C soc2@51.687C soc0@50C gpu@52.25C tj@53.031C soc1@51.718C VDD_IN 6110mW/7352mW VDD_CPU_GPU_CV 1267mW/2084mW VDD_SOC 1624mW/1744mW
10-08-2026 21:40:22 RAM 7228/7620MB (lfb 28x128kB) SWAP 607/5858MB (cached 0MB) CPU [26%@1510,19%@1510,39%@1510,25%@1510,41%@729,51%@729] GR3D_FREQ 8% cpu@53.093C soc2@51.593C soc0@50.062C gpu@52.375C tj@53.093C soc1@51.75C VDD_IN 6150mW/7347mW VDD_CPU_GPU_CV 1307mW/2080mW VDD_SOC 1624mW/1744mW
10-08-2026 21:40:23 RAM 7228/7620MB (lfb 28x128kB) SWAP 607/5858MB (cached 0MB) CPU [27%@1510,16%@1510,49%@1510,40%@1510,36%@729,39%@729] GR3D_FREQ 8% cpu@53.093C soc2@51.781C soc0@50.062C gpu@52.375C tj@53.312C soc1@51.875C VDD_IN 6388mW/7343mW VDD_CPU_GPU_CV 1505mW/2078mW VDD_SOC 1624mW/1743mW
10-08-2026 21:40:24 RAM 7228/7620MB (lfb 28x128kB) SWAP 607/5858MB (cached 0MB) CPU [26%@1510,18%@1510,18%@1510,28%@1510,56%@883,17%@883] GR3D_FREQ 14% cpu@53.375C soc2@51.687C soc0@49.968C gpu@52.437C tj@53.375C soc1@51.656C VDD_IN 6269mW/7338mW VDD_CPU_GPU_CV 1426mW/2075mW VDD_SOC 1624mW/1743mW
10-08-2026 21:40:25 RAM 7233/7620MB (lfb 18x256kB) SWAP 607/5858MB (cached 0MB) CPU [45%@1510,18%@1510,25%@1510,62%@1510,37%@729,33%@729] GR3D_FREQ 68% cpu@53.312C soc2@51.781C soc0@50.031C gpu@52.281C tj@53.312C soc1@51.75C VDD_IN 6904mW/7336mW VDD_CPU_GPU_CV 1743mW/2073mW VDD_SOC 1743mW/1743mW
10-08-2026 21:40:26 RAM 7262/7620MB (lfb 2x256kB) SWAP 608/5858MB (cached 0MB) CPU [19%@1036,38%@1036,37%@1036,39%@1036,13%@883,29%@883] GR3D_FREQ 0% cpu@53.093C soc2@51.75C soc0@50.218C gpu@52.375C tj@53.093C soc1@51.906C VDD_IN 7737mW/7338mW VDD_CPU_GPU_CV 2175mW/2074mW VDD_SOC 1861mW/1743mW
10-08-2026 21:40:27 RAM 7273/7620MB (lfb 1x128kB) SWAP 608/5858MB (cached 0MB) CPU [15%@1510,38%@1510,16%@1510,16%@1510,63%@1420,19%@1420] GR3D_FREQ 39% cpu@53.281C soc2@52C soc0@50.406C gpu@52.437C tj@53.281C soc1@51.75C VDD_IN 7658mW/7339mW VDD_CPU_GPU_CV 2096mW/2074mW VDD_SOC 1901mW/1744mW
10-08-2026 21:40:28 RAM 7273/7620MB (lfb 1x128kB) SWAP 608/5858MB (cached 0MB) CPU [27%@1510,49%@1510,15%@1510,6%@1510,16%@729,65%@729] GR3D_FREQ 47% cpu@53.343C soc2@51.968C soc0@50.281C gpu@52.75C tj@53.343C soc1@51.812C VDD_IN 7737mW/7341mW VDD_CPU_GPU_CV 2175mW/2074mW VDD_SOC 1901mW/1745mW
10-08-2026 21:40:29 RAM 7273/7620MB (lfb 1x128kB) SWAP 608/5858MB (cached 0MB) CPU [37%@1190,30%@1190,17%@1190,46%@1190,28%@1113,17%@1036] GR3D_FREQ 47% cpu@53.75C soc2@52.031C soc0@50.343C gpu@52.75C tj@53.75C soc1@51.875C VDD_IN 8015mW/7344mW VDD_CPU_GPU_CV 2333mW/2075mW VDD_SOC 1941mW/1745mW
10-08-2026 21:40:30 RAM 7273/7620MB (lfb 1x128kB) SWAP 608/5858MB (cached 0MB) CPU [14%@1510,25%@1510,67%@1510,11%@1510,14%@806,51%@806] GR3D_FREQ 50% cpu@53.375C soc2@52C soc0@50.531C gpu@52.593C tj@53.375C soc1@52.062C VDD_IN 8015mW/7347mW VDD_CPU_GPU_CV 2333mW/2077mW VDD_SOC 1941mW/1746mW
10-08-2026 21:40:31 RAM 7273/7620MB (lfb 1x128kB) SWAP 608/5858MB (cached 0MB) CPU [12%@1510,50%@1510,12%@1510,21%@1510,22%@1510,50%@1510] GR3D_FREQ 83% cpu@53.437C soc2@52.281C soc0@50.531C gpu@52.593C tj@53.437C soc1@51.843C VDD_IN 7777mW/7348mW VDD_CPU_GPU_CV 2214mW/2077mW VDD_SOC 1901mW/1747mW
10-08-2026 21:40:32 RAM 7180/7620MB (lfb 4x2MB) SWAP 608/5858MB (cached 0MB) CPU [16%@1510,10%@1510,6%@1510,33%@1510,58%@960,49%@960] GR3D_FREQ 78% cpu@53.406C soc2@52.093C soc0@50.375C gpu@52.625C tj@53.406C soc1@51.937C VDD_IN 7340mW/7348mW VDD_CPU_GPU_CV 1861mW/2076mW VDD_SOC 1861mW/1747mW
10-08-2026 21:40:33 RAM 7180/7620MB (lfb 4x2MB) SWAP 608/5858MB (cached 0MB) CPU [10%@1510,7%@1510,67%@1510,5%@1510,6%@729,19%@729] GR3D_FREQ 42% cpu@53.187C soc2@51.781C soc0@50.218C gpu@52.531C tj@53.187C soc1@51.906C VDD_IN 6705mW/7346mW VDD_CPU_GPU_CV 1545mW/2074mW VDD_SOC 1743mW/1747mW
10-08-2026 21:40:34 RAM 7180/7620MB (lfb 4x2MB) SWAP 608/5858MB (cached 0MB) CPU [10%@1510,11%@1510,32%@1510,50%@1510,6%@729,6%@729] GR3D_FREQ 44% cpu@53.687C soc2@51.875C soc0@50.312C gpu@52.687C tj@53.687C soc1@51.875C VDD_IN 6705mW/7343mW VDD_CPU_GPU_CV 1545mW/2072mW VDD_SOC 1743mW/1747mW
10-08-2026 21:40:35 RAM 7180/7620MB (lfb 4x2MB) SWAP 608/5858MB (cached 0MB) CPU [31%@1510,60%@1510,9%@1510,7%@1510,5%@729,6%@729] GR3D_FREQ 38% cpu@53.125C soc2@51.843C soc0@50.281C gpu@52.75C tj@53.125C soc1@52.093C VDD_IN 6705mW/7340mW VDD_CPU_GPU_CV 1545mW/2070mW VDD_SOC 1743mW/1747mW
10-08-2026 21:40:36 RAM 7180/7620MB (lfb 4x2MB) SWAP 608/5858MB (cached 0MB) CPU [14%@1510,70%@1510,15%@1510,7%@1510,6%@729,6%@729] GR3D_FREQ 38% cpu@53.406C soc2@51.937C soc0@50.312C gpu@52.687C tj@53.406C soc1@51.75C VDD_IN 6705mW/7338mW VDD_CPU_GPU_CV 1545mW/2067mW VDD_SOC 1743mW/1747mW
10-08-2026 21:40:37 RAM 7180/7620MB (lfb 4x2MB) SWAP 608/5858MB (cached 0MB) CPU [30%@1497,43%@1497,21%@1497,17%@1497,6%@729,4%@729] GR3D_FREQ 42% cpu@53.562C soc2@51.812C soc0@50.218C gpu@52.687C tj@53.562C soc1@51.875C VDD_IN 6745mW/7335mW VDD_CPU_GPU_CV 1545mW/2065mW VDD_SOC 1745mW/1747mW
10-08-2026 21:40:38 RAM 7180/7620MB (lfb 4x2MB) SWAP 608/5858MB (cached 0MB) CPU [40%@1510,44%@1510,16%@1510,8%@1510,6%@729,5%@729] GR3D_FREQ 55% cpu@53.093C soc2@51.843C soc0@50.187C gpu@52.781C tj@53.093C soc1@51.875C VDD_IN 6745mW/7333mW VDD_CPU_GPU_CV 1545mW/2063mW VDD_SOC 1743mW/1747mW
10-08-2026 21:40:39 RAM 7180/7620MB (lfb 4x2MB) SWAP 608/5858MB (cached 0MB) CPU [41%@1510,27%@1510,33%@1510,6%@1510,5%@729,5%@729] GR3D_FREQ 63% cpu@53.468C soc2@51.875C soc0@50.281C gpu@52.812C tj@53.218C soc1@51.937C VDD_IN 6745mW/7331mW VDD_CPU_GPU_CV 1545mW/2061mW VDD_SOC 1743mW/1747mW
10-08-2026 21:40:40 RAM 7118/7620MB (lfb 1x1MB) SWAP 608/5858MB (cached 0MB) CPU [10%@1510,70%@1510,18%@1510,12%@1510,4%@729,3%@729] GR3D_FREQ 24% cpu@53.343C soc2@51.812C soc0@50.343C gpu@52.812C tj@53.343C soc1@52.125C VDD_IN 6666mW/7328mW VDD_CPU_GPU_CV 1505mW/2059mW VDD_SOC 1703mW/1747mW
10-08-2026 21:40:41 RAM 7166/7620MB (lfb 1x1MB) SWAP 608/5858MB (cached 0MB) CPU [23%@1510,42%@1510,49%@1510,41%@1510,20%@729,32%@729] GR3D_FREQ 13% cpu@53.406C soc2@51.875C soc0@50.125C gpu@52.406C tj@53.406C soc1@51.875C VDD_IN 6467mW/7324mW VDD_CPU_GPU_CV 1545mW/2057mW VDD_SOC 1663mW/1747mW
10-08-2026 21:40:42 RAM 7166/7620MB (lfb 1x1MB) SWAP 608/5858MB (cached 0MB) CPU [23%@1510,25%@1510,32%@1510,36%@1510,46%@729,42%@729] GR3D_FREQ 18% cpu@53.406C soc2@51.75C soc0@50.187C gpu@52.437C tj@53.406C soc1@51.843C VDD_IN 6150mW/7320mW VDD_CPU_GPU_CV 1346mW/2054mW VDD_SOC 1624mW/1746mW
10-08-2026 21:40:43 RAM 7167/7620MB (lfb 1x1MB) SWAP 608/5858MB (cached 0MB) CPU [30%@1510,44%@1510,43%@1510,27%@1510,47%@729,32%@729] GR3D_FREQ 0% cpu@53.25C soc2@51.718C soc0@50.156C gpu@52.25C tj@53.25C soc1@51.906C VDD_IN 6269mW/7315mW VDD_CPU_GPU_CV 1386mW/2051mW VDD_SOC 1624mW/1746mW
10-08-2026 21:40:44 RAM 6327/7620MB (lfb 6x2MB) SWAP 608/5858MB (cached 0MB) CPU [28%@960,32%@960,52%@960,36%@960,39%@883,30%@883] GR3D_FREQ 0% cpu@53.25C soc2@51.718C soc0@50.187C gpu@52.281C tj@53.25C soc1@52C VDD_IN 6269mW/7311mW VDD_CPU_GPU_CV 1386mW/2049mW VDD_SOC 1624mW/1745mW
10-08-2026 21:40:45 RAM 6332/7620MB (lfb 6x2MB) SWAP 608/5858MB (cached 0MB) CPU [43%@806,47%@806,40%@806,31%@806,36%@806,51%@806] GR3D_FREQ 0% cpu@53.343C soc2@51.781C soc0@50.093C gpu@52.25C tj@53.343C soc1@51.812C VDD_IN 6309mW/7307mW VDD_CPU_GPU_CV 1426mW/2046mW VDD_SOC 1624mW/1745mW
10-08-2026 21:40:46 RAM 6333/7620MB (lfb 6x2MB) SWAP 608/5858MB (cached 0MB) CPU [37%@1510,43%@1510,26%@1510,45%@1510,54%@729,34%@729] GR3D_FREQ 0% cpu@53.312C soc2@51.937C soc0@50.093C gpu@52.5C tj@53.312C soc1@51.781C VDD_IN 6626mW/7305mW VDD_CPU_GPU_CV 1663mW/2045mW VDD_SOC 1663mW/1744mW
10-08-2026 21:40:47 RAM 6333/7620MB (lfb 6x2MB) SWAP 608/5858MB (cached 0MB) CPU [44%@729,37%@729,41%@729,23%@1510,34%@729,27%@729] GR3D_FREQ 16% cpu@53.187C soc2@51.687C soc0@50.125C gpu@52.468C tj@53.187C soc1@51.875C VDD_IN 6150mW/7300mW VDD_CPU_GPU_CV 1307mW/2042mW VDD_SOC 1624mW/1744mW
10-08-2026 21:40:48 RAM 6334/7620MB (lfb 6x2MB) SWAP 608/5858MB (cached 0MB) CPU [32%@1510,38%@1510,43%@1510,49%@1510,30%@729,44%@729] GR3D_FREQ 14% cpu@53.406C soc2@51.781C soc0@50.156C gpu@52.375C tj@53.406C soc1@52.031C VDD_IN 6388mW/7297mW VDD_CPU_GPU_CV 1465mW/2039mW VDD_SOC 1663mW/1744mW
10-08-2026 21:40:49 RAM 6334/7620MB (lfb 6x2MB) SWAP 608/5858MB (cached 0MB) CPU [33%@1510,48%@1510,31%@1510,44%@1510,47%@729,27%@729] GR3D_FREQ 8% cpu@53.531C soc2@51.75C soc0@50.031C gpu@52.187C tj@53.531C soc1@51.687C VDD_IN 6229mW/7292mW VDD_CPU_GPU_CV 1386mW/2037mW VDD_SOC 1624mW/1743mW
10-08-2026 21:40:50 RAM 6335/7620MB (lfb 6x2MB) SWAP 608/5858MB (cached 0MB) CPU [38%@729,35%@729,48%@729,40%@729,34%@1190,35%@1190] GR3D_FREQ 9% cpu@53.375C soc2@51.781C soc0@50.062C gpu@52.218C tj@53.281C soc1@51.75C VDD_IN 6388mW/7289mW VDD_CPU_GPU_CV 1465mW/2035mW VDD_SOC 1663mW/1743mW
10-08-2026 21:40:51 RAM 6438/7620MB (lfb 5x2MB) SWAP 608/5858MB (cached 0MB) CPU [17%@1420,60%@1420,33%@1420,31%@1420,53%@729,17%@729] GR3D_FREQ 50% cpu@53.531C soc2@51.843C soc0@50.156C gpu@52.343C tj@53.531C soc1@51.812C VDD_IN 7182mW/7288mW VDD_CPU_GPU_CV 1822mW/2034mW VDD_SOC 1825mW/1743mW
10-08-2026 21:40:52 RAM 6510/7620MB (lfb 4x1MB) SWAP 608/5858MB (cached 0MB) CPU [14%@1036,49%@1036,7%@1036,34%@1036,57%@729,10%@729] GR3D_FREQ 40% cpu@53.125C soc2@51.875C soc0@50.312C gpu@52.625C tj@53.125C soc1@51.718C VDD_IN 7539mW/7289mW VDD_CPU_GPU_CV 2017mW/2034mW VDD_SOC 1861mW/1744mW
10-08-2026 21:40:53 RAM 6621/7620MB (lfb 4x1MB) SWAP 608/5858MB (cached 0MB) CPU [34%@729,49%@729,21%@729,28%@729,33%@729,12%@729] GR3D_FREQ 40% cpu@53.281C soc2@52.125C soc0@50.312C gpu@52.625C tj@53.281C soc1@51.75C VDD_IN 7658mW/7291mW VDD_CPU_GPU_CV 2135mW/2034mW VDD_SOC 1901mW/1744mW
10-08-2026 21:40:54 RAM 6699/7620MB (lfb 21x256kB) SWAP 608/5858MB (cached 0MB) CPU [18%@729,15%@729,37%@729,40%@729,10%@1036,70%@1036] GR3D_FREQ 44% cpu@53.437C soc2@51.812C soc0@50.25C gpu@52.406C tj@53.437C soc1@51.875C VDD_IN 7301mW/7291mW VDD_CPU_GPU_CV 1861mW/2034mW VDD_SOC 1861mW/1745mW
10-08-2026 21:40:55 RAM 6761/7620MB (lfb 12x256kB) SWAP 608/5858MB (cached 0MB) CPU [11%@1510,26%@1510,10%@1510,47%@1510,53%@729,33%@729] GR3D_FREQ 65% cpu@53.281C soc2@52.031C soc0@50.437C gpu@52.531C tj@53.281C soc1@51.937C VDD_IN 7975mW/7293mW VDD_CPU_GPU_CV 2333mW/2035mW VDD_SOC 1941mW/1745mW
10-08-2026 21:40:56 RAM 6716/7620MB (lfb 4x2MB) SWAP 608/5858MB (cached 0MB) CPU [12%@1510,26%@1510,13%@1510,25%@1510,27%@1497,37%@1497] GR3D_FREQ 65% cpu@53.406C soc2@51.781C soc0@50.406C gpu@52.375C tj@53.406C soc1@51.906C VDD_IN 6785mW/7292mW VDD_CPU_GPU_CV 1505mW/2033mW VDD_SOC 1745mW/1745mW
10-08-2026 21:40:57 RAM 6716/7620MB (lfb 4x2MB) SWAP 608/5858MB (cached 0MB) CPU [15%@1510,7%@1510,11%@1510,12%@1510,7%@1497,81%@1497] GR3D_FREQ 58% cpu@53.437C soc2@51.812C soc0@50.187C gpu@52.562C tj@53.437C soc1@51.781C VDD_IN 6705mW/7289mW VDD_CPU_GPU_CV 1545mW/2031mW VDD_SOC 1745mW/1745mW
10-08-2026 21:40:58 RAM 6717/7620MB (lfb 4x2MB) SWAP 608/5858MB (cached 0MB) CPU [14%@1510,7%@1510,8%@1510,13%@1510,24%@1510,61%@1510] GR3D_FREQ 38% cpu@53.312C soc2@51.718C soc0@50.25C gpu@52.562C tj@53.312C soc1@51.875C VDD_IN 6705mW/7287mW VDD_CPU_GPU_CV 1545mW/2029mW VDD_SOC 1743mW/1745mW
10-08-2026 21:40:59 RAM 6717/7620MB (lfb 4x2MB) SWAP 608/5858MB (cached 0MB) CPU [16%@729,7%@729,8%@1510,9%@1510,4%@1510,81%@1510] GR3D_FREQ 38% cpu@53.25C soc2@51.75C soc0@50.281C gpu@52.593C tj@53.25C soc1@51.937C VDD_IN 6705mW/7285mW VDD_CPU_GPU_CV 1545mW/2027mW VDD_SOC 1743mW/1745mW
10-08-2026 21:41:00 RAM 6691/7620MB (lfb 8x2MB) SWAP 608/5858MB (cached 0MB) CPU [11%@1510,5%@1510,11%@1510,50%@1510,10%@729,65%@729] GR3D_FREQ 0% cpu@53.187C soc2@51.75C soc0@50.343C gpu@52.625C tj@53.312C soc1@52C VDD_IN 6824mW/7283mW VDD_CPU_GPU_CV 1624mW/2026mW VDD_SOC 1743mW/1745mW
10-08-2026 21:41:01 RAM 6657/7620MB (lfb 9x2MB) SWAP 608/5858MB (cached 0MB) CPU [5%@729,1%@729,0%@729,7%@729,2%@1510,92%@1510] GR3D_FREQ 0% cpu@53.125C soc2@51.687C soc0@50.312C gpu@52.25C tj@53.125C soc1@51.687C VDD_IN 5912mW/7278mW VDD_CPU_GPU_CV 1030mW/2022mW VDD_SOC 1624mW/1745mW
10-08-2026 21:41:02 RAM 5363/7620MB (lfb 112x4MB) SWAP 608/5858MB (cached 0MB) CPU [0%@729,5%@729,0%@729,0%@729,0%@1510,99%@1510] GR3D_FREQ 0% cpu@53.187C soc2@51.812C soc0@50.093C gpu@52.25C tj@53.187C soc1@51.781C VDD_IN 5793mW/7273mW VDD_CPU_GPU_CV 1030mW/2018mW VDD_SOC 1584mW/1744mW
10-08-2026 21:41:03 RAM 3857/7620MB (lfb 134x4MB) SWAP 608/5858MB (cached 0MB) CPU [5%@1510,1%@1510,0%@1510,0%@1510,19%@1510,66%@1510] GR3D_FREQ 0% cpu@52.968C soc2@51.593C soc0@49.968C gpu@52.312C tj@52.968C soc1@51.781C VDD_IN 5634mW/7266mW VDD_CPU_GPU_CV 950mW/2014mW VDD_SOC 1584mW/1744mW
