Wav2Vec2Config is imported from: fairseq.models.wav2vec.wav2vec2
Full path: /home/sllu/asl-video-to-text/shubert/TTIC-SHuBERT-ASLVideo-to-EnglishText/shubert_venv/lib/python3.10/site-packages/fairseq/models/wav2vec/wav2vec2.py
Starting persistent translation worker...
Push-to-record: press SPACE to start a clip, SPACE again to end it.
Using cache found in /home/sllu/.cache/torch/hub/facebookresearch_dinov2_main
/home/sllu/.cache/torch/hub/facebookresearch_dinov2_main/dinov2/layers/swiglu_ffn.py:51: UserWarning: xFormers is not available (SwiGLU)
  warnings.warn("xFormers is not available (SwiGLU)")
/home/sllu/.cache/torch/hub/facebookresearch_dinov2_main/dinov2/layers/attention.py:33: UserWarning: xFormers is not available (Attention)
  warnings.warn("xFormers is not available (Attention)")
/home/sllu/.cache/torch/hub/facebookresearch_dinov2_main/dinov2/layers/block.py:40: UserWarning: xFormers is not available (Block)
  warnings.warn("xFormers is not available (Block)")
2026-08-21 15:10:36 | INFO | dinov2 | using MLP layer as FFN
DINOEmbedder initialized on device: cuda dtype: torch.float16
Using cache found in /home/sllu/.cache/torch/hub/facebookresearch_dinov2_main
2026-08-21 15:10:38 | INFO | dinov2 | using MLP layer as FFN
DINOEmbedder initialized on device: cuda dtype: torch.float16
/home/sllu/asl-video-to-text/shubert/TTIC-SHuBERT-ASLVideo-to-EnglishText/shubert_venv/lib/python3.10/site-packages/torch/nn/utils/weight_norm.py:144: FutureWarning: `torch.nn.utils.weight_norm` is deprecated in favor of `torch.nn.utils.parametrizations.weight_norm`.
  WeightNorm.apply(module, name, dim)
/home/sllu/asl-video-to-text/shubert/TTIC-SHuBERT-ASLVideo-to-EnglishText/shubert.py:132: FutureWarning: Positional args are being deprecated, use kwargs instead. Refer to https://pytorch.org/docs/main/generated/torch.nn.Module.html#torch.nn.Module.state_dict for details.
  state = super().state_dict(destination, prefix, keep_vars)
[byt5] device: cuda dtype: bfloat16
[worker] Models loaded in 24.6s
Streaming perception ON (stride 2) — landmarks are extracted during recording, not after the cut.
Ready. SPACE starts and ends each clip; 'q' quits.
[gate] noise floor 0.423 -> start 3.80, stop 0.63 (fixed fallback was 1.74/0.29)
WARNING: All log messages before absl::InitializeLog() is called are written to STDERR
W0000 00:00:1787350286.308608    9660 face_landmarker_graph.cc:174] Sets FaceBlendshapesGraph acceleration to xnnpack by default.
INFO: Created TensorFlow Lite XNNPACK delegate for CPU.
W0000 00:00:1787350286.430039    9667 face_landmarker_graph.cc:174] Sets FaceBlendshapesGraph acceleration to xnnpack by default.
>>> RECORDING <<<
/home/sllu/asl-video-to-text/shubert/TTIC-SHuBERT-ASLVideo-to-EnglishText/shubert_venv/lib/python3.10/site-packages/google/protobuf/symbol_database.py:55: UserWarning: SymbolDatabase.GetPrototype() is deprecated. Please use message_factory.GetMessageClass() instead. SymbolDatabase.GetPrototype() will be removed soon.
  warnings.warn('SymbolDatabase.GetPrototype() is deprecated. Please '
This clip looks EMPTY — only 0% of its frames are above the stop threshold (< 50%); any translation of it is probably invented.
Queued clip_1 (streamed) (44 frames, 5.6s signing; trimmed 0 lead-in + 38 still frames; 71 already through MediaPipe)[worker] Translating clip_1 (streamed) ...

[worker] drained perception backlog in 5.2s (82 frames processed, 8.7s inside MediaPipe)

--- ByT5 stage breakdown ---
  checkpoint_load :    0.0s
  to_device+eval  :    0.0s
  generate        :    6.3s

--- Stage timing breakdown ---
  video_read          :    0.0s
  mediapipe_landmarks :    0.0s
  mediapipe_overlapped:    8.7s  (overlapped with capture, not on the critical path)
  hand_crop           :    0.0s
  dinov2_hands        :    0.0s
  face_crop           :    0.0s
  dinov2_face         :    0.0s
  dinov2_overlapped   :    7.4s  (overlapped with capture, not on the critical path)
  pose_features       :    0.0s
  byt5_inference      :    6.3s
  total               :    6.3s
[worker] clip_1 (streamed) translated in 11.5s
Signer: [only 0% of frames moving — likely invented] 1, 2, 3, 4, 5, 6, 7, 8, 9, 10.
W0000 00:00:1787350308.401081    9711 face_landmarker_graph.cc:174] Sets FaceBlendshapesGraph acceleration to xnnpack by default.
W0000 00:00:1787350308.457812    9718 face_landmarker_graph.cc:174] Sets FaceBlendshapesGraph acceleration to xnnpack by default.
>>> RECORDING <<<
Queued clip_2 (streamed) (88 frames, 6.2s signing; trimmed 0 lead-in + 0 still frames; 72 already through MediaPipe)[worker] Translating clip_2 (streamed) ...

[worker] drained perception backlog in 5.4s (88 frames processed, 11.4s inside MediaPipe)

--- ByT5 stage breakdown ---
  checkpoint_load :    0.0s
  to_device+eval  :    0.0s
  generate        :    3.1s

--- Stage timing breakdown ---
  video_read          :    0.0s
  mediapipe_landmarks :    0.0s
  mediapipe_overlapped:   11.4s  (overlapped with capture, not on the critical path)
  hand_crop           :    0.0s
  dinov2_hands        :    0.0s
  face_crop           :    0.0s
  dinov2_face         :    0.0s
  dinov2_overlapped   :    7.6s  (overlapped with capture, not on the critical path)
  pose_features       :    0.0s
  byt5_inference      :    3.1s
  total               :    3.2s
[worker] clip_2 (streamed) translated in 8.7s
Signer: My name is Briana.
W0000 00:00:1787350328.588998    9761 face_landmarker_graph.cc:174] Sets FaceBlendshapesGraph acceleration to xnnpack by default.
W0000 00:00:1787350328.643458    9768 face_landmarker_graph.cc:174] Sets FaceBlendshapesGraph acceleration to xnnpack by default.
>>> RECORDING <<<
Queued clip_3 (streamed) (115 frames, 7.7s signing; trimmed 0 lead-in + 0 still frames; 104 already through MediaPipe)[worker] Translating clip_3 (streamed) ...

[worker] drained perception backlog in 5.4s (115 frames processed, 12.6s inside MediaPipe)

--- ByT5 stage breakdown ---
  checkpoint_load :    0.0s
  to_device+eval  :    0.0s
  generate        :    2.8s

--- Stage timing breakdown ---
  video_read          :    0.0s
  mediapipe_landmarks :    0.0s
  mediapipe_overlapped:   12.6s  (overlapped with capture, not on the critical path)
  hand_crop           :    0.0s
  dinov2_hands        :    0.0s
  face_crop           :    0.0s
  dinov2_face         :    0.0s
  dinov2_overlapped   :    9.8s  (overlapped with capture, not on the critical path)
  pose_features       :    0.0s
  byt5_inference      :    2.8s
  total               :    2.8s
[worker] clip_3 (streamed) translated in 8.4s
Signer: Briambrianal
W0000 00:00:1787350352.239281    9817 face_landmarker_graph.cc:174] Sets FaceBlendshapesGraph acceleration to xnnpack by default.
W0000 00:00:1787350352.300326    9824 face_landmarker_graph.cc:174] Sets FaceBlendshapesGraph acceleration to xnnpack by default.
>>> RECORDING <<<
Queued clip_4 (streamed) (105 frames, 7.3s signing; trimmed 0 lead-in + 0 still frames; 87 already through MediaPipe)[worker] Translating clip_4 (streamed) ...

[worker] drained perception backlog in 6.3s (105 frames processed, 14.4s inside MediaPipe)

--- ByT5 stage breakdown ---
  checkpoint_load :    0.0s
  to_device+eval  :    0.0s
  generate        :    2.9s

--- Stage timing breakdown ---
  video_read          :    0.0s
  mediapipe_landmarks :    0.0s
  mediapipe_overlapped:   14.4s  (overlapped with capture, not on the critical path)
  hand_crop           :    0.0s
  dinov2_hands        :    0.0s
  face_crop           :    0.0s
  dinov2_face         :    0.0s
  dinov2_overlapped   :    8.7s  (overlapped with capture, not on the critical path)
  pose_features       :    0.0s
  byt5_inference      :    2.9s
  total               :    2.9s
[worker] clip_4 (streamed) translated in 9.4s
Signer: Hello my name is Brian.
All clips finished (8.0s).
